Reading graph...
Initializing markov chain
Starting Markov Chain convergence...
eta estimation parameters: N_swap 216000, C 10, T 500, u 1, alpha 0.04
burn in...
defaultdict(<class 'int'>, {2: 1535, 3: 28, 5: 1, 4: 4, 6: 1})
defaultdict(<class 'int'>, {3: 39525, 4: 16514, 2: 132082, 5: 8647, 6: 5051, 15: 309, 23: 85, 38: 17, 7: 3070, 10: 1141, 11: 817, 9: 1464, 13: 495, 12: 596, 8: 2098, 39: 13, 14: 372, 57: 7, 18: 163, 17: 212, 19: 164, 52: 6, 33: 33, 25: 85, 20: 146, 16: 296, 34: 25, 30: 39, 29: 39, 121: 2, 27: 61, 24: 79, 22: 93, 50: 7, 40: 17, 31: 44, 45: 18, 21: 117, 59: 6, 28: 61, 26: 59, 44: 16, 32: 24, 35: 32, 124: 1, 51: 4, 83: 5, 46: 7, 48: 6, 36: 22, 37: 16, 43: 13, 56: 12, 53: 15, 118: 3, 80: 4, 42: 12, 62: 6, 54: 4, 88: 2, 79: 1, 64: 4, 85: 3, 67: 4, 76: 5, 126: 1, 61: 1, 47: 3, 75: 2, 65: 4, 60: 6, 204: 1, 110: 3, 58: 8, 41: 12, 63: 4, 55: 6, 71: 4, 49: 6, 69: 3, 66: 1, 100: 1, 68: 5, 77: 2, 92: 1, 176: 1, 72: 2, 70: 3, 104: 2, 103: 2, 90: 2, 146: 2, 154: 1, 116: 2, 156: 1, 86: 1, 93: 1, 82: 4, 196: 1, 181: 1, 95: 1, 119: 1, 155: 1, 74: 2, 144: 1, 91: 1, 84: 1, 99: 1, 211: 1, 120: 2, 166: 1, 171: 1, 107: 1, 142: 1, 172: 1, 153: 1, 190: 1, 102: 1, 73: 1, 128: 1, 105: 1, 157: 2, 183: 1, 101: 1, 96: 1, 162: 2, 94: 1, 209: 1, 149: 1, 111: 1, 151: 1})
Burn In : acceptation/refusals by k : 0.007263888888888889
0.007263888888888889
measuring sampling gap...
considering eta 29737...
eta 29737 refused (d_eta=3 <= u=1), trying eta=59474, acf = 0.051079382923652855
considering eta 59474...
eta 59474 refused (d_eta=6 <= u=1), trying eta=118948, acf = 0.08829878608888905
considering eta 118948...
eta 118948 refused (d_eta=3 <= u=1), trying eta=237896, acf = 0.06807392542925164
considering eta 237896...
eta 237896 refused (d_eta=2 <= u=1), trying eta=475792, acf = 0.02386670534710615
considering eta 475792...
  0% (0 of 50) |                         | Elapsed Time: 0:00:00 ETA:  --:--:--
  2% (1 of 50) |                         | Elapsed Time: 0:00:10 ETA:   0:08:54
  4% (2 of 50) |#                        | Elapsed Time: 0:00:21 ETA:   0:08:29
  6% (3 of 50) |#                        | Elapsed Time: 0:00:31 ETA:   0:08:15
  8% (4 of 50) |##                       | Elapsed Time: 0:00:41 ETA:   0:08:02
 10% (5 of 50) |##                       | Elapsed Time: 0:00:52 ETA:   0:07:50
 12% (6 of 50) |###                      | Elapsed Time: 0:01:02 ETA:   0:07:39
 14% (7 of 50) |###                      | Elapsed Time: 0:01:13 ETA:   0:07:28
 16% (8 of 50) |####                     | Elapsed Time: 0:01:23 ETA:   0:07:18
 18% (9 of 50) |####                     | Elapsed Time: 0:01:33 ETA:   0:07:07
 20% (10 of 50) |####                    | Elapsed Time: 0:01:44 ETA:   0:06:56
 22% (11 of 50) |#####                   | Elapsed Time: 0:01:54 ETA:   0:06:45
 24% (12 of 50) |#####                   | Elapsed Time: 0:02:04 ETA:   0:06:35
 26% (13 of 50) |######                  | Elapsed Time: 0:02:15 ETA:   0:06:24
 28% (14 of 50) |######                  | Elapsed Time: 0:02:25 ETA:   0:06:13
 30% (15 of 50) |#######                 | Elapsed Time: 0:02:35 ETA:   0:06:03
 32% (16 of 50) |#######                 | Elapsed Time: 0:02:46 ETA:   0:05:53
 34% (17 of 50) |########                | Elapsed Time: 0:02:58 ETA:   0:05:46
 36% (18 of 50) |########                | Elapsed Time: 0:03:08 ETA:   0:05:35
 38% (19 of 50) |#########               | Elapsed Time: 0:03:19 ETA:   0:05:25
 40% (20 of 50) |#########               | Elapsed Time: 0:03:29 ETA:   0:05:14
 42% (21 of 50) |##########              | Elapsed Time: 0:03:39 ETA:   0:05:03
 44% (22 of 50) |##########              | Elapsed Time: 0:03:50 ETA:   0:04:53
 46% (23 of 50) |###########             | Elapsed Time: 0:04:00 ETA:   0:04:42
 48% (24 of 50) |###########             | Elapsed Time: 0:04:10 ETA:   0:04:31
 50% (25 of 50) |############            | Elapsed Time: 0:04:21 ETA:   0:04:21
 52% (26 of 50) |############            | Elapsed Time: 0:04:31 ETA:   0:04:10
 54% (27 of 50) |############            | Elapsed Time: 0:04:42 ETA:   0:04:00
 56% (28 of 50) |#############           | Elapsed Time: 0:04:52 ETA:   0:03:49
 58% (29 of 50) |#############           | Elapsed Time: 0:05:02 ETA:   0:03:39
 60% (30 of 50) |##############          | Elapsed Time: 0:05:13 ETA:   0:03:28
 62% (31 of 50) |##############          | Elapsed Time: 0:05:23 ETA:   0:03:18
 64% (32 of 50) |###############         | Elapsed Time: 0:05:33 ETA:   0:03:07
 66% (33 of 50) |###############         | Elapsed Time: 0:05:44 ETA:   0:02:57
 68% (34 of 50) |################        | Elapsed Time: 0:05:54 ETA:   0:02:46
 70% (35 of 50) |################        | Elapsed Time: 0:06:04 ETA:   0:02:36
 72% (36 of 50) |#################       | Elapsed Time: 0:06:15 ETA:   0:02:25
 74% (37 of 50) |#################       | Elapsed Time: 0:06:25 ETA:   0:02:15
 76% (38 of 50) |##################      | Elapsed Time: 0:06:35 ETA:   0:02:05
 78% (39 of 50) |##################      | Elapsed Time: 0:06:46 ETA:   0:01:54
 80% (40 of 50) |###################     | Elapsed Time: 0:06:57 ETA:   0:01:44
 82% (41 of 50) |###################     | Elapsed Time: 0:07:07 ETA:   0:01:33
 84% (42 of 50) |####################    | Elapsed Time: 0:07:17 ETA:   0:01:23
 86% (43 of 50) |####################    | Elapsed Time: 0:07:29 ETA:   0:01:13
 88% (44 of 50) |#####################   | Elapsed Time: 0:07:39 ETA:   0:01:02
 90% (45 of 50) |#####################   | Elapsed Time: 0:07:50 ETA:   0:00:52
 92% (46 of 50) |######################  | Elapsed Time: 0:08:00 ETA:   0:00:41
 94% (47 of 50) |######################  | Elapsed Time: 0:08:10 ETA:   0:00:31
 96% (48 of 50) |####################### | Elapsed Time: 0:08:21 ETA:   0:00:20
 98% (49 of 50) |####################### | Elapsed Time: 0:08:31 ETA:   0:00:10
100% (50 of 50) |########################| Elapsed Time: 0:08:41 Time:  0:08:41
eta 475792 accepted (d_eta=1 <= u=1)
running markov chain and checking convergence...
test statistic : -9.386871536133789,
 Markov chain is stationnary if test statistic < -2.567861136271572
Convergence : acceptation by k
(2: 3067), (3: 38), (4: 13), (5: 4), 
Convergence : refusal by k
(2: 291217), (3: 87533), (6: 10976), (5: 18769), (4: 36657), (13: 1048), (9: 3214), (7: 6816), (12: 1376), (30: 102), (63: 9), (8: 4625), (17: 479), (11: 1716), (19: 313), (10: 2351), (22: 205), (57: 8), (20: 305), (14: 801), (61: 18), (16: 597), (15: 719), (18: 428), (34: 48), (35: 57), (90: 3), (26: 130), (31: 81), (23: 190), (40: 47), (42: 32), (32: 50), (25: 152), (28: 89), (41: 31), (56: 11), (33: 59), (45: 28), (46: 21), (21: 271), (27: 104), (106: 4), (62: 16), (60: 11), (24: 178), (59: 16), (47: 18), (44: 27), (196: 1), (43: 26), (52: 17), (29: 104), (37: 63), (54: 11), (36: 55), (81: 7), (88: 3), (53: 14), (153: 1), (55: 16), (103: 5), (38: 55), (82: 7), (66: 5), (51: 23), (39: 39), (214: 1), (86: 4), (64: 6), (136: 3), (78: 5), (49: 21), (92: 2), (69: 8), (119: 1), (76: 8), (58: 12), (104: 2), (48: 24), (80: 3), (50: 18), (129: 1), (157: 1), (73: 7), (118: 3), (89: 2), (147: 2), (91: 3), (131: 2), (126: 4), (108: 1), (132: 2), (84: 3), (74: 5), (71: 2), (85: 5), (67: 7), (117: 1), (208: 1), (87: 3), (72: 5), (93: 1), (125: 1), (114: 3), (110: 3), (115: 1), (65: 2), (134: 2), (200: 1), (77: 7), (122: 1), (96: 3), (192: 1), (83: 2), (79: 1), (151: 1), (144: 1), (127: 2), (210: 1), (142: 3), (138: 1), (116: 2), (113: 1), (94: 2), (123: 1), (133: 2), (75: 4), (112: 2), (211: 1), (70: 4), (97: 2), (170: 1), (161: 1), (68: 4), (206: 1), (140: 2), (193: 1), (120: 1), (124: 1), (107: 1), (98: 2), (137: 2), (145: 2), (188: 1), (139: 1), (121: 1), (152: 1), (205: 1), (166: 1), 
eta estimation took 21662.576810598373 seconds
convergence took 13.539168119430542 seconds
Writing 50 graph samples...
