Reading graph...
Initializing markov chain
Starting Markov Chain convergence...
eta estimation parameters: N_swap 142000, C 10, T 500, u 1, alpha 0.04
burn in...
defaultdict(<class 'int'>, {2: 2568, 3: 89, 4: 15, 5: 5})
defaultdict(<class 'int'>, {2: 85367, 3: 26114, 4: 10909, 9: 976, 5: 5457, 8: 1354, 7: 2118, 38: 9, 21: 76, 41: 12, 6: 3286, 18: 96, 19: 99, 10: 639, 53: 4, 11: 518, 12: 376, 15: 195, 14: 243, 13: 325, 26: 47, 22: 71, 16: 160, 43: 7, 17: 158, 24: 58, 29: 26, 73: 1, 75: 2, 28: 29, 31: 29, 23: 54, 42: 17, 47: 10, 108: 2, 34: 15, 52: 4, 64: 8, 20: 81, 27: 37, 55: 6, 32: 26, 65: 7, 40: 14, 62: 3, 45: 13, 25: 47, 30: 26, 58: 6, 69: 5, 35: 18, 39: 10, 82: 2, 44: 7, 36: 16, 119: 1, 80: 2, 48: 9, 117: 1, 49: 3, 68: 3, 37: 11, 137: 1, 81: 1, 61: 5, 120: 4, 83: 1, 46: 4, 84: 2, 59: 2, 54: 7, 33: 13, 56: 3, 102: 2, 60: 5, 51: 1, 128: 1, 50: 3, 63: 2, 112: 1, 130: 3, 99: 2, 72: 3, 95: 3, 74: 1, 57: 4, 98: 2, 92: 1, 106: 1, 66: 1, 79: 1, 107: 2, 76: 3, 70: 2, 100: 1, 125: 1, 91: 1, 78: 1, 141: 1, 85: 1, 97: 2, 124: 1, 111: 1, 89: 1})
Burn In : acceptation/refusals by k : 0.018852112676056337
0.018852112676056337
measuring sampling gap...
considering eta 7533...
  0% (0 of 50) |                         | Elapsed Time: 0:00:00 ETA:  --:--:--
  2% (1 of 50) |                         | Elapsed Time: 0:00:10 ETA:   0:08:20
  4% (2 of 50) |#                        | Elapsed Time: 0:00:20 ETA:   0:08:10
  6% (3 of 50) |#                        | Elapsed Time: 0:00:30 ETA:   0:08:00
  8% (4 of 50) |##                       | Elapsed Time: 0:00:42 ETA:   0:08:10
 10% (5 of 50) |##                       | Elapsed Time: 0:00:52 ETA:   0:07:56
 12% (6 of 50) |###                      | Elapsed Time: 0:01:03 ETA:   0:07:42
 14% (7 of 50) |###                      | Elapsed Time: 0:01:13 ETA:   0:07:30
 16% (8 of 50) |####                     | Elapsed Time: 0:01:23 ETA:   0:07:18
 18% (9 of 50) |####                     | Elapsed Time: 0:01:34 ETA:   0:07:11
 20% (10 of 50) |####                    | Elapsed Time: 0:01:45 ETA:   0:07:00
 22% (11 of 50) |#####                   | Elapsed Time: 0:01:55 ETA:   0:06:48
 24% (12 of 50) |#####                   | Elapsed Time: 0:02:05 ETA:   0:06:37
 26% (13 of 50) |######                  | Elapsed Time: 0:02:15 ETA:   0:06:26
 28% (14 of 50) |######                  | Elapsed Time: 0:02:25 ETA:   0:06:15
 30% (15 of 50) |#######                 | Elapsed Time: 0:02:36 ETA:   0:06:04
 32% (16 of 50) |#######                 | Elapsed Time: 0:02:46 ETA:   0:05:53
 34% (17 of 50) |########                | Elapsed Time: 0:02:56 ETA:   0:05:42
 36% (18 of 50) |########                | Elapsed Time: 0:03:06 ETA:   0:05:31
 38% (19 of 50) |#########               | Elapsed Time: 0:03:16 ETA:   0:05:21
 40% (20 of 50) |#########               | Elapsed Time: 0:03:26 ETA:   0:05:10
 42% (21 of 50) |##########              | Elapsed Time: 0:03:37 ETA:   0:04:59
 44% (22 of 50) |##########              | Elapsed Time: 0:03:47 ETA:   0:04:49
 46% (23 of 50) |###########             | Elapsed Time: 0:03:57 ETA:   0:04:38
 48% (24 of 50) |###########             | Elapsed Time: 0:04:07 ETA:   0:04:28
 50% (25 of 50) |############            | Elapsed Time: 0:04:18 ETA:   0:04:18
 52% (26 of 50) |############            | Elapsed Time: 0:04:28 ETA:   0:04:07
 54% (27 of 50) |############            | Elapsed Time: 0:04:38 ETA:   0:03:57
 56% (28 of 50) |#############           | Elapsed Time: 0:04:48 ETA:   0:03:46
 58% (29 of 50) |#############           | Elapsed Time: 0:04:58 ETA:   0:03:36
 60% (30 of 50) |##############          | Elapsed Time: 0:05:09 ETA:   0:03:26
 62% (31 of 50) |##############          | Elapsed Time: 0:05:19 ETA:   0:03:15
 64% (32 of 50) |###############         | Elapsed Time: 0:05:29 ETA:   0:03:05
 66% (33 of 50) |###############         | Elapsed Time: 0:05:39 ETA:   0:02:55
 68% (34 of 50) |################        | Elapsed Time: 0:05:50 ETA:   0:02:44
 70% (35 of 50) |################        | Elapsed Time: 0:06:00 ETA:   0:02:34
 72% (36 of 50) |#################       | Elapsed Time: 0:06:10 ETA:   0:02:24
 74% (37 of 50) |#################       | Elapsed Time: 0:06:20 ETA:   0:02:13
 76% (38 of 50) |##################      | Elapsed Time: 0:06:30 ETA:   0:02:03
 78% (39 of 50) |##################      | Elapsed Time: 0:06:40 ETA:   0:01:53
 80% (40 of 50) |###################     | Elapsed Time: 0:06:51 ETA:   0:01:42
 82% (41 of 50) |###################     | Elapsed Time: 0:07:01 ETA:   0:01:32
 84% (42 of 50) |####################    | Elapsed Time: 0:07:11 ETA:   0:01:22
 86% (43 of 50) |####################    | Elapsed Time: 0:07:21 ETA:   0:01:11
 88% (44 of 50) |#####################   | Elapsed Time: 0:07:31 ETA:   0:01:01
 90% (45 of 50) |#####################   | Elapsed Time: 0:07:42 ETA:   0:00:51
 92% (46 of 50) |######################  | Elapsed Time: 0:07:52 ETA:   0:00:41
 94% (47 of 50) |######################  | Elapsed Time: 0:08:02 ETA:   0:00:30
 96% (48 of 50) |####################### | Elapsed Time: 0:08:13 ETA:   0:00:20
 98% (49 of 50) |####################### | Elapsed Time: 0:08:23 ETA:   0:00:10
100% (50 of 50) |########################| Elapsed Time: 0:08:33 Time:  0:08:33
eta 7533 refused (d_eta=9 <= u=1), trying eta=15066, acf = 0.19632298576303248
considering eta 15066...
eta 15066 refused (d_eta=8 <= u=1), trying eta=30132, acf = 0.14735323425254523
considering eta 30132...
eta 30132 refused (d_eta=8 <= u=1), trying eta=60264, acf = 0.11245722512142646
considering eta 60264...
eta 60264 refused (d_eta=3 <= u=1), trying eta=120528, acf = 0.04651405996602611
considering eta 120528...
eta 120528 refused (d_eta=4 <= u=1), trying eta=241056, acf = 0.06735039779080546
considering eta 241056...
eta 241056 refused (d_eta=3 <= u=1), trying eta=482112, acf = 0.0239071117652015
considering eta 482112...
eta 482112 accepted (d_eta=1 <= u=1)
running markov chain and checking convergence...
test statistic : -13.48839948160322,
 Markov chain is stationnary if test statistic < -2.5678605698903816
Convergence : acceptation by k
(2: 9247), (3: 343), (4: 71), (6: 4), (5: 11), (8: 1), 
Convergence : refusal by k
(2: 289075), (3: 88184), (10: 2427), (5: 18973), (6: 11014), (8: 4757), (4: 37176), (7: 6919), (9: 3257), (12: 1392), (13: 1093), (40: 39), (15: 708), (17: 467), (11: 1733), (25: 164), (21: 275), (16: 585), (14: 853), (18: 395), (28: 122), (23: 198), (24: 175), (19: 351), (20: 303), (39: 37), (27: 120), (34: 54), (68: 11), (35: 58), (42: 38), (31: 83), (22: 216), (54: 11), (36: 49), (46: 29), (26: 132), (41: 44), (86: 3), (29: 96), (33: 57), (30: 81), (32: 79), (37: 55), (60: 11), (70: 8), (110: 2), (92: 2), (56: 11), (59: 12), (53: 17), (48: 13), (61: 11), (65: 11), (74: 9), (90: 3), (52: 13), (44: 23), (38: 42), (58: 14), (63: 9), (50: 18), (80: 8), (49: 26), (83: 4), (98: 4), (51: 14), (77: 5), (117: 2), (47: 24), (62: 9), (69: 11), (57: 19), (95: 2), (81: 8), (97: 1), (87: 6), (104: 1), (43: 22), (96: 1), (93: 6), (55: 10), (78: 5), (71: 6), (64: 5), (79: 5), (135: 3), (73: 6), (76: 7), (100: 4), (72: 4), (101: 2), (85: 4), (45: 20), (132: 3), (119: 1), (88: 4), (103: 1), (99: 2), (91: 4), (102: 4), (67: 4), (106: 5), (66: 6), (108: 1), (111: 1), (105: 1), (137: 1), (138: 2), (115: 1), (75: 2), (112: 1), (130: 2), (121: 1), (133: 2), (89: 1), (128: 1), (114: 2), (122: 2), (123: 2), (109: 1), (124: 1), (126: 1), (94: 2), (125: 1), (107: 1), 
eta estimation took 21314.703034877777 seconds
convergence took 12.6880202293396 seconds
Writing 50 graph samples...
