Reading graph...
Initializing markov chain
Starting Markov Chain convergence...
eta estimation parameters: N_swap 111000, C 10, T 500, u 1, alpha 0.04
burn in...
defaultdict(<class 'int'>, {2: 1601, 3: 72, 4: 7, 5: 2})
defaultdict(<class 'int'>, {5: 4289, 2: 67327, 4: 8633, 3: 20087, 7: 1682, 9: 765, 6: 2469, 12: 297, 8: 1046, 16: 115, 10: 546, 15: 186, 11: 430, 17: 111, 14: 204, 38: 10, 19: 77, 13: 235, 22: 53, 25: 23, 27: 27, 46: 11, 81: 1, 85: 2, 32: 17, 48: 7, 18: 114, 26: 33, 50: 5, 21: 61, 33: 9, 43: 4, 20: 69, 24: 37, 34: 13, 29: 18, 62: 1, 30: 30, 40: 11, 31: 22, 56: 2, 42: 8, 91: 1, 55: 7, 47: 13, 96: 2, 45: 9, 64: 1, 61: 5, 82: 2, 23: 49, 51: 5, 41: 10, 28: 24, 37: 12, 36: 13, 63: 4, 95: 1, 39: 13, 49: 1, 94: 2, 104: 2, 59: 3, 79: 1, 57: 5, 65: 2, 69: 3, 53: 2, 58: 5, 35: 8, 108: 1, 80: 2, 52: 2, 103: 1, 71: 2, 76: 1, 92: 2, 70: 2, 67: 1, 66: 2, 99: 1, 54: 1, 89: 1, 101: 1, 44: 3, 86: 1, 72: 1, 73: 1})
Burn In : acceptation/refusals by k : 0.015153153153153152
0.015153153153153152
measuring sampling gap...
considering eta 7326...
eta 7326 refused (d_eta=10 <= u=1), trying eta=14652, acf = 0.2812004928864973
considering eta 14652...
eta 14652 refused (d_eta=10 <= u=1), trying eta=29304, acf = 0.16668430187444688
considering eta 29304...
eta 29304 refused (d_eta=5 <= u=1), trying eta=58608, acf = 0.06809342980730113
considering eta 58608...
eta 58608 refused (d_eta=2 <= u=1), trying eta=117216, acf = 0.04614212618430384
considering eta 117216...
eta 117216 accepted (d_eta=0 <= u=1)
running markov chain and checking convergence...
test statistic : -2.9122098153618055,
 Markov chain is stationnary if test statistic < -2.5679933013754828
Convergence : acceptation by k
(2: 2166), (3: 101), (4: 11), (5: 2), 
Convergence : refusal by k
(2: 70513), (3: 21106), (5: 4708), (13: 253), (4: 9157), (6: 2603), (12: 347), (33: 15), (9: 801), (23: 49), (7: 1763), (48: 6), (8: 1128), (20: 60), (14: 215), (11: 429), (15: 172), (10: 602), (36: 16), (16: 150), (18: 90), (22: 61), (47: 5), (58: 1), (28: 25), (61: 6), (27: 37), (17: 121), (29: 23), (39: 12), (34: 17), (79: 2), (19: 76), (21: 66), (46: 9), (25: 36), (52: 3), (62: 4), (37: 9), (24: 42), (26: 30), (35: 10), (55: 4), (43: 4), (38: 9), (57: 4), (105: 1), (31: 18), (40: 5), (41: 8), (32: 17), (45: 6), (56: 7), (60: 3), (42: 6), (86: 1), (89: 2), (30: 17), (49: 5), (67: 4), (44: 4), (54: 2), (101: 2), (74: 1), (51: 1), (63: 2), (82: 1), (53: 4), (50: 3), (104: 1), (96: 1), (102: 1), (59: 1), (97: 1), (65: 1), (87: 1), (69: 2), (93: 1), (78: 1), (64: 1), (66: 1), (83: 1), (70: 1), (81: 1), (77: 1), 
eta estimation took 6435.943934440613 seconds
convergence took 3.521834373474121 seconds
Writing 50 graph samples...
  0% (0 of 50) |                         | Elapsed Time: 0:00:00 ETA:  --:--:--
  2% (1 of 50) |                         | Elapsed Time: 0:00:03 ETA:   0:02:31
  4% (2 of 50) |#                        | Elapsed Time: 0:00:06 ETA:   0:02:28
  6% (3 of 50) |#                        | Elapsed Time: 0:00:09 ETA:   0:02:25
  8% (4 of 50) |##                       | Elapsed Time: 0:00:12 ETA:   0:02:22
 10% (5 of 50) |##                       | Elapsed Time: 0:00:15 ETA:   0:02:20
 12% (6 of 50) |###                      | Elapsed Time: 0:00:18 ETA:   0:02:16
 14% (7 of 50) |###                      | Elapsed Time: 0:00:21 ETA:   0:02:13
 16% (8 of 50) |####                     | Elapsed Time: 0:00:24 ETA:   0:02:10
 18% (9 of 50) |####                     | Elapsed Time: 0:00:28 ETA:   0:02:07
 20% (10 of 50) |####                    | Elapsed Time: 0:00:31 ETA:   0:02:04
 22% (11 of 50) |#####                   | Elapsed Time: 0:00:34 ETA:   0:02:01
 24% (12 of 50) |#####                   | Elapsed Time: 0:00:37 ETA:   0:01:58
 26% (13 of 50) |######                  | Elapsed Time: 0:00:40 ETA:   0:01:55
 28% (14 of 50) |######                  | Elapsed Time: 0:00:43 ETA:   0:01:52
 30% (15 of 50) |#######                 | Elapsed Time: 0:00:46 ETA:   0:01:49
 32% (16 of 50) |#######                 | Elapsed Time: 0:00:49 ETA:   0:01:45
 34% (17 of 50) |########                | Elapsed Time: 0:00:52 ETA:   0:01:42
 36% (18 of 50) |########                | Elapsed Time: 0:00:56 ETA:   0:01:39
 38% (19 of 50) |#########               | Elapsed Time: 0:00:59 ETA:   0:01:36
 40% (20 of 50) |#########               | Elapsed Time: 0:01:02 ETA:   0:01:33
 42% (21 of 50) |##########              | Elapsed Time: 0:01:05 ETA:   0:01:30
 44% (22 of 50) |##########              | Elapsed Time: 0:01:08 ETA:   0:01:27
 46% (23 of 50) |###########             | Elapsed Time: 0:01:11 ETA:   0:01:24
 48% (24 of 50) |###########             | Elapsed Time: 0:01:14 ETA:   0:01:21
 50% (25 of 50) |############            | Elapsed Time: 0:01:17 ETA:   0:01:17
 52% (26 of 50) |############            | Elapsed Time: 0:01:20 ETA:   0:01:14
 54% (27 of 50) |############            | Elapsed Time: 0:01:24 ETA:   0:01:11
 56% (28 of 50) |#############           | Elapsed Time: 0:01:27 ETA:   0:01:08
 58% (29 of 50) |#############           | Elapsed Time: 0:01:30 ETA:   0:01:05
 60% (30 of 50) |##############          | Elapsed Time: 0:01:33 ETA:   0:01:02
 62% (31 of 50) |##############          | Elapsed Time: 0:01:36 ETA:   0:00:59
 64% (32 of 50) |###############         | Elapsed Time: 0:01:39 ETA:   0:00:56
 66% (33 of 50) |###############         | Elapsed Time: 0:01:42 ETA:   0:00:52
 68% (34 of 50) |################        | Elapsed Time: 0:01:45 ETA:   0:00:49
 70% (35 of 50) |################        | Elapsed Time: 0:01:48 ETA:   0:00:46
 72% (36 of 50) |#################       | Elapsed Time: 0:01:52 ETA:   0:00:43
 74% (37 of 50) |#################       | Elapsed Time: 0:01:55 ETA:   0:00:40
 76% (38 of 50) |##################      | Elapsed Time: 0:01:58 ETA:   0:00:37
 78% (39 of 50) |##################      | Elapsed Time: 0:02:01 ETA:   0:00:34
 80% (40 of 50) |###################     | Elapsed Time: 0:02:04 ETA:   0:00:31
 82% (41 of 50) |###################     | Elapsed Time: 0:02:07 ETA:   0:00:28
 84% (42 of 50) |####################    | Elapsed Time: 0:02:10 ETA:   0:00:24
 86% (43 of 50) |####################    | Elapsed Time: 0:02:13 ETA:   0:00:21
 88% (44 of 50) |#####################   | Elapsed Time: 0:02:17 ETA:   0:00:18
 90% (45 of 50) |#####################   | Elapsed Time: 0:02:20 ETA:   0:00:15
 92% (46 of 50) |######################  | Elapsed Time: 0:02:23 ETA:   0:00:12
 94% (47 of 50) |######################  | Elapsed Time: 0:02:26 ETA:   0:00:09
 96% (48 of 50) |####################### | Elapsed Time: 0:02:29 ETA:   0:00:06
 98% (49 of 50) |####################### | Elapsed Time: 0:02:32 ETA:   0:00:03
100% (50 of 50) |########################| Elapsed Time: 0:02:35 Time:  0:02:35
