Reading graph...
Initializing markov chain
Starting Markov Chain convergence...
eta estimation parameters: N_swap 95000, C 10, T 500, u 1, alpha 0.04
burn in...
defaultdict(<class 'int'>, {2: 2482, 4: 20, 3: 92, 5: 4, 6: 2, 10: 1, 8: 1})
defaultdict(<class 'int'>, {3: 17412, 2: 56361, 6: 2142, 5: 3690, 8: 986, 4: 7355, 10: 432, 9: 624, 24: 32, 12: 263, 7: 1378, 14: 186, 40: 8, 11: 337, 18: 94, 23: 33, 25: 26, 21: 39, 15: 130, 30: 20, 13: 173, 16: 117, 20: 55, 17: 90, 19: 84, 32: 12, 57: 2, 33: 15, 22: 41, 29: 20, 34: 16, 28: 14, 43: 8, 27: 17, 49: 2, 36: 7, 41: 10, 56: 1, 31: 16, 35: 16, 47: 5, 42: 5, 44: 7, 26: 28, 70: 3, 78: 2, 38: 11, 62: 2, 48: 1, 50: 3, 75: 2, 61: 2, 73: 2, 39: 5, 71: 2, 87: 1, 45: 7, 77: 1, 54: 5, 65: 2, 52: 2, 37: 11, 66: 2, 63: 2, 69: 2, 59: 2, 58: 3, 53: 1, 46: 2, 68: 1, 60: 1, 51: 3, 74: 1, 67: 2, 84: 1, 55: 2})
Burn In : acceptation/refusals by k : 0.027389473684210526
0.027389473684210526
measuring sampling gap...
considering eta 3469...
  0% (0 of 50) |                         | Elapsed Time: 0:00:00 ETA:  --:--:--
  2% (1 of 50) |                         | Elapsed Time: 0:00:01 ETA:   0:01:00
  4% (2 of 50) |#                        | Elapsed Time: 0:00:02 ETA:   0:00:59
  6% (3 of 50) |#                        | Elapsed Time: 0:00:03 ETA:   0:00:58
  8% (4 of 50) |##                       | Elapsed Time: 0:00:04 ETA:   0:00:57
 10% (5 of 50) |##                       | Elapsed Time: 0:00:06 ETA:   0:00:55
 12% (6 of 50) |###                      | Elapsed Time: 0:00:07 ETA:   0:00:54
 14% (7 of 50) |###                      | Elapsed Time: 0:00:08 ETA:   0:00:53
 16% (8 of 50) |####                     | Elapsed Time: 0:00:10 ETA:   0:00:54
 18% (9 of 50) |####                     | Elapsed Time: 0:00:11 ETA:   0:00:52
 20% (10 of 50) |####                    | Elapsed Time: 0:00:12 ETA:   0:00:51
 22% (11 of 50) |#####                   | Elapsed Time: 0:00:14 ETA:   0:00:49
 24% (12 of 50) |#####                   | Elapsed Time: 0:00:15 ETA:   0:00:48
 26% (13 of 50) |######                  | Elapsed Time: 0:00:16 ETA:   0:00:47
 28% (14 of 50) |######                  | Elapsed Time: 0:00:17 ETA:   0:00:45
 30% (15 of 50) |#######                 | Elapsed Time: 0:00:19 ETA:   0:00:44
 32% (16 of 50) |#######                 | Elapsed Time: 0:00:20 ETA:   0:00:43
 34% (17 of 50) |########                | Elapsed Time: 0:00:21 ETA:   0:00:41
 36% (18 of 50) |########                | Elapsed Time: 0:00:22 ETA:   0:00:40
 38% (19 of 50) |#########               | Elapsed Time: 0:00:23 ETA:   0:00:39
 40% (20 of 50) |#########               | Elapsed Time: 0:00:25 ETA:   0:00:37
 42% (21 of 50) |##########              | Elapsed Time: 0:00:26 ETA:   0:00:36
 44% (22 of 50) |##########              | Elapsed Time: 0:00:27 ETA:   0:00:35
 46% (23 of 50) |###########             | Elapsed Time: 0:00:28 ETA:   0:00:33
 48% (24 of 50) |###########             | Elapsed Time: 0:00:30 ETA:   0:00:32
 50% (25 of 50) |############            | Elapsed Time: 0:00:31 ETA:   0:00:31
 52% (26 of 50) |############            | Elapsed Time: 0:00:32 ETA:   0:00:30
 54% (27 of 50) |############            | Elapsed Time: 0:00:33 ETA:   0:00:28
 56% (28 of 50) |#############           | Elapsed Time: 0:00:35 ETA:   0:00:27
 58% (29 of 50) |#############           | Elapsed Time: 0:00:36 ETA:   0:00:26
 60% (30 of 50) |##############          | Elapsed Time: 0:00:37 ETA:   0:00:25
 62% (31 of 50) |##############          | Elapsed Time: 0:00:38 ETA:   0:00:23
 64% (32 of 50) |###############         | Elapsed Time: 0:00:40 ETA:   0:00:22
 66% (33 of 50) |###############         | Elapsed Time: 0:00:41 ETA:   0:00:21
 68% (34 of 50) |################        | Elapsed Time: 0:00:42 ETA:   0:00:20
 70% (35 of 50) |################        | Elapsed Time: 0:00:43 ETA:   0:00:18
 72% (36 of 50) |#################       | Elapsed Time: 0:00:45 ETA:   0:00:17
 74% (37 of 50) |#################       | Elapsed Time: 0:00:46 ETA:   0:00:16
 76% (38 of 50) |##################      | Elapsed Time: 0:00:47 ETA:   0:00:15
 78% (39 of 50) |##################      | Elapsed Time: 0:00:48 ETA:   0:00:13
 80% (40 of 50) |###################     | Elapsed Time: 0:00:50 ETA:   0:00:12
 82% (41 of 50) |###################     | Elapsed Time: 0:00:51 ETA:   0:00:11
 84% (42 of 50) |####################    | Elapsed Time: 0:00:52 ETA:   0:00:09
 86% (43 of 50) |####################    | Elapsed Time: 0:00:53 ETA:   0:00:08
 88% (44 of 50) |#####################   | Elapsed Time: 0:00:54 ETA:   0:00:07
 90% (45 of 50) |#####################   | Elapsed Time: 0:00:56 ETA:   0:00:06
 92% (46 of 50) |######################  | Elapsed Time: 0:00:57 ETA:   0:00:04
 94% (47 of 50) |######################  | Elapsed Time: 0:00:58 ETA:   0:00:03
 96% (48 of 50) |####################### | Elapsed Time: 0:00:59 ETA:   0:00:02
 98% (49 of 50) |####################### | Elapsed Time: 0:01:01 ETA:   0:00:01
100% (50 of 50) |########################| Elapsed Time: 0:01:02 Time:  0:01:02
eta 3469 refused (d_eta=5 <= u=1), trying eta=6938, acf = 0.09509895561578521
considering eta 6938...
eta 6938 refused (d_eta=4 <= u=1), trying eta=13876, acf = 0.07236514325903982
considering eta 13876...
eta 13876 refused (d_eta=3 <= u=1), trying eta=27752, acf = 0.05613180564118127
considering eta 27752...
eta 27752 refused (d_eta=3 <= u=1), trying eta=55504, acf = 0.041408765009194076
considering eta 55504...
eta 55504 accepted (d_eta=1 <= u=1)
running markov chain and checking convergence...
test statistic : -8.182980336961585,
 Markov chain is stationnary if test statistic < -2.5681882567853056
Convergence : acceptation by k
(2: 1669), (3: 76), (4: 15), (5: 2), (6: 2), 
Convergence : refusal by k
(3: 10156), (2: 32730), (4: 4225), (5: 2153), (11: 226), (8: 542), (16: 60), (6: 1272), (10: 253), (7: 781), (35: 8), (18: 43), (9: 386), (13: 137), (26: 12), (55: 2), (76: 1), (28: 16), (20: 33), (48: 6), (19: 33), (29: 7), (14: 99), (12: 164), (15: 101), (25: 18), (47: 5), (23: 17), (22: 18), (21: 25), (27: 16), (42: 5), (31: 13), (24: 18), (36: 7), (33: 9), (17: 61), (32: 7), (67: 2), (38: 4), (86: 1), (49: 2), (58: 1), (34: 2), (39: 8), (45: 2), (40: 2), (41: 5), (70: 2), (62: 3), (56: 1), (43: 3), (63: 2), (30: 4), (37: 7), (44: 3), (71: 1), (52: 1), (53: 4), (85: 1), (81: 1), (50: 1), (51: 2), (57: 1), (65: 2), (68: 1), (74: 1), (46: 2), (73: 1), (89: 1), (60: 1), 
eta estimation took 2565.4513223171234 seconds
convergence took 2.7125039100646973 seconds
Writing 50 graph samples...
