Reading graph...
Initializing markov chain
Starting Markov Chain convergence...
eta estimation parameters: N_swap 229000, C 10, T 500, u 1, alpha 0.04
burn in...
defaultdict(<class 'int'>, {2: 2863, 3: 112, 4: 13, 5: 1})
defaultdict(<class 'int'>, {3: 41572, 2: 138613, 7: 3344, 5: 9193, 4: 17783, 9: 1620, 12: 682, 6: 5290, 8: 2177, 17: 250, 15: 326, 35: 27, 11: 875, 13: 504, 10: 1224, 16: 275, 14: 405, 38: 17, 22: 99, 18: 193, 33: 39, 41: 13, 27: 59, 31: 49, 19: 169, 40: 14, 21: 139, 30: 44, 25: 80, 28: 49, 20: 144, 51: 7, 23: 81, 24: 87, 43: 13, 69: 4, 222: 1, 48: 11, 45: 8, 139: 2, 65: 3, 47: 16, 26: 61, 84: 4, 81: 5, 70: 2, 34: 36, 135: 1, 32: 41, 73: 4, 50: 9, 46: 10, 36: 21, 57: 5, 92: 2, 37: 24, 44: 12, 225: 1, 76: 4, 114: 1, 155: 2, 133: 1, 42: 15, 29: 42, 60: 4, 39: 20, 79: 2, 52: 17, 93: 3, 61: 8, 53: 8, 129: 2, 67: 1, 58: 4, 63: 7, 85: 4, 55: 6, 91: 3, 96: 2, 82: 3, 98: 4, 109: 2, 182: 1, 54: 5, 97: 1, 90: 2, 94: 2, 145: 1, 116: 2, 163: 1, 74: 4, 64: 4, 68: 5, 105: 3, 140: 3, 56: 8, 158: 1, 89: 2, 173: 2, 49: 6, 72: 3, 103: 2, 62: 6, 77: 2, 142: 1, 162: 2, 146: 1, 86: 7, 88: 3, 166: 1, 66: 2, 59: 5, 124: 1, 80: 2, 71: 3, 100: 1, 134: 1, 83: 1, 147: 1, 141: 1, 165: 1, 75: 1, 136: 2, 101: 1, 120: 1, 123: 1, 117: 1})
Burn In : acceptation/refusals by k : 0.01305240174672489
0.01305240174672489
measuring sampling gap...
considering eta 17545...
eta 17545 refused (d_eta=10 <= u=1), trying eta=35090. ACF at lag 1 was 0.175360.
considering eta 35090...
eta 35090 refused (d_eta=7 <= u=1), trying eta=70180. ACF at lag 1 was 0.082057.
considering eta 70180...
eta 70180 refused (d_eta=6 <= u=1), trying eta=140360. ACF at lag 1 was 0.088136.
considering eta 140360...
eta 140360 refused (d_eta=5 <= u=1), trying eta=280720. ACF at lag 1 was 0.075104.
considering eta 280720...
/home/morandeau/PKS_method/PKS_method/venv/lib/python3.13/site-packages/joblib/externals/loky/backend/resource_tracker.py:359: UserWarning: resource_tracker: There appear to be 11 leaked semlock objects to clean up at shutdown
  warnings.warn(
/home/morandeau/PKS_method/PKS_method/venv/lib/python3.13/site-packages/joblib/externals/loky/backend/resource_tracker.py:359: UserWarning: resource_tracker: There appear to be 6 leaked folder objects to clean up at shutdown
  warnings.warn(
