Reading graph...
Initializing markov chain
Starting Markov Chain convergence...
eta estimation parameters: N_swap 50000, C 10, T 500, u 1, alpha 0.04
burn in...
defaultdict(<class 'int'>, {2: 346, 3: 2})
defaultdict(<class 'int'>, {7: 705, 2: 30451, 3: 9298, 4: 3925, 9: 322, 5: 2050, 6: 1141, 19: 35, 33: 8, 13: 118, 8: 439, 14: 97, 10: 262, 11: 185, 12: 148, 17: 50, 18: 40, 21: 17, 25: 25, 20: 34, 47: 4, 40: 3, 38: 4, 28: 7, 15: 74, 16: 58, 30: 6, 42: 3, 22: 24, 24: 15, 41: 6, 27: 17, 39: 3, 35: 8, 31: 6, 26: 12, 23: 13, 37: 5, 36: 8, 43: 1, 29: 10, 34: 5, 32: 1, 46: 1, 49: 2, 45: 2, 44: 4})
Burn In : acceptation/refusals by k : 0.00696
0.00696
measuring sampling gap...
considering eta 7184...
  0% (0 of 50) |                         | Elapsed Time: 0:00:00 ETA:  --:--:--
  2% (1 of 50) |                         | Elapsed Time: 0:00:00 ETA:   0:00:11
  4% (2 of 50) |#                        | Elapsed Time: 0:00:00 ETA:   0:00:10
  6% (3 of 50) |#                        | Elapsed Time: 0:00:00 ETA:   0:00:10
  8% (4 of 50) |##                       | Elapsed Time: 0:00:00 ETA:   0:00:10
 10% (5 of 50) |##                       | Elapsed Time: 0:00:01 ETA:   0:00:10
 12% (6 of 50) |###                      | Elapsed Time: 0:00:01 ETA:   0:00:10
 14% (7 of 50) |###                      | Elapsed Time: 0:00:01 ETA:   0:00:09
 16% (8 of 50) |####                     | Elapsed Time: 0:00:01 ETA:   0:00:09
 18% (9 of 50) |####                     | Elapsed Time: 0:00:02 ETA:   0:00:09
 20% (10 of 50) |####                    | Elapsed Time: 0:00:02 ETA:   0:00:09
 22% (11 of 50) |#####                   | Elapsed Time: 0:00:02 ETA:   0:00:09
 24% (12 of 50) |#####                   | Elapsed Time: 0:00:02 ETA:   0:00:08
 26% (13 of 50) |######                  | Elapsed Time: 0:00:02 ETA:   0:00:08
 28% (14 of 50) |######                  | Elapsed Time: 0:00:03 ETA:   0:00:08
 30% (15 of 50) |#######                 | Elapsed Time: 0:00:03 ETA:   0:00:08
 32% (16 of 50) |#######                 | Elapsed Time: 0:00:03 ETA:   0:00:07
 34% (17 of 50) |########                | Elapsed Time: 0:00:03 ETA:   0:00:07
 36% (18 of 50) |########                | Elapsed Time: 0:00:04 ETA:   0:00:07
 38% (19 of 50) |#########               | Elapsed Time: 0:00:04 ETA:   0:00:07
 40% (20 of 50) |#########               | Elapsed Time: 0:00:04 ETA:   0:00:06
 42% (21 of 50) |##########              | Elapsed Time: 0:00:04 ETA:   0:00:06
 44% (22 of 50) |##########              | Elapsed Time: 0:00:05 ETA:   0:00:06
 46% (23 of 50) |###########             | Elapsed Time: 0:00:05 ETA:   0:00:06
 48% (24 of 50) |###########             | Elapsed Time: 0:00:05 ETA:   0:00:05
 50% (25 of 50) |############            | Elapsed Time: 0:00:05 ETA:   0:00:05
 52% (26 of 50) |############            | Elapsed Time: 0:00:05 ETA:   0:00:05
 54% (27 of 50) |############            | Elapsed Time: 0:00:06 ETA:   0:00:05
 56% (28 of 50) |#############           | Elapsed Time: 0:00:06 ETA:   0:00:05
 58% (29 of 50) |#############           | Elapsed Time: 0:00:06 ETA:   0:00:04
 60% (30 of 50) |##############          | Elapsed Time: 0:00:06 ETA:   0:00:04
 62% (31 of 50) |##############          | Elapsed Time: 0:00:07 ETA:   0:00:04
 64% (32 of 50) |###############         | Elapsed Time: 0:00:07 ETA:   0:00:04
 66% (33 of 50) |###############         | Elapsed Time: 0:00:07 ETA:   0:00:03
 68% (34 of 50) |################        | Elapsed Time: 0:00:07 ETA:   0:00:03
 70% (35 of 50) |################        | Elapsed Time: 0:00:08 ETA:   0:00:03
 72% (36 of 50) |#################       | Elapsed Time: 0:00:08 ETA:   0:00:03
 74% (37 of 50) |#################       | Elapsed Time: 0:00:08 ETA:   0:00:02
 76% (38 of 50) |##################      | Elapsed Time: 0:00:08 ETA:   0:00:02
 78% (39 of 50) |##################      | Elapsed Time: 0:00:08 ETA:   0:00:02
 80% (40 of 50) |###################     | Elapsed Time: 0:00:09 ETA:   0:00:02
 82% (41 of 50) |###################     | Elapsed Time: 0:00:09 ETA:   0:00:02
 84% (42 of 50) |####################    | Elapsed Time: 0:00:09 ETA:   0:00:01
 86% (43 of 50) |####################    | Elapsed Time: 0:00:09 ETA:   0:00:01
 88% (44 of 50) |#####################   | Elapsed Time: 0:00:10 ETA:   0:00:01
 90% (45 of 50) |#####################   | Elapsed Time: 0:00:10 ETA:   0:00:01
 92% (46 of 50) |######################  | Elapsed Time: 0:00:10 ETA:   0:00:00
 94% (47 of 50) |######################  | Elapsed Time: 0:00:10 ETA:   0:00:00
 96% (48 of 50) |####################### | Elapsed Time: 0:00:11 ETA:   0:00:00
 98% (49 of 50) |####################### | Elapsed Time: 0:00:11 ETA:   0:00:00
100% (50 of 50) |########################| Elapsed Time: 0:00:11 Time:  0:00:11
ACF stability...
eta 7184 accepted (d_eta=0 <= u=1)
running markov chain and checking convergence...
test statistic : -1.8527272432678625,
 Markov chain is stationnary if test statistic < -2.5706763644654878
test statistic : -2.5099453411001833,
 Markov chain is stationnary if test statistic < -2.5706763644654878
test statistic : -2.994879746570241,
 Markov chain is stationnary if test statistic < -2.5706763644654878
Convergence : acceptation by k
(2: 135), (3: 3), 
Convergence : refusal by k
(2: 13224), (5: 875), (3: 3911), (6: 484), (7: 281), (4: 1679), (30: 6), (17: 32), (16: 26), (11: 91), (14: 42), (15: 40), (8: 220), (9: 134), (13: 59), (12: 64), (20: 11), (31: 5), (47: 5), (28: 6), (36: 2), (10: 94), (26: 6), (19: 15), (43: 2), (21: 7), (42: 4), (23: 9), (25: 9), (27: 4), (38: 4), (24: 7), (22: 10), (45: 2), (32: 6), (18: 17), (41: 1), (33: 2), (34: 4), (44: 2), (29: 6), (35: 3), (46: 1), (37: 1), (39: 1), 
eta estimation took 170.4334580898285 seconds
convergence took 0.9361016750335693 seconds
Writing 50 graph samples...
