Reading graph...
Initializing markov chain
Starting Markov Chain convergence...
eta estimation parameters: N_swap 368000, C 10, T 500, u 1, alpha 0.04
burn in...
defaultdict(<class 'int'>, {2: 5487, 3: 268, 4: 33, 5: 4, 6: 2})
defaultdict(<class 'int'>, {2: 222431, 3: 66854, 4: 28293, 53: 18, 7: 5239, 5: 14602, 6: 8510, 8: 3563, 10: 1834, 14: 645, 29: 75, 13: 826, 12: 1085, 9: 2556, 11: 1354, 17: 378, 42: 28, 37: 28, 211: 1, 23: 166, 20: 245, 19: 268, 43: 19, 51: 15, 52: 10, 15: 562, 16: 422, 36: 34, 27: 98, 30: 62, 35: 57, 18: 326, 26: 109, 21: 180, 72: 12, 24: 147, 147: 1, 33: 42, 45: 15, 31: 61, 22: 171, 41: 28, 28: 81, 25: 117, 82: 5, 102: 4, 39: 31, 34: 45, 129: 1, 68: 4, 40: 25, 64: 6, 60: 7, 50: 20, 38: 45, 55: 18, 32: 66, 56: 10, 93: 4, 62: 11, 59: 7, 94: 4, 95: 4, 46: 20, 69: 6, 47: 16, 105: 1, 73: 7, 44: 27, 75: 4, 58: 7, 48: 14, 205: 1, 99: 1, 71: 5, 145: 1, 61: 11, 134: 1, 86: 3, 49: 11, 137: 1, 57: 6, 204: 1, 78: 3, 230: 1, 80: 5, 88: 5, 84: 6, 65: 10, 74: 4, 92: 3, 96: 2, 212: 2, 54: 13, 66: 7, 183: 1, 70: 8, 115: 3, 79: 3, 108: 2, 83: 5, 123: 1, 85: 3, 348: 1, 91: 4, 89: 1, 324: 1, 221: 1, 222: 1, 116: 4, 180: 1, 87: 4, 103: 1, 100: 3, 220: 1, 127: 1, 112: 3, 63: 8, 107: 3, 104: 2, 119: 2, 81: 1, 101: 2, 122: 1, 139: 3, 164: 1, 158: 1, 97: 1, 109: 1, 136: 2, 77: 1, 113: 2, 150: 1, 67: 2, 98: 4, 194: 1, 128: 1, 144: 2, 154: 3, 157: 1, 76: 3, 124: 1, 125: 1, 130: 1, 131: 2, 143: 1, 234: 1, 317: 1, 241: 1, 331: 1, 111: 1, 140: 1, 186: 1, 163: 1})
Burn In : acceptation/refusals by k : 0.015744565217391305
0.015744565217391305
measuring sampling gap...
considering eta 23374...
  0% (0 of 50) |                         | Elapsed Time: 0:00:00 ETA:  --:--:--
  2% (1 of 50) |                         | Elapsed Time: 0:00:01 ETA:   0:01:01
  4% (2 of 50) |#                        | Elapsed Time: 0:00:02 ETA:   0:01:00
  6% (3 of 50) |#                        | Elapsed Time: 0:00:03 ETA:   0:00:59
  8% (4 of 50) |##                       | Elapsed Time: 0:00:05 ETA:   0:00:58
 10% (5 of 50) |##                       | Elapsed Time: 0:00:06 ETA:   0:00:56
 12% (6 of 50) |###                      | Elapsed Time: 0:00:07 ETA:   0:00:55
 14% (7 of 50) |###                      | Elapsed Time: 0:00:08 ETA:   0:00:54
 16% (8 of 50) |####                     | Elapsed Time: 0:00:10 ETA:   0:00:53
 18% (9 of 50) |####                     | Elapsed Time: 0:00:11 ETA:   0:00:51
 20% (10 of 50) |####                    | Elapsed Time: 0:00:12 ETA:   0:00:50
 22% (11 of 50) |#####                   | Elapsed Time: 0:00:13 ETA:   0:00:49
 24% (12 of 50) |#####                   | Elapsed Time: 0:00:15 ETA:   0:00:47
 26% (13 of 50) |######                  | Elapsed Time: 0:00:16 ETA:   0:00:46
 28% (14 of 50) |######                  | Elapsed Time: 0:00:17 ETA:   0:00:45
 30% (15 of 50) |#######                 | Elapsed Time: 0:00:18 ETA:   0:00:44
 32% (16 of 50) |#######                 | Elapsed Time: 0:00:20 ETA:   0:00:42
 34% (17 of 50) |########                | Elapsed Time: 0:00:21 ETA:   0:00:41
 36% (18 of 50) |########                | Elapsed Time: 0:00:22 ETA:   0:00:40
 38% (19 of 50) |#########               | Elapsed Time: 0:00:23 ETA:   0:00:39
 40% (20 of 50) |#########               | Elapsed Time: 0:00:25 ETA:   0:00:37
 42% (21 of 50) |##########              | Elapsed Time: 0:00:26 ETA:   0:00:36
 44% (22 of 50) |##########              | Elapsed Time: 0:00:27 ETA:   0:00:35
 46% (23 of 50) |###########             | Elapsed Time: 0:00:29 ETA:   0:00:34
 48% (24 of 50) |###########             | Elapsed Time: 0:00:30 ETA:   0:00:32
 50% (25 of 50) |############            | Elapsed Time: 0:00:31 ETA:   0:00:31
 52% (26 of 50) |############            | Elapsed Time: 0:00:32 ETA:   0:00:30
 54% (27 of 50) |############            | Elapsed Time: 0:00:34 ETA:   0:00:29
 56% (28 of 50) |#############           | Elapsed Time: 0:00:35 ETA:   0:00:27
 58% (29 of 50) |#############           | Elapsed Time: 0:00:36 ETA:   0:00:26
 60% (30 of 50) |##############          | Elapsed Time: 0:00:37 ETA:   0:00:25
 62% (31 of 50) |##############          | Elapsed Time: 0:00:39 ETA:   0:00:23
 64% (32 of 50) |###############         | Elapsed Time: 0:00:40 ETA:   0:00:22
 66% (33 of 50) |###############         | Elapsed Time: 0:00:41 ETA:   0:00:21
 68% (34 of 50) |################        | Elapsed Time: 0:00:42 ETA:   0:00:20
 70% (35 of 50) |################        | Elapsed Time: 0:00:44 ETA:   0:00:18
 72% (36 of 50) |#################       | Elapsed Time: 0:00:45 ETA:   0:00:17
 74% (37 of 50) |#################       | Elapsed Time: 0:00:46 ETA:   0:00:16
 76% (38 of 50) |##################      | Elapsed Time: 0:00:48 ETA:   0:00:15
 78% (39 of 50) |##################      | Elapsed Time: 0:00:49 ETA:   0:00:13
 80% (40 of 50) |###################     | Elapsed Time: 0:00:50 ETA:   0:00:12
 82% (41 of 50) |###################     | Elapsed Time: 0:00:51 ETA:   0:00:11
 84% (42 of 50) |####################    | Elapsed Time: 0:00:53 ETA:   0:00:10
 86% (43 of 50) |####################    | Elapsed Time: 0:00:54 ETA:   0:00:08
 88% (44 of 50) |#####################   | Elapsed Time: 0:00:55 ETA:   0:00:07
 90% (45 of 50) |#####################   | Elapsed Time: 0:00:56 ETA:   0:00:06
 92% (46 of 50) |######################  | Elapsed Time: 0:00:58 ETA:   0:00:05
 94% (47 of 50) |######################  | Elapsed Time: 0:00:59 ETA:   0:00:03
 96% (48 of 50) |####################### | Elapsed Time: 0:01:00 ETA:   0:00:02
 98% (49 of 50) |####################### | Elapsed Time: 0:01:01 ETA:   0:00:01
100% (50 of 50) |########################| Elapsed Time: 0:01:03 Time:  0:01:03
eta 23374 refused (d_eta=5 <= u=1), trying eta=46748.
considering eta 46748...
eta 46748 accepted (d_eta=1 <= u=1)
running markov chain and checking convergence...
test statistic : -1.7438004041670683,
 Markov chain is stationnary if test statistic < -2.5682576080788015
test statistic : -0.9753373102795975,
 Markov chain is stationnary if test statistic < -2.5682576080788015
test statistic : -1.6390276437739602,
 Markov chain is stationnary if test statistic < -2.5682576927283445
test statistic : -1.887708004620475,
 Markov chain is stationnary if test statistic < -2.5682576080788015
test statistic : -3.039458309963358,
 Markov chain is stationnary if test statistic < -2.5682576080788015
Convergence : acceptation by k
(3: 188), (2: 3445), (4: 23), (5: 3), (6: 2), 
Convergence : refusal by k
(2: 140982), (4: 18087), (5: 9300), (12: 719), (60: 7), (263: 1), (9: 1578), (3: 42859), (7: 3438), (8: 2159), (6: 5357), (11: 853), (29: 44), (14: 421), (13: 504), (24: 87), (15: 313), (51: 10), (10: 1138), (17: 253), (16: 280), (26: 73), (55: 7), (21: 130), (44: 12), (33: 40), (19: 147), (22: 88), (28: 44), (20: 139), (53: 11), (32: 29), (171: 2), (23: 96), (27: 55), (50: 11), (34: 33), (41: 24), (31: 43), (25: 74), (18: 191), (48: 9), (278: 1), (89: 2), (56: 13), (30: 40), (42: 12), (47: 13), (85: 3), (66: 2), (321: 1), (43: 7), (37: 23), (144: 2), (109: 2), (122: 1), (40: 18), (39: 20), (35: 17), (78: 3), (63: 8), (61: 7), (71: 4), (64: 2), (77: 3), (76: 4), (94: 2), (38: 22), (67: 4), (68: 2), (65: 4), (175: 1), (45: 12), (155: 2), (72: 4), (57: 8), (108: 1), (46: 13), (106: 1), (118: 6), (102: 2), (52: 13), (236: 1), (49: 8), (58: 9), (36: 19), (129: 1), (80: 8), (93: 1), (113: 3), (70: 2), (54: 4), (69: 6), (183: 1), (81: 2), (62: 2), (135: 2), (92: 2), (73: 3), (74: 3), (169: 2), (79: 2), (219: 1), (88: 3), (161: 1), (124: 1), (91: 1), (133: 1), (202: 1), (104: 1), (162: 2), (96: 1), (59: 2), (110: 1), (95: 1), (227: 1), (128: 1), (101: 1), (201: 2), (82: 2), (90: 1), (160: 1), (125: 1), (84: 1), (146: 1), (168: 1), (75: 3), (86: 1), (120: 1), (97: 1), (138: 1), (173: 1), (196: 1), (215: 1), (99: 1), (100: 1), (249: 1), (87: 2), 
eta estimation took 2101.0989084243774 seconds
convergence took 11.36972689628601 seconds
Writing 50 graph samples...
