Reading graph...
Initializing markov chain
Starting Markov Chain convergence...
eta estimation parameters: N_swap 56000, C 10, T 500, u 1, alpha 0.04
burn in...
defaultdict(<class 'int'>, {2: 1329, 3: 42, 4: 5, 5: 1})
defaultdict(<class 'int'>, {6: 1197, 3: 10384, 4: 4405, 2: 33260, 7: 830, 20: 49, 5: 2195, 9: 353, 8: 500, 11: 212, 13: 122, 10: 272, 14: 114, 15: 85, 12: 159, 41: 4, 16: 67, 18: 52, 26: 17, 33: 10, 21: 35, 35: 8, 23: 14, 46: 1, 36: 4, 17: 42, 27: 13, 49: 1, 31: 11, 19: 43, 52: 1, 24: 21, 25: 22, 43: 5, 40: 3, 22: 21, 34: 11, 51: 3, 32: 7, 39: 5, 50: 1, 28: 9, 53: 4, 30: 11, 38: 8, 29: 11, 47: 5, 54: 1, 48: 1, 45: 2, 37: 7, 44: 3, 55: 1, 42: 1})
Burn In : acceptation/refusals by k : 0.024589285714285713
0.024589285714285713
measuring sampling gap...
considering eta 2278...
  0% (0 of 50) |                         | Elapsed Time: 0:00:00 ETA:  --:--:--
  2% (1 of 50) |                         | Elapsed Time: 0:00:00 ETA:   0:00:02
  4% (2 of 50) |#                        | Elapsed Time: 0:00:00 ETA:   0:00:02
  6% (3 of 50) |#                        | Elapsed Time: 0:00:00 ETA:   0:00:02
  8% (4 of 50) |##                       | Elapsed Time: 0:00:00 ETA:   0:00:02
 10% (5 of 50) |##                       | Elapsed Time: 0:00:00 ETA:   0:00:02
 12% (6 of 50) |###                      | Elapsed Time: 0:00:00 ETA:   0:00:02
 14% (7 of 50) |###                      | Elapsed Time: 0:00:00 ETA:   0:00:02
 16% (8 of 50) |####                     | Elapsed Time: 0:00:00 ETA:   0:00:02
 18% (9 of 50) |####                     | Elapsed Time: 0:00:00 ETA:   0:00:02
 20% (10 of 50) |####                    | Elapsed Time: 0:00:00 ETA:   0:00:02
 22% (11 of 50) |#####                   | Elapsed Time: 0:00:00 ETA:   0:00:02
 24% (12 of 50) |#####                   | Elapsed Time: 0:00:00 ETA:   0:00:02
 26% (13 of 50) |######                  | Elapsed Time: 0:00:00 ETA:   0:00:02
 28% (14 of 50) |######                  | Elapsed Time: 0:00:00 ETA:   0:00:01
 30% (15 of 50) |#######                 | Elapsed Time: 0:00:00 ETA:   0:00:01
 32% (16 of 50) |#######                 | Elapsed Time: 0:00:00 ETA:   0:00:01
 34% (17 of 50) |########                | Elapsed Time: 0:00:00 ETA:   0:00:01
 36% (18 of 50) |########                | Elapsed Time: 0:00:00 ETA:   0:00:01
 38% (19 of 50) |#########               | Elapsed Time: 0:00:01 ETA:   0:00:01
 40% (20 of 50) |#########               | Elapsed Time: 0:00:01 ETA:   0:00:01
 42% (21 of 50) |##########              | Elapsed Time: 0:00:01 ETA:   0:00:01
 44% (22 of 50) |##########              | Elapsed Time: 0:00:01 ETA:   0:00:01
 46% (23 of 50) |###########             | Elapsed Time: 0:00:01 ETA:   0:00:01
 48% (24 of 50) |###########             | Elapsed Time: 0:00:01 ETA:   0:00:01
 50% (25 of 50) |############            | Elapsed Time: 0:00:01 ETA:   0:00:01
 52% (26 of 50) |############            | Elapsed Time: 0:00:01 ETA:   0:00:01
 54% (27 of 50) |############            | Elapsed Time: 0:00:01 ETA:   0:00:01
 56% (28 of 50) |#############           | Elapsed Time: 0:00:01 ETA:   0:00:01
 58% (29 of 50) |#############           | Elapsed Time: 0:00:01 ETA:   0:00:01
 60% (30 of 50) |##############          | Elapsed Time: 0:00:01 ETA:   0:00:01
 62% (31 of 50) |##############          | Elapsed Time: 0:00:01 ETA:   0:00:01
 64% (32 of 50) |###############         | Elapsed Time: 0:00:01 ETA:   0:00:00
 66% (33 of 50) |###############         | Elapsed Time: 0:00:01 ETA:   0:00:00
 68% (34 of 50) |################        | Elapsed Time: 0:00:01 ETA:   0:00:00
 70% (35 of 50) |################        | Elapsed Time: 0:00:01 ETA:   0:00:00
 72% (36 of 50) |#################       | Elapsed Time: 0:00:02 ETA:   0:00:00
 74% (37 of 50) |#################       | Elapsed Time: 0:00:02 ETA:   0:00:00
 76% (38 of 50) |##################      | Elapsed Time: 0:00:02 ETA:   0:00:00
 78% (39 of 50) |##################      | Elapsed Time: 0:00:02 ETA:   0:00:00
 80% (40 of 50) |###################     | Elapsed Time: 0:00:02 ETA:   0:00:00
 82% (41 of 50) |###################     | Elapsed Time: 0:00:02 ETA:   0:00:00
 84% (42 of 50) |####################    | Elapsed Time: 0:00:02 ETA:   0:00:00
 86% (43 of 50) |####################    | Elapsed Time: 0:00:02 ETA:   0:00:00
 88% (44 of 50) |#####################   | Elapsed Time: 0:00:02 ETA:   0:00:00
 90% (45 of 50) |#####################   | Elapsed Time: 0:00:02 ETA:   0:00:00
 92% (46 of 50) |######################  | Elapsed Time: 0:00:02 ETA:   0:00:00
 94% (47 of 50) |######################  | Elapsed Time: 0:00:02 ETA:   0:00:00
 96% (48 of 50) |####################### | Elapsed Time: 0:00:02 ETA:   0:00:00
 98% (49 of 50) |####################### | Elapsed Time: 0:00:03 ETA:   0:00:00
100% (50 of 50) |########################| Elapsed Time: 0:00:03 Time:  0:00:03
ACF stability...
eta 2278 accepted (d_eta=0 <= u=1)
running markov chain and checking convergence...
test statistic : -2.1319022309525724,
 Markov chain is stationnary if test statistic < -2.57681118118616
test statistic : -1.88693603699741,
 Markov chain is stationnary if test statistic < -2.57681118118616
test statistic : -1.7906686909894296,
 Markov chain is stationnary if test statistic < -2.57681118118616
test statistic : -1.3378086781470042,
 Markov chain is stationnary if test statistic < -2.57681118118616
test statistic : -2.7104959172528815,
 Markov chain is stationnary if test statistic < -2.57681118118616
Convergence : acceptation by k
(2: 269), (4: 1), (3: 5), (5: 1), 
Convergence : refusal by k
(2: 6794), (5: 439), (11: 43), (3: 2103), (4: 893), (10: 46), (6: 272), (7: 183), (15: 15), (8: 86), (17: 13), (9: 72), (12: 22), (19: 12), (20: 8), (18: 10), (16: 13), (54: 1), (14: 15), (24: 7), (22: 4), (13: 21), (34: 3), (29: 2), (21: 6), (23: 4), (52: 1), (46: 1), (27: 3), (31: 2), (53: 1), (40: 3), (32: 1), (44: 2), (45: 1), (41: 1), (26: 1), (28: 2), (25: 3), (39: 1), (55: 1), (30: 1), (36: 1), (35: 1), 
eta estimation took 69.60469031333923 seconds
convergence took 0.390153169631958 seconds
Writing 50 graph samples...
