Reading graph...
Initializing markov chain
Starting Markov Chain convergence...
eta estimation parameters: N_swap 406000, C 10, T 500, u 1, alpha 0.04
burn in...
defaultdict(<class 'int'>, {2: 5655, 3: 276, 4: 40, 6: 4, 5: 5})
defaultdict(<class 'int'>, {2: 245301, 3: 74645, 8: 3866, 4: 31179, 5: 16037, 10: 1941, 7: 5824, 6: 9430, 15: 604, 11: 1500, 9: 2795, 75: 7, 16: 467, 27: 113, 18: 322, 13: 921, 21: 200, 12: 1103, 17: 411, 14: 755, 22: 193, 84: 5, 23: 148, 31: 76, 25: 122, 32: 46, 24: 135, 37: 33, 20: 259, 48: 17, 36: 40, 47: 25, 51: 25, 38: 33, 35: 35, 200: 1, 26: 142, 30: 73, 28: 86, 64: 9, 29: 68, 73: 4, 40: 21, 42: 31, 167: 1, 71: 2, 52: 9, 19: 321, 82: 3, 33: 66, 46: 20, 45: 28, 170: 2, 34: 55, 44: 28, 137: 2, 41: 32, 39: 31, 140: 1, 95: 5, 256: 1, 61: 6, 86: 4, 53: 18, 131: 2, 58: 16, 55: 16, 43: 15, 145: 3, 63: 11, 65: 6, 59: 16, 78: 4, 67: 3, 69: 6, 66: 6, 134: 3, 111: 3, 56: 11, 235: 1, 49: 10, 119: 3, 60: 16, 147: 2, 68: 8, 194: 2, 135: 3, 89: 4, 77: 2, 109: 4, 124: 2, 70: 3, 50: 17, 54: 19, 202: 1, 92: 1, 345: 1, 116: 1, 57: 7, 76: 4, 115: 2, 87: 6, 123: 1, 97: 1, 85: 2, 80: 3, 130: 1, 117: 1, 237: 1, 157: 1, 188: 3, 104: 1, 139: 1, 72: 4, 217: 1, 285: 1, 102: 1, 81: 3, 175: 1, 184: 1, 90: 4, 141: 1, 105: 2, 128: 1, 103: 1, 88: 2, 142: 2, 62: 9, 160: 1, 110: 1, 98: 4, 108: 1, 150: 1, 129: 1, 79: 2, 100: 3, 74: 7, 301: 1, 127: 1, 122: 2, 133: 1, 126: 1, 278: 2, 198: 1, 143: 1, 189: 1, 125: 1, 204: 1, 156: 1, 96: 1, 94: 2, 380: 1, 210: 1, 99: 1, 197: 1, 231: 1, 168: 1, 118: 1, 211: 1, 272: 1})
Burn In : acceptation/refusals by k : 0.014729064039408867
0.014729064039408867
measuring sampling gap...
considering eta 27565...
  0% (0 of 50) |                         | Elapsed Time: 0:00:00 ETA:  --:--:--
  2% (1 of 50) |                         | Elapsed Time: 0:00:03 ETA:   0:02:52
  4% (2 of 50) |#                        | Elapsed Time: 0:00:07 ETA:   0:03:01
  6% (3 of 50) |#                        | Elapsed Time: 0:00:11 ETA:   0:03:02
  8% (4 of 50) |##                       | Elapsed Time: 0:00:14 ETA:   0:02:52
 10% (5 of 50) |##                       | Elapsed Time: 0:00:19 ETA:   0:02:53
 12% (6 of 50) |###                      | Elapsed Time: 0:00:23 ETA:   0:02:51
 14% (7 of 50) |###                      | Elapsed Time: 0:00:27 ETA:   0:02:48
 16% (8 of 50) |####                     | Elapsed Time: 0:00:31 ETA:   0:02:45
 18% (9 of 50) |####                     | Elapsed Time: 0:00:35 ETA:   0:02:41
 20% (10 of 50) |####                    | Elapsed Time: 0:00:39 ETA:   0:02:38
 22% (11 of 50) |#####                   | Elapsed Time: 0:00:43 ETA:   0:02:35
 24% (12 of 50) |#####                   | Elapsed Time: 0:00:47 ETA:   0:02:31
 26% (13 of 50) |######                  | Elapsed Time: 0:00:52 ETA:   0:02:28
 28% (14 of 50) |######                  | Elapsed Time: 0:00:56 ETA:   0:02:24
 30% (15 of 50) |#######                 | Elapsed Time: 0:01:00 ETA:   0:02:20
 32% (16 of 50) |#######                 | Elapsed Time: 0:01:04 ETA:   0:02:16
 34% (17 of 50) |########                | Elapsed Time: 0:01:08 ETA:   0:02:12
 36% (18 of 50) |########                | Elapsed Time: 0:01:12 ETA:   0:02:09
 38% (19 of 50) |#########               | Elapsed Time: 0:01:15 ETA:   0:02:03
 40% (20 of 50) |#########               | Elapsed Time: 0:01:18 ETA:   0:01:58
 42% (21 of 50) |##########              | Elapsed Time: 0:01:21 ETA:   0:01:52
 44% (22 of 50) |##########              | Elapsed Time: 0:01:24 ETA:   0:01:47
 46% (23 of 50) |###########             | Elapsed Time: 0:01:27 ETA:   0:01:42
 48% (24 of 50) |###########             | Elapsed Time: 0:01:29 ETA:   0:01:37
 50% (25 of 50) |############            | Elapsed Time: 0:01:32 ETA:   0:01:32
 52% (26 of 50) |############            | Elapsed Time: 0:01:35 ETA:   0:01:27
 54% (27 of 50) |############            | Elapsed Time: 0:01:38 ETA:   0:01:23
 56% (28 of 50) |#############           | Elapsed Time: 0:01:40 ETA:   0:01:19
 58% (29 of 50) |#############           | Elapsed Time: 0:01:43 ETA:   0:01:15
 60% (30 of 50) |##############          | Elapsed Time: 0:01:46 ETA:   0:01:10
 62% (31 of 50) |##############          | Elapsed Time: 0:01:49 ETA:   0:01:06
 64% (32 of 50) |###############         | Elapsed Time: 0:01:51 ETA:   0:01:02
 66% (33 of 50) |###############         | Elapsed Time: 0:01:54 ETA:   0:00:58
 68% (34 of 50) |################        | Elapsed Time: 0:01:57 ETA:   0:00:55
 70% (35 of 50) |################        | Elapsed Time: 0:01:59 ETA:   0:00:51
 72% (36 of 50) |#################       | Elapsed Time: 0:02:02 ETA:   0:00:47
 74% (37 of 50) |#################       | Elapsed Time: 0:02:05 ETA:   0:00:44
 76% (38 of 50) |##################      | Elapsed Time: 0:02:08 ETA:   0:00:40
 78% (39 of 50) |##################      | Elapsed Time: 0:02:10 ETA:   0:00:36
 80% (40 of 50) |###################     | Elapsed Time: 0:02:13 ETA:   0:00:33
 82% (41 of 50) |###################     | Elapsed Time: 0:02:16 ETA:   0:00:29
 84% (42 of 50) |####################    | Elapsed Time: 0:02:18 ETA:   0:00:26
 86% (43 of 50) |####################    | Elapsed Time: 0:02:21 ETA:   0:00:23
 88% (44 of 50) |#####################   | Elapsed Time: 0:02:24 ETA:   0:00:19
 90% (45 of 50) |#####################   | Elapsed Time: 0:02:26 ETA:   0:00:16
 92% (46 of 50) |######################  | Elapsed Time: 0:02:29 ETA:   0:00:13
 94% (47 of 50) |######################  | Elapsed Time: 0:02:32 ETA:   0:00:09
 96% (48 of 50) |####################### | Elapsed Time: 0:02:34 ETA:   0:00:06
 98% (49 of 50) |####################### | Elapsed Time: 0:02:37 ETA:   0:00:03
100% (50 of 50) |########################| Elapsed Time: 0:02:40 Time:  0:02:40
ACF stability...
eta 27565 refused (d_eta=8 <= u=1), trying eta=41347.5. ACF at lag 1 was 0.125744.
considering eta 41347.5...
ACF stability...
eta 41347.5 refused (d_eta=5 <= u=1), trying eta=62021.25. ACF at lag 1 was 0.079910.
considering eta 62021.25...
ACF stability...
  ACF plateau check:
    window=[0.12574421 0.07990993 0.04547082]
    mean=0.083708
    std=0.032881
    cv=0.392809 (threshold=0.1)
    slope=-0.040137
    relative_slope=1.220652 (threshold=1.0)
    stable=False
eta 62021.25 refused (d_eta=3 <= u=1), trying eta=93031.875. ACF at lag 1 was 0.045471.
considering eta 93031.875...
ACF stability...
  ACF plateau check:
    window=[0.07990993 0.04547082 0.00716625]
    mean=0.044182
    std=0.029711
    cv=0.672474 (threshold=0.1)
    slope=-0.036372
    relative_slope=1.224169 (threshold=1.0)
    stable=False
eta 93031.875 accepted (d_eta=0 <= u=1)
running markov chain and checking convergence...
test statistic : -1.5480588862469815,
 Markov chain is stationnary if test statistic < -2.568038888789241
test statistic : -2.666187994844073,
 Markov chain is stationnary if test statistic < -2.5680388911642
Convergence : acceptation by k
(2: 2621), (3: 125), (4: 20), (5: 3), (6: 1), 
Convergence : refusal by k
(2: 112207), (3: 33994), (6: 4233), (5: 7366), (8: 1878), (9: 1291), (4: 14417), (13: 441), (14: 314), (10: 941), (11: 708), (7: 2715), (12: 551), (16: 220), (23: 92), (20: 104), (18: 158), (15: 271), (25: 79), (36: 16), (34: 23), (17: 205), (42: 13), (65: 5), (22: 90), (19: 136), (266: 1), (60: 3), (49: 6), (24: 76), (39: 15), (48: 12), (26: 46), (64: 6), (33: 36), (21: 84), (28: 38), (30: 30), (56: 3), (27: 47), (103: 1), (31: 33), (68: 3), (50: 6), (82: 1), (112: 2), (53: 8), (37: 21), (41: 10), (90: 3), (62: 7), (55: 4), (182: 1), (79: 3), (40: 21), (35: 26), (32: 31), (29: 35), (71: 3), (74: 3), (44: 9), (38: 14), (59: 9), (43: 14), (46: 16), (77: 3), (110: 2), (210: 1), (61: 5), (299: 1), (98: 1), (51: 9), (54: 3), (67: 4), (52: 7), (97: 5), (47: 13), (84: 3), (45: 9), (99: 1), (76: 4), (135: 1), (80: 2), (66: 1), (57: 6), (58: 4), (116: 2), (75: 2), (94: 2), (70: 1), (73: 2), (101: 1), (63: 1), (78: 1), (87: 5), (162: 1), (93: 2), (113: 1), (381: 1), (114: 2), (96: 1), (69: 3), (83: 3), (92: 2), (167: 1), (130: 1), (102: 1), (106: 1), (72: 1), (104: 1), (89: 1), (148: 1), (145: 1), (170: 1), (405: 1), (81: 1), (283: 1), (166: 1), (134: 1), (205: 1), (288: 1), (108: 2), (193: 1), (119: 1), 
eta estimation took 6911.46079826355 seconds
convergence took 14.689791917800903 seconds
Writing 50 graph samples...
