Reading graph...
Initializing markov chain
Starting Markov Chain convergence...
eta estimation parameters: N_swap 368000, C 10, T 500, u 1, alpha 0.04
burn in...
defaultdict(<class 'int'>, {2: 1367, 3: 8, 4: 1})
defaultdict(<class 'int'>, {2: 226310, 3: 67001, 4: 28593, 5: 14628, 32: 53, 9: 2530, 6: 8459, 7: 5373, 23: 148, 39: 35, 8: 3553, 13: 866, 15: 524, 14: 679, 10: 1849, 11: 1383, 12: 1080, 74: 3, 47: 16, 20: 211, 26: 112, 16: 437, 21: 195, 31: 64, 19: 253, 18: 305, 30: 78, 60: 4, 22: 169, 44: 29, 25: 127, 45: 26, 24: 126, 33: 43, 28: 87, 42: 22, 108: 1, 246: 1, 38: 31, 17: 363, 140: 1, 93: 1, 41: 27, 113: 2, 88: 2, 37: 47, 46: 24, 109: 3, 104: 4, 36: 46, 49: 14, 61: 12, 62: 8, 94: 4, 35: 52, 43: 23, 164: 2, 53: 13, 50: 13, 27: 77, 162: 1, 89: 2, 58: 12, 64: 4, 40: 24, 81: 3, 172: 2, 52: 23, 29: 74, 66: 5, 86: 4, 59: 12, 55: 11, 70: 6, 48: 14, 34: 50, 160: 2, 63: 9, 161: 1, 131: 1, 76: 3, 201: 1, 57: 10, 54: 11, 96: 4, 125: 2, 148: 1, 180: 1, 130: 3, 127: 2, 69: 8, 56: 9, 90: 1, 77: 7, 126: 4, 51: 13, 267: 1, 79: 2, 85: 2, 97: 4, 102: 5, 311: 1, 100: 4, 219: 1, 75: 5, 279: 1, 199: 1, 137: 1, 106: 1, 91: 2, 67: 9, 101: 2, 84: 2, 72: 6, 190: 1, 99: 2, 324: 1, 105: 3, 123: 3, 112: 2, 98: 2, 173: 2, 346: 1, 116: 1, 149: 1, 71: 7, 65: 7, 103: 1, 92: 2, 155: 1, 111: 3, 284: 1, 107: 1, 156: 2, 166: 3, 229: 1, 158: 2, 141: 3, 124: 1, 87: 2, 135: 1, 118: 1, 169: 1, 83: 3, 68: 5, 226: 1, 154: 1, 220: 1, 147: 1, 95: 1, 322: 1, 73: 3, 144: 1, 129: 1, 139: 1, 82: 2, 268: 1, 152: 1, 78: 2, 132: 1, 122: 1, 121: 1, 360: 1, 259: 1, 282: 1, 178: 1})
Burn In : acceptation/refusals by k : 0.0037391304347826086
0.0037391304347826086
measuring sampling gap...
considering eta 98419...
  0% (0 of 50) |                         | Elapsed Time: 0:00:00 ETA:  --:--:--
  2% (1 of 50) |                         | Elapsed Time: 0:00:02 ETA:   0:01:47
  4% (2 of 50) |#                        | Elapsed Time: 0:00:04 ETA:   0:01:45
  6% (3 of 50) |#                        | Elapsed Time: 0:00:06 ETA:   0:01:43
  8% (4 of 50) |##                       | Elapsed Time: 0:00:08 ETA:   0:01:41
 10% (5 of 50) |##                       | Elapsed Time: 0:00:11 ETA:   0:01:39
 12% (6 of 50) |###                      | Elapsed Time: 0:00:13 ETA:   0:01:37
 14% (7 of 50) |###                      | Elapsed Time: 0:00:15 ETA:   0:01:34
 16% (8 of 50) |####                     | Elapsed Time: 0:00:17 ETA:   0:01:32
 18% (9 of 50) |####                     | Elapsed Time: 0:00:19 ETA:   0:01:30
 20% (10 of 50) |####                    | Elapsed Time: 0:00:22 ETA:   0:01:28
 22% (11 of 50) |#####                   | Elapsed Time: 0:00:24 ETA:   0:01:25
 24% (12 of 50) |#####                   | Elapsed Time: 0:00:26 ETA:   0:01:23
 26% (13 of 50) |######                  | Elapsed Time: 0:00:28 ETA:   0:01:21
 28% (14 of 50) |######                  | Elapsed Time: 0:00:30 ETA:   0:01:19
 30% (15 of 50) |#######                 | Elapsed Time: 0:00:33 ETA:   0:01:17
 32% (16 of 50) |#######                 | Elapsed Time: 0:00:35 ETA:   0:01:14
 34% (17 of 50) |########                | Elapsed Time: 0:00:37 ETA:   0:01:12
 36% (18 of 50) |########                | Elapsed Time: 0:00:39 ETA:   0:01:10
 38% (19 of 50) |#########               | Elapsed Time: 0:00:41 ETA:   0:01:08
 40% (20 of 50) |#########               | Elapsed Time: 0:00:44 ETA:   0:01:06
 42% (21 of 50) |##########              | Elapsed Time: 0:00:46 ETA:   0:01:03
 44% (22 of 50) |##########              | Elapsed Time: 0:00:48 ETA:   0:01:01
 46% (23 of 50) |###########             | Elapsed Time: 0:00:50 ETA:   0:00:59
 48% (24 of 50) |###########             | Elapsed Time: 0:00:52 ETA:   0:00:57
 50% (25 of 50) |############            | Elapsed Time: 0:00:55 ETA:   0:00:55
 52% (26 of 50) |############            | Elapsed Time: 0:00:57 ETA:   0:00:52
 54% (27 of 50) |############            | Elapsed Time: 0:00:59 ETA:   0:00:50
 56% (28 of 50) |#############           | Elapsed Time: 0:01:01 ETA:   0:00:48
 58% (29 of 50) |#############           | Elapsed Time: 0:01:03 ETA:   0:00:46
 60% (30 of 50) |##############          | Elapsed Time: 0:01:06 ETA:   0:00:44
 62% (31 of 50) |##############          | Elapsed Time: 0:01:08 ETA:   0:00:41
 64% (32 of 50) |###############         | Elapsed Time: 0:01:10 ETA:   0:00:39
 66% (33 of 50) |###############         | Elapsed Time: 0:01:12 ETA:   0:00:37
 68% (34 of 50) |################        | Elapsed Time: 0:01:14 ETA:   0:00:35
 70% (35 of 50) |################        | Elapsed Time: 0:01:17 ETA:   0:00:33
 72% (36 of 50) |#################       | Elapsed Time: 0:01:19 ETA:   0:00:30
 74% (37 of 50) |#################       | Elapsed Time: 0:01:21 ETA:   0:00:28
 76% (38 of 50) |##################      | Elapsed Time: 0:01:23 ETA:   0:00:26
 78% (39 of 50) |##################      | Elapsed Time: 0:01:25 ETA:   0:00:24
 80% (40 of 50) |###################     | Elapsed Time: 0:01:28 ETA:   0:00:22
 82% (41 of 50) |###################     | Elapsed Time: 0:01:30 ETA:   0:00:19
 84% (42 of 50) |####################    | Elapsed Time: 0:01:32 ETA:   0:00:17
 86% (43 of 50) |####################    | Elapsed Time: 0:01:34 ETA:   0:00:15
 88% (44 of 50) |#####################   | Elapsed Time: 0:01:36 ETA:   0:00:13
 90% (45 of 50) |#####################   | Elapsed Time: 0:01:39 ETA:   0:00:11
 92% (46 of 50) |######################  | Elapsed Time: 0:01:41 ETA:   0:00:08
 94% (47 of 50) |######################  | Elapsed Time: 0:01:43 ETA:   0:00:06
 96% (48 of 50) |####################### | Elapsed Time: 0:01:45 ETA:   0:00:04
 98% (49 of 50) |####################### | Elapsed Time: 0:01:47 ETA:   0:00:02
100% (50 of 50) |########################| Elapsed Time: 0:01:50 Time:  0:01:50
ACF stability...
eta 98419 accepted (d_eta=1 <= u=1)
running markov chain and checking convergence...
test statistic : -1.9146005774647605,
 Markov chain is stationnary if test statistic < -2.568026807985812
test statistic : -2.298153720833107,
 Markov chain is stationnary if test statistic < -2.568026799496812
test statistic : -1.8360695847983401,
 Markov chain is stationnary if test statistic < -2.5680267910085015
test statistic : -2.3936057621191456,
 Markov chain is stationnary if test statistic < -2.5680267910085015
test statistic : -2.03116852301649,
 Markov chain is stationnary if test statistic < -2.5680267910085015
test statistic : -1.660319567518482,
 Markov chain is stationnary if test statistic < -2.5680267910085015
test statistic : -3.268365807000466,
 Markov chain is stationnary if test statistic < -2.5680267910085015
Convergence : acceptation by k
(2: 2602), (3: 28), (4: 3), 
Convergence : refusal by k
(6: 15574), (4: 53371), (2: 423430), (3: 126518), (30: 136), (5: 27133), (7: 9916), (10: 3414), (40: 52), (23: 286), (8: 6754), (16: 892), (14: 1204), (9: 4704), (11: 2548), (12: 1958), (31: 123), (13: 1580), (74: 10), (27: 182), (17: 686), (19: 502), (22: 346), (47: 31), (34: 97), (24: 227), (26: 182), (20: 410), (37: 66), (21: 390), (25: 237), (15: 1025), (33: 93), (18: 583), (38: 58), (28: 149), (52: 23), (57: 22), (35: 75), (41: 56), (122: 3), (53: 29), (36: 67), (43: 40), (216: 2), (46: 35), (50: 32), (54: 23), (78: 8), (120: 3), (29: 155), (253: 2), (44: 44), (65: 12), (66: 12), (111: 5), (42: 47), (89: 5), (61: 23), (59: 13), (108: 1), (32: 95), (51: 22), (242: 1), (72: 10), (119: 4), (340: 1), (62: 14), (56: 19), (79: 5), (71: 7), (63: 17), (125: 2), (48: 25), (109: 6), (81: 7), (226: 2), (88: 6), (55: 13), (82: 9), (60: 20), (49: 25), (133: 2), (39: 72), (45: 38), (132: 2), (113: 2), (64: 14), (97: 3), (118: 4), (69: 12), (167: 2), (58: 24), (87: 5), (100: 2), (83: 2), (129: 1), (94: 4), (106: 4), (147: 1), (335: 1), (93: 5), (321: 1), (127: 2), (84: 7), (77: 7), (173: 1), (141: 1), (75: 9), (254: 2), (98: 4), (233: 1), (104: 4), (323: 1), (143: 1), (114: 4), (99: 3), (110: 1), (73: 7), (137: 2), (92: 1), (175: 1), (203: 1), (288: 1), (117: 2), (80: 8), (150: 1), (190: 1), (146: 2), (76: 5), (157: 1), (246: 1), (112: 2), (115: 2), (86: 3), (151: 2), (67: 5), (134: 1), (156: 2), (101: 2), (191: 2), (121: 1), (85: 4), (103: 3), (138: 3), (70: 3), (116: 5), (325: 1), (152: 3), (275: 1), (161: 1), (274: 1), (188: 1), (102: 6), (68: 3), (90: 3), (91: 2), (162: 1), (189: 1), (135: 2), (149: 1), (140: 1), (251: 1), (126: 1), (306: 1), (145: 1), (124: 1), (202: 1), (258: 1), (215: 1), (208: 1), (169: 1), (96: 6), (95: 1), (153: 1), (230: 1), (210: 1), (236: 1), (194: 1), (180: 1), (309: 1), (362: 1), (164: 1), (285: 1), (159: 1), (339: 1), (130: 1), (186: 1), (350: 2), (105: 1), (250: 1), 
eta estimation took 3078.2722840309143 seconds
convergence took 40.40172863006592 seconds
Writing 50 graph samples...
