Reading graph...
Initializing markov chain
Starting Markov Chain convergence...
eta estimation parameters: N_swap 76000, C 10, T 500, u 1, alpha 0.04
burn in...
defaultdict(<class 'int'>, {2: 272, 3: 3})
defaultdict(<class 'int'>, {4: 6051, 2: 46752, 3: 13826, 5: 2919, 8: 716, 10: 357, 6: 1700, 9: 554, 11: 306, 21: 39, 22: 38, 7: 1147, 12: 237, 13: 174, 19: 48, 35: 6, 17: 88, 14: 151, 16: 85, 15: 105, 33: 7, 51: 4, 26: 14, 20: 44, 53: 5, 18: 64, 43: 7, 44: 4, 50: 2, 41: 7, 58: 3, 32: 11, 28: 20, 27: 17, 42: 4, 23: 28, 24: 35, 49: 2, 74: 4, 36: 8, 54: 3, 52: 4, 57: 3, 37: 11, 63: 1, 25: 18, 39: 4, 48: 1, 34: 12, 29: 18, 55: 1, 38: 8, 30: 12, 75: 1, 31: 14, 40: 8, 47: 4, 70: 2, 46: 2, 64: 3, 65: 1, 45: 2, 62: 1, 66: 1, 72: 1})
Burn In : acceptation/refusals by k : 0.003618421052631579
0.003618421052631579
measuring sampling gap...
considering eta 21004...
  0% (0 of 50) |                         | Elapsed Time: 0:00:00 ETA:  --:--:--
  2% (1 of 50) |                         | Elapsed Time: 0:00:00 ETA:   0:00:21
  4% (2 of 50) |#                        | Elapsed Time: 0:00:00 ETA:   0:00:21
  6% (3 of 50) |#                        | Elapsed Time: 0:00:01 ETA:   0:00:20
  8% (4 of 50) |##                       | Elapsed Time: 0:00:01 ETA:   0:00:20
 10% (5 of 50) |##                       | Elapsed Time: 0:00:02 ETA:   0:00:19
 12% (6 of 50) |###                      | Elapsed Time: 0:00:02 ETA:   0:00:19
 14% (7 of 50) |###                      | Elapsed Time: 0:00:03 ETA:   0:00:19
 16% (8 of 50) |####                     | Elapsed Time: 0:00:03 ETA:   0:00:18
 18% (9 of 50) |####                     | Elapsed Time: 0:00:03 ETA:   0:00:18
 20% (10 of 50) |####                    | Elapsed Time: 0:00:04 ETA:   0:00:17
 22% (11 of 50) |#####                   | Elapsed Time: 0:00:04 ETA:   0:00:17
 24% (12 of 50) |#####                   | Elapsed Time: 0:00:05 ETA:   0:00:16
 26% (13 of 50) |######                  | Elapsed Time: 0:00:05 ETA:   0:00:16
 28% (14 of 50) |######                  | Elapsed Time: 0:00:06 ETA:   0:00:15
 30% (15 of 50) |#######                 | Elapsed Time: 0:00:06 ETA:   0:00:15
 32% (16 of 50) |#######                 | Elapsed Time: 0:00:07 ETA:   0:00:14
 34% (17 of 50) |########                | Elapsed Time: 0:00:07 ETA:   0:00:14
 36% (18 of 50) |########                | Elapsed Time: 0:00:07 ETA:   0:00:14
 38% (19 of 50) |#########               | Elapsed Time: 0:00:08 ETA:   0:00:13
 40% (20 of 50) |#########               | Elapsed Time: 0:00:08 ETA:   0:00:13
 42% (21 of 50) |##########              | Elapsed Time: 0:00:09 ETA:   0:00:12
 44% (22 of 50) |##########              | Elapsed Time: 0:00:09 ETA:   0:00:12
 46% (23 of 50) |###########             | Elapsed Time: 0:00:10 ETA:   0:00:11
 48% (24 of 50) |###########             | Elapsed Time: 0:00:10 ETA:   0:00:11
 50% (25 of 50) |############            | Elapsed Time: 0:00:11 ETA:   0:00:11
 52% (26 of 50) |############            | Elapsed Time: 0:00:11 ETA:   0:00:10
 54% (27 of 50) |############            | Elapsed Time: 0:00:11 ETA:   0:00:10
 56% (28 of 50) |#############           | Elapsed Time: 0:00:12 ETA:   0:00:09
 58% (29 of 50) |#############           | Elapsed Time: 0:00:12 ETA:   0:00:09
 60% (30 of 50) |##############          | Elapsed Time: 0:00:13 ETA:   0:00:08
 62% (31 of 50) |##############          | Elapsed Time: 0:00:13 ETA:   0:00:08
 64% (32 of 50) |###############         | Elapsed Time: 0:00:14 ETA:   0:00:07
 66% (33 of 50) |###############         | Elapsed Time: 0:00:14 ETA:   0:00:07
 68% (34 of 50) |################        | Elapsed Time: 0:00:15 ETA:   0:00:07
 70% (35 of 50) |################        | Elapsed Time: 0:00:15 ETA:   0:00:06
 72% (36 of 50) |#################       | Elapsed Time: 0:00:15 ETA:   0:00:06
 74% (37 of 50) |#################       | Elapsed Time: 0:00:16 ETA:   0:00:05
 76% (38 of 50) |##################      | Elapsed Time: 0:00:16 ETA:   0:00:05
 78% (39 of 50) |##################      | Elapsed Time: 0:00:17 ETA:   0:00:04
 80% (40 of 50) |###################     | Elapsed Time: 0:00:17 ETA:   0:00:04
 82% (41 of 50) |###################     | Elapsed Time: 0:00:18 ETA:   0:00:03
 84% (42 of 50) |####################    | Elapsed Time: 0:00:18 ETA:   0:00:03
 86% (43 of 50) |####################    | Elapsed Time: 0:00:18 ETA:   0:00:03
 88% (44 of 50) |#####################   | Elapsed Time: 0:00:19 ETA:   0:00:02
 90% (45 of 50) |#####################   | Elapsed Time: 0:00:19 ETA:   0:00:02
 92% (46 of 50) |######################  | Elapsed Time: 0:00:20 ETA:   0:00:01
 94% (47 of 50) |######################  | Elapsed Time: 0:00:20 ETA:   0:00:01
 96% (48 of 50) |####################### | Elapsed Time: 0:00:21 ETA:   0:00:00
 98% (49 of 50) |####################### | Elapsed Time: 0:00:21 ETA:   0:00:00
100% (50 of 50) |########################| Elapsed Time: 0:00:22 Time:  0:00:22
ACF stability...
eta 21004 accepted (d_eta=1 <= u=1)
running markov chain and checking convergence...
test statistic : -2.1860956215574023,
 Markov chain is stationnary if test statistic < -2.5687980791725504
test statistic : -4.961400789241605,
 Markov chain is stationnary if test statistic < -2.5687963065727355
Convergence : acceptation by k
(2: 163), (3: 1), (4: 1), 
Convergence : refusal by k
(3: 7697), (2: 25834), (4: 3257), (7: 597), (5: 1666), (10: 189), (8: 431), (19: 35), (6: 984), (9: 297), (16: 45), (17: 46), (11: 163), (14: 73), (12: 112), (13: 99), (30: 9), (20: 19), (23: 16), (15: 55), (18: 31), (32: 4), (24: 11), (26: 9), (25: 13), (35: 6), (40: 4), (27: 12), (42: 3), (22: 25), (34: 3), (67: 1), (31: 13), (21: 15), (37: 6), (43: 2), (36: 4), (38: 3), (47: 5), (28: 5), (29: 10), (52: 1), (54: 1), (64: 1), (55: 2), (49: 3), (60: 1), (50: 2), (71: 1), (39: 3), (48: 1), (70: 1), (57: 2), (41: 1), (33: 4), (56: 2), (73: 1), (58: 2), (62: 1), (46: 1), (69: 1), (59: 1), (45: 1), 
eta estimation took 468.66585087776184 seconds
convergence took 1.6882779598236084 seconds
Writing 50 graph samples...
