Reading graph...
Initializing markov chain
Starting Markov Chain convergence...
eta estimation parameters: N_swap 85000, C 10, T 500, u 1, alpha 0.04
burn in...
defaultdict(<class 'int'>, {2: 270, 3: 2})
defaultdict(<class 'int'>, {2: 52218, 5: 3358, 4: 6519, 3: 15661, 7: 1284, 9: 583, 6: 1984, 8: 832, 20: 50, 10: 438, 63: 4, 11: 302, 12: 236, 17: 99, 28: 20, 71: 4, 22: 46, 19: 59, 14: 140, 23: 42, 13: 200, 21: 39, 18: 54, 15: 122, 37: 3, 25: 25, 16: 101, 29: 18, 38: 15, 36: 7, 43: 8, 45: 5, 30: 18, 26: 22, 35: 9, 24: 27, 58: 1, 47: 10, 55: 1, 44: 5, 41: 8, 42: 11, 53: 5, 40: 6, 62: 2, 27: 18, 33: 9, 49: 8, 48: 5, 50: 5, 67: 4, 32: 14, 52: 3, 80: 2, 70: 2, 83: 2, 69: 1, 51: 2, 54: 3, 39: 5, 34: 4, 75: 2, 31: 14, 77: 1, 64: 3, 61: 1, 46: 4, 81: 2, 59: 1, 60: 4, 78: 3, 72: 1, 56: 1, 57: 1, 84: 1, 76: 1})
Burn In : acceptation/refusals by k : 0.0032
0.0032
measuring sampling gap...
considering eta 26563...
eta 26563 refused (d_eta=10 <= u=1), trying eta=53126, acf = 0.31325048950095963
considering eta 53126...
eta 53126 refused (d_eta=10 <= u=1), trying eta=106252, acf = 0.28328783980602146
considering eta 106252...
eta 106252 refused (d_eta=10 <= u=1), trying eta=212504, acf = 0.2819586078140198
considering eta 212504...
eta 212504 refused (d_eta=10 <= u=1), trying eta=425008, acf = 0.2376015502920376
considering eta 425008...
eta 425008 refused (d_eta=10 <= u=1), trying eta=850016, acf = 0.18487088379759214
considering eta 850016...
eta 850016 refused (d_eta=9 <= u=1), trying eta=1700032, acf = 0.1438926461654947
considering eta 1700032...
eta 1700032 refused (d_eta=6 <= u=1), trying eta=3400064, acf = 0.11076938577792805
considering eta 3400064...
eta 3400064 refused (d_eta=3 <= u=1), trying eta=6800128, acf = 0.054577519291025
considering eta 6800128...
eta 6800128 refused (d_eta=2 <= u=1), trying eta=13600256, acf = 0.04828023541088908
considering eta 13600256...
/home/morandeau/PKS_method/PKS_method/venv/lib/python3.13/site-packages/arch/unitroot/unitroot.py:774: PerformanceWarning: The value of max_lags was not specified and has been calculated as 231. Searching over a large lag length with a sample size of 13600256 is likely to be slow. Consider directly setting ``max_lags`` to a small value to avoid this performance issue.
  ic_best, best_lag = _df_select_lags(
/home/morandeau/PKS_method/PKS_method/venv/lib/python3.13/site-packages/arch/unitroot/unitroot.py:960: PerformanceWarning: The value of max_lags was not specified and has been calculated as 231. Searching over a large lag length with a sample size of 13600256 is likely to be slow. Consider directly setting ``max_lags`` to a small value to avoid this performance issue.
  _, bestlag = _df_select_lags(
  0% (0 of 50) |                         | Elapsed Time: 0:00:00 ETA:  --:--:--
  2% (1 of 50) |                         | Elapsed Time: 0:05:04 ETA:   4:08:48
  4% (2 of 50) |#                        | Elapsed Time: 0:10:01 ETA:   4:00:32
  6% (3 of 50) |#                        | Elapsed Time: 0:14:59 ETA:   3:54:53
  8% (4 of 50) |##                       | Elapsed Time: 0:20:14 ETA:   3:52:51
 10% (5 of 50) |##                       | Elapsed Time: 0:25:12 ETA:   3:46:51
 12% (6 of 50) |###                      | Elapsed Time: 0:30:12 ETA:   3:41:34
 14% (7 of 50) |###                      | Elapsed Time: 0:35:07 ETA:   3:35:44
 16% (8 of 50) |####                     | Elapsed Time: 0:40:10 ETA:   3:30:53
 18% (9 of 50) |####                     | Elapsed Time: 0:45:04 ETA:   3:25:20
 20% (10 of 50) |####                    | Elapsed Time: 0:50:04 ETA:   3:20:16
 22% (11 of 50) |#####                   | Elapsed Time: 0:54:58 ETA:   3:14:54
 24% (12 of 50) |#####                   | Elapsed Time: 0:59:57 ETA:   3:09:51
 26% (13 of 50) |######                  | Elapsed Time: 1:04:51 ETA:   3:04:36
 28% (14 of 50) |######                  | Elapsed Time: 1:09:50 ETA:   2:59:36
 30% (15 of 50) |#######                 | Elapsed Time: 1:14:46 ETA:   2:54:29
 32% (16 of 50) |#######                 | Elapsed Time: 1:19:42 ETA:   2:49:22
 34% (17 of 50) |########                | Elapsed Time: 1:24:36 ETA:   2:44:14
 36% (18 of 50) |########                | Elapsed Time: 1:29:46 ETA:   2:39:35
 38% (19 of 50) |#########               | Elapsed Time: 1:34:48 ETA:   2:34:41
 40% (20 of 50) |#########               | Elapsed Time: 1:39:45 ETA:   2:29:38
 42% (21 of 50) |##########              | Elapsed Time: 1:44:50 ETA:   2:24:46
 44% (22 of 50) |##########              | Elapsed Time: 1:49:47 ETA:   2:19:44
 46% (23 of 50) |###########             | Elapsed Time: 1:54:48 ETA:   2:14:46
 48% (24 of 50) |###########             | Elapsed Time: 1:59:50 ETA:   2:09:50
 50% (25 of 50) |############            | Elapsed Time: 2:04:46 ETA:   2:04:46
 52% (26 of 50) |############            | Elapsed Time: 2:09:43 ETA:   1:59:44
 54% (27 of 50) |############            | Elapsed Time: 2:14:40 ETA:   1:54:43
 56% (28 of 50) |#############           | Elapsed Time: 2:19:35 ETA:   1:49:41
 58% (29 of 50) |#############           | Elapsed Time: 2:24:48 ETA:   1:44:51
 60% (30 of 50) |##############          | Elapsed Time: 2:29:47 ETA:   1:39:51
 62% (31 of 50) |##############          | Elapsed Time: 2:34:56 ETA:   1:34:57
 64% (32 of 50) |###############         | Elapsed Time: 2:39:53 ETA:   1:29:56
 66% (33 of 50) |###############         | Elapsed Time: 2:44:57 ETA:   1:24:58
 68% (34 of 50) |################        | Elapsed Time: 2:49:54 ETA:   1:19:57
 70% (35 of 50) |################        | Elapsed Time: 2:54:49 ETA:   1:14:55
 72% (36 of 50) |#################       | Elapsed Time: 2:59:45 ETA:   1:09:54
 74% (37 of 50) |#################       | Elapsed Time: 3:04:43 ETA:   1:04:54
 76% (38 of 50) |##################      | Elapsed Time: 3:09:40 ETA:   0:59:53
 78% (39 of 50) |##################      | Elapsed Time: 3:14:39 ETA:   0:54:54
 80% (40 of 50) |###################     | Elapsed Time: 3:19:37 ETA:   0:49:54
 82% (41 of 50) |###################     | Elapsed Time: 3:24:38 ETA:   0:44:55
 84% (42 of 50) |####################    | Elapsed Time: 3:29:38 ETA:   0:39:55
 86% (43 of 50) |####################    | Elapsed Time: 3:34:37 ETA:   0:34:56
 88% (44 of 50) |#####################   | Elapsed Time: 3:39:38 ETA:   0:29:57
 90% (45 of 50) |#####################   | Elapsed Time: 3:44:38 ETA:   0:24:57
 92% (46 of 50) |######################  | Elapsed Time: 3:49:39 ETA:   0:19:58
 94% (47 of 50) |######################  | Elapsed Time: 3:54:51 ETA:   0:14:59
 96% (48 of 50) |####################### | Elapsed Time: 3:59:50 ETA:   0:09:59
 98% (49 of 50) |####################### | Elapsed Time: 4:04:53 ETA:   0:04:59
100% (50 of 50) |########################| Elapsed Time: 4:09:49 Time:  4:09:49
eta 13600256 accepted (d_eta=0 <= u=1)
running markov chain and checking convergence...
test statistic : -43.59047876050261,
 Markov chain is stationnary if test statistic < -2.5678194415555464
Convergence : acceptation by k
(2: 41819), (3: 496), (4: 20), (5: 1), 
Convergence : refusal by k
(2: 8374241), (4: 1052283), (25: 4297), (3: 2493903), (5: 538569), (6: 311622), (14: 24673), (10: 67552), (8: 130589), (20: 8560), (7: 196248), (9: 92777), (29: 2822), (13: 30739), (19: 9768), (16: 16284), (42: 883), (11: 50327), (24: 4934), (59: 359), (15: 19969), (28: 3035), (17: 13743), (40: 1044), (18: 11638), (12: 38980), (31: 2226), (32: 1981), (23: 5508), (21: 7165), (27: 3401), (43: 828), (35: 1569), (33: 1968), (22: 6459), (34: 1643), (68: 218), (36: 1398), (52: 493), (47: 686), (56: 445), (30: 2547), (46: 679), (26: 3804), (37: 1356), (83: 119), (69: 232), (38: 1186), (50: 528), (55: 410), (82: 118), (77: 159), (58: 352), (71: 189), (70: 199), (65: 242), (74: 148), (48: 651), (61: 308), (49: 575), (51: 508), (80: 131), (64: 232), (44: 781), (67: 218), (57: 367), (39: 1131), (79: 132), (54: 450), (75: 154), (45: 753), (78: 156), (41: 1005), (76: 166), (63: 232), (53: 443), (66: 264), (72: 185), (60: 300), (62: 271), (73: 173), (81: 137), (84: 102), 
eta estimation took 597188.9087045193 seconds
convergence took 945.1966445446014 seconds
Writing 50 graph samples...
