Reading graph...
Initializing markov chain
Starting Markov Chain convergence...
eta estimation parameters: N_swap 37000, C 10, T 500, u 1, alpha 0.04
burn in...
defaultdict(<class 'int'>, {2: 971, 3: 69, 4: 7, 5: 1})
defaultdict(<class 'int'>, {2: 21925, 3: 6811, 9: 265, 5: 1437, 4: 2871, 6: 843, 12: 100, 25: 9, 16: 47, 15: 63, 7: 519, 20: 19, 8: 348, 10: 182, 22: 20, 11: 124, 28: 8, 19: 32, 23: 20, 14: 62, 36: 5, 13: 74, 17: 41, 30: 6, 31: 5, 34: 3, 18: 28, 21: 27, 29: 9, 24: 17, 35: 4, 26: 14, 27: 6, 33: 6, 32: 2})
Burn In : acceptation/refusals by k : 0.028324324324324326
0.028324324324324326
measuring sampling gap...
considering eta 1307...
eta 1307 refused (d_eta=2 <= u=1), trying eta=2614, acf = 0.03868196718997843
considering eta 2614...
eta 2614 refused (d_eta=2 <= u=1), trying eta=5228, acf = 0.06022461648100745
considering eta 5228...
eta 5228 refused (d_eta=2 <= u=1), trying eta=10456, acf = -0.004047447717139496
considering eta 10456...
eta 10456 accepted (d_eta=0 <= u=1)
running markov chain and checking convergence...
test statistic : -3.3796143545420354,
 Markov chain is stationnary if test statistic < -2.56978254768846
Convergence : acceptation by k
(2: 265), (5: 1), (3: 7), (4: 3), (6: 1), 
Convergence : refusal by k
(2: 6190), (4: 828), (3: 1923), (9: 65), (8: 93), (5: 406), (7: 163), (6: 240), (12: 32), (11: 34), (10: 58), (14: 24), (15: 15), (13: 21), (18: 7), (16: 16), (21: 2), (28: 2), (17: 14), (34: 2), (32: 2), (25: 4), (36: 1), (19: 10), (24: 6), (27: 4), (29: 1), (35: 2), (26: 2), (20: 4), (22: 3), (31: 1), (33: 2), (30: 2), 
eta estimation took 658.5150618553162 seconds
convergence took 0.4100368022918701 seconds
Writing 50 graph samples...
  0% (0 of 50) |                         | Elapsed Time: 0:00:00 ETA:  --:--:--
  2% (1 of 50) |                         | Elapsed Time: 0:00:00 ETA:   0:00:12
  4% (2 of 50) |#                        | Elapsed Time: 0:00:00 ETA:   0:00:11
  6% (3 of 50) |#                        | Elapsed Time: 0:00:00 ETA:   0:00:11
  8% (4 of 50) |##                       | Elapsed Time: 0:00:00 ETA:   0:00:11
 10% (5 of 50) |##                       | Elapsed Time: 0:00:01 ETA:   0:00:11
 12% (6 of 50) |###                      | Elapsed Time: 0:00:01 ETA:   0:00:10
 14% (7 of 50) |###                      | Elapsed Time: 0:00:01 ETA:   0:00:10
 16% (8 of 50) |####                     | Elapsed Time: 0:00:01 ETA:   0:00:10
 18% (9 of 50) |####                     | Elapsed Time: 0:00:02 ETA:   0:00:10
 20% (10 of 50) |####                    | Elapsed Time: 0:00:02 ETA:   0:00:09
 22% (11 of 50) |#####                   | Elapsed Time: 0:00:02 ETA:   0:00:09
 24% (12 of 50) |#####                   | Elapsed Time: 0:00:02 ETA:   0:00:09
 26% (13 of 50) |######                  | Elapsed Time: 0:00:03 ETA:   0:00:09
 28% (14 of 50) |######                  | Elapsed Time: 0:00:03 ETA:   0:00:08
 30% (15 of 50) |#######                 | Elapsed Time: 0:00:03 ETA:   0:00:08
 32% (16 of 50) |#######                 | Elapsed Time: 0:00:03 ETA:   0:00:08
 34% (17 of 50) |########                | Elapsed Time: 0:00:04 ETA:   0:00:08
 36% (18 of 50) |########                | Elapsed Time: 0:00:04 ETA:   0:00:07
 38% (19 of 50) |#########               | Elapsed Time: 0:00:04 ETA:   0:00:07
 40% (20 of 50) |#########               | Elapsed Time: 0:00:04 ETA:   0:00:07
 42% (21 of 50) |##########              | Elapsed Time: 0:00:05 ETA:   0:00:07
 44% (22 of 50) |##########              | Elapsed Time: 0:00:05 ETA:   0:00:06
 46% (23 of 50) |###########             | Elapsed Time: 0:00:05 ETA:   0:00:06
 48% (24 of 50) |###########             | Elapsed Time: 0:00:05 ETA:   0:00:06
 50% (25 of 50) |############            | Elapsed Time: 0:00:06 ETA:   0:00:06
 52% (26 of 50) |############            | Elapsed Time: 0:00:06 ETA:   0:00:05
 54% (27 of 50) |############            | Elapsed Time: 0:00:06 ETA:   0:00:05
 56% (28 of 50) |#############           | Elapsed Time: 0:00:06 ETA:   0:00:05
 58% (29 of 50) |#############           | Elapsed Time: 0:00:07 ETA:   0:00:05
 60% (30 of 50) |##############          | Elapsed Time: 0:00:07 ETA:   0:00:04
 62% (31 of 50) |##############          | Elapsed Time: 0:00:07 ETA:   0:00:04
 64% (32 of 50) |###############         | Elapsed Time: 0:00:07 ETA:   0:00:04
 66% (33 of 50) |###############         | Elapsed Time: 0:00:08 ETA:   0:00:04
 68% (34 of 50) |################        | Elapsed Time: 0:00:08 ETA:   0:00:04
 70% (35 of 50) |################        | Elapsed Time: 0:00:08 ETA:   0:00:03
 72% (36 of 50) |#################       | Elapsed Time: 0:00:09 ETA:   0:00:03
 74% (37 of 50) |#################       | Elapsed Time: 0:00:09 ETA:   0:00:03
 76% (38 of 50) |##################      | Elapsed Time: 0:00:09 ETA:   0:00:03
 78% (39 of 50) |##################      | Elapsed Time: 0:00:09 ETA:   0:00:02
 80% (40 of 50) |###################     | Elapsed Time: 0:00:10 ETA:   0:00:02
 82% (41 of 50) |###################     | Elapsed Time: 0:00:10 ETA:   0:00:02
 84% (42 of 50) |####################    | Elapsed Time: 0:00:10 ETA:   0:00:02
 86% (43 of 50) |####################    | Elapsed Time: 0:00:10 ETA:   0:00:01
 88% (44 of 50) |#####################   | Elapsed Time: 0:00:11 ETA:   0:00:01
 90% (45 of 50) |#####################   | Elapsed Time: 0:00:11 ETA:   0:00:01
 92% (46 of 50) |######################  | Elapsed Time: 0:00:11 ETA:   0:00:01
 94% (47 of 50) |######################  | Elapsed Time: 0:00:11 ETA:   0:00:00
 96% (48 of 50) |####################### | Elapsed Time: 0:00:12 ETA:   0:00:00
 98% (49 of 50) |####################### | Elapsed Time: 0:00:12 ETA:   0:00:00
100% (50 of 50) |########################| Elapsed Time: 0:00:12 Time:  0:00:12
