Reading graph...
Initializing markov chain
Starting Markov Chain convergence...
eta estimation parameters: N_swap 216000, C 10, T 500, u 1, alpha 0.04
burn in...
defaultdict(<class 'int'>, {2: 1366, 3: 9, 4: 1})
defaultdict(<class 'int'>, {5: 8669, 3: 39867, 2: 131837, 6: 4928, 21: 125, 8: 2051, 7: 3218, 4: 16651, 9: 1467, 46: 13, 17: 230, 122: 1, 16: 251, 11: 819, 13: 497, 14: 395, 12: 604, 18: 189, 10: 1094, 20: 139, 15: 311, 25: 77, 37: 24, 40: 18, 57: 4, 29: 51, 74: 5, 27: 56, 39: 21, 19: 158, 22: 88, 31: 25, 45: 9, 23: 86, 34: 29, 49: 15, 199: 1, 55: 9, 157: 1, 43: 15, 50: 8, 64: 2, 62: 3, 33: 35, 24: 73, 28: 41, 36: 30, 32: 32, 26: 68, 44: 8, 30: 36, 35: 26, 52: 7, 78: 3, 91: 6, 47: 12, 61: 4, 48: 9, 70: 3, 56: 6, 97: 1, 77: 2, 54: 10, 51: 14, 41: 12, 87: 3, 150: 1, 38: 16, 110: 2, 160: 1, 65: 3, 59: 4, 42: 14, 99: 1, 100: 3, 58: 3, 114: 2, 102: 2, 76: 2, 201: 1, 53: 6, 75: 1, 85: 2, 88: 1, 79: 1, 148: 1, 63: 2, 169: 1, 60: 3, 186: 1, 156: 1, 133: 1, 103: 1, 84: 1, 139: 1, 121: 1, 134: 4, 80: 2, 96: 1, 81: 4, 89: 2, 72: 2, 66: 2, 68: 2, 106: 1, 115: 1, 69: 1, 118: 1, 132: 1, 147: 1, 90: 3, 73: 2, 126: 1, 95: 1, 82: 1, 83: 1, 152: 1, 188: 1, 67: 2, 125: 1, 136: 2, 137: 1})
Burn In : acceptation/refusals by k : 0.00637037037037037
0.00637037037037037
measuring sampling gap...
considering eta 33907...
  0% (0 of 50) |                         | Elapsed Time: 0:00:00 ETA:  --:--:--
  2% (1 of 50) |                         | Elapsed Time: 0:00:00 ETA:   0:00:19
  4% (2 of 50) |#                        | Elapsed Time: 0:00:00 ETA:   0:00:19
  6% (3 of 50) |#                        | Elapsed Time: 0:00:01 ETA:   0:00:19
  8% (4 of 50) |##                       | Elapsed Time: 0:00:01 ETA:   0:00:19
 10% (5 of 50) |##                       | Elapsed Time: 0:00:02 ETA:   0:00:18
 12% (6 of 50) |###                      | Elapsed Time: 0:00:02 ETA:   0:00:18
 14% (7 of 50) |###                      | Elapsed Time: 0:00:02 ETA:   0:00:17
 16% (8 of 50) |####                     | Elapsed Time: 0:00:03 ETA:   0:00:17
 18% (9 of 50) |####                     | Elapsed Time: 0:00:03 ETA:   0:00:16
 20% (10 of 50) |####                    | Elapsed Time: 0:00:04 ETA:   0:00:16
 22% (11 of 50) |#####                   | Elapsed Time: 0:00:04 ETA:   0:00:16
 24% (12 of 50) |#####                   | Elapsed Time: 0:00:04 ETA:   0:00:15
 26% (13 of 50) |######                  | Elapsed Time: 0:00:05 ETA:   0:00:15
 28% (14 of 50) |######                  | Elapsed Time: 0:00:05 ETA:   0:00:14
 30% (15 of 50) |#######                 | Elapsed Time: 0:00:06 ETA:   0:00:14
 32% (16 of 50) |#######                 | Elapsed Time: 0:00:06 ETA:   0:00:14
 34% (17 of 50) |########                | Elapsed Time: 0:00:07 ETA:   0:00:13
 36% (18 of 50) |########                | Elapsed Time: 0:00:07 ETA:   0:00:13
 38% (19 of 50) |#########               | Elapsed Time: 0:00:07 ETA:   0:00:12
 40% (20 of 50) |#########               | Elapsed Time: 0:00:08 ETA:   0:00:12
 42% (21 of 50) |##########              | Elapsed Time: 0:00:08 ETA:   0:00:11
 44% (22 of 50) |##########              | Elapsed Time: 0:00:08 ETA:   0:00:11
 46% (23 of 50) |###########             | Elapsed Time: 0:00:09 ETA:   0:00:11
 48% (24 of 50) |###########             | Elapsed Time: 0:00:09 ETA:   0:00:10
 50% (25 of 50) |############            | Elapsed Time: 0:00:10 ETA:   0:00:10
 52% (26 of 50) |############            | Elapsed Time: 0:00:10 ETA:   0:00:09
 54% (27 of 50) |############            | Elapsed Time: 0:00:10 ETA:   0:00:09
 56% (28 of 50) |#############           | Elapsed Time: 0:00:11 ETA:   0:00:08
 58% (29 of 50) |#############           | Elapsed Time: 0:00:11 ETA:   0:00:08
 60% (30 of 50) |##############          | Elapsed Time: 0:00:12 ETA:   0:00:08
 62% (31 of 50) |##############          | Elapsed Time: 0:00:12 ETA:   0:00:07
 64% (32 of 50) |###############         | Elapsed Time: 0:00:12 ETA:   0:00:07
 66% (33 of 50) |###############         | Elapsed Time: 0:00:13 ETA:   0:00:06
 68% (34 of 50) |################        | Elapsed Time: 0:00:13 ETA:   0:00:06
 70% (35 of 50) |################        | Elapsed Time: 0:00:14 ETA:   0:00:06
 72% (36 of 50) |#################       | Elapsed Time: 0:00:14 ETA:   0:00:05
 74% (37 of 50) |#################       | Elapsed Time: 0:00:14 ETA:   0:00:05
 76% (38 of 50) |##################      | Elapsed Time: 0:00:15 ETA:   0:00:04
 78% (39 of 50) |##################      | Elapsed Time: 0:00:15 ETA:   0:00:04
 80% (40 of 50) |###################     | Elapsed Time: 0:00:16 ETA:   0:00:04
 82% (41 of 50) |###################     | Elapsed Time: 0:00:16 ETA:   0:00:03
 84% (42 of 50) |####################    | Elapsed Time: 0:00:16 ETA:   0:00:03
 86% (43 of 50) |####################    | Elapsed Time: 0:00:17 ETA:   0:00:02
 88% (44 of 50) |#####################   | Elapsed Time: 0:00:17 ETA:   0:00:02
 90% (45 of 50) |#####################   | Elapsed Time: 0:00:17 ETA:   0:00:01
 92% (46 of 50) |######################  | Elapsed Time: 0:00:18 ETA:   0:00:01
 94% (47 of 50) |######################  | Elapsed Time: 0:00:18 ETA:   0:00:01
 96% (48 of 50) |####################### | Elapsed Time: 0:00:19 ETA:   0:00:00
 98% (49 of 50) |####################### | Elapsed Time: 0:00:19 ETA:   0:00:00
100% (50 of 50) |########################| Elapsed Time: 0:00:19 Time:  0:00:19
eta 33907 accepted (d_eta=0 <= u=1)
trying eta=eta/2...
considering eta 16953...
eta 16953 accepted (d_eta=1 <= u=1)
trying eta=eta/2...
considering eta 8476...
eta 8476 refused (d_eta=5 <= u=1), using eta=16953. ACF at lag 1 was 0.084288.
running markov chain and checking convergence...
test statistic : -1.7978580035950862,
 Markov chain is stationnary if test statistic < -2.569029985584449
test statistic : -0.7257896814962026,
 Markov chain is stationnary if test statistic < -2.569029985584449
test statistic : -2.0614649364069346,
 Markov chain is stationnary if test statistic < -2.569029985584449
test statistic : -1.43073202596104,
 Markov chain is stationnary if test statistic < -2.569031344881389
test statistic : -0.4384940618508622,
 Markov chain is stationnary if test statistic < -2.5690317747666964
test statistic : -1.2523549577724336,
 Markov chain is stationnary if test statistic < -2.569029985584449
test statistic : -1.3077211076738016,
 Markov chain is stationnary if test statistic < -2.5690307006240425
test statistic : -1.7426829924056533,
 Markov chain is stationnary if test statistic < -2.569029985584449
test statistic : -1.7296575539088295,
 Markov chain is stationnary if test statistic < -2.5690303429988193
test statistic : -1.6009193616598378,
 Markov chain is stationnary if test statistic < -2.569029985584449
test statistic : -2.7013540885527263,
 Markov chain is stationnary if test statistic < -2.5690304145069898
Convergence : acceptation by k
(2: 1135), (3: 5), (4: 1), 
Convergence : refusal by k
(2: 114077), (32: 22), (3: 34501), (8: 1842), (5: 7375), (6: 4183), (4: 14344), (7: 2714), (9: 1236), (40: 17), (21: 113), (10: 952), (26: 52), (12: 530), (11: 706), (16: 246), (28: 47), (15: 293), (13: 391), (50: 7), (18: 155), (67: 4), (148: 2), (20: 102), (14: 316), (22: 84), (135: 2), (114: 1), (33: 25), (41: 13), (35: 18), (17: 190), (19: 110), (23: 66), (36: 22), (45: 10), (43: 17), (27: 52), (29: 35), (97: 2), (30: 35), (24: 63), (37: 20), (31: 33), (81: 3), (34: 24), (48: 6), (56: 2), (62: 2), (38: 18), (51: 7), (25: 65), (59: 9), (39: 10), (116: 1), (64: 3), (60: 6), (85: 1), (215: 1), (42: 13), (44: 8), (79: 1), (84: 3), (49: 8), (106: 2), (94: 1), (53: 10), (73: 4), (71: 1), (113: 1), (52: 6), (76: 2), (178: 1), (46: 6), (74: 1), (58: 4), (61: 3), (105: 2), (80: 2), (139: 1), (55: 5), (66: 1), (47: 3), (145: 1), (87: 1), (157: 1), (96: 2), (104: 1), (86: 1), (173: 2), (57: 8), (89: 1), (175: 1), (54: 6), (169: 1), (65: 2), (100: 2), (103: 3), (115: 1), (142: 1), (68: 3), (160: 2), (107: 2), (82: 3), (83: 2), (124: 1), (102: 1), (108: 1), (78: 1), (90: 1), (77: 1), (112: 1), (147: 1), (205: 1), (69: 1), (158: 1), (131: 1), (63: 1), (98: 2), (149: 1), (193: 1), (70: 1), (110: 2), (127: 1), (163: 1), (174: 1), 
eta estimation took 2015.3190972805023 seconds
convergence took 7.384051322937012 seconds
Writing 50 graph samples...
