Reading graph...
Initializing markov chain
Starting Markov Chain convergence...
eta estimation parameters: N_swap 107000, C 10, T 500, u 1, alpha 0.04
burn in...
defaultdict(<class 'int'>, {2: 930, 3: 22, 4: 1})
defaultdict(<class 'int'>, {3: 19620, 2: 65092, 10: 577, 7: 1583, 5: 4300, 4: 8344, 6: 2428, 8: 1037, 16: 115, 9: 735, 17: 118, 11: 362, 14: 191, 25: 39, 45: 5, 12: 310, 20: 70, 24: 43, 21: 53, 15: 142, 28: 27, 13: 244, 18: 95, 22: 47, 19: 70, 41: 7, 26: 31, 43: 6, 31: 25, 36: 12, 52: 3, 40: 10, 39: 13, 38: 14, 27: 22, 23: 41, 51: 8, 29: 20, 30: 19, 37: 9, 33: 14, 32: 17, 49: 8, 47: 5, 50: 4, 34: 13, 75: 1, 56: 3, 71: 4, 46: 1, 48: 9, 44: 10, 35: 9, 73: 6, 60: 3, 80: 3, 94: 1, 74: 2, 53: 3, 102: 2, 99: 2, 76: 1, 83: 2, 79: 2, 82: 2, 62: 3, 87: 1, 93: 1, 55: 1, 61: 4, 64: 2, 98: 3, 69: 2, 65: 1, 58: 2, 70: 3, 66: 1, 42: 3, 90: 1, 54: 1, 91: 1, 97: 1, 68: 1, 57: 1})
Burn In : acceptation/refusals by k : 0.008906542056074766
0.008906542056074766
measuring sampling gap...
considering eta 12014...
  0% (0 of 50) |                         | Elapsed Time: 0:00:00 ETA:  --:--:--
  2% (1 of 50) |                         | Elapsed Time: 0:00:01 ETA:   0:00:54
  4% (2 of 50) |#                        | Elapsed Time: 0:00:02 ETA:   0:00:53
  6% (3 of 50) |#                        | Elapsed Time: 0:00:03 ETA:   0:00:52
  8% (4 of 50) |##                       | Elapsed Time: 0:00:04 ETA:   0:00:51
 10% (5 of 50) |##                       | Elapsed Time: 0:00:05 ETA:   0:00:50
 12% (6 of 50) |###                      | Elapsed Time: 0:00:06 ETA:   0:00:49
 14% (7 of 50) |###                      | Elapsed Time: 0:00:07 ETA:   0:00:47
 16% (8 of 50) |####                     | Elapsed Time: 0:00:08 ETA:   0:00:46
 18% (9 of 50) |####                     | Elapsed Time: 0:00:10 ETA:   0:00:45
 20% (10 of 50) |####                    | Elapsed Time: 0:00:11 ETA:   0:00:44
 22% (11 of 50) |#####                   | Elapsed Time: 0:00:12 ETA:   0:00:43
 24% (12 of 50) |#####                   | Elapsed Time: 0:00:13 ETA:   0:00:42
 26% (13 of 50) |######                  | Elapsed Time: 0:00:14 ETA:   0:00:41
 28% (14 of 50) |######                  | Elapsed Time: 0:00:15 ETA:   0:00:40
 30% (15 of 50) |#######                 | Elapsed Time: 0:00:16 ETA:   0:00:38
 32% (16 of 50) |#######                 | Elapsed Time: 0:00:17 ETA:   0:00:37
 34% (17 of 50) |########                | Elapsed Time: 0:00:18 ETA:   0:00:36
 36% (18 of 50) |########                | Elapsed Time: 0:00:20 ETA:   0:00:35
 38% (19 of 50) |#########               | Elapsed Time: 0:00:21 ETA:   0:00:34
 40% (20 of 50) |#########               | Elapsed Time: 0:00:22 ETA:   0:00:33
 42% (21 of 50) |##########              | Elapsed Time: 0:00:23 ETA:   0:00:32
 44% (22 of 50) |##########              | Elapsed Time: 0:00:24 ETA:   0:00:31
 46% (23 of 50) |###########             | Elapsed Time: 0:00:25 ETA:   0:00:30
 48% (24 of 50) |###########             | Elapsed Time: 0:00:26 ETA:   0:00:28
 50% (25 of 50) |############            | Elapsed Time: 0:00:27 ETA:   0:00:27
 52% (26 of 50) |############            | Elapsed Time: 0:00:28 ETA:   0:00:26
 54% (27 of 50) |############            | Elapsed Time: 0:00:30 ETA:   0:00:25
 56% (28 of 50) |#############           | Elapsed Time: 0:00:31 ETA:   0:00:24
 58% (29 of 50) |#############           | Elapsed Time: 0:00:32 ETA:   0:00:23
 60% (30 of 50) |##############          | Elapsed Time: 0:00:33 ETA:   0:00:22
 62% (31 of 50) |##############          | Elapsed Time: 0:00:34 ETA:   0:00:21
 64% (32 of 50) |###############         | Elapsed Time: 0:00:35 ETA:   0:00:20
 66% (33 of 50) |###############         | Elapsed Time: 0:00:36 ETA:   0:00:18
 68% (34 of 50) |################        | Elapsed Time: 0:00:37 ETA:   0:00:17
 70% (35 of 50) |################        | Elapsed Time: 0:00:38 ETA:   0:00:16
 72% (36 of 50) |#################       | Elapsed Time: 0:00:40 ETA:   0:00:15
 74% (37 of 50) |#################       | Elapsed Time: 0:00:41 ETA:   0:00:14
 76% (38 of 50) |##################      | Elapsed Time: 0:00:42 ETA:   0:00:13
 78% (39 of 50) |##################      | Elapsed Time: 0:00:43 ETA:   0:00:12
 80% (40 of 50) |###################     | Elapsed Time: 0:00:44 ETA:   0:00:11
 82% (41 of 50) |###################     | Elapsed Time: 0:00:45 ETA:   0:00:10
 84% (42 of 50) |####################    | Elapsed Time: 0:00:46 ETA:   0:00:08
 86% (43 of 50) |####################    | Elapsed Time: 0:00:47 ETA:   0:00:07
 88% (44 of 50) |#####################   | Elapsed Time: 0:00:48 ETA:   0:00:06
 90% (45 of 50) |#####################   | Elapsed Time: 0:00:50 ETA:   0:00:05
 92% (46 of 50) |######################  | Elapsed Time: 0:00:51 ETA:   0:00:04
 94% (47 of 50) |######################  | Elapsed Time: 0:00:52 ETA:   0:00:03
 96% (48 of 50) |####################### | Elapsed Time: 0:00:53 ETA:   0:00:02
 98% (49 of 50) |####################### | Elapsed Time: 0:00:54 ETA:   0:00:01
100% (50 of 50) |########################| Elapsed Time: 0:00:55 Time:  0:00:55
eta 12014 refused (d_eta=7 <= u=1), trying eta=24028.
considering eta 24028...
eta 24028 refused (d_eta=2 <= u=1), trying eta=48056.
considering eta 48056...
eta 48056 accepted (d_eta=1 <= u=1)
running markov chain and checking convergence...
test statistic : -3.5628563348098896,
 Markov chain is stationnary if test statistic < -2.5682456427770406
Convergence : acceptation by k
(2: 397), (5: 1), (4: 1), (3: 8), 
Convergence : refusal by k
(2: 29250), (4: 3791), (25: 13), (12: 122), (3: 8743), (7: 671), (8: 478), (6: 1131), (5: 1934), (9: 326), (58: 5), (14: 93), (10: 249), (17: 50), (19: 29), (20: 35), (77: 1), (13: 101), (11: 179), (31: 10), (15: 73), (35: 8), (16: 57), (33: 5), (41: 7), (37: 8), (27: 13), (68: 1), (75: 1), (18: 42), (23: 24), (22: 28), (30: 11), (21: 24), (36: 5), (69: 2), (42: 2), (62: 2), (24: 16), (45: 3), (28: 9), (29: 8), (46: 3), (80: 1), (26: 13), (54: 3), (67: 2), (44: 4), (50: 2), (55: 1), (53: 5), (34: 2), (70: 1), (39: 5), (72: 1), (32: 8), (51: 4), (43: 6), (49: 2), (38: 3), (40: 4), (65: 1), (63: 2), (104: 1), (57: 1), (90: 2), (56: 1), (79: 1), (47: 1), (66: 2), (52: 1), (88: 1), (93: 1), (64: 1), (87: 1), (61: 1), (97: 1), 
eta estimation took 2021.0614852905273 seconds
convergence took 2.205045223236084 seconds
Writing 50 graph samples...
