Reading graph...
Initializing markov chain
Starting Markov Chain convergence...
eta estimation parameters: N_swap 243000, C 10, T 500, u 1, alpha 0.04
burn in...
defaultdict(<class 'int'>, {2: 879, 3: 21, 4: 1})
defaultdict(<class 'int'>, {3: 44062, 8: 2372, 4: 18722, 2: 149864, 6: 5466, 5: 9768, 25: 64, 7: 3567, 11: 891, 12: 700, 52: 6, 9: 1631, 35: 40, 13: 524, 10: 1195, 14: 437, 21: 119, 19: 173, 46: 11, 16: 306, 30: 46, 15: 352, 31: 44, 18: 207, 17: 235, 20: 158, 26: 70, 29: 43, 22: 134, 24: 94, 23: 106, 32: 35, 38: 20, 42: 21, 68: 6, 28: 48, 27: 70, 83: 5, 37: 30, 40: 23, 34: 39, 36: 30, 39: 18, 67: 2, 84: 5, 131: 2, 104: 4, 33: 30, 81: 1, 74: 9, 49: 13, 59: 6, 48: 6, 57: 14, 181: 3, 53: 12, 73: 4, 43: 18, 71: 4, 141: 1, 41: 17, 50: 10, 69: 6, 54: 5, 44: 13, 132: 1, 80: 4, 102: 2, 76: 5, 121: 1, 87: 1, 51: 14, 100: 3, 106: 1, 66: 7, 88: 2, 136: 1, 60: 4, 90: 1, 155: 1, 70: 4, 47: 8, 105: 2, 45: 15, 149: 1, 129: 1, 109: 1, 85: 2, 58: 7, 172: 1, 61: 6, 99: 3, 82: 3, 215: 1, 222: 1, 125: 1, 62: 3, 146: 1, 239: 1, 75: 1, 72: 1, 55: 2, 173: 1, 56: 3, 96: 2, 144: 1, 206: 2, 138: 2, 142: 1, 101: 2, 124: 1, 156: 1, 92: 1, 64: 3, 118: 1, 120: 1, 97: 2, 65: 3, 123: 1, 122: 1, 95: 2, 183: 1, 186: 1, 218: 1, 113: 1, 195: 1, 164: 1, 108: 1, 89: 1, 63: 1, 110: 1, 192: 1, 98: 1, 227: 1, 79: 1, 171: 1, 103: 1, 217: 1})
Burn In : acceptation/refusals by k : 0.0037078189300411525
0.0037078189300411525
measuring sampling gap...
considering eta 65538...
eta 65538 refused (d_eta=2 <= u=1), trying eta=131076, acf = 0.03686323856373418
considering eta 131076...
eta 131076 accepted (d_eta=0 <= u=1)
running markov chain and checking convergence...
test statistic : -2.7170747299875204,
 Markov chain is stationnary if test statistic < -2.567974757352538
Convergence : acceptation by k
(2: 894), (3: 18), (4: 2), 
Convergence : refusal by k
(2: 80144), (4: 10219), (7: 1770), (3: 23989), (5: 5227), (6: 2991), (8: 1304), (28: 38), (19: 105), (10: 617), (11: 455), (9: 929), (17: 153), (16: 151), (29: 22), (24: 49), (99: 1), (13: 326), (48: 10), (18: 114), (14: 255), (20: 77), (54: 9), (21: 62), (15: 179), (12: 369), (46: 11), (23: 57), (25: 46), (91: 1), (63: 4), (22: 61), (71: 3), (33: 19), (92: 1), (32: 19), (112: 2), (27: 31), (49: 7), (57: 5), (61: 2), (30: 15), (43: 7), (64: 5), (38: 14), (26: 33), (45: 11), (51: 7), (31: 24), (41: 11), (40: 13), (110: 1), (67: 2), (59: 4), (73: 5), (209: 1), (233: 1), (34: 17), (70: 3), (53: 5), (47: 7), (88: 1), (86: 3), (107: 1), (97: 1), (102: 1), (105: 1), (35: 12), (66: 1), (36: 17), (76: 2), (39: 10), (75: 2), (50: 7), (60: 2), (37: 11), (211: 1), (55: 6), (65: 3), (80: 1), (52: 4), (123: 2), (103: 1), (58: 3), (106: 1), (210: 1), (100: 1), (124: 3), (98: 1), (144: 1), (69: 1), (68: 2), (62: 3), (83: 1), (129: 1), (78: 4), (42: 6), (151: 2), (188: 1), (158: 1), (153: 1), (121: 1), (213: 1), (115: 1), (116: 1), (85: 3), (120: 1), (72: 1), (56: 1), (44: 1), (174: 1), (74: 1), (150: 1), (143: 1), (125: 1), (101: 1), (132: 1), 
eta estimation took 6312.601397037506 seconds
convergence took 4.294890403747559 seconds
Writing 50 graph samples...
  0% (0 of 50) |                         | Elapsed Time: 0:00:00 ETA:  --:--:--
  2% (1 of 50) |                         | Elapsed Time: 0:00:03 ETA:   0:03:07
  4% (2 of 50) |#                        | Elapsed Time: 0:00:08 ETA:   0:03:29
  6% (3 of 50) |#                        | Elapsed Time: 0:00:12 ETA:   0:03:16
  8% (4 of 50) |##                       | Elapsed Time: 0:00:16 ETA:   0:03:09
 10% (5 of 50) |##                       | Elapsed Time: 0:00:20 ETA:   0:03:02
 12% (6 of 50) |###                      | Elapsed Time: 0:00:24 ETA:   0:02:56
 14% (7 of 50) |###                      | Elapsed Time: 0:00:27 ETA:   0:02:51
 16% (8 of 50) |####                     | Elapsed Time: 0:00:31 ETA:   0:02:47
 18% (9 of 50) |####                     | Elapsed Time: 0:00:35 ETA:   0:02:42
 20% (10 of 50) |####                    | Elapsed Time: 0:00:39 ETA:   0:02:38
 22% (11 of 50) |#####                   | Elapsed Time: 0:00:43 ETA:   0:02:33
 24% (12 of 50) |#####                   | Elapsed Time: 0:00:47 ETA:   0:02:29
 26% (13 of 50) |######                  | Elapsed Time: 0:00:51 ETA:   0:02:25
 28% (14 of 50) |######                  | Elapsed Time: 0:00:54 ETA:   0:02:21
 30% (15 of 50) |#######                 | Elapsed Time: 0:00:58 ETA:   0:02:17
 32% (16 of 50) |#######                 | Elapsed Time: 0:01:02 ETA:   0:02:12
 34% (17 of 50) |########                | Elapsed Time: 0:01:06 ETA:   0:02:08
 36% (18 of 50) |########                | Elapsed Time: 0:01:10 ETA:   0:02:05
 38% (19 of 50) |#########               | Elapsed Time: 0:01:14 ETA:   0:02:01
 40% (20 of 50) |#########               | Elapsed Time: 0:01:18 ETA:   0:01:57
 42% (21 of 50) |##########              | Elapsed Time: 0:01:22 ETA:   0:01:53
 44% (22 of 50) |##########              | Elapsed Time: 0:01:26 ETA:   0:01:49
 46% (23 of 50) |###########             | Elapsed Time: 0:01:30 ETA:   0:01:45
 48% (24 of 50) |###########             | Elapsed Time: 0:01:33 ETA:   0:01:41
 50% (25 of 50) |############            | Elapsed Time: 0:01:37 ETA:   0:01:37
 52% (26 of 50) |############            | Elapsed Time: 0:01:41 ETA:   0:01:33
 54% (27 of 50) |############            | Elapsed Time: 0:01:45 ETA:   0:01:29
 56% (28 of 50) |#############           | Elapsed Time: 0:01:49 ETA:   0:01:25
 58% (29 of 50) |#############           | Elapsed Time: 0:01:53 ETA:   0:01:21
 60% (30 of 50) |##############          | Elapsed Time: 0:01:57 ETA:   0:01:18
 62% (31 of 50) |##############          | Elapsed Time: 0:02:00 ETA:   0:01:14
 64% (32 of 50) |###############         | Elapsed Time: 0:02:04 ETA:   0:01:10
 66% (33 of 50) |###############         | Elapsed Time: 0:02:08 ETA:   0:01:06
 68% (34 of 50) |################        | Elapsed Time: 0:02:12 ETA:   0:01:02
 70% (35 of 50) |################        | Elapsed Time: 0:02:16 ETA:   0:00:58
 72% (36 of 50) |#################       | Elapsed Time: 0:02:20 ETA:   0:00:54
 74% (37 of 50) |#################       | Elapsed Time: 0:02:24 ETA:   0:00:50
 76% (38 of 50) |##################      | Elapsed Time: 0:02:27 ETA:   0:00:46
 78% (39 of 50) |##################      | Elapsed Time: 0:02:31 ETA:   0:00:42
 80% (40 of 50) |###################     | Elapsed Time: 0:02:35 ETA:   0:00:38
 82% (41 of 50) |###################     | Elapsed Time: 0:02:39 ETA:   0:00:34
 84% (42 of 50) |####################    | Elapsed Time: 0:02:43 ETA:   0:00:31
 86% (43 of 50) |####################    | Elapsed Time: 0:02:47 ETA:   0:00:27
 88% (44 of 50) |#####################   | Elapsed Time: 0:02:50 ETA:   0:00:23
 90% (45 of 50) |#####################   | Elapsed Time: 0:02:54 ETA:   0:00:19
 92% (46 of 50) |######################  | Elapsed Time: 0:02:58 ETA:   0:00:15
 94% (47 of 50) |######################  | Elapsed Time: 0:03:02 ETA:   0:00:11
 96% (48 of 50) |####################### | Elapsed Time: 0:03:07 ETA:   0:00:07
 98% (49 of 50) |####################### | Elapsed Time: 0:03:14 ETA:   0:00:03
100% (50 of 50) |########################| Elapsed Time: 0:03:21 Time:  0:03:21
