Reading graph...
Initializing markov chain
Starting Markov Chain convergence...
eta estimation parameters: N_swap 17000, C 10, T 500, u 1, alpha 0.04
burn in...
defaultdict(<class 'int'>, {2: 1011, 3: 45, 4: 15, 6: 1, 5: 3, 7: 1})
defaultdict(<class 'int'>, {4: 1356, 2: 9522, 3: 3121, 6: 388, 7: 271, 14: 27, 5: 661, 10: 96, 12: 54, 9: 102, 13: 39, 11: 85, 8: 157, 15: 30, 16: 15})
Burn In : acceptation/refusals by k : 0.06329411764705882
0.06329411764705882
measuring sampling gap...
considering eta 269...
  0% (0 of 50) |                         | Elapsed Time: 0:00:00 ETA:  --:--:--
 32% (16 of 50) |#######                 | Elapsed Time: 0:00:00 ETA:   0:00:00
 64% (32 of 50) |###############         | Elapsed Time: 0:00:00 ETA:   0:00:00
 96% (48 of 50) |####################### | Elapsed Time: 0:00:00 ETA:   0:00:00
100% (50 of 50) |########################| Elapsed Time: 0:00:00 Time:  0:00:00
eta 269 accepted (d_eta=0 <= u=1)
trying eta=eta/2...
considering eta 134...
eta 134 accepted (d_eta=1 <= u=1)
trying eta=eta/2...
considering eta 67...
eta 67 refused (d_eta=8 <= u=1), using eta=134.
running markov chain and checking convergence...
test statistic : -1.202029673981111,
 Markov chain is stationnary if test statistic < -2.7128119077818678
Warning, dfgls doesn't have enough unique observations to compute.
test statistic : -2.5215496506569903,
 Markov chain is stationnary if test statistic < -2.7128119077818678
test statistic : -0.38816724805670966,
 Markov chain is stationnary if test statistic < -2.7128119077818678
test statistic : -1.2252379899230827,
 Markov chain is stationnary if test statistic < -2.7128119077818678
test statistic : -0.6106773909879994,
 Markov chain is stationnary if test statistic < -2.7128119077818678
test statistic : -1.0138171522861847,
 Markov chain is stationnary if test statistic < -2.7128119077818678
test statistic : -0.6083453390843216,
 Markov chain is stationnary if test statistic < -2.7138430819555053
test statistic : -3.9150142047793195,
 Markov chain is stationnary if test statistic < -2.7128119077818678
Convergence : acceptation by k
(2: 85), (3: 3), (4: 2), (5: 1), 
Convergence : refusal by k
(2: 678), (4: 98), (3: 216), (8: 13), (5: 42), (7: 16), (9: 9), (6: 21), (10: 6), (14: 3), (12: 5), (16: 1), (15: 3), (13: 2), (11: 2), 
eta estimation took 15.512627124786377 seconds
convergence took 0.12381339073181152 seconds
Writing 50 graph samples...
