Reading graph...
Initializing markov chain
Starting Markov Chain convergence...
eta estimation parameters: N_swap 133000, C 10, T 500, u 1, alpha 0.04
burn in...
defaultdict(<class 'int'>, {2: 2805, 3: 139, 4: 11, 5: 1})
defaultdict(<class 'int'>, {2: 79391, 3: 24340, 5: 5353, 4: 10137, 8: 1291, 7: 1870, 14: 232, 6: 3057, 9: 932, 12: 403, 25: 42, 18: 133, 44: 9, 15: 199, 49: 7, 11: 519, 10: 695, 17: 124, 19: 87, 20: 101, 13: 275, 16: 162, 54: 5, 22: 58, 23: 54, 64: 4, 21: 74, 65: 4, 43: 9, 38: 11, 28: 27, 27: 36, 32: 22, 34: 14, 48: 9, 60: 2, 26: 33, 31: 15, 29: 38, 33: 25, 70: 1, 50: 6, 30: 25, 35: 12, 53: 2, 116: 1, 40: 10, 61: 7, 51: 5, 37: 11, 36: 14, 46: 5, 24: 46, 56: 3, 57: 4, 74: 4, 105: 1, 39: 10, 99: 2, 96: 1, 92: 1, 63: 4, 68: 2, 45: 4, 47: 3, 69: 2, 41: 9, 52: 6, 42: 7, 103: 1, 88: 3, 75: 2, 67: 2, 62: 2, 94: 1, 66: 2, 111: 1, 113: 1, 120: 1, 104: 1, 78: 1, 55: 5, 73: 3, 121: 1, 89: 2, 81: 1, 101: 1, 90: 1, 77: 1, 72: 1, 102: 1, 109: 1, 79: 1})
Burn In : acceptation/refusals by k : 0.022225563909774437
0.022225563909774437
measuring sampling gap...
considering eta 5985...
eta 5985 refused (d_eta=10 <= u=1), trying eta=11970.
considering eta 11970...
eta 11970 refused (d_eta=10 <= u=1), trying eta=23940.
considering eta 23940...
eta 23940 refused (d_eta=10 <= u=1), trying eta=47880.
considering eta 47880...
eta 47880 refused (d_eta=10 <= u=1), trying eta=95760.
considering eta 95760...
/home/morandeau/PKS_method/PKS_method/venv/lib/python3.13/site-packages/joblib/externals/loky/backend/resource_tracker.py:359: UserWarning: resource_tracker: There appear to be 11 leaked semlock objects to clean up at shutdown
  warnings.warn(
/home/morandeau/PKS_method/PKS_method/venv/lib/python3.13/site-packages/joblib/externals/loky/backend/resource_tracker.py:359: UserWarning: resource_tracker: There appear to be 6 leaked folder objects to clean up at shutdown
  warnings.warn(
