Reading graph...
Initializing markov chain
Starting Markov Chain convergence...
eta estimation parameters: N_swap 406000, C 10, T 500, u 1, alpha 0.04
burn in...
defaultdict(<class 'int'>, {2: 1892, 3: 31, 5: 2, 4: 4})
defaultdict(<class 'int'>, {4: 30999, 2: 249524, 3: 74589, 9: 2692, 7: 5819, 5: 16053, 26: 128, 8: 3959, 22: 199, 6: 9263, 19: 286, 10: 2027, 11: 1537, 15: 620, 21: 223, 14: 762, 16: 519, 24: 136, 12: 1108, 37: 39, 13: 914, 18: 357, 28: 95, 23: 163, 45: 21, 40: 37, 35: 47, 29: 86, 25: 124, 17: 390, 34: 59, 36: 58, 195: 1, 41: 32, 20: 257, 57: 15, 43: 26, 31: 73, 82: 3, 30: 76, 65: 6, 47: 23, 33: 44, 83: 6, 66: 6, 73: 7, 76: 9, 50: 19, 88: 5, 38: 40, 52: 14, 161: 2, 107: 6, 49: 18, 68: 6, 78: 4, 27: 97, 39: 41, 62: 6, 44: 34, 46: 20, 64: 6, 53: 9, 48: 24, 55: 5, 159: 1, 32: 51, 100: 1, 160: 2, 42: 22, 84: 4, 213: 1, 60: 9, 80: 8, 87: 5, 63: 6, 51: 10, 191: 1, 119: 2, 61: 6, 164: 1, 56: 8, 172: 2, 273: 1, 69: 6, 133: 1, 173: 1, 74: 5, 54: 8, 198: 1, 67: 7, 103: 2, 86: 2, 89: 6, 135: 1, 72: 3, 96: 2, 115: 1, 145: 1, 141: 1, 355: 1, 362: 1, 58: 3, 144: 1, 94: 1, 110: 5, 101: 2, 158: 1, 81: 4, 285: 2, 199: 2, 59: 6, 137: 1, 93: 3, 98: 3, 143: 2, 128: 1, 193: 1, 71: 6, 77: 3, 111: 3, 171: 1, 259: 1, 126: 1, 227: 2, 85: 3, 140: 2, 138: 1, 79: 2, 70: 6, 90: 1, 142: 1, 105: 3, 129: 1, 124: 1, 136: 1, 114: 1, 216: 1, 276: 1, 91: 1, 95: 1, 108: 1, 174: 1, 106: 1, 75: 2, 169: 1, 290: 1, 154: 2, 92: 4, 240: 1, 147: 1, 220: 1, 179: 2, 102: 1, 267: 1, 196: 1, 250: 1, 134: 1, 226: 1, 219: 1})
Burn In : acceptation/refusals by k : 0.004751231527093596
0.004751231527093596
measuring sampling gap...
considering eta 85452...
eta 85452 refused (d_eta=10 <= u=1), trying eta=170904, acf = 0.11331201764169922
considering eta 170904...
eta 170904 refused (d_eta=8 <= u=1), trying eta=341808, acf = 0.11444234797097819
considering eta 341808...
eta 341808 refused (d_eta=6 <= u=1), trying eta=683616, acf = 0.0805382947811853
considering eta 683616...
eta 683616 refused (d_eta=5 <= u=1), trying eta=1367232, acf = 0.07602109290766051
considering eta 1367232...
/home/morandeau/PKS_method/PKS_method/venv/lib/python3.13/site-packages/arch/unitroot/unitroot.py:774: PerformanceWarning: The value of max_lags was not specified and has been calculated as 130. Searching over a large lag length with a sample size of 1367232 is likely to be slow. Consider directly setting ``max_lags`` to a small value to avoid this performance issue.
  ic_best, best_lag = _df_select_lags(
/home/morandeau/PKS_method/PKS_method/venv/lib/python3.13/site-packages/arch/unitroot/unitroot.py:960: PerformanceWarning: The value of max_lags was not specified and has been calculated as 130. Searching over a large lag length with a sample size of 1367232 is likely to be slow. Consider directly setting ``max_lags`` to a small value to avoid this performance issue.
  _, bestlag = _df_select_lags(
  0% (0 of 50) |                         | Elapsed Time: 0:00:00 ETA:  --:--:--
  2% (1 of 50) |                         | Elapsed Time: 0:00:29 ETA:   0:24:26
  4% (2 of 50) |#                        | Elapsed Time: 0:00:59 ETA:   0:23:57
  6% (3 of 50) |#                        | Elapsed Time: 0:01:29 ETA:   0:23:26
  8% (4 of 50) |##                       | Elapsed Time: 0:01:59 ETA:   0:22:57
 10% (5 of 50) |##                       | Elapsed Time: 0:02:29 ETA:   0:22:27
 12% (6 of 50) |###                      | Elapsed Time: 0:02:59 ETA:   0:21:57
 14% (7 of 50) |###                      | Elapsed Time: 0:03:29 ETA:   0:21:27
 16% (8 of 50) |####                     | Elapsed Time: 0:03:59 ETA:   0:20:57
 18% (9 of 50) |####                     | Elapsed Time: 0:04:29 ETA:   0:20:27
 20% (10 of 50) |####                    | Elapsed Time: 0:04:59 ETA:   0:19:57
 22% (11 of 50) |#####                   | Elapsed Time: 0:05:29 ETA:   0:19:27
 24% (12 of 50) |#####                   | Elapsed Time: 0:05:59 ETA:   0:18:57
 26% (13 of 50) |######                  | Elapsed Time: 0:06:29 ETA:   0:18:27
 28% (14 of 50) |######                  | Elapsed Time: 0:06:59 ETA:   0:17:57
 30% (15 of 50) |#######                 | Elapsed Time: 0:07:30 ETA:   0:17:30
 32% (16 of 50) |#######                 | Elapsed Time: 0:08:00 ETA:   0:17:00
 34% (17 of 50) |########                | Elapsed Time: 0:08:29 ETA:   0:16:29
 36% (18 of 50) |########                | Elapsed Time: 0:09:00 ETA:   0:16:00
 38% (19 of 50) |#########               | Elapsed Time: 0:09:30 ETA:   0:15:30
 40% (20 of 50) |#########               | Elapsed Time: 0:10:00 ETA:   0:15:01
 42% (21 of 50) |##########              | Elapsed Time: 0:10:30 ETA:   0:14:31
 44% (22 of 50) |##########              | Elapsed Time: 0:11:01 ETA:   0:14:02
 46% (23 of 50) |###########             | Elapsed Time: 0:11:33 ETA:   0:13:33
 48% (24 of 50) |###########             | Elapsed Time: 0:12:07 ETA:   0:13:08
 50% (25 of 50) |############            | Elapsed Time: 0:12:37 ETA:   0:12:37
 52% (26 of 50) |############            | Elapsed Time: 0:13:07 ETA:   0:12:06
 54% (27 of 50) |############            | Elapsed Time: 0:13:37 ETA:   0:11:36
 56% (28 of 50) |#############           | Elapsed Time: 0:14:07 ETA:   0:11:05
 58% (29 of 50) |#############           | Elapsed Time: 0:14:37 ETA:   0:10:35
 60% (30 of 50) |##############          | Elapsed Time: 0:15:07 ETA:   0:10:04
 62% (31 of 50) |##############          | Elapsed Time: 0:15:36 ETA:   0:09:34
 64% (32 of 50) |###############         | Elapsed Time: 0:16:07 ETA:   0:09:04
 66% (33 of 50) |###############         | Elapsed Time: 0:16:37 ETA:   0:08:33
 68% (34 of 50) |################        | Elapsed Time: 0:17:07 ETA:   0:08:03
 70% (35 of 50) |################        | Elapsed Time: 0:17:41 ETA:   0:07:35
 72% (36 of 50) |#################       | Elapsed Time: 0:18:12 ETA:   0:07:04
 74% (37 of 50) |#################       | Elapsed Time: 0:18:42 ETA:   0:06:34
 76% (38 of 50) |##################      | Elapsed Time: 0:19:14 ETA:   0:06:04
 78% (39 of 50) |##################      | Elapsed Time: 0:19:44 ETA:   0:05:34
 80% (40 of 50) |###################     | Elapsed Time: 0:20:14 ETA:   0:05:03
 82% (41 of 50) |###################     | Elapsed Time: 0:20:44 ETA:   0:04:33
 84% (42 of 50) |####################    | Elapsed Time: 0:21:15 ETA:   0:04:02
 86% (43 of 50) |####################    | Elapsed Time: 0:21:46 ETA:   0:03:32
 88% (44 of 50) |#####################   | Elapsed Time: 0:22:16 ETA:   0:03:02
 90% (45 of 50) |#####################   | Elapsed Time: 0:22:46 ETA:   0:02:31
 92% (46 of 50) |######################  | Elapsed Time: 0:23:16 ETA:   0:02:01
 94% (47 of 50) |######################  | Elapsed Time: 0:23:46 ETA:   0:01:31
 96% (48 of 50) |####################### | Elapsed Time: 0:24:16 ETA:   0:01:00
 98% (49 of 50) |####################### | Elapsed Time: 0:24:47 ETA:   0:00:30
100% (50 of 50) |########################| Elapsed Time: 0:25:17 Time:  0:25:17
eta 1367232 accepted (d_eta=1 <= u=1)
running markov chain and checking convergence...
test statistic : -8.048858094781226,
 Markov chain is stationnary if test statistic < -2.56783296579538
Convergence : acceptation by k
(2: 6438), (3: 112), (4: 13), (5: 3), 
Convergence : refusal by k
(2: 839073), (3: 250763), (4: 106080), (5: 53755), (6: 31190), (18: 1171), (22: 629), (17: 1341), (12: 3983), (29: 269), (10: 6885), (14: 2516), (8: 13255), (19: 1007), (7: 19652), (9: 9391), (15: 2052), (11: 5116), (20: 855), (48: 63), (16: 1593), (38: 114), (13: 3045), (88: 9), (24: 498), (36: 143), (33: 189), (37: 143), (30: 231), (51: 58), (23: 536), (67: 22), (21: 718), (63: 24), (27: 366), (57: 37), (34: 168), (41: 110), (47: 77), (40: 97), (79: 16), (25: 479), (289: 2), (35: 174), (44: 72), (26: 346), (42: 111), (125: 4), (28: 290), (43: 97), (169: 2), (115: 6), (70: 35), (100: 10), (32: 182), (96: 7), (54: 38), (64: 25), (39: 109), (102: 7), (60: 30), (171: 2), (59: 34), (69: 19), (112: 9), (76: 14), (50: 48), (31: 218), (53: 35), (119: 5), (261: 3), (73: 26), (99: 8), (65: 23), (143: 3), (52: 53), (118: 5), (61: 35), (146: 2), (90: 12), (56: 42), (124: 8), (62: 28), (87: 7), (105: 4), (46: 72), (71: 18), (249: 1), (75: 15), (89: 8), (91: 8), (122: 2), (68: 17), (108: 5), (84: 11), (161: 4), (49: 48), (77: 13), (200: 1), (313: 2), (72: 20), (45: 63), (334: 1), (177: 4), (286: 1), (78: 14), (152: 4), (366: 1), (106: 7), (131: 6), (86: 10), (117: 4), (166: 2), (55: 38), (74: 15), (66: 26), (58: 31), (127: 3), (168: 2), (81: 10), (133: 2), (326: 1), (328: 1), (107: 5), (314: 1), (116: 3), (158: 3), (134: 4), (238: 3), (192: 1), (104: 6), (144: 1), (101: 10), (140: 1), (111: 4), (246: 1), (85: 9), (164: 1), (80: 13), (128: 4), (240: 1), (137: 3), (379: 1), (103: 5), (136: 6), (163: 3), (153: 4), (121: 2), (264: 1), (147: 2), (172: 3), (237: 1), (156: 2), (216: 2), (252: 1), (260: 2), (97: 8), (280: 1), (113: 2), (211: 1), (346: 1), (93: 7), (306: 2), (222: 2), (92: 10), (120: 2), (83: 8), (98: 5), (94: 6), (95: 2), (298: 1), (150: 1), (129: 5), (82: 5), (204: 1), (157: 1), (160: 2), (170: 1), (138: 4), (203: 1), (142: 4), (205: 2), (132: 2), (159: 2), (190: 1), (183: 1), (141: 1), (123: 3), (126: 1), (173: 1), (110: 4), (130: 3), (176: 3), (182: 2), (155: 3), (324: 1), (114: 3), (201: 1), (355: 1), (145: 1), (282: 1), (279: 1), (187: 1), (165: 1), (179: 1), (247: 1), (212: 1), (199: 1), (214: 2), (227: 1), (213: 2), (400: 1), (193: 1), (276: 1), (329: 1), (233: 1), (278: 1), (348: 1), (178: 1), (139: 1), (195: 1), (149: 1), (337: 1), (207: 1), (343: 1), (303: 2), (241: 1), (224: 1), (271: 1), (372: 1), (288: 1), (151: 1), (234: 1), (248: 1), (162: 1), 
eta estimation took 60161.7422952652 seconds
convergence took 43.147982120513916 seconds
Writing 50 graph samples...
