Reading graph...
Initializing markov chain
Starting Markov Chain convergence...
eta estimation parameters: N_swap 107000, C 10, T 500, u 1, alpha 0.04
burn in...
defaultdict(<class 'int'>, {2: 397, 3: 6})
defaultdict(<class 'int'>, {2: 65810, 4: 8323, 3: 19564, 5: 4159, 21: 56, 8: 1070, 6: 2425, 10: 562, 9: 789, 14: 188, 11: 392, 7: 1579, 12: 302, 13: 244, 19: 73, 17: 99, 15: 166, 28: 22, 32: 22, 52: 8, 31: 12, 59: 5, 18: 95, 16: 128, 36: 12, 49: 8, 23: 42, 44: 9, 25: 39, 22: 48, 41: 2, 35: 6, 33: 15, 24: 43, 40: 6, 57: 4, 29: 17, 56: 3, 69: 3, 85: 1, 47: 7, 20: 46, 55: 6, 26: 24, 30: 18, 43: 5, 34: 13, 46: 4, 27: 32, 80: 1, 61: 2, 48: 7, 42: 4, 70: 1, 38: 11, 54: 5, 45: 8, 66: 2, 37: 8, 82: 2, 50: 6, 39: 5, 103: 1, 64: 1, 53: 5, 73: 2, 58: 1, 63: 3, 99: 1, 71: 1, 90: 2, 81: 1, 74: 1, 94: 1, 84: 1, 62: 1, 91: 1, 68: 1, 65: 1, 51: 1, 77: 1, 76: 1, 60: 1})
Burn In : acceptation/refusals by k : 0.0037663551401869158
0.0037663551401869158
measuring sampling gap...
considering eta 28410...
eta 28410 refused (d_eta=10 <= u=1), trying eta=56820, acf = 0.2616894762679284
considering eta 56820...
eta 56820 refused (d_eta=10 <= u=1), trying eta=113640, acf = 0.24153521400456554
considering eta 113640...
eta 113640 refused (d_eta=10 <= u=1), trying eta=227280, acf = 0.15395941719833245
considering eta 227280...
eta 227280 refused (d_eta=10 <= u=1), trying eta=454560, acf = 0.1220011724665705
considering eta 454560...
eta 454560 refused (d_eta=6 <= u=1), trying eta=909120, acf = 0.08071247912958737
considering eta 909120...
  0% (0 of 50) |                         | Elapsed Time: 0:00:00 ETA:  --:--:--
  2% (1 of 50) |                         | Elapsed Time: 0:00:18 ETA:   0:15:08
  4% (2 of 50) |#                        | Elapsed Time: 0:00:37 ETA:   0:14:50
  6% (3 of 50) |#                        | Elapsed Time: 0:00:55 ETA:   0:14:31
  8% (4 of 50) |##                       | Elapsed Time: 0:01:14 ETA:   0:14:12
 10% (5 of 50) |##                       | Elapsed Time: 0:01:32 ETA:   0:13:53
 12% (6 of 50) |###                      | Elapsed Time: 0:01:51 ETA:   0:13:34
 14% (7 of 50) |###                      | Elapsed Time: 0:02:09 ETA:   0:13:15
 16% (8 of 50) |####                     | Elapsed Time: 0:02:27 ETA:   0:12:56
 18% (9 of 50) |####                     | Elapsed Time: 0:02:46 ETA:   0:12:38
 20% (10 of 50) |####                    | Elapsed Time: 0:03:04 ETA:   0:12:19
 22% (11 of 50) |#####                   | Elapsed Time: 0:03:23 ETA:   0:12:00
 24% (12 of 50) |#####                   | Elapsed Time: 0:03:41 ETA:   0:11:42
 26% (13 of 50) |######                  | Elapsed Time: 0:04:00 ETA:   0:11:23
 28% (14 of 50) |######                  | Elapsed Time: 0:04:18 ETA:   0:11:04
 30% (15 of 50) |#######                 | Elapsed Time: 0:04:44 ETA:   0:11:02
 32% (16 of 50) |#######                 | Elapsed Time: 0:05:10 ETA:   0:10:59
 34% (17 of 50) |########                | Elapsed Time: 0:05:29 ETA:   0:10:38
 36% (18 of 50) |########                | Elapsed Time: 0:05:47 ETA:   0:10:18
 38% (19 of 50) |#########               | Elapsed Time: 0:06:06 ETA:   0:09:57
 40% (20 of 50) |#########               | Elapsed Time: 0:06:24 ETA:   0:09:37
 42% (21 of 50) |##########              | Elapsed Time: 0:06:43 ETA:   0:09:16
 44% (22 of 50) |##########              | Elapsed Time: 0:07:01 ETA:   0:08:56
 46% (23 of 50) |###########             | Elapsed Time: 0:07:20 ETA:   0:08:37
 48% (24 of 50) |###########             | Elapsed Time: 0:07:39 ETA:   0:08:17
 50% (25 of 50) |############            | Elapsed Time: 0:07:57 ETA:   0:07:57
 52% (26 of 50) |############            | Elapsed Time: 0:08:16 ETA:   0:07:38
 54% (27 of 50) |############            | Elapsed Time: 0:08:34 ETA:   0:07:18
 56% (28 of 50) |#############           | Elapsed Time: 0:08:53 ETA:   0:06:58
 58% (29 of 50) |#############           | Elapsed Time: 0:09:11 ETA:   0:06:39
 60% (30 of 50) |##############          | Elapsed Time: 0:09:30 ETA:   0:06:20
 62% (31 of 50) |##############          | Elapsed Time: 0:09:48 ETA:   0:06:00
 64% (32 of 50) |###############         | Elapsed Time: 0:10:07 ETA:   0:05:41
 66% (33 of 50) |###############         | Elapsed Time: 0:10:25 ETA:   0:05:22
 68% (34 of 50) |################        | Elapsed Time: 0:10:46 ETA:   0:05:04
 70% (35 of 50) |################        | Elapsed Time: 0:11:05 ETA:   0:04:45
 72% (36 of 50) |#################       | Elapsed Time: 0:11:23 ETA:   0:04:25
 74% (37 of 50) |#################       | Elapsed Time: 0:11:42 ETA:   0:04:06
 76% (38 of 50) |##################      | Elapsed Time: 0:12:01 ETA:   0:03:47
 78% (39 of 50) |##################      | Elapsed Time: 0:12:19 ETA:   0:03:28
 80% (40 of 50) |###################     | Elapsed Time: 0:12:38 ETA:   0:03:09
 82% (41 of 50) |###################     | Elapsed Time: 0:12:56 ETA:   0:02:50
 84% (42 of 50) |####################    | Elapsed Time: 0:13:15 ETA:   0:02:31
 86% (43 of 50) |####################    | Elapsed Time: 0:13:34 ETA:   0:02:12
 88% (44 of 50) |#####################   | Elapsed Time: 0:13:53 ETA:   0:01:53
 90% (45 of 50) |#####################   | Elapsed Time: 0:14:13 ETA:   0:01:34
 92% (46 of 50) |######################  | Elapsed Time: 0:14:33 ETA:   0:01:15
 94% (47 of 50) |######################  | Elapsed Time: 0:14:51 ETA:   0:00:56
 96% (48 of 50) |####################### | Elapsed Time: 0:15:10 ETA:   0:00:37
 98% (49 of 50) |####################### | Elapsed Time: 0:15:29 ETA:   0:00:18
100% (50 of 50) |########################| Elapsed Time: 0:15:47 Time:  0:15:47
eta 909120 accepted (d_eta=1 <= u=1)
running markov chain and checking convergence...
test statistic : -4.6150954035629015,
 Markov chain is stationnary if test statistic < -2.567840542622035
Convergence : acceptation by k
(2: 4527), (3: 75), (4: 6), 
Convergence : refusal by k
(2: 557589), (3: 166985), (5: 36324), (9: 6125), (4: 70334), (6: 20462), (18: 760), (10: 4519), (7: 13092), (8: 8880), (13: 2041), (11: 3421), (12: 2578), (17: 859), (54: 31), (21: 501), (19: 626), (15: 1313), (20: 599), (27: 224), (16: 1101), (26: 256), (14: 1652), (28: 198), (42: 66), (25: 282), (24: 348), (22: 429), (68: 15), (65: 21), (59: 25), (89: 8), (40: 75), (32: 130), (53: 26), (37: 84), (49: 37), (31: 179), (30: 183), (58: 27), (95: 11), (38: 81), (23: 346), (47: 46), (56: 32), (60: 33), (29: 173), (33: 130), (39: 94), (48: 42), (55: 33), (97: 7), (34: 111), (63: 19), (36: 110), (35: 112), (96: 12), (67: 19), (85: 12), (41: 71), (66: 15), (87: 2), (51: 27), (94: 6), (78: 10), (44: 40), (98: 7), (80: 12), (43: 55), (71: 11), (50: 29), (92: 6), (45: 41), (72: 18), (46: 55), (105: 3), (61: 20), (69: 19), (64: 14), (73: 15), (100: 3), (84: 7), (88: 7), (57: 23), (52: 27), (74: 11), (62: 23), (83: 7), (75: 10), (103: 3), (81: 9), (104: 7), (102: 2), (70: 12), (93: 9), (79: 11), (86: 5), (77: 10), (106: 5), (82: 4), (90: 2), (91: 1), (76: 6), (99: 4), 
eta estimation took 38627.036443948746 seconds
convergence took 26.535534620285034 seconds
Writing 50 graph samples...
