Reading graph...
Initializing markov chain
Starting Markov Chain convergence...
eta estimation parameters: N_swap 113000, C 10, T 500, u 1, alpha 0.04
burn in...
defaultdict(<class 'int'>, {2: 898, 3: 30, 4: 1})
defaultdict(<class 'int'>, {11: 443, 5: 4516, 2: 68993, 4: 8663, 8: 1139, 3: 20665, 7: 1659, 6: 2574, 13: 272, 12: 324, 10: 562, 9: 747, 14: 196, 38: 8, 24: 57, 18: 107, 28: 27, 19: 78, 48: 3, 15: 146, 79: 1, 27: 30, 16: 157, 17: 119, 25: 44, 40: 9, 22: 57, 23: 47, 57: 5, 88: 1, 33: 11, 26: 28, 36: 16, 31: 15, 56: 2, 32: 18, 52: 6, 101: 2, 37: 16, 20: 60, 45: 9, 100: 1, 43: 2, 41: 7, 21: 58, 44: 5, 29: 12, 30: 17, 47: 8, 35: 18, 34: 8, 69: 4, 73: 5, 76: 4, 106: 2, 59: 1, 39: 9, 65: 1, 60: 3, 68: 4, 58: 4, 82: 1, 81: 4, 42: 8, 46: 4, 70: 2, 55: 1, 75: 2, 74: 2, 62: 4, 85: 2, 72: 2, 64: 3, 50: 7, 51: 4, 110: 1, 94: 1, 67: 3, 97: 1, 108: 1, 91: 1, 49: 5, 54: 1, 111: 1, 78: 1, 63: 2, 61: 2})
Burn In : acceptation/refusals by k : 0.008221238938053098
0.008221238938053098
measuring sampling gap...
considering eta 13745...
eta 13745 accepted (d_eta=1 <= u=1)
trying eta=eta/2...
considering eta 6872...
eta 6872 refused (d_eta=6 <= u=1), using eta=13745.
running markov chain and checking convergence...
test statistic : -1.9602466021668965,
 Markov chain is stationnary if test statistic < -2.569314559787091
test statistic : -1.7952352664086386,
 Markov chain is stationnary if test statistic < -2.5693127097969417
test statistic : -2.439602516117996,
 Markov chain is stationnary if test statistic < -2.569314777734091
test statistic : -1.3074371347275355,
 Markov chain is stationnary if test statistic < -2.5693172886946627
test statistic : -1.7099894085676215,
 Markov chain is stationnary if test statistic < -2.5693127097969417
test statistic : -3.082757161195125,
 Markov chain is stationnary if test statistic < -2.569312927205425
Convergence : acceptation by k
(2: 693), (3: 23), (4: 1), 
Convergence : refusal by k
(2: 50427), (7: 1114), (3: 15129), (4: 6335), (16: 104), (5: 3297), (8: 783), (6: 1865), (23: 41), (25: 22), (9: 588), (10: 396), (11: 295), (43: 5), (14: 150), (19: 60), (15: 125), (12: 257), (41: 7), (18: 76), (31: 7), (54: 4), (46: 5), (29: 12), (13: 187), (39: 4), (104: 2), (21: 44), (17: 73), (27: 27), (38: 10), (22: 48), (28: 22), (26: 25), (75: 1), (20: 48), (53: 5), (60: 3), (35: 11), (33: 7), (36: 5), (47: 3), (48: 2), (34: 6), (24: 28), (30: 8), (112: 2), (40: 4), (42: 4), (49: 4), (69: 2), (50: 5), (32: 7), (64: 2), (61: 2), (57: 3), (44: 4), (73: 1), (45: 5), (95: 1), (87: 1), (109: 1), (37: 4), (65: 3), (79: 2), (62: 3), (51: 3), (88: 1), (70: 1), (58: 2), (63: 1), (59: 1), (98: 1), (80: 1), (66: 1), (94: 1), (68: 1), (82: 1), (83: 1), (56: 2), (107: 1), (84: 1), 
eta estimation took 612.7178382873535 seconds
convergence took 3.02685809135437 seconds
Writing 50 graph samples...
  0% (0 of 50) |                         | Elapsed Time: 0:00:00 ETA:  --:--:--
  2% (1 of 50) |                         | Elapsed Time: 0:00:00 ETA:   0:00:14
  4% (2 of 50) |#                        | Elapsed Time: 0:00:00 ETA:   0:00:14
  6% (3 of 50) |#                        | Elapsed Time: 0:00:00 ETA:   0:00:13
  8% (4 of 50) |##                       | Elapsed Time: 0:00:01 ETA:   0:00:13
 10% (5 of 50) |##                       | Elapsed Time: 0:00:01 ETA:   0:00:13
 12% (6 of 50) |###                      | Elapsed Time: 0:00:01 ETA:   0:00:13
 14% (7 of 50) |###                      | Elapsed Time: 0:00:02 ETA:   0:00:12
 16% (8 of 50) |####                     | Elapsed Time: 0:00:02 ETA:   0:00:12
 18% (9 of 50) |####                     | Elapsed Time: 0:00:02 ETA:   0:00:12
 20% (10 of 50) |####                    | Elapsed Time: 0:00:02 ETA:   0:00:11
 22% (11 of 50) |#####                   | Elapsed Time: 0:00:03 ETA:   0:00:11
 24% (12 of 50) |#####                   | Elapsed Time: 0:00:03 ETA:   0:00:11
 26% (13 of 50) |######                  | Elapsed Time: 0:00:03 ETA:   0:00:10
 28% (14 of 50) |######                  | Elapsed Time: 0:00:04 ETA:   0:00:10
 30% (15 of 50) |#######                 | Elapsed Time: 0:00:04 ETA:   0:00:10
 32% (16 of 50) |#######                 | Elapsed Time: 0:00:04 ETA:   0:00:10
 34% (17 of 50) |########                | Elapsed Time: 0:00:05 ETA:   0:00:09
 36% (18 of 50) |########                | Elapsed Time: 0:00:05 ETA:   0:00:09
 38% (19 of 50) |#########               | Elapsed Time: 0:00:05 ETA:   0:00:09
 40% (20 of 50) |#########               | Elapsed Time: 0:00:05 ETA:   0:00:08
 42% (21 of 50) |##########              | Elapsed Time: 0:00:06 ETA:   0:00:08
 44% (22 of 50) |##########              | Elapsed Time: 0:00:06 ETA:   0:00:08
 46% (23 of 50) |###########             | Elapsed Time: 0:00:06 ETA:   0:00:07
 48% (24 of 50) |###########             | Elapsed Time: 0:00:07 ETA:   0:00:07
 50% (25 of 50) |############            | Elapsed Time: 0:00:07 ETA:   0:00:07
 52% (26 of 50) |############            | Elapsed Time: 0:00:07 ETA:   0:00:07
 54% (27 of 50) |############            | Elapsed Time: 0:00:07 ETA:   0:00:06
 56% (28 of 50) |#############           | Elapsed Time: 0:00:08 ETA:   0:00:06
 58% (29 of 50) |#############           | Elapsed Time: 0:00:08 ETA:   0:00:06
 60% (30 of 50) |##############          | Elapsed Time: 0:00:08 ETA:   0:00:05
 62% (31 of 50) |##############          | Elapsed Time: 0:00:09 ETA:   0:00:05
 64% (32 of 50) |###############         | Elapsed Time: 0:00:09 ETA:   0:00:05
 66% (33 of 50) |###############         | Elapsed Time: 0:00:09 ETA:   0:00:05
 68% (34 of 50) |################        | Elapsed Time: 0:00:10 ETA:   0:00:04
 70% (35 of 50) |################        | Elapsed Time: 0:00:10 ETA:   0:00:04
 72% (36 of 50) |#################       | Elapsed Time: 0:00:10 ETA:   0:00:04
 74% (37 of 50) |#################       | Elapsed Time: 0:00:10 ETA:   0:00:03
 76% (38 of 50) |##################      | Elapsed Time: 0:00:11 ETA:   0:00:03
 78% (39 of 50) |##################      | Elapsed Time: 0:00:11 ETA:   0:00:03
 80% (40 of 50) |###################     | Elapsed Time: 0:00:11 ETA:   0:00:02
 82% (41 of 50) |###################     | Elapsed Time: 0:00:12 ETA:   0:00:02
 84% (42 of 50) |####################    | Elapsed Time: 0:00:12 ETA:   0:00:02
 86% (43 of 50) |####################    | Elapsed Time: 0:00:12 ETA:   0:00:02
 88% (44 of 50) |#####################   | Elapsed Time: 0:00:12 ETA:   0:00:01
 90% (45 of 50) |#####################   | Elapsed Time: 0:00:13 ETA:   0:00:01
 92% (46 of 50) |######################  | Elapsed Time: 0:00:13 ETA:   0:00:01
 94% (47 of 50) |######################  | Elapsed Time: 0:00:13 ETA:   0:00:00
 96% (48 of 50) |####################### | Elapsed Time: 0:00:14 ETA:   0:00:00
 98% (49 of 50) |####################### | Elapsed Time: 0:00:14 ETA:   0:00:00
100% (50 of 50) |########################| Elapsed Time: 0:00:14 Time:  0:00:14
