Reading graph...
Initializing markov chain
Starting Markov Chain convergence...
eta estimation parameters: N_swap 105000, C 10, T 500, u 1, alpha 0.04
burn in...
defaultdict(<class 'int'>, {2: 22693, 7: 144, 3: 3489, 4: 1416, 5: 540, 9: 36, 11: 23, 6: 228, 10: 33, 8: 66, 14: 7, 13: 6, 15: 1, 12: 9, 23: 1, 16: 1})
defaultdict(<class 'int'>, {3: 15558, 2: 42328, 4: 6765, 5: 3598, 9: 689, 6: 2178, 18: 85, 11: 402, 15: 127, 8: 956, 10: 506, 13: 229, 12: 303, 22: 47, 33: 11, 7: 1447, 32: 14, 14: 181, 26: 29, 20: 68, 19: 73, 67: 4, 23: 50, 60: 5, 83: 1, 31: 17, 28: 24, 40: 5, 24: 32, 16: 132, 25: 21, 17: 105, 27: 26, 54: 4, 53: 3, 56: 3, 35: 10, 82: 2, 58: 6, 77: 2, 29: 27, 21: 52, 36: 11, 30: 25, 44: 6, 41: 4, 37: 11, 38: 14, 52: 3, 47: 5, 34: 14, 55: 3, 42: 7, 48: 8, 72: 1, 39: 8, 93: 1, 51: 6, 66: 3, 96: 2, 46: 6, 50: 3, 64: 2, 45: 5, 71: 2, 57: 1, 49: 1, 88: 1, 69: 1, 90: 1, 43: 9, 81: 1, 62: 2, 79: 1, 75: 1, 74: 2, 59: 1, 87: 2, 61: 1, 92: 1, 76: 1, 68: 1, 89: 2, 97: 1, 63: 1})
Burn In : acceptation/refusals by k : 0.27326666666666666
0.27326666666666666
measuring sampling gap...
considering eta 385...
  0% (0 of 50) |                         | Elapsed Time: 0:00:00 ETA:  --:--:--
  8% (4 of 50) |##                       | Elapsed Time: 0:00:00 ETA:   0:00:00
 16% (8 of 50) |####                     | Elapsed Time: 0:00:00 ETA:   0:00:00
 24% (12 of 50) |#####                   | Elapsed Time: 0:00:00 ETA:   0:00:00
 32% (16 of 50) |#######                 | Elapsed Time: 0:00:00 ETA:   0:00:00
 40% (20 of 50) |#########               | Elapsed Time: 0:00:00 ETA:   0:00:00
 48% (24 of 50) |###########             | Elapsed Time: 0:00:00 ETA:   0:00:00
 56% (28 of 50) |#############           | Elapsed Time: 0:00:00 ETA:   0:00:00
 64% (32 of 50) |###############         | Elapsed Time: 0:00:00 ETA:   0:00:00
 72% (36 of 50) |#################       | Elapsed Time: 0:00:00 ETA:   0:00:00
 80% (40 of 50) |###################     | Elapsed Time: 0:00:00 ETA:   0:00:00
 88% (44 of 50) |#####################   | Elapsed Time: 0:00:00 ETA:   0:00:00
 96% (48 of 50) |####################### | Elapsed Time: 0:00:00 ETA:   0:00:00
100% (50 of 50) |########################| Elapsed Time: 0:00:00 Time:  0:00:00
ACF stability...
eta 385 refused (d_eta=4 <= u=1), trying eta=577.5.
considering eta 577.5...
ACF stability...
eta 577.5 accepted (d_eta=0 <= u=1)
running markov chain and checking convergence...
test statistic : -1.6290948629453308,
 Markov chain is stationnary if test statistic < -2.6029666534402627
test statistic : -1.8333918791004182,
 Markov chain is stationnary if test statistic < -2.602906657793497
test statistic : -0.1399556811682051,
 Markov chain is stationnary if test statistic < -2.602906657793497
test statistic : -0.1644875116837688,
 Markov chain is stationnary if test statistic < -2.602906657793497
test statistic : -0.9136644649948245,
 Markov chain is stationnary if test statistic < -2.602906657793497
test statistic : -2.204015356878067,
 Markov chain is stationnary if test statistic < -2.602906657793497
test statistic : -2.8713082698836234,
 Markov chain is stationnary if test statistic < -2.60345410724333
Convergence : acceptation by k
(2: 846), (4: 57), (3: 137), (5: 21), (6: 9), (9: 1), (8: 1), (7: 5), 
Convergence : refusal by k
(2: 1671), (3: 593), (7: 73), (15: 6), (5: 134), (4: 259), (6: 63), (14: 5), (9: 28), (11: 23), (19: 3), (13: 10), (10: 17), (8: 45), (17: 2), (44: 1), (12: 4), (23: 4), (20: 3), (22: 3), (29: 1), (27: 3), (21: 4), (51: 2), (32: 1), (85: 1), (45: 1), (24: 1), (35: 2), (16: 4), (26: 2), 
eta estimation took 35.87975358963013 seconds
convergence took 0.19402313232421875 seconds
Writing 50 graph samples...
