Reading graph...
Initializing markov chain
Starting Markov Chain convergence...
eta estimation parameters: N_swap 105000, C 10, T 500, u 1, alpha 0.04
burn in...
defaultdict(<class 'int'>, {2: 5418, 3: 393, 4: 100, 5: 22, 6: 4, 7: 2, 8: 1, 9: 2})
defaultdict(<class 'int'>, {3: 19117, 2: 59443, 9: 694, 5: 4093, 6: 2384, 4: 8056, 7: 1478, 11: 394, 21: 57, 15: 150, 14: 186, 10: 526, 27: 27, 17: 103, 8: 996, 16: 117, 25: 33, 20: 62, 12: 269, 85: 2, 13: 257, 19: 74, 18: 87, 42: 5, 40: 10, 77: 2, 44: 6, 26: 27, 22: 48, 29: 18, 98: 1, 38: 9, 32: 21, 50: 3, 46: 4, 71: 4, 33: 16, 24: 32, 43: 7, 37: 7, 28: 22, 52: 2, 53: 6, 39: 11, 72: 1, 23: 38, 36: 11, 45: 7, 31: 17, 57: 3, 79: 2, 30: 18, 74: 2, 51: 3, 41: 7, 83: 1, 70: 1, 47: 4, 69: 3, 61: 2, 75: 1, 34: 11, 65: 2, 54: 2, 35: 16, 60: 3, 58: 5, 63: 4, 62: 2, 48: 2, 64: 2, 82: 1, 103: 1, 55: 3, 87: 2, 94: 2, 104: 1, 78: 2, 76: 1, 59: 1, 100: 1, 56: 2, 49: 2, 84: 1, 66: 1, 68: 1})
Burn In : acceptation/refusals by k : 0.05659047619047619
0.05659047619047619
measuring sampling gap...
considering eta 1856...
  0% (0 of 50) |                         | Elapsed Time: 0:00:00 ETA:  --:--:--
  2% (1 of 50) |                         | Elapsed Time: 0:00:01 ETA:   0:01:03
  4% (2 of 50) |#                        | Elapsed Time: 0:00:02 ETA:   0:01:02
  6% (3 of 50) |#                        | Elapsed Time: 0:00:03 ETA:   0:01:01
  8% (4 of 50) |##                       | Elapsed Time: 0:00:05 ETA:   0:00:59
 10% (5 of 50) |##                       | Elapsed Time: 0:00:06 ETA:   0:00:58
 12% (6 of 50) |###                      | Elapsed Time: 0:00:07 ETA:   0:00:57
 14% (7 of 50) |###                      | Elapsed Time: 0:00:09 ETA:   0:00:55
 16% (8 of 50) |####                     | Elapsed Time: 0:00:10 ETA:   0:00:54
 18% (9 of 50) |####                     | Elapsed Time: 0:00:11 ETA:   0:00:53
 20% (10 of 50) |####                    | Elapsed Time: 0:00:12 ETA:   0:00:51
 22% (11 of 50) |#####                   | Elapsed Time: 0:00:14 ETA:   0:00:50
 24% (12 of 50) |#####                   | Elapsed Time: 0:00:15 ETA:   0:00:49
 26% (13 of 50) |######                  | Elapsed Time: 0:00:16 ETA:   0:00:48
 28% (14 of 50) |######                  | Elapsed Time: 0:00:18 ETA:   0:00:46
 30% (15 of 50) |#######                 | Elapsed Time: 0:00:19 ETA:   0:00:45
 32% (16 of 50) |#######                 | Elapsed Time: 0:00:20 ETA:   0:00:44
 34% (17 of 50) |########                | Elapsed Time: 0:00:22 ETA:   0:00:42
 36% (18 of 50) |########                | Elapsed Time: 0:00:23 ETA:   0:00:41
 38% (19 of 50) |#########               | Elapsed Time: 0:00:24 ETA:   0:00:40
 40% (20 of 50) |#########               | Elapsed Time: 0:00:25 ETA:   0:00:38
 42% (21 of 50) |##########              | Elapsed Time: 0:00:27 ETA:   0:00:37
 44% (22 of 50) |##########              | Elapsed Time: 0:00:28 ETA:   0:00:36
 46% (23 of 50) |###########             | Elapsed Time: 0:00:29 ETA:   0:00:34
 48% (24 of 50) |###########             | Elapsed Time: 0:00:31 ETA:   0:00:33
 50% (25 of 50) |############            | Elapsed Time: 0:00:32 ETA:   0:00:32
 52% (26 of 50) |############            | Elapsed Time: 0:00:33 ETA:   0:00:31
 54% (27 of 50) |############            | Elapsed Time: 0:00:34 ETA:   0:00:29
 56% (28 of 50) |#############           | Elapsed Time: 0:00:36 ETA:   0:00:28
 58% (29 of 50) |#############           | Elapsed Time: 0:00:37 ETA:   0:00:27
 60% (30 of 50) |##############          | Elapsed Time: 0:00:38 ETA:   0:00:25
 62% (31 of 50) |##############          | Elapsed Time: 0:00:40 ETA:   0:00:24
 64% (32 of 50) |###############         | Elapsed Time: 0:00:41 ETA:   0:00:23
 66% (33 of 50) |###############         | Elapsed Time: 0:00:42 ETA:   0:00:21
 68% (34 of 50) |################        | Elapsed Time: 0:00:43 ETA:   0:00:20
 70% (35 of 50) |################        | Elapsed Time: 0:00:45 ETA:   0:00:19
 72% (36 of 50) |#################       | Elapsed Time: 0:00:46 ETA:   0:00:18
 74% (37 of 50) |#################       | Elapsed Time: 0:00:47 ETA:   0:00:16
 76% (38 of 50) |##################      | Elapsed Time: 0:00:49 ETA:   0:00:15
 78% (39 of 50) |##################      | Elapsed Time: 0:00:50 ETA:   0:00:14
 80% (40 of 50) |###################     | Elapsed Time: 0:00:51 ETA:   0:00:12
 82% (41 of 50) |###################     | Elapsed Time: 0:00:53 ETA:   0:00:11
 84% (42 of 50) |####################    | Elapsed Time: 0:00:54 ETA:   0:00:10
 86% (43 of 50) |####################    | Elapsed Time: 0:00:55 ETA:   0:00:09
 88% (44 of 50) |#####################   | Elapsed Time: 0:00:56 ETA:   0:00:07
 90% (45 of 50) |#####################   | Elapsed Time: 0:00:58 ETA:   0:00:06
 92% (46 of 50) |######################  | Elapsed Time: 0:00:59 ETA:   0:00:05
 94% (47 of 50) |######################  | Elapsed Time: 0:01:00 ETA:   0:00:03
 96% (48 of 50) |####################### | Elapsed Time: 0:01:02 ETA:   0:00:02
 98% (49 of 50) |####################### | Elapsed Time: 0:01:03 ETA:   0:00:01
100% (50 of 50) |########################| Elapsed Time: 0:01:04 Time:  0:01:04
eta 1856 refused (d_eta=10 <= u=1), trying eta=3712, acf = 0.31858597134753447
considering eta 3712...
eta 3712 refused (d_eta=10 <= u=1), trying eta=7424, acf = 0.24067145785351868
considering eta 7424...
eta 7424 refused (d_eta=10 <= u=1), trying eta=14848, acf = 0.1821745484702111
considering eta 14848...
eta 14848 refused (d_eta=9 <= u=1), trying eta=29696, acf = 0.14886109338021927
considering eta 29696...
eta 29696 refused (d_eta=6 <= u=1), trying eta=59392, acf = 0.08412908438673064
considering eta 59392...
eta 59392 accepted (d_eta=0 <= u=1)
running markov chain and checking convergence...
test statistic : -7.174255627520387,
 Markov chain is stationnary if test statistic < -2.5681640288215166
Convergence : acceptation by k
(2: 2952), (3: 221), (4: 37), (5: 11), (6: 5), 
Convergence : refusal by k
(3: 10695), (2: 33809), (6: 1349), (5: 2323), (10: 299), (7: 852), (4: 4595), (9: 405), (12: 179), (20: 37), (18: 43), (27: 9), (23: 16), (8: 534), (19: 45), (29: 16), (15: 98), (13: 117), (55: 2), (54: 2), (14: 122), (85: 2), (16: 72), (17: 56), (43: 1), (11: 212), (38: 9), (79: 2), (21: 28), (62: 2), (60: 2), (53: 3), (26: 16), (22: 22), (76: 1), (35: 9), (41: 9), (30: 14), (24: 27), (42: 5), (39: 8), (47: 4), (36: 5), (49: 2), (34: 8), (40: 2), (56: 2), (33: 10), (25: 15), (31: 11), (28: 8), (59: 1), (52: 1), (58: 2), (50: 5), (75: 1), (32: 6), (67: 1), (45: 3), (94: 3), (74: 1), (78: 1), (89: 1), (87: 1), (61: 3), (44: 3), (77: 1), (37: 4), (46: 1), (64: 2), (81: 1), (93: 1), (69: 1), (51: 1), (83: 1), (63: 2), (86: 1), (90: 1), (71: 1), (97: 1), 
eta estimation took 2943.896837949753 seconds
convergence took 2.9244449138641357 seconds
Writing 50 graph samples...
