Reading graph...
Initializing markov chain
Starting Markov Chain convergence...
eta estimation parameters: N_swap 70000, C 10, T 500, u 1, alpha 0.04
burn in...
defaultdict(<class 'int'>, {2: 868, 3: 19, 4: 3})
defaultdict(<class 'int'>, {2: 42394, 3: 12913, 4: 5422, 18: 56, 7: 1046, 5: 2712, 6: 1577, 8: 728, 9: 476, 36: 5, 50: 2, 16: 84, 12: 205, 10: 344, 11: 271, 14: 147, 23: 28, 21: 42, 37: 6, 15: 101, 13: 155, 24: 21, 25: 20, 29: 9, 58: 1, 20: 40, 26: 17, 28: 12, 19: 39, 34: 10, 31: 11, 27: 16, 33: 9, 22: 33, 32: 8, 38: 1, 17: 65, 39: 4, 47: 3, 41: 7, 40: 5, 57: 3, 49: 2, 30: 11, 46: 3, 54: 4, 43: 3, 42: 3, 64: 2, 45: 1, 44: 5, 61: 1, 48: 4, 67: 1, 59: 1, 51: 2, 52: 5, 56: 2, 35: 6, 68: 3, 62: 2, 60: 1})
Burn In : acceptation/refusals by k : 0.012714285714285714
0.012714285714285714
measuring sampling gap...
considering eta 5506...
eta 5506 refused (d_eta=10 <= u=1), trying eta=11012, acf = 0.1846319396191418
considering eta 11012...
eta 11012 refused (d_eta=10 <= u=1), trying eta=22024, acf = 0.14396970447412394
considering eta 22024...
eta 22024 refused (d_eta=9 <= u=1), trying eta=44048, acf = 0.13864847475263312
considering eta 44048...
eta 44048 refused (d_eta=7 <= u=1), trying eta=88096, acf = 0.09671565299792476
considering eta 88096...
eta 88096 refused (d_eta=6 <= u=1), trying eta=176192, acf = 0.0854963393339929
considering eta 176192...
eta 176192 refused (d_eta=2 <= u=1), trying eta=352384, acf = -0.018125442508418153
considering eta 352384...
  0% (0 of 50) |                         | Elapsed Time: 0:00:00 ETA:  --:--:--
  2% (1 of 50) |                         | Elapsed Time: 0:00:07 ETA:   0:06:16
  4% (2 of 50) |#                        | Elapsed Time: 0:00:15 ETA:   0:06:09
  6% (3 of 50) |#                        | Elapsed Time: 0:00:23 ETA:   0:06:01
  8% (4 of 50) |##                       | Elapsed Time: 0:00:30 ETA:   0:05:52
 10% (5 of 50) |##                       | Elapsed Time: 0:00:38 ETA:   0:05:45
 12% (6 of 50) |###                      | Elapsed Time: 0:00:46 ETA:   0:05:37
 14% (7 of 50) |###                      | Elapsed Time: 0:00:53 ETA:   0:05:30
 16% (8 of 50) |####                     | Elapsed Time: 0:01:01 ETA:   0:05:22
 18% (9 of 50) |####                     | Elapsed Time: 0:01:09 ETA:   0:05:15
 20% (10 of 50) |####                    | Elapsed Time: 0:01:16 ETA:   0:05:07
 22% (11 of 50) |#####                   | Elapsed Time: 0:01:24 ETA:   0:04:59
 24% (12 of 50) |#####                   | Elapsed Time: 0:01:32 ETA:   0:04:52
 26% (13 of 50) |######                  | Elapsed Time: 0:01:43 ETA:   0:04:55
 28% (14 of 50) |######                  | Elapsed Time: 0:01:58 ETA:   0:05:03
 30% (15 of 50) |#######                 | Elapsed Time: 0:02:12 ETA:   0:05:09
 32% (16 of 50) |#######                 | Elapsed Time: 0:02:21 ETA:   0:05:00
 34% (17 of 50) |########                | Elapsed Time: 0:02:30 ETA:   0:04:51
 36% (18 of 50) |########                | Elapsed Time: 0:02:37 ETA:   0:04:40
 38% (19 of 50) |#########               | Elapsed Time: 0:02:45 ETA:   0:04:30
 40% (20 of 50) |#########               | Elapsed Time: 0:02:53 ETA:   0:04:20
 42% (21 of 50) |##########              | Elapsed Time: 0:03:03 ETA:   0:04:13
 44% (22 of 50) |##########              | Elapsed Time: 0:03:11 ETA:   0:04:03
 46% (23 of 50) |###########             | Elapsed Time: 0:03:18 ETA:   0:03:53
 48% (24 of 50) |###########             | Elapsed Time: 0:03:26 ETA:   0:03:43
 50% (25 of 50) |############            | Elapsed Time: 0:03:35 ETA:   0:03:35
 52% (26 of 50) |############            | Elapsed Time: 0:03:47 ETA:   0:03:29
 54% (27 of 50) |############            | Elapsed Time: 0:03:54 ETA:   0:03:20
 56% (28 of 50) |#############           | Elapsed Time: 0:04:02 ETA:   0:03:10
 58% (29 of 50) |#############           | Elapsed Time: 0:04:10 ETA:   0:03:01
 60% (30 of 50) |##############          | Elapsed Time: 0:04:18 ETA:   0:02:52
 62% (31 of 50) |##############          | Elapsed Time: 0:04:26 ETA:   0:02:43
 64% (32 of 50) |###############         | Elapsed Time: 0:04:33 ETA:   0:02:34
 66% (33 of 50) |###############         | Elapsed Time: 0:04:41 ETA:   0:02:25
 68% (34 of 50) |################        | Elapsed Time: 0:04:49 ETA:   0:02:16
 70% (35 of 50) |################        | Elapsed Time: 0:04:56 ETA:   0:02:07
 72% (36 of 50) |#################       | Elapsed Time: 0:05:04 ETA:   0:01:58
 74% (37 of 50) |#################       | Elapsed Time: 0:05:12 ETA:   0:01:49
 76% (38 of 50) |##################      | Elapsed Time: 0:05:19 ETA:   0:01:41
 78% (39 of 50) |##################      | Elapsed Time: 0:05:27 ETA:   0:01:32
 80% (40 of 50) |###################     | Elapsed Time: 0:05:35 ETA:   0:01:23
 82% (41 of 50) |###################     | Elapsed Time: 0:05:43 ETA:   0:01:15
 84% (42 of 50) |####################    | Elapsed Time: 0:05:51 ETA:   0:01:07
 86% (43 of 50) |####################    | Elapsed Time: 0:05:59 ETA:   0:00:58
 88% (44 of 50) |#####################   | Elapsed Time: 0:06:11 ETA:   0:00:50
 90% (45 of 50) |#####################   | Elapsed Time: 0:06:22 ETA:   0:00:42
 92% (46 of 50) |######################  | Elapsed Time: 0:06:30 ETA:   0:00:33
 94% (47 of 50) |######################  | Elapsed Time: 0:06:37 ETA:   0:00:25
 96% (48 of 50) |####################### | Elapsed Time: 0:06:45 ETA:   0:00:16
 98% (49 of 50) |####################### | Elapsed Time: 0:06:53 ETA:   0:00:08
100% (50 of 50) |########################| Elapsed Time: 0:07:00 Time:  0:07:00
eta 352384 accepted (d_eta=0 <= u=1)
running markov chain and checking convergence...
test statistic : -17.033792117141868,
 Markov chain is stationnary if test statistic < -2.5678762671520925
Convergence : acceptation by k
(2: 4012), (3: 116), (4: 11), (5: 2), (6: 1), 
Convergence : refusal by k
(2: 214472), (60: 7), (5: 13992), (4: 27191), (3: 64413), (6: 8007), (21: 176), (7: 5051), (17: 362), (10: 1793), (9: 2336), (8: 3453), (26: 100), (27: 77), (14: 632), (13: 818), (18: 283), (12: 998), (11: 1233), (22: 147), (19: 247), (40: 23), (20: 230), (24: 108), (39: 30), (25: 124), (28: 70), (15: 504), (38: 26), (16: 409), (53: 12), (23: 131), (61: 5), (33: 48), (44: 22), (31: 64), (34: 46), (43: 28), (30: 75), (32: 52), (55: 11), (35: 48), (63: 7), (29: 60), (37: 23), (51: 15), (46: 14), (36: 39), (41: 23), (45: 13), (62: 10), (50: 18), (59: 8), (57: 8), (47: 19), (56: 12), (66: 6), (48: 21), (52: 13), (42: 30), (65: 3), (67: 9), (64: 6), (68: 3), (54: 10), (58: 7), (49: 7), (69: 4), 
eta estimation took 16732.01433968544 seconds
convergence took 9.22861623764038 seconds
Writing 50 graph samples...
