Reading graph...
Initializing markov chain
Starting Markov Chain convergence...
eta estimation parameters: N_swap 164000, C 10, T 500, u 1, alpha 0.04
burn in...
defaultdict(<class 'int'>, {2: 9844, 3: 774, 5: 33, 4: 162, 9: 1, 6: 7, 8: 2})
defaultdict(<class 'int'>, {2: 91934, 3: 29043, 5: 6470, 27: 48, 4: 12501, 7: 2355, 10: 772, 13: 412, 6: 3710, 19: 130, 18: 126, 9: 1043, 8: 1601, 11: 638, 15: 254, 24: 65, 12: 477, 45: 13, 14: 267, 126: 1, 35: 21, 17: 165, 40: 13, 20: 101, 58: 3, 16: 201, 46: 7, 26: 42, 29: 47, 21: 86, 28: 38, 135: 1, 23: 54, 79: 1, 25: 54, 67: 7, 49: 9, 22: 88, 42: 17, 30: 26, 44: 10, 109: 1, 34: 25, 51: 5, 47: 6, 33: 29, 81: 4, 52: 6, 48: 7, 50: 8, 65: 6, 76: 1, 32: 17, 43: 11, 38: 16, 37: 16, 36: 23, 31: 32, 41: 13, 39: 12, 59: 7, 56: 2, 100: 1, 63: 1, 57: 1, 77: 2, 54: 3, 97: 1, 53: 3, 64: 5, 62: 4, 138: 1, 161: 1, 98: 2, 84: 1, 93: 3, 125: 1, 69: 3, 71: 1, 66: 5, 70: 1, 73: 1, 61: 4, 131: 1, 88: 2, 116: 1, 85: 2, 117: 2, 145: 1, 80: 3, 75: 1, 68: 2, 72: 2, 74: 1, 110: 1, 90: 1, 114: 1, 104: 1, 132: 1, 149: 2, 87: 2, 130: 1, 120: 1, 99: 1, 141: 1, 94: 1, 86: 1, 55: 1})
Burn In : acceptation/refusals by k : 0.0659939024390244
0.0659939024390244
measuring sampling gap...
considering eta 2486...
  0% (0 of 50) |                         | Elapsed Time: 0:00:00 ETA:  --:--:--
  2% (1 of 50) |                         | Elapsed Time: 0:00:00 ETA:   0:00:03
  4% (2 of 50) |#                        | Elapsed Time: 0:00:00 ETA:   0:00:03
  6% (3 of 50) |#                        | Elapsed Time: 0:00:00 ETA:   0:00:03
  8% (4 of 50) |##                       | Elapsed Time: 0:00:00 ETA:   0:00:03
 10% (5 of 50) |##                       | Elapsed Time: 0:00:00 ETA:   0:00:03
 12% (6 of 50) |###                      | Elapsed Time: 0:00:00 ETA:   0:00:03
 14% (7 of 50) |###                      | Elapsed Time: 0:00:00 ETA:   0:00:03
 16% (8 of 50) |####                     | Elapsed Time: 0:00:00 ETA:   0:00:03
 18% (9 of 50) |####                     | Elapsed Time: 0:00:00 ETA:   0:00:03
 20% (10 of 50) |####                    | Elapsed Time: 0:00:00 ETA:   0:00:03
 22% (11 of 50) |#####                   | Elapsed Time: 0:00:00 ETA:   0:00:03
 24% (12 of 50) |#####                   | Elapsed Time: 0:00:00 ETA:   0:00:03
 26% (13 of 50) |######                  | Elapsed Time: 0:00:01 ETA:   0:00:02
 28% (14 of 50) |######                  | Elapsed Time: 0:00:01 ETA:   0:00:02
 30% (15 of 50) |#######                 | Elapsed Time: 0:00:01 ETA:   0:00:02
 32% (16 of 50) |#######                 | Elapsed Time: 0:00:01 ETA:   0:00:02
 34% (17 of 50) |########                | Elapsed Time: 0:00:01 ETA:   0:00:02
 36% (18 of 50) |########                | Elapsed Time: 0:00:01 ETA:   0:00:02
 38% (19 of 50) |#########               | Elapsed Time: 0:00:01 ETA:   0:00:02
 40% (20 of 50) |#########               | Elapsed Time: 0:00:01 ETA:   0:00:02
 42% (21 of 50) |##########              | Elapsed Time: 0:00:01 ETA:   0:00:02
 44% (22 of 50) |##########              | Elapsed Time: 0:00:01 ETA:   0:00:02
 46% (23 of 50) |###########             | Elapsed Time: 0:00:01 ETA:   0:00:02
 48% (24 of 50) |###########             | Elapsed Time: 0:00:01 ETA:   0:00:02
 50% (25 of 50) |############            | Elapsed Time: 0:00:02 ETA:   0:00:02
 52% (26 of 50) |############            | Elapsed Time: 0:00:02 ETA:   0:00:01
 54% (27 of 50) |############            | Elapsed Time: 0:00:02 ETA:   0:00:01
 56% (28 of 50) |#############           | Elapsed Time: 0:00:02 ETA:   0:00:01
 58% (29 of 50) |#############           | Elapsed Time: 0:00:02 ETA:   0:00:01
 60% (30 of 50) |##############          | Elapsed Time: 0:00:02 ETA:   0:00:01
 62% (31 of 50) |##############          | Elapsed Time: 0:00:02 ETA:   0:00:01
 64% (32 of 50) |###############         | Elapsed Time: 0:00:02 ETA:   0:00:01
 66% (33 of 50) |###############         | Elapsed Time: 0:00:02 ETA:   0:00:01
 68% (34 of 50) |################        | Elapsed Time: 0:00:02 ETA:   0:00:01
 70% (35 of 50) |################        | Elapsed Time: 0:00:02 ETA:   0:00:01
 72% (36 of 50) |#################       | Elapsed Time: 0:00:02 ETA:   0:00:01
 74% (37 of 50) |#################       | Elapsed Time: 0:00:02 ETA:   0:00:01
 76% (38 of 50) |##################      | Elapsed Time: 0:00:03 ETA:   0:00:00
 78% (39 of 50) |##################      | Elapsed Time: 0:00:03 ETA:   0:00:00
 80% (40 of 50) |###################     | Elapsed Time: 0:00:03 ETA:   0:00:00
 82% (41 of 50) |###################     | Elapsed Time: 0:00:03 ETA:   0:00:00
 84% (42 of 50) |####################    | Elapsed Time: 0:00:03 ETA:   0:00:00
 86% (43 of 50) |####################    | Elapsed Time: 0:00:03 ETA:   0:00:00
 88% (44 of 50) |#####################   | Elapsed Time: 0:00:03 ETA:   0:00:00
 90% (45 of 50) |#####################   | Elapsed Time: 0:00:03 ETA:   0:00:00
 92% (46 of 50) |######################  | Elapsed Time: 0:00:03 ETA:   0:00:00
 94% (47 of 50) |######################  | Elapsed Time: 0:00:03 ETA:   0:00:00
 96% (48 of 50) |####################### | Elapsed Time: 0:00:03 ETA:   0:00:00
 98% (49 of 50) |####################### | Elapsed Time: 0:00:03 ETA:   0:00:00
100% (50 of 50) |########################| Elapsed Time: 0:00:04 Time:  0:00:04
ACF stability...
eta 2486 refused (d_eta=2 <= u=1), trying eta=3729.0.
considering eta 3729.0...
ACF stability...
eta 3729.0 accepted (d_eta=0 <= u=1)
running markov chain and checking convergence...
test statistic : -1.0265309278822963,
 Markov chain is stationnary if test statistic < -2.573319177920112
test statistic : -1.259226197953558,
 Markov chain is stationnary if test statistic < -2.573319177920112
test statistic : -0.19899392156660337,
 Markov chain is stationnary if test statistic < -2.573319177920112
test statistic : -1.073027639986847,
 Markov chain is stationnary if test statistic < -2.573319177920112
test statistic : -1.8249023643588398,
 Markov chain is stationnary if test statistic < -2.573323597913366
test statistic : -1.3153224290868801,
 Markov chain is stationnary if test statistic < -2.5733206504624504
test statistic : -0.9779787341081048,
 Markov chain is stationnary if test statistic < -2.5733250728232107
test statistic : -1.598358075228495,
 Markov chain is stationnary if test statistic < -2.573319177920112
test statistic : -1.1974658600347512,
 Markov chain is stationnary if test statistic < -2.573330980373323
test statistic : -1.195511717244891,
 Markov chain is stationnary if test statistic < -2.573319177920112
test statistic : -0.29336354616385496,
 Markov chain is stationnary if test statistic < -2.5733265485234926
test statistic : -1.3250646181409431,
 Markov chain is stationnary if test statistic < -2.573319177920112
test statistic : -1.2421358756013858,
 Markov chain is stationnary if test statistic < -2.573319177920112
test statistic : -2.061690789695767,
 Markov chain is stationnary if test statistic < -2.5733265485234926
test statistic : -2.0786414404196636,
 Markov chain is stationnary if test statistic < -2.573319177920112
test statistic : -1.399261076295028,
 Markov chain is stationnary if test statistic < -2.573319177920112
test statistic : -2.4233231814325578,
 Markov chain is stationnary if test statistic < -2.573319177920112
test statistic : -2.2856025370833675,
 Markov chain is stationnary if test statistic < -2.573319177920112
test statistic : -1.9455460631213526,
 Markov chain is stationnary if test statistic < -2.573322123793324
test statistic : -0.42841057842417685,
 Markov chain is stationnary if test statistic < -2.573319177920112
test statistic : -0.7719768611671365,
 Markov chain is stationnary if test statistic < -2.573319177920112
test statistic : -1.5312197860176473,
 Markov chain is stationnary if test statistic < -2.573319177920112
test statistic : -0.7846231390306294,
 Markov chain is stationnary if test statistic < -2.573319177920112
test statistic : -0.8434421643521592,
 Markov chain is stationnary if test statistic < -2.573319177920112
test statistic : -1.8697296087964097,
 Markov chain is stationnary if test statistic < -2.5733206504624504
test statistic : -0.8573909476412396,
 Markov chain is stationnary if test statistic < -2.573319177920112
test statistic : -2.1020710777894287,
 Markov chain is stationnary if test statistic < -2.573319177920112
test statistic : -1.8788923286389707,
 Markov chain is stationnary if test statistic < -2.573319177920112
test statistic : -2.0531777077116633,
 Markov chain is stationnary if test statistic < -2.573341349140544
test statistic : -3.3577777297921814,
 Markov chain is stationnary if test statistic < -2.573319177920112
Convergence : acceptation by k
(2: 6591), (3: 500), (4: 112), (5: 25), (6: 7), (7: 4), 
Convergence : refusal by k
(10: 499), (2: 62766), (4: 8460), (3: 20003), (5: 4404), (7: 1595), (6: 2563), (22: 52), (37: 13), (28: 21), (15: 168), (16: 126), (8: 1105), (25: 33), (9: 744), (19: 94), (12: 315), (13: 250), (20: 53), (11: 392), (30: 18), (24: 48), (23: 54), (79: 2), (29: 23), (14: 197), (61: 2), (26: 47), (17: 112), (57: 5), (18: 81), (102: 1), (21: 68), (49: 6), (41: 8), (43: 9), (32: 16), (48: 8), (109: 1), (38: 9), (40: 12), (44: 10), (27: 28), (46: 7), (31: 14), (60: 2), (67: 2), (105: 1), (56: 4), (42: 10), (54: 3), (52: 7), (36: 10), (100: 2), (33: 11), (47: 4), (110: 3), (39: 9), (159: 1), (58: 6), (124: 1), (73: 2), (78: 1), (103: 4), (82: 3), (83: 2), (34: 9), (45: 6), (151: 1), (98: 2), (53: 4), (35: 15), (76: 2), (71: 3), (117: 2), (51: 4), (153: 1), (158: 1), (136: 1), (85: 3), (94: 1), (134: 2), (62: 6), (65: 1), (55: 3), (84: 1), (63: 5), (89: 1), (91: 2), (68: 1), (70: 2), (95: 1), (50: 3), (114: 1), (149: 1), (59: 2), (104: 1), (80: 2), (81: 3), (88: 1), (118: 1), (113: 1), (64: 1), (135: 1), (106: 1), (101: 1), (133: 1), 
eta estimation took 138.61403846740723 seconds
convergence took 3.293165683746338 seconds
Writing 50 graph samples...
