Reading graph...
Initializing markov chain
Starting Markov Chain convergence...
eta estimation parameters: N_swap 142000, C 10, T 500, u 1, alpha 0.04
burn in...
defaultdict(<class 'int'>, {2: 15830, 3: 1633, 6: 45, 4: 506, 5: 140, 7: 17, 8: 3, 9: 4})
defaultdict(<class 'int'>, {2: 72378, 3: 24199, 7: 1958, 11: 531, 4: 10483, 5: 5475, 10: 717, 6: 3140, 15: 213, 19: 121, 8: 1388, 20: 93, 12: 448, 21: 81, 13: 291, 9: 967, 14: 263, 26: 39, 90: 1, 17: 138, 24: 56, 63: 2, 31: 17, 18: 117, 32: 23, 54: 3, 22: 49, 38: 15, 123: 1, 23: 50, 25: 45, 127: 2, 57: 1, 37: 12, 16: 157, 27: 32, 29: 26, 34: 21, 42: 5, 60: 4, 74: 1, 44: 10, 30: 14, 28: 29, 33: 24, 65: 4, 118: 1, 50: 5, 40: 9, 45: 9, 56: 4, 36: 16, 62: 5, 48: 5, 111: 2, 67: 1, 53: 4, 49: 6, 94: 4, 41: 7, 112: 1, 35: 14, 85: 3, 77: 2, 125: 1, 39: 9, 43: 8, 117: 1, 135: 1, 68: 4, 92: 3, 66: 3, 46: 5, 69: 5, 72: 2, 80: 1, 47: 3, 55: 5, 75: 1, 70: 1, 93: 1, 51: 4, 83: 2, 121: 1, 126: 1, 105: 1, 61: 1, 52: 2, 71: 2, 99: 1, 104: 1, 73: 2, 58: 1, 133: 1, 102: 1, 78: 1, 81: 1, 107: 1, 115: 1, 97: 1})
Burn In : acceptation/refusals by k : 0.12801408450704224
0.12801408450704224
measuring sampling gap...
considering eta 1110...
  0% (0 of 50) |                         | Elapsed Time: 0:00:00 ETA:  --:--:--
  4% (2 of 50) |#                        | Elapsed Time: 0:00:00 ETA:   0:00:01
  8% (4 of 50) |##                       | Elapsed Time: 0:00:00 ETA:   0:00:01
 12% (6 of 50) |###                      | Elapsed Time: 0:00:00 ETA:   0:00:01
 16% (8 of 50) |####                     | Elapsed Time: 0:00:00 ETA:   0:00:01
 20% (10 of 50) |####                    | Elapsed Time: 0:00:00 ETA:   0:00:01
 24% (12 of 50) |#####                   | Elapsed Time: 0:00:00 ETA:   0:00:01
 28% (14 of 50) |######                  | Elapsed Time: 0:00:00 ETA:   0:00:01
 32% (16 of 50) |#######                 | Elapsed Time: 0:00:00 ETA:   0:00:01
 36% (18 of 50) |########                | Elapsed Time: 0:00:00 ETA:   0:00:01
 40% (20 of 50) |#########               | Elapsed Time: 0:00:00 ETA:   0:00:01
 44% (22 of 50) |##########              | Elapsed Time: 0:00:00 ETA:   0:00:01
 48% (24 of 50) |###########             | Elapsed Time: 0:00:00 ETA:   0:00:00
 52% (26 of 50) |############            | Elapsed Time: 0:00:00 ETA:   0:00:00
 56% (28 of 50) |#############           | Elapsed Time: 0:00:01 ETA:   0:00:00
 60% (30 of 50) |##############          | Elapsed Time: 0:00:01 ETA:   0:00:00
 64% (32 of 50) |###############         | Elapsed Time: 0:00:01 ETA:   0:00:00
 68% (34 of 50) |################        | Elapsed Time: 0:00:01 ETA:   0:00:00
 72% (36 of 50) |#################       | Elapsed Time: 0:00:01 ETA:   0:00:00
 76% (38 of 50) |##################      | Elapsed Time: 0:00:01 ETA:   0:00:00
 80% (40 of 50) |###################     | Elapsed Time: 0:00:01 ETA:   0:00:00
 84% (42 of 50) |####################    | Elapsed Time: 0:00:01 ETA:   0:00:00
 88% (44 of 50) |#####################   | Elapsed Time: 0:00:01 ETA:   0:00:00
 92% (46 of 50) |######################  | Elapsed Time: 0:00:01 ETA:   0:00:00
 96% (48 of 50) |####################### | Elapsed Time: 0:00:01 ETA:   0:00:00
100% (50 of 50) |########################| Elapsed Time: 0:00:01 Time:  0:00:01
ACF stability...
eta 1110 refused (d_eta=2 <= u=1), trying eta=1665.0.
considering eta 1665.0...
ACF stability...
eta 1665.0 accepted (d_eta=0 <= u=1)
running markov chain and checking convergence...
test statistic : -1.6585086893302312,
 Markov chain is stationnary if test statistic < -2.5801066134554422
test statistic : -1.594954939572927,
 Markov chain is stationnary if test statistic < -2.5802028571726203
test statistic : -1.8190905057138256,
 Markov chain is stationnary if test statistic < -2.5801139636800854
test statistic : -0.8448342342512521,
 Markov chain is stationnary if test statistic < -2.5801139636800854
test statistic : -1.4156486517447329,
 Markov chain is stationnary if test statistic < -2.5801066134554422
test statistic : -2.9860234146896563,
 Markov chain is stationnary if test statistic < -2.5801066134554422
Convergence : acceptation by k
(2: 1098), (4: 37), (3: 112), (7: 2), (5: 10), (6: 3), 
Convergence : refusal by k
(3: 1684), (4: 787), (8: 107), (2: 5049), (5: 373), (14: 18), (6: 238), (9: 78), (7: 148), (11: 39), (23: 7), (13: 23), (10: 53), (21: 5), (15: 18), (40: 2), (22: 5), (32: 2), (28: 5), (12: 26), (29: 2), (19: 4), (72: 2), (24: 4), (17: 4), (27: 2), (18: 7), (16: 12), (20: 4), (39: 3), (125: 1), (33: 1), (38: 1), (83: 1), (25: 2), (49: 1), (34: 1), (37: 2), (44: 1), (54: 1), (59: 1), (50: 1), (47: 1), (36: 1), (63: 1), 
eta estimation took 66.96512031555176 seconds
convergence took 0.3514573574066162 seconds
Writing 50 graph samples...
