Reading graph...
Initializing markov chain
Starting Markov Chain convergence...
eta estimation parameters: N_swap 105000, C 10, T 500, u 1, alpha 0.04
burn in...
defaultdict(<class 'int'>, {2: 4164, 3: 203, 4: 36, 6: 1, 5: 6})
defaultdict(<class 'int'>, {2: 60871, 10: 513, 4: 7991, 3: 19087, 15: 159, 6: 2364, 7: 1498, 12: 286, 5: 4211, 8: 1008, 16: 128, 23: 38, 22: 59, 25: 27, 9: 708, 39: 9, 13: 217, 14: 195, 26: 37, 11: 389, 27: 40, 55: 7, 19: 72, 34: 14, 18: 95, 17: 125, 36: 10, 85: 2, 20: 74, 32: 14, 48: 6, 40: 7, 38: 10, 53: 5, 24: 40, 72: 4, 33: 13, 21: 43, 35: 9, 57: 4, 29: 22, 59: 1, 37: 11, 45: 5, 31: 20, 43: 5, 30: 22, 51: 4, 46: 7, 44: 9, 42: 7, 91: 3, 54: 4, 28: 20, 69: 3, 41: 7, 58: 1, 49: 4, 80: 2, 56: 3, 47: 5, 70: 4, 62: 3, 87: 1, 64: 3, 76: 1, 65: 3, 50: 2, 67: 1, 74: 2, 63: 3, 68: 3, 98: 2, 84: 1, 101: 1, 61: 2, 78: 1, 73: 1, 104: 1, 71: 1})
Burn In : acceptation/refusals by k : 0.042
0.042
measuring sampling gap...
considering eta 2500...
  0% (0 of 50) |                         | Elapsed Time: 0:00:00 ETA:  --:--:--
  2% (1 of 50) |                         | Elapsed Time: 0:00:00 ETA:   0:00:14
  4% (2 of 50) |#                        | Elapsed Time: 0:00:00 ETA:   0:00:14
  6% (3 of 50) |#                        | Elapsed Time: 0:00:00 ETA:   0:00:14
  8% (4 of 50) |##                       | Elapsed Time: 0:00:01 ETA:   0:00:13
 10% (5 of 50) |##                       | Elapsed Time: 0:00:01 ETA:   0:00:13
 12% (6 of 50) |###                      | Elapsed Time: 0:00:01 ETA:   0:00:13
 14% (7 of 50) |###                      | Elapsed Time: 0:00:02 ETA:   0:00:13
 16% (8 of 50) |####                     | Elapsed Time: 0:00:02 ETA:   0:00:12
 18% (9 of 50) |####                     | Elapsed Time: 0:00:02 ETA:   0:00:12
 20% (10 of 50) |####                    | Elapsed Time: 0:00:03 ETA:   0:00:12
 22% (11 of 50) |#####                   | Elapsed Time: 0:00:03 ETA:   0:00:11
 24% (12 of 50) |#####                   | Elapsed Time: 0:00:03 ETA:   0:00:11
 26% (13 of 50) |######                  | Elapsed Time: 0:00:03 ETA:   0:00:11
 28% (14 of 50) |######                  | Elapsed Time: 0:00:04 ETA:   0:00:10
 30% (15 of 50) |#######                 | Elapsed Time: 0:00:04 ETA:   0:00:10
 32% (16 of 50) |#######                 | Elapsed Time: 0:00:04 ETA:   0:00:10
 34% (17 of 50) |########                | Elapsed Time: 0:00:05 ETA:   0:00:10
 36% (18 of 50) |########                | Elapsed Time: 0:00:05 ETA:   0:00:09
 38% (19 of 50) |#########               | Elapsed Time: 0:00:05 ETA:   0:00:09
 40% (20 of 50) |#########               | Elapsed Time: 0:00:06 ETA:   0:00:09
 42% (21 of 50) |##########              | Elapsed Time: 0:00:06 ETA:   0:00:08
 44% (22 of 50) |##########              | Elapsed Time: 0:00:06 ETA:   0:00:08
 46% (23 of 50) |###########             | Elapsed Time: 0:00:06 ETA:   0:00:08
 48% (24 of 50) |###########             | Elapsed Time: 0:00:07 ETA:   0:00:07
 50% (25 of 50) |############            | Elapsed Time: 0:00:07 ETA:   0:00:07
 52% (26 of 50) |############            | Elapsed Time: 0:00:07 ETA:   0:00:07
 54% (27 of 50) |############            | Elapsed Time: 0:00:08 ETA:   0:00:06
 56% (28 of 50) |#############           | Elapsed Time: 0:00:08 ETA:   0:00:06
 58% (29 of 50) |#############           | Elapsed Time: 0:00:08 ETA:   0:00:06
 60% (30 of 50) |##############          | Elapsed Time: 0:00:09 ETA:   0:00:06
 62% (31 of 50) |##############          | Elapsed Time: 0:00:09 ETA:   0:00:05
 64% (32 of 50) |###############         | Elapsed Time: 0:00:09 ETA:   0:00:05
 66% (33 of 50) |###############         | Elapsed Time: 0:00:10 ETA:   0:00:05
 68% (34 of 50) |################        | Elapsed Time: 0:00:10 ETA:   0:00:04
 70% (35 of 50) |################        | Elapsed Time: 0:00:10 ETA:   0:00:04
 72% (36 of 50) |#################       | Elapsed Time: 0:00:10 ETA:   0:00:04
 74% (37 of 50) |#################       | Elapsed Time: 0:00:11 ETA:   0:00:03
 76% (38 of 50) |##################      | Elapsed Time: 0:00:11 ETA:   0:00:03
 78% (39 of 50) |##################      | Elapsed Time: 0:00:11 ETA:   0:00:03
 80% (40 of 50) |###################     | Elapsed Time: 0:00:12 ETA:   0:00:03
 82% (41 of 50) |###################     | Elapsed Time: 0:00:12 ETA:   0:00:02
 84% (42 of 50) |####################    | Elapsed Time: 0:00:12 ETA:   0:00:02
 86% (43 of 50) |####################    | Elapsed Time: 0:00:13 ETA:   0:00:02
 88% (44 of 50) |#####################   | Elapsed Time: 0:00:13 ETA:   0:00:01
 90% (45 of 50) |#####################   | Elapsed Time: 0:00:13 ETA:   0:00:01
 92% (46 of 50) |######################  | Elapsed Time: 0:00:13 ETA:   0:00:01
 94% (47 of 50) |######################  | Elapsed Time: 0:00:14 ETA:   0:00:00
 96% (48 of 50) |####################### | Elapsed Time: 0:00:14 ETA:   0:00:00
 98% (49 of 50) |####################### | Elapsed Time: 0:00:14 ETA:   0:00:00
100% (50 of 50) |########################| Elapsed Time: 0:00:15 Time:  0:00:15
ACF stability...
eta 2500 refused (d_eta=3 <= u=1), trying eta=3750.0.
considering eta 3750.0...
ACF stability...
eta 3750.0 refused (d_eta=4 <= u=1), trying eta=5625.0.
considering eta 5625.0...
ACF stability...
  ACF plateau check:
    window=[ 0.0558119   0.05868685 -0.00741988]
    mean=0.035693
    std=0.030508
    cv=0.854734 (threshold=0.1)
    slope=-0.031616
    relative_slope=1.036316 (threshold=1.0)
    stable=False
eta 5625.0 refused (d_eta=2 <= u=1), trying eta=8437.5.
considering eta 8437.5...
ACF stability...
  ACF plateau check:
    window=[ 0.05868685 -0.00741988  0.00228978]
    mean=0.017852
    std=0.029145
    cv=1.632581 (threshold=0.1)
    slope=-0.028199
    relative_slope=0.967518 (threshold=1.0)
    stable=False
eta 8437.5 accepted (d_eta=0 <= u=1)
running markov chain and checking convergence...
test statistic : -1.8743347714048582,
 Markov chain is stationnary if test statistic < -2.5702519594287785
test statistic : -1.2449451796104107,
 Markov chain is stationnary if test statistic < -2.5702519594287785
test statistic : -1.3345050478033187,
 Markov chain is stationnary if test statistic < -2.5702519594287785
test statistic : -2.9732588228570926,
 Markov chain is stationnary if test statistic < -2.570258026527288
Convergence : acceptation by k
(2: 1330), (3: 60), (4: 12), (5: 2), (6: 1), (7: 1), 
Convergence : refusal by k
(3: 6260), (2: 19434), (6: 758), (4: 2602), (5: 1382), (9: 200), (8: 322), (24: 11), (17: 36), (32: 4), (7: 500), (26: 17), (25: 9), (13: 69), (14: 64), (11: 110), (10: 155), (20: 26), (12: 85), (33: 7), (50: 2), (15: 35), (23: 18), (16: 45), (21: 13), (29: 9), (18: 27), (31: 5), (19: 27), (42: 6), (43: 4), (22: 13), (36: 2), (45: 3), (27: 8), (28: 7), (52: 3), (99: 1), (57: 2), (41: 4), (30: 5), (35: 6), (44: 3), (40: 7), (59: 4), (73: 1), (69: 3), (89: 1), (38: 4), (81: 1), (34: 2), (67: 1), (37: 2), (96: 1), (64: 2), (49: 2), (68: 2), (47: 1), (84: 1), (56: 1), (62: 1), (54: 2), (48: 1), (90: 1), (39: 1), (78: 1), (55: 1), (61: 1), (51: 1), (53: 1), 
eta estimation took 693.5378675460815 seconds
convergence took 1.5730528831481934 seconds
Writing 50 graph samples...
