Reading graph...
Initializing markov chain
Starting Markov Chain convergence...
eta estimation parameters: N_swap 95000, C 10, T 500, u 1, alpha 0.04
burn in...
defaultdict(<class 'int'>, {2: 14619, 3: 1848, 4: 612, 6: 68, 5: 187, 9: 5, 7: 38, 10: 7, 13: 1, 8: 10})
defaultdict(<class 'int'>, {2: 44227, 4: 6751, 5: 3556, 8: 969, 3: 15460, 6: 2114, 10: 481, 9: 624, 13: 215, 20: 56, 30: 20, 11: 334, 14: 199, 7: 1359, 64: 3, 23: 37, 15: 129, 28: 21, 21: 51, 33: 8, 27: 25, 19: 66, 24: 31, 17: 98, 12: 262, 31: 21, 32: 15, 67: 2, 16: 113, 22: 36, 18: 70, 26: 36, 25: 24, 43: 9, 49: 5, 44: 6, 36: 18, 69: 3, 38: 11, 45: 5, 90: 1, 46: 4, 51: 5, 62: 4, 74: 2, 37: 6, 40: 9, 29: 16, 63: 2, 50: 3, 42: 5, 84: 1, 35: 6, 55: 3, 52: 4, 88: 1, 72: 1, 53: 3, 76: 3, 39: 5, 58: 1, 47: 4, 41: 6, 34: 9, 56: 2, 57: 4, 59: 5, 94: 2, 91: 3, 73: 1, 75: 2, 82: 1, 65: 1, 78: 3, 61: 1, 48: 4, 54: 2})
Burn In : acceptation/refusals by k : 0.18310526315789474
0.18310526315789474
measuring sampling gap...
considering eta 519...
  0% (0 of 50) |                         | Elapsed Time: 0:00:00 ETA:  --:--:--
  8% (4 of 50) |##                       | Elapsed Time: 0:00:00 ETA:   0:00:00
 16% (8 of 50) |####                     | Elapsed Time: 0:00:00 ETA:   0:00:00
 24% (12 of 50) |#####                   | Elapsed Time: 0:00:00 ETA:   0:00:00
 34% (17 of 50) |########                | Elapsed Time: 0:00:00 ETA:   0:00:00
 44% (22 of 50) |##########              | Elapsed Time: 0:00:00 ETA:   0:00:00
 54% (27 of 50) |############            | Elapsed Time: 0:00:00 ETA:   0:00:00
 64% (32 of 50) |###############         | Elapsed Time: 0:00:00 ETA:   0:00:00
 72% (36 of 50) |#################       | Elapsed Time: 0:00:00 ETA:   0:00:00
 80% (40 of 50) |###################     | Elapsed Time: 0:00:00 ETA:   0:00:00
 88% (44 of 50) |#####################   | Elapsed Time: 0:00:00 ETA:   0:00:00
 98% (49 of 50) |####################### | Elapsed Time: 0:00:00 ETA:   0:00:00
100% (50 of 50) |########################| Elapsed Time: 0:00:00 Time:  0:00:00
ACF stability...
eta 519 accepted (d_eta=1 <= u=1)
running markov chain and checking convergence...
test statistic : -0.7688806207572785,
 Markov chain is stationnary if test statistic < -2.606836099641859
test statistic : -0.9351998701258889,
 Markov chain is stationnary if test statistic < -2.606836099641859
test statistic : -1.983450237485976,
 Markov chain is stationnary if test statistic < -2.606836099641859
test statistic : -1.6533736467192557,
 Markov chain is stationnary if test statistic < -2.606984782884337
test statistic : -0.8035179832742695,
 Markov chain is stationnary if test statistic < -2.6070595502681915
test statistic : -0.9549996115190259,
 Markov chain is stationnary if test statistic < -2.606836099641859
test statistic : -1.464312301049983,
 Markov chain is stationnary if test statistic < -2.6069102998820592
test statistic : -1.0513976808521037,
 Markov chain is stationnary if test statistic < -2.606836099641859
test statistic : -2.6004525138734507,
 Markov chain is stationnary if test statistic < -2.6070595502681915
test statistic : -1.0625401335883167,
 Markov chain is stationnary if test statistic < -2.606836099641859
test statistic : -0.47014649965075567,
 Markov chain is stationnary if test statistic < -2.606984782884337
test statistic : -0.3700901409122909,
 Markov chain is stationnary if test statistic < -2.6069102998820592
test statistic : -1.0226197880614158,
 Markov chain is stationnary if test statistic < -2.606836099641859
test statistic : -2.251309471032079,
 Markov chain is stationnary if test statistic < -2.606836099641859
test statistic : -0.8543195750107528,
 Markov chain is stationnary if test statistic < -2.606836099641859
test statistic : -2.1244691314298554,
 Markov chain is stationnary if test statistic < -2.6069102998820592
test statistic : -0.8942950096557518,
 Markov chain is stationnary if test statistic < -2.606836099641859
test statistic : -1.3248412604030884,
 Markov chain is stationnary if test statistic < -2.6070595502681915
test statistic : -2.3078509287717925,
 Markov chain is stationnary if test statistic < -2.606836099641859
test statistic : -1.0118839552197283,
 Markov chain is stationnary if test statistic < -2.606836099641859
test statistic : -1.330354529894182,
 Markov chain is stationnary if test statistic < -2.606836099641859
test statistic : -1.859514665448027,
 Markov chain is stationnary if test statistic < -2.606836099641859
test statistic : -2.8893529241557543,
 Markov chain is stationnary if test statistic < -2.606836099641859
Convergence : acceptation by k
(2: 1911), (3: 228), (4: 84), (7: 6), (5: 34), (6: 5), (9: 2), (11: 1), 
Convergence : refusal by k
(2: 5546), (4: 814), (9: 76), (3: 1940), (7: 161), (12: 35), (5: 412), (6: 267), (14: 20), (10: 62), (21: 9), (13: 20), (28: 2), (39: 2), (26: 7), (18: 7), (8: 122), (15: 19), (24: 5), (34: 1), (17: 18), (31: 3), (16: 14), (40: 3), (11: 37), (22: 5), (23: 7), (47: 4), (43: 2), (19: 10), (25: 6), (54: 1), (37: 1), (55: 2), (42: 3), (32: 3), (57: 1), (29: 2), (33: 3), (51: 1), (49: 1), (20: 3), (35: 3), (53: 2), (81: 1), (36: 1), (27: 1), (41: 1), 
eta estimation took 14.731187582015991 seconds
convergence took 0.4962317943572998 seconds
Writing 50 graph samples...
