Reading graph...
Initializing markov chain
Starting Markov Chain convergence...
eta estimation parameters: N_swap 233000, C 10, T 500, u 1, alpha 0.04
burn in...
defaultdict(<class 'int'>, {2: 1683, 3: 24, 4: 1})
defaultdict(<class 'int'>, {2: 142312, 3: 42801, 12: 709, 8: 2274, 5: 9159, 4: 18104, 18: 193, 9: 1548, 7: 3467, 15: 300, 6: 5300, 10: 1107, 27: 67, 26: 70, 16: 263, 17: 245, 13: 546, 21: 122, 14: 385, 29: 53, 11: 888, 22: 103, 35: 30, 25: 65, 39: 21, 48: 20, 58: 8, 79: 4, 53: 8, 34: 30, 19: 172, 31: 49, 40: 19, 20: 155, 145: 1, 61: 7, 23: 83, 24: 78, 33: 26, 28: 45, 32: 30, 30: 44, 74: 1, 59: 6, 36: 27, 156: 1, 37: 25, 117: 1, 38: 27, 51: 8, 44: 11, 67: 3, 56: 10, 42: 15, 47: 13, 119: 3, 106: 1, 46: 11, 151: 1, 87: 2, 55: 7, 66: 5, 76: 2, 41: 20, 129: 1, 173: 1, 54: 5, 68: 4, 49: 12, 180: 1, 75: 6, 60: 3, 64: 5, 45: 14, 81: 2, 50: 9, 88: 3, 89: 2, 52: 8, 82: 1, 99: 1, 121: 2, 95: 3, 69: 4, 62: 5, 71: 3, 107: 2, 118: 2, 85: 3, 98: 4, 105: 2, 182: 1, 43: 11, 73: 2, 86: 4, 130: 1, 63: 2, 140: 2, 93: 2, 80: 3, 222: 1, 158: 1, 148: 1, 70: 2, 112: 1, 77: 3, 65: 5, 120: 1, 122: 1, 111: 1, 90: 3, 84: 2, 179: 1, 135: 1, 162: 1, 78: 3, 219: 1, 92: 1, 97: 2, 113: 1, 178: 1, 143: 1, 192: 1, 109: 1, 83: 1, 190: 1, 94: 1, 127: 1, 57: 1, 168: 1, 115: 1, 110: 1})
Burn In : acceptation/refusals by k : 0.007330472103004292
0.007330472103004292
measuring sampling gap...
considering eta 31786...
  0% (0 of 50) |                         | Elapsed Time: 0:00:00 ETA:  --:--:--
  2% (1 of 50) |                         | Elapsed Time: 0:00:00 ETA:   0:00:35
  4% (2 of 50) |#                        | Elapsed Time: 0:00:01 ETA:   0:00:34
  6% (3 of 50) |#                        | Elapsed Time: 0:00:02 ETA:   0:00:33
  8% (4 of 50) |##                       | Elapsed Time: 0:00:02 ETA:   0:00:32
 10% (5 of 50) |##                       | Elapsed Time: 0:00:03 ETA:   0:00:31
 12% (6 of 50) |###                      | Elapsed Time: 0:00:04 ETA:   0:00:31
 14% (7 of 50) |###                      | Elapsed Time: 0:00:04 ETA:   0:00:30
 16% (8 of 50) |####                     | Elapsed Time: 0:00:05 ETA:   0:00:29
 18% (9 of 50) |####                     | Elapsed Time: 0:00:06 ETA:   0:00:29
 20% (10 of 50) |####                    | Elapsed Time: 0:00:07 ETA:   0:00:28
 22% (11 of 50) |#####                   | Elapsed Time: 0:00:07 ETA:   0:00:27
 24% (12 of 50) |#####                   | Elapsed Time: 0:00:08 ETA:   0:00:27
 26% (13 of 50) |######                  | Elapsed Time: 0:00:09 ETA:   0:00:26
 28% (14 of 50) |######                  | Elapsed Time: 0:00:09 ETA:   0:00:25
 30% (15 of 50) |#######                 | Elapsed Time: 0:00:10 ETA:   0:00:24
 32% (16 of 50) |#######                 | Elapsed Time: 0:00:11 ETA:   0:00:24
 34% (17 of 50) |########                | Elapsed Time: 0:00:12 ETA:   0:00:23
 36% (18 of 50) |########                | Elapsed Time: 0:00:12 ETA:   0:00:22
 38% (19 of 50) |#########               | Elapsed Time: 0:00:13 ETA:   0:00:22
 40% (20 of 50) |#########               | Elapsed Time: 0:00:14 ETA:   0:00:21
 42% (21 of 50) |##########              | Elapsed Time: 0:00:14 ETA:   0:00:20
 44% (22 of 50) |##########              | Elapsed Time: 0:00:15 ETA:   0:00:19
 46% (23 of 50) |###########             | Elapsed Time: 0:00:16 ETA:   0:00:19
 48% (24 of 50) |###########             | Elapsed Time: 0:00:17 ETA:   0:00:18
 50% (25 of 50) |############            | Elapsed Time: 0:00:17 ETA:   0:00:17
 52% (26 of 50) |############            | Elapsed Time: 0:00:18 ETA:   0:00:17
 54% (27 of 50) |############            | Elapsed Time: 0:00:19 ETA:   0:00:16
 56% (28 of 50) |#############           | Elapsed Time: 0:00:19 ETA:   0:00:15
 58% (29 of 50) |#############           | Elapsed Time: 0:00:20 ETA:   0:00:14
 60% (30 of 50) |##############          | Elapsed Time: 0:00:21 ETA:   0:00:14
 62% (31 of 50) |##############          | Elapsed Time: 0:00:22 ETA:   0:00:13
 64% (32 of 50) |###############         | Elapsed Time: 0:00:22 ETA:   0:00:12
 66% (33 of 50) |###############         | Elapsed Time: 0:00:23 ETA:   0:00:12
 68% (34 of 50) |################        | Elapsed Time: 0:00:24 ETA:   0:00:11
 70% (35 of 50) |################        | Elapsed Time: 0:00:24 ETA:   0:00:10
 72% (36 of 50) |#################       | Elapsed Time: 0:00:25 ETA:   0:00:09
 74% (37 of 50) |#################       | Elapsed Time: 0:00:26 ETA:   0:00:09
 76% (38 of 50) |##################      | Elapsed Time: 0:00:27 ETA:   0:00:08
 78% (39 of 50) |##################      | Elapsed Time: 0:00:27 ETA:   0:00:07
 80% (40 of 50) |###################     | Elapsed Time: 0:00:28 ETA:   0:00:07
 82% (41 of 50) |###################     | Elapsed Time: 0:00:29 ETA:   0:00:06
 84% (42 of 50) |####################    | Elapsed Time: 0:00:29 ETA:   0:00:05
 86% (43 of 50) |####################    | Elapsed Time: 0:00:30 ETA:   0:00:04
 88% (44 of 50) |#####################   | Elapsed Time: 0:00:31 ETA:   0:00:04
 90% (45 of 50) |#####################   | Elapsed Time: 0:00:32 ETA:   0:00:03
 92% (46 of 50) |######################  | Elapsed Time: 0:00:32 ETA:   0:00:02
 94% (47 of 50) |######################  | Elapsed Time: 0:00:33 ETA:   0:00:02
 96% (48 of 50) |####################### | Elapsed Time: 0:00:34 ETA:   0:00:01
 98% (49 of 50) |####################### | Elapsed Time: 0:00:34 ETA:   0:00:00
100% (50 of 50) |########################| Elapsed Time: 0:00:35 Time:  0:00:35
eta 31786 accepted (d_eta=1 <= u=1)
trying eta=eta/2...
considering eta 15893...
eta 15893 refused (d_eta=2 <= u=1), using eta=31786. ACF at lag 1 was 0.040721.
running markov chain and checking convergence...
test statistic : -1.1394122561133677,
 Markov chain is stationnary if test statistic < -2.568464945120802
test statistic : -2.7977391952159487,
 Markov chain is stationnary if test statistic < -2.568464538102026
Convergence : acceptation by k
(2: 470), (3: 5), (4: 1), 
Convergence : refusal by k
(2: 38881), (10: 271), (7: 947), (3: 11661), (6: 1534), (9: 419), (13: 135), (5: 2475), (4: 4800), (21: 36), (8: 639), (11: 251), (98: 1), (20: 47), (16: 80), (27: 21), (76: 3), (61: 4), (12: 201), (18: 52), (23: 26), (14: 124), (15: 92), (22: 26), (28: 15), (83: 2), (51: 3), (32: 15), (24: 23), (43: 4), (19: 45), (17: 65), (31: 10), (37: 6), (25: 21), (30: 6), (36: 6), (48: 4), (187: 1), (57: 2), (49: 5), (74: 1), (40: 4), (66: 2), (26: 17), (73: 2), (88: 2), (38: 4), (33: 7), (78: 1), (165: 1), (35: 9), (44: 3), (147: 1), (45: 2), (84: 1), (39: 5), (63: 5), (34: 5), (41: 5), (29: 14), (200: 1), (136: 1), (99: 1), (55: 3), (60: 2), (53: 1), (65: 2), (56: 3), (67: 1), (68: 2), (100: 1), (89: 1), (52: 4), (64: 1), (42: 4), (198: 1), (46: 3), (170: 1), (72: 1), (137: 1), (47: 1), (121: 1), (58: 1), (131: 1), (59: 1), (125: 1), (173: 1), (50: 2), (71: 1), (81: 1), 
eta estimation took 1450.7938811779022 seconds
convergence took 2.6914732456207275 seconds
Writing 50 graph samples...
