Reading graph...
Initializing markov chain
Starting Markov Chain convergence...
eta estimation parameters: N_swap 303000, C 10, T 500, u 1, alpha 0.04
burn in...
defaultdict(<class 'int'>, {2: 3876, 3: 52, 4: 3, 6: 1})
defaultdict(<class 'int'>, {3: 55120, 2: 184006, 4: 23230, 9: 2137, 5: 11976, 13: 667, 6: 7014, 7: 4504, 41: 22, 12: 889, 14: 532, 20: 187, 17: 297, 24: 118, 8: 2894, 11: 1091, 10: 1500, 22: 125, 58: 2, 15: 440, 16: 382, 78: 4, 28: 64, 21: 153, 26: 102, 23: 124, 32: 67, 27: 78, 45: 12, 33: 43, 18: 253, 25: 91, 51: 14, 61: 10, 146: 1, 39: 18, 36: 30, 38: 25, 117: 2, 43: 24, 31: 51, 135: 2, 29: 56, 19: 207, 34: 34, 83: 2, 71: 4, 37: 28, 30: 59, 227: 1, 48: 13, 53: 6, 96: 1, 81: 3, 56: 5, 144: 2, 162: 1, 44: 24, 50: 20, 68: 3, 131: 1, 280: 1, 80: 2, 46: 14, 84: 4, 64: 8, 100: 3, 98: 4, 62: 7, 35: 26, 42: 23, 263: 2, 92: 1, 67: 6, 40: 16, 57: 3, 235: 1, 49: 12, 60: 8, 54: 11, 66: 9, 65: 3, 47: 10, 151: 2, 52: 13, 110: 1, 69: 7, 74: 4, 86: 2, 118: 3, 186: 1, 79: 2, 141: 1, 76: 3, 88: 1, 123: 3, 63: 7, 99: 3, 70: 4, 129: 2, 73: 5, 55: 8, 130: 1, 59: 2, 158: 1, 91: 3, 90: 5, 152: 1, 89: 2, 94: 3, 115: 1, 143: 1, 265: 1, 179: 1, 159: 1, 109: 1, 101: 2, 72: 3, 126: 3, 107: 1, 93: 2, 178: 1, 124: 1, 166: 1, 199: 1, 139: 1, 114: 1, 102: 1, 161: 1, 97: 1, 200: 1, 187: 1, 75: 1, 140: 1, 142: 1, 105: 1, 195: 1})
Burn In : acceptation/refusals by k : 0.012976897689768977
0.012976897689768977
measuring sampling gap...
considering eta 23350...
eta 23350 accepted (d_eta=0 <= u=1)
trying eta=eta/2...
considering eta 11675...
eta 11675 accepted (d_eta=0 <= u=1)
trying eta=eta/2...
considering eta 5837...
eta 5837 refused (d_eta=8 <= u=1), using eta=11675. ACF at lag 1 was 0.120963.
running markov chain and checking convergence...
test statistic : -0.7362789475751749,
 Markov chain is stationnary if test statistic < -2.5695775582095273
test statistic : -1.3104494118052517,
 Markov chain is stationnary if test statistic < -2.5695775582095273
test statistic : -1.5064721661625666,
 Markov chain is stationnary if test statistic < -2.5695775582095273
test statistic : -0.8177051118936253,
 Markov chain is stationnary if test statistic < -2.5695775582095273
test statistic : -0.9508382417204826,
 Markov chain is stationnary if test statistic < -2.5695775582095273
test statistic : -1.1016804100866409,
 Markov chain is stationnary if test statistic < -2.5695775582095273
test statistic : -1.6208498409766217,
 Markov chain is stationnary if test statistic < -2.5695793674583007
test statistic : -1.1048042643758877,
 Markov chain is stationnary if test statistic < -2.5695775582095273
test statistic : -1.6195999304654323,
 Markov chain is stationnary if test statistic < -2.5695775582095273
test statistic : -1.198581783328822,
 Markov chain is stationnary if test statistic < -2.569580122410502
test statistic : -0.2219188190174866,
 Markov chain is stationnary if test statistic < -2.5695775582095273
test statistic : -0.7962459749175752,
 Markov chain is stationnary if test statistic < -2.5695775582095273
test statistic : -1.249643588011263,
 Markov chain is stationnary if test statistic < -2.5695775582095273
test statistic : -1.2223712383974157,
 Markov chain is stationnary if test statistic < -2.5695775582095273
test statistic : -2.0324560528390885,
 Markov chain is stationnary if test statistic < -2.5695775582095273
test statistic : -2.5468274046450987,
 Markov chain is stationnary if test statistic < -2.5695777088382883
test statistic : -0.6055028880638742,
 Markov chain is stationnary if test statistic < -2.5695775582095273
test statistic : -0.8861923436386888,
 Markov chain is stationnary if test statistic < -2.56957785949284
test statistic : -1.996857325006054,
 Markov chain is stationnary if test statistic < -2.5695775582095273
test statistic : -1.9904515563738285,
 Markov chain is stationnary if test statistic < -2.5695775582095273
test statistic : -0.6790462554515587,
 Markov chain is stationnary if test statistic < -2.56957785949284
test statistic : -0.7144843528090352,
 Markov chain is stationnary if test statistic < -2.5695775582095273
test statistic : -1.753489132760271,
 Markov chain is stationnary if test statistic < -2.5695775582095273
test statistic : -1.5685222826539373,
 Markov chain is stationnary if test statistic < -2.5695775582095273
test statistic : -1.3736589711865674,
 Markov chain is stationnary if test statistic < -2.5695807268383675
test statistic : -1.099025035330319,
 Markov chain is stationnary if test statistic < -2.5695775582095273
test statistic : -0.0700853094343022,
 Markov chain is stationnary if test statistic < -2.5695775582095273
test statistic : -1.1731941732761295,
 Markov chain is stationnary if test statistic < -2.569582239723615
test statistic : -1.0710035228420662,
 Markov chain is stationnary if test statistic < -2.5695775582095273
test statistic : -0.9420014951787502,
 Markov chain is stationnary if test statistic < -2.5695775582095273
test statistic : -0.6737500956902375,
 Markov chain is stationnary if test statistic < -2.5695775582095273
test statistic : -1.115443182553429,
 Markov chain is stationnary if test statistic < -2.5695775582095273
test statistic : -2.508272008554875,
 Markov chain is stationnary if test statistic < -2.5695777088382883
test statistic : -2.488092864659985,
 Markov chain is stationnary if test statistic < -2.5695775582095273
test statistic : -1.2061260525506585,
 Markov chain is stationnary if test statistic < -2.5695775582095273
test statistic : -1.0400254236576154,
 Markov chain is stationnary if test statistic < -2.5695805756925325
test statistic : -1.5951151563240717,
 Markov chain is stationnary if test statistic < -2.5695775582095273
test statistic : -0.6716624884840495,
 Markov chain is stationnary if test statistic < -2.5695775582095273
test statistic : -0.7883145866671666,
 Markov chain is stationnary if test statistic < -2.5695804245726146
test statistic : -0.253638868765662,
 Markov chain is stationnary if test statistic < -2.5695775582095273
test statistic : -1.2372135895728285,
 Markov chain is stationnary if test statistic < -2.5695775582095273
test statistic : -1.041518506074113,
 Markov chain is stationnary if test statistic < -2.5695775582095273
test statistic : -1.1524577807303096,
 Markov chain is stationnary if test statistic < -2.5695775582095273
test statistic : -1.5618485534922533,
 Markov chain is stationnary if test statistic < -2.5695775582095273
test statistic : -1.8481784504959717,
 Markov chain is stationnary if test statistic < -2.5695775582095273
test statistic : -2.1400288854007887,
 Markov chain is stationnary if test statistic < -2.5695798203519775
test statistic : -2.0643112100808394,
 Markov chain is stationnary if test statistic < -2.5695777088382883
test statistic : -1.000472085726622,
 Markov chain is stationnary if test statistic < -2.5695784623690856
test statistic : -2.396706335998091,
 Markov chain is stationnary if test statistic < -2.5695775582095273
test statistic : -0.7952604544240405,
 Markov chain is stationnary if test statistic < -2.5695775582095273
test statistic : -2.069504107608573,
 Markov chain is stationnary if test statistic < -2.5695775582095273
test statistic : -0.4455366669989959,
 Markov chain is stationnary if test statistic < -2.5695784623690856
test statistic : -1.1836530135772547,
 Markov chain is stationnary if test statistic < -2.5695775582095273
test statistic : -0.7725324693616663,
 Markov chain is stationnary if test statistic < -2.5695775582095273
test statistic : -1.356929407262033,
 Markov chain is stationnary if test statistic < -2.5695775582095273
test statistic : -1.6433270444655643,
 Markov chain is stationnary if test statistic < -2.5695775582095273
test statistic : -2.6964520978180695,
 Markov chain is stationnary if test statistic < -2.5695775582095273
Convergence : acceptation by k
(2: 8554), (3: 139), (4: 16), 
Convergence : refusal by k
(2: 402945), (3: 122164), (4: 51539), (9: 4604), (5: 26228), (10: 3214), (6: 15024), (51: 33), (7: 9774), (12: 1944), (8: 6455), (16: 803), (15: 977), (13: 1436), (11: 2429), (93: 5), (14: 1193), (35: 82), (166: 2), (18: 593), (17: 668), (23: 239), (26: 179), (22: 308), (67: 15), (19: 465), (28: 134), (47: 36), (46: 34), (40: 55), (53: 32), (20: 406), (24: 241), (21: 358), (62: 15), (50: 31), (33: 75), (29: 166), (42: 43), (97: 3), (38: 57), (43: 35), (27: 178), (136: 1), (80: 14), (31: 84), (76: 6), (70: 9), (99: 5), (255: 1), (96: 3), (44: 43), (30: 116), (75: 6), (54: 23), (37: 68), (63: 18), (48: 25), (73: 10), (121: 2), (45: 38), (85: 9), (55: 19), (64: 13), (61: 13), (82: 6), (32: 109), (56: 18), (25: 227), (34: 71), (98: 2), (36: 76), (52: 27), (94: 3), (65: 11), (60: 21), (71: 9), (150: 4), (109: 5), (86: 9), (39: 56), (120: 1), (66: 6), (106: 3), (68: 10), (72: 10), (232: 1), (145: 2), (74: 7), (113: 2), (134: 1), (101: 5), (41: 41), (178: 1), (131: 3), (58: 10), (79: 10), (57: 23), (102: 3), (49: 30), (294: 1), (272: 1), (270: 1), (92: 4), (59: 22), (141: 3), (77: 4), (111: 3), (140: 1), (69: 11), (88: 3), (137: 3), (132: 2), (158: 1), (83: 4), (89: 9), (126: 2), (117: 3), (91: 4), (84: 6), (170: 1), (87: 4), (78: 8), (152: 2), (179: 1), (95: 2), (205: 1), (103: 4), (124: 1), (138: 3), (251: 1), (108: 5), (118: 2), (207: 1), (115: 3), (123: 2), (241: 1), (90: 2), (168: 1), (153: 2), (191: 1), (183: 1), (116: 3), (264: 1), (283: 1), (184: 1), (100: 3), (203: 2), (114: 2), (107: 2), (219: 2), (284: 1), (81: 3), (104: 2), (227: 1), (181: 1), (105: 1), (204: 1), (187: 1), (122: 1), (212: 1), (146: 1), (268: 1), (154: 2), (298: 1), (172: 1), (148: 3), (176: 1), (165: 1), (220: 1), (167: 1), (125: 2),   0% (0 of 50) |                         | Elapsed Time: 0:00:00 ETA:  --:--:--
  2% (1 of 50) |                         | Elapsed Time: 0:00:00 ETA:   0:00:13
  4% (2 of 50) |#                        | Elapsed Time: 0:00:00 ETA:   0:00:13
  6% (3 of 50) |#                        | Elapsed Time: 0:00:00 ETA:   0:00:13
  8% (4 of 50) |##                       | Elapsed Time: 0:00:01 ETA:   0:00:12
 10% (5 of 50) |##                       | Elapsed Time: 0:00:01 ETA:   0:00:12
 12% (6 of 50) |###                      | Elapsed Time: 0:00:01 ETA:   0:00:12
 14% (7 of 50) |###                      | Elapsed Time: 0:00:01 ETA:   0:00:12
 16% (8 of 50) |####                     | Elapsed Time: 0:00:02 ETA:   0:00:12
 18% (9 of 50) |####                     | Elapsed Time: 0:00:02 ETA:   0:00:12
 20% (10 of 50) |####                    | Elapsed Time: 0:00:03 ETA:   0:00:13
 22% (11 of 50) |#####                   | Elapsed Time: 0:00:03 ETA:   0:00:13
 24% (12 of 50) |#####                   | Elapsed Time: 0:00:04 ETA:   0:00:13
 26% (13 of 50) |######                  | Elapsed Time: 0:00:04 ETA:   0:00:14
 28% (14 of 50) |######                  | Elapsed Time: 0:00:05 ETA:   0:00:13
 30% (15 of 50) |#######                 | Elapsed Time: 0:00:05 ETA:   0:00:13
 32% (16 of 50) |#######                 | Elapsed Time: 0:00:06 ETA:   0:00:12
 34% (17 of 50) |########                | Elapsed Time: 0:00:06 ETA:   0:00:12
 36% (18 of 50) |########                | Elapsed Time: 0:00:06 ETA:   0:00:11
 38% (19 of 50) |#########               | Elapsed Time: 0:00:06 ETA:   0:00:11
 40% (20 of 50) |#########               | Elapsed Time: 0:00:07 ETA:   0:00:10
 42% (21 of 50) |##########              | Elapsed Time: 0:00:07 ETA:   0:00:10
 44% (22 of 50) |##########              | Elapsed Time: 0:00:07 ETA:   0:00:09
 46% (23 of 50) |###########             | Elapsed Time: 0:00:07 ETA:   0:00:09
 48% (24 of 50) |###########             | Elapsed Time: 0:00:08 ETA:   0:00:08
 50% (25 of 50) |############            | Elapsed Time: 0:00:08 ETA:   0:00:08
 52% (26 of 50) |############            | Elapsed Time: 0:00:08 ETA:   0:00:08
 54% (27 of 50) |############            | Elapsed Time: 0:00:09 ETA:   0:00:07
 56% (28 of 50) |#############           | Elapsed Time: 0:00:09 ETA:   0:00:07
 58% (29 of 50) |#############           | Elapsed Time: 0:00:09 ETA:   0:00:06
 60% (30 of 50) |##############          | Elapsed Time: 0:00:09 ETA:   0:00:06
 62% (31 of 50) |##############          | Elapsed Time: 0:00:10 ETA:   0:00:06
 64% (32 of 50) |###############         | Elapsed Time: 0:00:10 ETA:   0:00:05
 66% (33 of 50) |###############         | Elapsed Time: 0:00:10 ETA:   0:00:05
 68% (34 of 50) |################        | Elapsed Time: 0:00:11 ETA:   0:00:05
 70% (35 of 50) |################        | Elapsed Time: 0:00:11 ETA:   0:00:04
 72% (36 of 50) |#################       | Elapsed Time: 0:00:11 ETA:   0:00:04
 74% (37 of 50) |#################       | Elapsed Time: 0:00:11 ETA:   0:00:04
 76% (38 of 50) |##################      | Elapsed Time: 0:00:12 ETA:   0:00:03
 78% (39 of 50) |##################      | Elapsed Time: 0:00:12 ETA:   0:00:03
 80% (40 of 50) |###################     | Elapsed Time: 0:00:12 ETA:   0:00:03
 82% (41 of 50) |###################     | Elapsed Time: 0:00:13 ETA:   0:00:02
 84% (42 of 50) |####################    | Elapsed Time: 0:00:13 ETA:   0:00:02
 86% (43 of 50) |####################    | Elapsed Time: 0:00:13 ETA:   0:00:02
 88% (44 of 50) |#####################   | Elapsed Time: 0:00:13 ETA:   0:00:01
 90% (45 of 50) |#####################   | Elapsed Time: 0:00:14 ETA:   0:00:01
 92% (46 of 50) |######################  | Elapsed Time: 0:00:14 ETA:   0:00:01
 94% (47 of 50) |######################  | Elapsed Time: 0:00:14 ETA:   0:00:00
 96% (48 of 50) |####################### | Elapsed Time: 0:00:14 ETA:   0:00:00
 98% (49 of 50) |####################### | Elapsed Time: 0:00:15 ETA:   0:00:00
100% (50 of 50) |########################| Elapsed Time: 0:00:15 Time:  0:00:15
(164: 1), (112: 1), (230: 1), (253: 1), (256: 1), (269: 1), (188: 1), (142: 1), (218: 1), (129: 1), (119: 2), (193: 1), (144: 1), (110: 1), (200: 1), (196: 1), (224: 1), 
eta estimation took 1355.6371824741364 seconds
convergence took 23.53011465072632 seconds
Writing 50 graph samples...
