Reading graph...
Initializing markov chain
Starting Markov Chain convergence...
eta estimation parameters: N_swap 50000, C 10, T 500, u 1, alpha 0.04
burn in...
defaultdict(<class 'int'>, {2: 432, 3: 13, 4: 1})
defaultdict(<class 'int'>, {2: 30659, 5: 1932, 13: 107, 6: 1095, 3: 9080, 4: 3960, 10: 261, 7: 718, 9: 331, 14: 98, 12: 158, 8: 446, 15: 86, 22: 29, 16: 48, 20: 37, 29: 7, 11: 184, 18: 29, 23: 15, 31: 9, 19: 29, 39: 5, 17: 43, 21: 31, 45: 2, 25: 15, 27: 15, 24: 21, 28: 9, 41: 4, 36: 9, 34: 14, 33: 5, 42: 5, 32: 9, 26: 12, 35: 10, 44: 2, 30: 9, 49: 1, 37: 2, 43: 3, 40: 3, 46: 2, 38: 2, 47: 3})
Burn In : acceptation/refusals by k : 0.00892
0.00892
measuring sampling gap...
considering eta 5606...
  0% (0 of 50) |                         | Elapsed Time: 0:00:00 ETA:  --:--:--
  2% (1 of 50) |                         | Elapsed Time: 0:00:00 ETA:   0:00:02
  4% (2 of 50) |#                        | Elapsed Time: 0:00:00 ETA:   0:00:02
  6% (3 of 50) |#                        | Elapsed Time: 0:00:00 ETA:   0:00:02
  8% (4 of 50) |##                       | Elapsed Time: 0:00:00 ETA:   0:00:02
 10% (5 of 50) |##                       | Elapsed Time: 0:00:00 ETA:   0:00:02
 12% (6 of 50) |###                      | Elapsed Time: 0:00:00 ETA:   0:00:02
 14% (7 of 50) |###                      | Elapsed Time: 0:00:00 ETA:   0:00:02
 16% (8 of 50) |####                     | Elapsed Time: 0:00:00 ETA:   0:00:02
 18% (9 of 50) |####                     | Elapsed Time: 0:00:00 ETA:   0:00:02
 20% (10 of 50) |####                    | Elapsed Time: 0:00:00 ETA:   0:00:02
 22% (11 of 50) |#####                   | Elapsed Time: 0:00:00 ETA:   0:00:02
 24% (12 of 50) |#####                   | Elapsed Time: 0:00:00 ETA:   0:00:02
 26% (13 of 50) |######                  | Elapsed Time: 0:00:00 ETA:   0:00:02
 28% (14 of 50) |######                  | Elapsed Time: 0:00:00 ETA:   0:00:02
 30% (15 of 50) |#######                 | Elapsed Time: 0:00:00 ETA:   0:00:02
 32% (16 of 50) |#######                 | Elapsed Time: 0:00:00 ETA:   0:00:02
 34% (17 of 50) |########                | Elapsed Time: 0:00:01 ETA:   0:00:01
 36% (18 of 50) |########                | Elapsed Time: 0:00:01 ETA:   0:00:01
 38% (19 of 50) |#########               | Elapsed Time: 0:00:01 ETA:   0:00:01
 40% (20 of 50) |#########               | Elapsed Time: 0:00:01 ETA:   0:00:01
 42% (21 of 50) |##########              | Elapsed Time: 0:00:01 ETA:   0:00:01
 44% (22 of 50) |##########              | Elapsed Time: 0:00:01 ETA:   0:00:01
 46% (23 of 50) |###########             | Elapsed Time: 0:00:01 ETA:   0:00:01
 48% (24 of 50) |###########             | Elapsed Time: 0:00:01 ETA:   0:00:01
 50% (25 of 50) |############            | Elapsed Time: 0:00:01 ETA:   0:00:01
 52% (26 of 50) |############            | Elapsed Time: 0:00:01 ETA:   0:00:01
 54% (27 of 50) |############            | Elapsed Time: 0:00:01 ETA:   0:00:01
 56% (28 of 50) |#############           | Elapsed Time: 0:00:01 ETA:   0:00:01
 58% (29 of 50) |#############           | Elapsed Time: 0:00:01 ETA:   0:00:01
 60% (30 of 50) |##############          | Elapsed Time: 0:00:01 ETA:   0:00:01
 62% (31 of 50) |##############          | Elapsed Time: 0:00:01 ETA:   0:00:01
 64% (32 of 50) |###############         | Elapsed Time: 0:00:01 ETA:   0:00:01
 66% (33 of 50) |###############         | Elapsed Time: 0:00:01 ETA:   0:00:01
 68% (34 of 50) |################        | Elapsed Time: 0:00:02 ETA:   0:00:00
 70% (35 of 50) |################        | Elapsed Time: 0:00:02 ETA:   0:00:00
 72% (36 of 50) |#################       | Elapsed Time: 0:00:02 ETA:   0:00:00
 74% (37 of 50) |#################       | Elapsed Time: 0:00:02 ETA:   0:00:00
 76% (38 of 50) |##################      | Elapsed Time: 0:00:02 ETA:   0:00:00
 78% (39 of 50) |##################      | Elapsed Time: 0:00:02 ETA:   0:00:00
 80% (40 of 50) |###################     | Elapsed Time: 0:00:02 ETA:   0:00:00
 82% (41 of 50) |###################     | Elapsed Time: 0:00:02 ETA:   0:00:00
 84% (42 of 50) |####################    | Elapsed Time: 0:00:02 ETA:   0:00:00
 86% (43 of 50) |####################    | Elapsed Time: 0:00:02 ETA:   0:00:00
 88% (44 of 50) |#####################   | Elapsed Time: 0:00:02 ETA:   0:00:00
 90% (45 of 50) |#####################   | Elapsed Time: 0:00:02 ETA:   0:00:00
 92% (46 of 50) |######################  | Elapsed Time: 0:00:02 ETA:   0:00:00
 94% (47 of 50) |######################  | Elapsed Time: 0:00:02 ETA:   0:00:00
 96% (48 of 50) |####################### | Elapsed Time: 0:00:02 ETA:   0:00:00
 98% (49 of 50) |####################### | Elapsed Time: 0:00:02 ETA:   0:00:00
100% (50 of 50) |########################| Elapsed Time: 0:00:03 Time:  0:00:03
eta 5606 accepted (d_eta=1 <= u=1)
trying eta=eta/2...
considering eta 2803...
eta 2803 accepted (d_eta=1 <= u=1)
trying eta=eta/2...
considering eta 1401...
eta 1401 refused (d_eta=6 <= u=1), using eta=2803.
running markov chain and checking convergence...
test statistic : -2.228859282476845,
 Markov chain is stationnary if test statistic < -2.5751971051737814
test statistic : -1.2204121085969912,
 Markov chain is stationnary if test statistic < -2.575131474769575
test statistic : -0.22671033370366606,
 Markov chain is stationnary if test statistic < -2.5751812466821
test statistic : -1.7539105616052937,
 Markov chain is stationnary if test statistic < -2.575136682209705
test statistic : -2.069897572895216,
 Markov chain is stationnary if test statistic < -2.575131474769575
test statistic : -1.8926313052801174,
 Markov chain is stationnary if test statistic < -2.575131474769575
test statistic : -1.1078347835651794,
 Markov chain is stationnary if test statistic < -2.5751340775630096
test statistic : -2.4215632758652097,
 Markov chain is stationnary if test statistic < -2.5751340775630096
test statistic : -1.6488687552298251,
 Markov chain is stationnary if test statistic < -2.575131474769575
test statistic : -2.372400685561055,
 Markov chain is stationnary if test statistic < -2.5751575863388556
test statistic : -0.2863407272523485,
 Markov chain is stationnary if test statistic < -2.5751654562068853
test statistic : -2.2715243495434287,
 Markov chain is stationnary if test statistic < -2.575131474769575
test statistic : -2.5840432240490774,
 Markov chain is stationnary if test statistic < -2.575131474769575
Convergence : acceptation by k
(2: 336), (3: 6), 
Convergence : refusal by k
(2: 22220), (5: 1521), (3: 6653), (4: 2801), (8: 331), (19: 31), (9: 266), (6: 791), (7: 562), (12: 118), (11: 124), (14: 70), (21: 20), (10: 190), (20: 30), (18: 24), (15: 46), (29: 13), (31: 7), (24: 13), (13: 86), (17: 39), (44: 3), (28: 5), (16: 29), (35: 3), (22: 21), (43: 2), (41: 6), (32: 8), (27: 5), (25: 8), (23: 9), (40: 3), (42: 1), (38: 2), (46: 2), (33: 5), (45: 4), (39: 1), (30: 7), (48: 3), (47: 3), (26: 4), (49: 2), (34: 2), (37: 2), (36: 1), 
eta estimation took 230.70547699928284 seconds
convergence took 1.1401820182800293 seconds
Writing 50 graph samples...
