Reading graph...
Initializing markov chain
Starting Markov Chain convergence...
eta estimation parameters: N_swap 188000, C 10, T 500, u 1, alpha 0.04
burn in...
defaultdict(<class 'int'>, {2: 1721, 3: 35, 4: 7, 5: 3})
defaultdict(<class 'int'>, {2: 114615, 4: 14514, 3: 34334, 5: 7467, 7: 2764, 34: 34, 8: 1811, 15: 265, 12: 507, 6: 4378, 9: 1266, 11: 743, 14: 348, 10: 932, 17: 196, 79: 1, 13: 402, 22: 83, 19: 137, 20: 102, 16: 218, 26: 62, 84: 3, 21: 101, 24: 64, 31: 39, 27: 57, 18: 145, 25: 56, 47: 9, 53: 6, 42: 7, 51: 9, 43: 15, 33: 27, 38: 18, 30: 37, 29: 36, 23: 73, 49: 9, 75: 3, 113: 2, 35: 22, 46: 7, 66: 4, 37: 16, 41: 13, 133: 1, 28: 39, 72: 2, 32: 30, 64: 5, 40: 11, 82: 2, 44: 8, 68: 2, 107: 2, 65: 4, 36: 14, 164: 1, 54: 12, 55: 9, 52: 5, 58: 6, 69: 2, 50: 8, 57: 7, 67: 8, 39: 14, 99: 2, 183: 1, 83: 3, 56: 5, 70: 2, 61: 3, 104: 2, 90: 1, 105: 1, 80: 2, 158: 1, 98: 1, 48: 10, 166: 1, 114: 1, 88: 2, 62: 2, 45: 6, 95: 2, 63: 5, 172: 1, 93: 1, 97: 1, 86: 1, 78: 3, 103: 1, 167: 1, 60: 3, 71: 1, 94: 1, 59: 2, 108: 2, 141: 1, 77: 1, 74: 1, 112: 1, 81: 1, 92: 1, 73: 1, 146: 1, 116: 1, 176: 1, 125: 1, 131: 1, 145: 1, 101: 1})
Burn In : acceptation/refusals by k : 0.009393617021276595
0.009393617021276595
measuring sampling gap...
considering eta 20014...
  0% (0 of 50) |                         | Elapsed Time: 0:00:00 ETA:  --:--:--
  2% (1 of 50) |                         | Elapsed Time: 0:00:06 ETA:   0:05:41
  4% (2 of 50) |#                        | Elapsed Time: 0:00:13 ETA:   0:05:34
  6% (3 of 50) |#                        | Elapsed Time: 0:00:20 ETA:   0:05:26
  8% (4 of 50) |##                       | Elapsed Time: 0:00:27 ETA:   0:05:20
 10% (5 of 50) |##                       | Elapsed Time: 0:00:34 ETA:   0:05:12
 12% (6 of 50) |###                      | Elapsed Time: 0:00:41 ETA:   0:05:05
 14% (7 of 50) |###                      | Elapsed Time: 0:00:48 ETA:   0:04:58
 16% (8 of 50) |####                     | Elapsed Time: 0:00:55 ETA:   0:04:51
 18% (9 of 50) |####                     | Elapsed Time: 0:01:02 ETA:   0:04:44
 20% (10 of 50) |####                    | Elapsed Time: 0:01:09 ETA:   0:04:37
 22% (11 of 50) |#####                   | Elapsed Time: 0:01:16 ETA:   0:04:30
 24% (12 of 50) |#####                   | Elapsed Time: 0:01:23 ETA:   0:04:24
 26% (13 of 50) |######                  | Elapsed Time: 0:01:30 ETA:   0:04:17
 28% (14 of 50) |######                  | Elapsed Time: 0:01:39 ETA:   0:04:16
 30% (15 of 50) |#######                 | Elapsed Time: 0:01:50 ETA:   0:04:16
 32% (16 of 50) |#######                 | Elapsed Time: 0:01:57 ETA:   0:04:08
 34% (17 of 50) |########                | Elapsed Time: 0:02:03 ETA:   0:04:00
 36% (18 of 50) |########                | Elapsed Time: 0:02:10 ETA:   0:03:52
 38% (19 of 50) |#########               | Elapsed Time: 0:02:17 ETA:   0:03:44
 40% (20 of 50) |#########               | Elapsed Time: 0:02:24 ETA:   0:03:37
 42% (21 of 50) |##########              | Elapsed Time: 0:02:31 ETA:   0:03:29
 44% (22 of 50) |##########              | Elapsed Time: 0:02:38 ETA:   0:03:22
 46% (23 of 50) |###########             | Elapsed Time: 0:02:45 ETA:   0:03:14
 48% (24 of 50) |###########             | Elapsed Time: 0:02:52 ETA:   0:03:07
 50% (25 of 50) |############            | Elapsed Time: 0:02:59 ETA:   0:02:59
 52% (26 of 50) |############            | Elapsed Time: 0:03:06 ETA:   0:02:52
 54% (27 of 50) |############            | Elapsed Time: 0:03:13 ETA:   0:02:44
 56% (28 of 50) |#############           | Elapsed Time: 0:03:20 ETA:   0:02:37
 58% (29 of 50) |#############           | Elapsed Time: 0:03:27 ETA:   0:02:30
 60% (30 of 50) |##############          | Elapsed Time: 0:03:36 ETA:   0:02:24
 62% (31 of 50) |##############          | Elapsed Time: 0:03:43 ETA:   0:02:16
 64% (32 of 50) |###############         | Elapsed Time: 0:03:50 ETA:   0:02:09
 66% (33 of 50) |###############         | Elapsed Time: 0:03:57 ETA:   0:02:02
 68% (34 of 50) |################        | Elapsed Time: 0:04:04 ETA:   0:01:55
 70% (35 of 50) |################        | Elapsed Time: 0:04:11 ETA:   0:01:47
 72% (36 of 50) |#################       | Elapsed Time: 0:04:18 ETA:   0:01:40
 74% (37 of 50) |#################       | Elapsed Time: 0:04:25 ETA:   0:01:33
 76% (38 of 50) |##################      | Elapsed Time: 0:04:32 ETA:   0:01:26
 78% (39 of 50) |##################      | Elapsed Time: 0:04:39 ETA:   0:01:18
 80% (40 of 50) |###################     | Elapsed Time: 0:04:46 ETA:   0:01:11
 82% (41 of 50) |###################     | Elapsed Time: 0:04:53 ETA:   0:01:04
 84% (42 of 50) |####################    | Elapsed Time: 0:05:00 ETA:   0:00:57
 86% (43 of 50) |####################    | Elapsed Time: 0:05:07 ETA:   0:00:50
 88% (44 of 50) |#####################   | Elapsed Time: 0:05:14 ETA:   0:00:42
 90% (45 of 50) |#####################   | Elapsed Time: 0:05:21 ETA:   0:00:35
 92% (46 of 50) |######################  | Elapsed Time: 0:05:28 ETA:   0:00:28
 94% (47 of 50) |######################  | Elapsed Time: 0:05:35 ETA:   0:00:21
 96% (48 of 50) |####################### | Elapsed Time: 0:05:42 ETA:   0:00:14
 98% (49 of 50) |####################### | Elapsed Time: 0:05:49 ETA:   0:00:07
100% (50 of 50) |########################| Elapsed Time: 0:05:56 Time:  0:05:56
eta 20014 refused (d_eta=10 <= u=1), trying eta=40028, acf = 0.1380115691102234
considering eta 40028...
eta 40028 refused (d_eta=6 <= u=1), trying eta=80056, acf = 0.11187854557854791
considering eta 80056...
eta 80056 refused (d_eta=4 <= u=1), trying eta=160112, acf = 0.06732548606271266
considering eta 160112...
eta 160112 refused (d_eta=2 <= u=1), trying eta=320224, acf = 0.04449818519361262
considering eta 320224...
eta 320224 accepted (d_eta=0 <= u=1)
running markov chain and checking convergence...
test statistic : -9.376726927760902,
 Markov chain is stationnary if test statistic < -2.567882125790405
Convergence : acceptation by k
(2: 3162), (3: 84), (4: 14), (6: 1), (5: 1), 
Convergence : refusal by k
(2: 195159), (3: 58797), (5: 12641), (4: 24482), (14: 609), (7: 4566), (6: 7271), (13: 731), (8: 3210), (24: 116), (11: 1166), (10: 1631), (18: 291), (9: 2166), (19: 213), (12: 876), (23: 124), (15: 442), (20: 206), (34: 43), (35: 44), (22: 147), (16: 378), (30: 54), (40: 20), (70: 6), (17: 307), (21: 168), (27: 73), (31: 47), (32: 44), (83: 3), (111: 2), (61: 6), (37: 39), (25: 101), (153: 1), (77: 2), (44: 18), (65: 11), (26: 97), (66: 7), (43: 25), (96: 2), (80: 4), (29: 57), (46: 13), (38: 18), (75: 2), (63: 7), (36: 39), (92: 1), (28: 64), (52: 12), (33: 43), (56: 10), (42: 23), (60: 8), (39: 27), (76: 5), (50: 15), (84: 3), (69: 9), (47: 18), (113: 1), (67: 9), (51: 11), (58: 11), (90: 3), (115: 1), (49: 13), (108: 2), (41: 25), (48: 11), (57: 9), (104: 2), (54: 13), (105: 1), (97: 2), (81: 4), (129: 3), (45: 16), (177: 1), (89: 3), (136: 1), (68: 5), (73: 8), (133: 1), (72: 1), (152: 1), (62: 6), (106: 2), (112: 2), (86: 2), (99: 4), (169: 1), (93: 5), (53: 13), (64: 3), (109: 3), (161: 1), (55: 6), (124: 1), (173: 1), (91: 3), (71: 2), (94: 2), (101: 1), (143: 1), (117: 3), (59: 2), (135: 1), (126: 1), (74: 1), (185: 1), (79: 1), (85: 1), (103: 1), (187: 1), (120: 1), (78: 2), (134: 1), (87: 2), (137: 1), (151: 1), (140: 1), (174: 1), (138: 1), (122: 1), 
eta estimation took 14270.776133298874 seconds
convergence took 8.28781008720398 seconds
Writing 50 graph samples...
