Reading graph...
Initializing markov chain
Starting Markov Chain convergence...
eta estimation parameters: N_swap 228000, C 10, T 500, u 1, alpha 0.04
burn in...
defaultdict(<class 'int'>, {2: 21177, 6: 52, 3: 2157, 4: 553, 5: 167, 8: 6, 10: 2, 7: 25})
defaultdict(<class 'int'>, {3: 39665, 2: 119475, 11: 886, 10: 1175, 4: 17030, 5: 9046, 13: 517, 9: 1530, 23: 90, 8: 2160, 6: 5189, 12: 662, 7: 3462, 138: 2, 24: 75, 31: 58, 22: 106, 19: 159, 40: 22, 21: 110, 16: 274, 14: 382, 18: 207, 20: 117, 51: 13, 33: 35, 15: 341, 29: 46, 37: 25, 25: 77, 27: 45, 42: 21, 17: 232, 28: 59, 26: 62, 36: 19, 30: 42, 43: 18, 70: 2, 35: 23, 60: 6, 55: 5, 52: 13, 68: 8, 38: 24, 41: 19, 53: 13, 97: 2, 80: 3, 115: 2, 34: 35, 180: 1, 64: 3, 39: 19, 62: 3, 46: 13, 99: 1, 109: 3, 61: 3, 116: 1, 98: 4, 32: 26, 45: 12, 96: 2, 87: 1, 210: 1, 75: 2, 74: 2, 57: 1, 48: 13, 77: 3, 44: 16, 144: 1, 69: 6, 63: 3, 82: 2, 79: 4, 49: 6, 113: 2, 119: 3, 86: 4, 50: 5, 120: 2, 88: 4, 54: 5, 226: 1, 105: 2, 47: 11, 208: 1, 56: 6, 71: 5, 66: 4, 104: 2, 114: 2, 133: 3, 151: 1, 58: 7, 108: 2, 107: 5, 76: 2, 72: 1, 67: 6, 102: 1, 83: 2, 65: 2, 148: 1, 150: 1, 103: 1, 184: 1, 91: 1, 193: 1, 147: 1, 59: 1, 132: 1, 110: 1, 137: 1, 160: 1, 127: 2, 117: 1, 206: 1, 78: 2, 73: 3, 84: 1, 142: 1, 85: 1, 154: 1, 131: 1, 168: 1, 100: 1, 89: 1})
Burn In : acceptation/refusals by k : 0.10587280701754385
0.10587280701754385
measuring sampling gap...
considering eta 2154...
  0% (0 of 50) |                         | Elapsed Time: 0:00:00 ETA:  --:--:--
  4% (2 of 50) |#                        | Elapsed Time: 0:00:00 ETA:   0:00:02
  6% (3 of 50) |#                        | Elapsed Time: 0:00:00 ETA:   0:00:02
 10% (5 of 50) |##                       | Elapsed Time: 0:00:00 ETA:   0:00:02
 14% (7 of 50) |###                      | Elapsed Time: 0:00:00 ETA:   0:00:02
 18% (9 of 50) |####                     | Elapsed Time: 0:00:00 ETA:   0:00:01
 22% (11 of 50) |#####                   | Elapsed Time: 0:00:00 ETA:   0:00:01
 26% (13 of 50) |######                  | Elapsed Time: 0:00:00 ETA:   0:00:01
 30% (15 of 50) |#######                 | Elapsed Time: 0:00:00 ETA:   0:00:01
 34% (17 of 50) |########                | Elapsed Time: 0:00:00 ETA:   0:00:01
 38% (19 of 50) |#########               | Elapsed Time: 0:00:00 ETA:   0:00:01
 42% (21 of 50) |##########              | Elapsed Time: 0:00:01 ETA:   0:00:01
 46% (23 of 50) |###########             | Elapsed Time: 0:00:01 ETA:   0:00:01
 48% (24 of 50) |###########             | Elapsed Time: 0:00:01 ETA:   0:00:01
 52% (26 of 50) |############            | Elapsed Time: 0:00:01 ETA:   0:00:01
 56% (28 of 50) |#############           | Elapsed Time: 0:00:01 ETA:   0:00:01
 60% (30 of 50) |##############          | Elapsed Time: 0:00:01 ETA:   0:00:00
 64% (32 of 50) |###############         | Elapsed Time: 0:00:01 ETA:   0:00:00
 68% (34 of 50) |################        | Elapsed Time: 0:00:01 ETA:   0:00:00
 72% (36 of 50) |#################       | Elapsed Time: 0:00:01 ETA:   0:00:00
 76% (38 of 50) |##################      | Elapsed Time: 0:00:01 ETA:   0:00:00
 80% (40 of 50) |###################     | Elapsed Time: 0:00:01 ETA:   0:00:00
 84% (42 of 50) |####################    | Elapsed Time: 0:00:02 ETA:   0:00:00
 88% (44 of 50) |#####################   | Elapsed Time: 0:00:02 ETA:   0:00:00
 92% (46 of 50) |######################  | Elapsed Time: 0:00:02 ETA:   0:00:00
 96% (48 of 50) |####################### | Elapsed Time: 0:00:02 ETA:   0:00:00
100% (50 of 50) |########################| Elapsed Time: 0:00:02 Time:  0:00:02
eta 2154 accepted (d_eta=0 <= u=1)
trying eta=eta/2...
considering eta 1077...
eta 1077 refused (d_eta=10 <= u=1), using eta=2154. ACF at lag 1 was 0.135798.
running markov chain and checking convergence...
test statistic : -2.641669443205052,
 Markov chain is stationnary if test statistic < -2.577327011152853
Convergence : acceptation by k
(2: 211), (5: 3), (3: 16), (4: 5), 
Convergence : refusal by k
(2: 1116), (5: 84), (4: 156), (6: 51), (3: 381), (22: 1), (135: 1), (40: 2), (8: 21), (7: 29), (15: 4), (9: 14), (39: 1), (43: 2), (11: 9), (10: 17), (13: 6), (21: 1), (18: 1), (19: 1), (29: 1), (25: 2), (12: 5), (16: 1), (14: 3), (17: 1), (23: 1), (64: 1), (20: 2), (31: 1), (35: 1), (83: 1), (36: 1), 
eta estimation took 111.25018906593323 seconds
convergence took 0.1140599250793457 seconds
Writing 50 graph samples...
