Reading graph...
Initializing markov chain
Starting Markov Chain convergence...
eta estimation parameters: N_swap 49000, C 10, T 500, u 1, alpha 0.04
burn in...
defaultdict(<class 'int'>, {2: 2325, 3: 156, 4: 34, 6: 3, 5: 2})
defaultdict(<class 'int'>, {2: 28032, 6: 1150, 4: 3751, 3: 8747, 7: 709, 5: 1962, 10: 241, 15: 71, 9: 345, 8: 495, 11: 188, 32: 7, 19: 31, 18: 37, 12: 127, 16: 59, 20: 33, 22: 21, 13: 124, 46: 4, 14: 93, 21: 42, 26: 15, 23: 22, 27: 11, 24: 10, 25: 14, 30: 7, 37: 6, 38: 4, 34: 9, 31: 6, 43: 5, 29: 8, 41: 2, 17: 46, 45: 7, 35: 4, 33: 6, 42: 4, 28: 8, 44: 4, 40: 3, 36: 2, 39: 2, 47: 3, 48: 3})
Burn In : acceptation/refusals by k : 0.05142857142857143
0.05142857142857143
measuring sampling gap...
considering eta 953...
eta 953 refused (d_eta=10 <= u=1), trying eta=1906, acf = 0.14933169668203913
considering eta 1906...
eta 1906 refused (d_eta=3 <= u=1), trying eta=3812, acf = 0.035675066081141696
considering eta 3812...
eta 3812 accepted (d_eta=0 <= u=1)
running markov chain and checking convergence...
test statistic : -2.428702350274686,
 Markov chain is stationnary if test statistic < -2.5731996445713787
test statistic : -2.4305209421582825,
 Markov chain is stationnary if test statistic < -2.5732010538087113
test statistic : -3.7441476315233273,
 Markov chain is stationnary if test statistic < -2.5731996445713787
Convergence : acceptation by k
(2: 587), (3: 46), (4: 10), 
Convergence : refusal by k
(2: 6486), (3: 2033), (5: 478), (10: 69), (6: 252), (7: 172), (4: 878), (14: 23), (11: 38), (9: 95), (25: 2), (15: 19), (24: 3), (17: 11), (16: 11), (12: 33), (20: 6), (29: 1), (8: 112), (41: 2), (13: 21), (21: 5), (23: 4), (48: 1), (33: 1), (36: 3), (18: 8), (27: 3), (42: 1), (32: 1), (19: 7), (44: 1), (40: 2), (43: 1), (39: 1), (34: 1), (22: 3), (28: 1), (47: 1), (37: 1), (26: 1), (35: 1), 
eta estimation took 187.42002701759338 seconds
convergence took 0.43171143531799316 seconds
Writing 50 graph samples...
  0% (0 of 50) |                         | Elapsed Time: 0:00:00 ETA:  --:--:--
  2% (1 of 50) |                         | Elapsed Time: 0:00:00 ETA:   0:00:04
  4% (2 of 50) |#                        | Elapsed Time: 0:00:00 ETA:   0:00:04
  6% (3 of 50) |#                        | Elapsed Time: 0:00:00 ETA:   0:00:04
  8% (4 of 50) |##                       | Elapsed Time: 0:00:00 ETA:   0:00:04
 10% (5 of 50) |##                       | Elapsed Time: 0:00:00 ETA:   0:00:04
 12% (6 of 50) |###                      | Elapsed Time: 0:00:00 ETA:   0:00:04
 14% (7 of 50) |###                      | Elapsed Time: 0:00:00 ETA:   0:00:04
 16% (8 of 50) |####                     | Elapsed Time: 0:00:00 ETA:   0:00:04
 18% (9 of 50) |####                     | Elapsed Time: 0:00:00 ETA:   0:00:03
 20% (10 of 50) |####                    | Elapsed Time: 0:00:00 ETA:   0:00:03
 22% (11 of 50) |#####                   | Elapsed Time: 0:00:01 ETA:   0:00:03
 24% (12 of 50) |#####                   | Elapsed Time: 0:00:01 ETA:   0:00:03
 26% (13 of 50) |######                  | Elapsed Time: 0:00:01 ETA:   0:00:03
 28% (14 of 50) |######                  | Elapsed Time: 0:00:01 ETA:   0:00:03
 30% (15 of 50) |#######                 | Elapsed Time: 0:00:01 ETA:   0:00:03
 32% (16 of 50) |#######                 | Elapsed Time: 0:00:01 ETA:   0:00:03
 34% (17 of 50) |########                | Elapsed Time: 0:00:01 ETA:   0:00:03
 36% (18 of 50) |########                | Elapsed Time: 0:00:01 ETA:   0:00:03
 38% (19 of 50) |#########               | Elapsed Time: 0:00:01 ETA:   0:00:03
 40% (20 of 50) |#########               | Elapsed Time: 0:00:01 ETA:   0:00:02
 42% (21 of 50) |##########              | Elapsed Time: 0:00:02 ETA:   0:00:02
 44% (22 of 50) |##########              | Elapsed Time: 0:00:02 ETA:   0:00:02
 46% (23 of 50) |###########             | Elapsed Time: 0:00:02 ETA:   0:00:02
 48% (24 of 50) |###########             | Elapsed Time: 0:00:02 ETA:   0:00:02
 50% (25 of 50) |############            | Elapsed Time: 0:00:02 ETA:   0:00:02
 52% (26 of 50) |############            | Elapsed Time: 0:00:02 ETA:   0:00:02
 54% (27 of 50) |############            | Elapsed Time: 0:00:02 ETA:   0:00:02
 56% (28 of 50) |#############           | Elapsed Time: 0:00:02 ETA:   0:00:02
 58% (29 of 50) |#############           | Elapsed Time: 0:00:02 ETA:   0:00:02
 60% (30 of 50) |##############          | Elapsed Time: 0:00:02 ETA:   0:00:01
 62% (31 of 50) |##############          | Elapsed Time: 0:00:02 ETA:   0:00:01
 64% (32 of 50) |###############         | Elapsed Time: 0:00:03 ETA:   0:00:01
 66% (33 of 50) |###############         | Elapsed Time: 0:00:03 ETA:   0:00:01
 68% (34 of 50) |################        | Elapsed Time: 0:00:03 ETA:   0:00:01
 70% (35 of 50) |################        | Elapsed Time: 0:00:03 ETA:   0:00:01
 72% (36 of 50) |#################       | Elapsed Time: 0:00:03 ETA:   0:00:01
 74% (37 of 50) |#################       | Elapsed Time: 0:00:03 ETA:   0:00:01
 76% (38 of 50) |##################      | Elapsed Time: 0:00:03 ETA:   0:00:01
 78% (39 of 50) |##################      | Elapsed Time: 0:00:03 ETA:   0:00:01
 80% (40 of 50) |###################     | Elapsed Time: 0:00:03 ETA:   0:00:00
 82% (41 of 50) |###################     | Elapsed Time: 0:00:03 ETA:   0:00:00
 84% (42 of 50) |####################    | Elapsed Time: 0:00:04 ETA:   0:00:00
 86% (43 of 50) |####################    | Elapsed Time: 0:00:04 ETA:   0:00:00
 88% (44 of 50) |#####################   | Elapsed Time: 0:00:04 ETA:   0:00:00
 90% (45 of 50) |#####################   | Elapsed Time: 0:00:04 ETA:   0:00:00
 92% (46 of 50) |######################  | Elapsed Time: 0:00:04 ETA:   0:00:00
 94% (47 of 50) |######################  | Elapsed Time: 0:00:04 ETA:   0:00:00
 96% (48 of 50) |####################### | Elapsed Time: 0:00:04 ETA:   0:00:00
 98% (49 of 50) |####################### | Elapsed Time: 0:00:04 ETA:   0:00:00
100% (50 of 50) |########################| Elapsed Time: 0:00:04 Time:  0:00:04
