Reading graph...
Initializing markov chain
Starting Markov Chain convergence...
eta estimation parameters: N_swap 83000, C 10, T 500, u 1, alpha 0.04
burn in...
defaultdict(<class 'int'>, {2: 4543, 3: 376, 4: 79, 5: 21, 7: 3, 8: 1, 6: 1})
defaultdict(<class 'int'>, {4: 6406, 2: 46786, 3: 14798, 15: 120, 7: 1229, 10: 387, 17: 105, 6: 1889, 5: 3330, 9: 571, 20: 53, 8: 793, 13: 166, 37: 12, 11: 282, 16: 81, 14: 143, 26: 23, 12: 233, 18: 57, 19: 49, 23: 38, 25: 31, 54: 6, 21: 46, 41: 5, 29: 16, 43: 6, 32: 17, 22: 43, 24: 32, 52: 6, 47: 8, 31: 21, 71: 1, 48: 4, 30: 22, 65: 2, 42: 9, 36: 13, 73: 1, 55: 4, 68: 1, 46: 9, 39: 6, 27: 20, 28: 19, 40: 4, 33: 9, 49: 2, 38: 6, 34: 13, 50: 2, 45: 5, 62: 2, 81: 3, 51: 5, 79: 3, 57: 3, 60: 3, 58: 3, 35: 4, 53: 2, 80: 1, 63: 1, 59: 1, 69: 1, 66: 1, 75: 1, 67: 1, 56: 1})
Burn In : acceptation/refusals by k : 0.06053012048192771
0.06053012048192771
measuring sampling gap...
considering eta 1372...
eta 1372 refused (d_eta=10 <= u=1), trying eta=2744, acf = 0.32057322402554833
considering eta 2744...
eta 2744 refused (d_eta=10 <= u=1), trying eta=5488, acf = 0.15936949522346916
considering eta 5488...
eta 5488 refused (d_eta=4 <= u=1), trying eta=10976, acf = 0.06413297210739453
considering eta 10976...
eta 10976 refused (d_eta=2 <= u=1), trying eta=21952, acf = 0.040683843044719815
considering eta 21952...
eta 21952 accepted (d_eta=0 <= u=1)
running markov chain and checking convergence...
test statistic : -2.9949939871295945,
 Markov chain is stationnary if test statistic < -2.5687544115893544
Convergence : acceptation by k
(2: 1152), (3: 80), (4: 23), (5: 6), 
Convergence : refusal by k
(2: 12286), (3: 3981), (4: 1783), (6: 514), (5: 864), (13: 47), (7: 292), (14: 46), (12: 60), (19: 22), (17: 29), (9: 149), (10: 115), (8: 214), (16: 31), (11: 69), (34: 4), (29: 5), (25: 9), (70: 2), (38: 5), (20: 19), (18: 15), (23: 6), (15: 38), (63: 3), (26: 8), (39: 3), (22: 7), (21: 9), (27: 2), (33: 2), (40: 3), (24: 7), (80: 1), (32: 4), (30: 4), (48: 1), (28: 7), (68: 1), (35: 3), (61: 2), (37: 2), (54: 1), (36: 1), (57: 2), (43: 3), (31: 3), (50: 1), (71: 1), (78: 1), (56: 1), (72: 1), (64: 1), (44: 1), 
eta estimation took 1385.1120269298553 seconds
convergence took 1.012714147567749 seconds
Writing 50 graph samples...
  0% (0 of 50) |                         | Elapsed Time: 0:00:00 ETA:  --:--:--
  2% (1 of 50) |                         | Elapsed Time: 0:00:00 ETA:   0:00:29
  4% (2 of 50) |#                        | Elapsed Time: 0:00:01 ETA:   0:00:29
  6% (3 of 50) |#                        | Elapsed Time: 0:00:01 ETA:   0:00:28
  8% (4 of 50) |##                       | Elapsed Time: 0:00:02 ETA:   0:00:27
 10% (5 of 50) |##                       | Elapsed Time: 0:00:03 ETA:   0:00:27
 12% (6 of 50) |###                      | Elapsed Time: 0:00:03 ETA:   0:00:26
 14% (7 of 50) |###                      | Elapsed Time: 0:00:04 ETA:   0:00:26
 16% (8 of 50) |####                     | Elapsed Time: 0:00:04 ETA:   0:00:25
 18% (9 of 50) |####                     | Elapsed Time: 0:00:05 ETA:   0:00:24
 20% (10 of 50) |####                    | Elapsed Time: 0:00:06 ETA:   0:00:24
 22% (11 of 50) |#####                   | Elapsed Time: 0:00:06 ETA:   0:00:23
 24% (12 of 50) |#####                   | Elapsed Time: 0:00:07 ETA:   0:00:23
 26% (13 of 50) |######                  | Elapsed Time: 0:00:07 ETA:   0:00:22
 28% (14 of 50) |######                  | Elapsed Time: 0:00:08 ETA:   0:00:21
 30% (15 of 50) |#######                 | Elapsed Time: 0:00:09 ETA:   0:00:21
 32% (16 of 50) |#######                 | Elapsed Time: 0:00:09 ETA:   0:00:20
 34% (17 of 50) |########                | Elapsed Time: 0:00:10 ETA:   0:00:20
 36% (18 of 50) |########                | Elapsed Time: 0:00:10 ETA:   0:00:19
 38% (19 of 50) |#########               | Elapsed Time: 0:00:11 ETA:   0:00:18
 40% (20 of 50) |#########               | Elapsed Time: 0:00:12 ETA:   0:00:18
 42% (21 of 50) |##########              | Elapsed Time: 0:00:12 ETA:   0:00:17
 44% (22 of 50) |##########              | Elapsed Time: 0:00:13 ETA:   0:00:17
 46% (23 of 50) |###########             | Elapsed Time: 0:00:14 ETA:   0:00:16
 48% (24 of 50) |###########             | Elapsed Time: 0:00:14 ETA:   0:00:15
 50% (25 of 50) |############            | Elapsed Time: 0:00:15 ETA:   0:00:15
 52% (26 of 50) |############            | Elapsed Time: 0:00:15 ETA:   0:00:14
 54% (27 of 50) |############            | Elapsed Time: 0:00:16 ETA:   0:00:14
 56% (28 of 50) |#############           | Elapsed Time: 0:00:17 ETA:   0:00:13
 58% (29 of 50) |#############           | Elapsed Time: 0:00:17 ETA:   0:00:12
 60% (30 of 50) |##############          | Elapsed Time: 0:00:18 ETA:   0:00:12
 62% (31 of 50) |##############          | Elapsed Time: 0:00:18 ETA:   0:00:11
 64% (32 of 50) |###############         | Elapsed Time: 0:00:19 ETA:   0:00:10
 66% (33 of 50) |###############         | Elapsed Time: 0:00:20 ETA:   0:00:10
 68% (34 of 50) |################        | Elapsed Time: 0:00:20 ETA:   0:00:09
 70% (35 of 50) |################        | Elapsed Time: 0:00:21 ETA:   0:00:09
 72% (36 of 50) |#################       | Elapsed Time: 0:00:21 ETA:   0:00:08
 74% (37 of 50) |#################       | Elapsed Time: 0:00:22 ETA:   0:00:07
 76% (38 of 50) |##################      | Elapsed Time: 0:00:23 ETA:   0:00:07
 78% (39 of 50) |##################      | Elapsed Time: 0:00:23 ETA:   0:00:06
 80% (40 of 50) |###################     | Elapsed Time: 0:00:24 ETA:   0:00:06
 82% (41 of 50) |###################     | Elapsed Time: 0:00:25 ETA:   0:00:05
 84% (42 of 50) |####################    | Elapsed Time: 0:00:25 ETA:   0:00:04
 86% (43 of 50) |####################    | Elapsed Time: 0:00:26 ETA:   0:00:04
 88% (44 of 50) |#####################   | Elapsed Time: 0:00:26 ETA:   0:00:03
 90% (45 of 50) |#####################   | Elapsed Time: 0:00:27 ETA:   0:00:03
 92% (46 of 50) |######################  | Elapsed Time: 0:00:28 ETA:   0:00:02
 94% (47 of 50) |######################  | Elapsed Time: 0:00:28 ETA:   0:00:01
 96% (48 of 50) |####################### | Elapsed Time: 0:00:29 ETA:   0:00:01
 98% (49 of 50) |####################### | Elapsed Time: 0:00:29 ETA:   0:00:00
100% (50 of 50) |########################| Elapsed Time: 0:00:30 Time:  0:00:30
