Reading graph...
Initializing markov chain
Starting Markov Chain convergence...
eta estimation parameters: N_swap 233000, C 10, T 500, u 1, alpha 0.04
burn in...
defaultdict(<class 'int'>, {3: 3945, 4: 1207, 2: 32219, 6: 165, 5: 390, 7: 66, 8: 27, 9: 11, 10: 4, 12: 1, 11: 1, 13: 1, 15: 1})
defaultdict(<class 'int'>, {3: 38770, 2: 112390, 4: 16471, 6: 5157, 9: 1621, 5: 8725, 10: 1134, 7: 3229, 16: 274, 8: 2273, 29: 51, 11: 858, 12: 685, 37: 19, 19: 153, 14: 416, 17: 260, 13: 502, 18: 203, 48: 13, 31: 44, 22: 87, 41: 13, 39: 18, 135: 3, 15: 358, 43: 16, 26: 75, 28: 45, 46: 18, 45: 15, 23: 106, 42: 17, 47: 13, 27: 59, 20: 141, 61: 12, 21: 129, 175: 2, 25: 67, 30: 46, 34: 38, 71: 3, 76: 5, 38: 19, 59: 6, 44: 15, 54: 9, 63: 6, 40: 21, 57: 6, 65: 1, 35: 17, 79: 2, 32: 33, 24: 67, 51: 9, 53: 10, 50: 5, 36: 35, 68: 2, 33: 29, 64: 5, 178: 1, 84: 1, 97: 2, 95: 4, 153: 1, 194: 1, 52: 6, 98: 1, 93: 1, 83: 3, 155: 1, 72: 2, 174: 1, 56: 7, 58: 6, 157: 1, 110: 4, 69: 4, 55: 6, 60: 5, 87: 5, 102: 1, 183: 1, 78: 1, 128: 1, 74: 2, 77: 1, 67: 2, 172: 1, 62: 5, 88: 2, 115: 1, 49: 7, 80: 1, 89: 2, 99: 2, 66: 3, 81: 2, 108: 1, 82: 2, 101: 1, 120: 1, 168: 1, 122: 1, 73: 3, 192: 1, 119: 1, 137: 1, 181: 1, 163: 1, 124: 1, 127: 1, 152: 1, 131: 1, 85: 1, 70: 1, 90: 1, 125: 1, 149: 2, 91: 2, 166: 1, 75: 1, 220: 1, 145: 1, 118: 1, 210: 1})
Burn In : acceptation/refusals by k : 0.16325321888412017
0.16325321888412017
measuring sampling gap...
considering eta 1428...
  0% (0 of 50) |                         | Elapsed Time: 0:00:00 ETA:  --:--:--
  4% (2 of 50) |#                        | Elapsed Time: 0:00:00 ETA:   0:00:01
  8% (4 of 50) |##                       | Elapsed Time: 0:00:00 ETA:   0:00:01
 12% (6 of 50) |###                      | Elapsed Time: 0:00:00 ETA:   0:00:01
 16% (8 of 50) |####                     | Elapsed Time: 0:00:00 ETA:   0:00:01
 20% (10 of 50) |####                    | Elapsed Time: 0:00:00 ETA:   0:00:01
 24% (12 of 50) |#####                   | Elapsed Time: 0:00:00 ETA:   0:00:01
 28% (14 of 50) |######                  | Elapsed Time: 0:00:00 ETA:   0:00:01
 32% (16 of 50) |#######                 | Elapsed Time: 0:00:00 ETA:   0:00:01
 36% (18 of 50) |########                | Elapsed Time: 0:00:00 ETA:   0:00:01
 40% (20 of 50) |#########               | Elapsed Time: 0:00:00 ETA:   0:00:00
 44% (22 of 50) |##########              | Elapsed Time: 0:00:00 ETA:   0:00:00
 48% (24 of 50) |###########             | Elapsed Time: 0:00:00 ETA:   0:00:00
 52% (26 of 50) |############            | Elapsed Time: 0:00:00 ETA:   0:00:00
 56% (28 of 50) |#############           | Elapsed Time: 0:00:00 ETA:   0:00:00
 60% (30 of 50) |##############          | Elapsed Time: 0:00:00 ETA:   0:00:00
 64% (32 of 50) |###############         | Elapsed Time: 0:00:01 ETA:   0:00:00
 68% (34 of 50) |################        | Elapsed Time: 0:00:01 ETA:   0:00:00
 72% (36 of 50) |#################       | Elapsed Time: 0:00:01 ETA:   0:00:00
 76% (38 of 50) |##################      | Elapsed Time: 0:00:01 ETA:   0:00:00
 80% (40 of 50) |###################     | Elapsed Time: 0:00:01 ETA:   0:00:00
 84% (42 of 50) |####################    | Elapsed Time: 0:00:01 ETA:   0:00:00
 88% (44 of 50) |#####################   | Elapsed Time: 0:00:01 ETA:   0:00:00
 92% (46 of 50) |######################  | Elapsed Time: 0:00:01 ETA:   0:00:00
 96% (48 of 50) |####################### | Elapsed Time: 0:00:01 ETA:   0:00:00
100% (50 of 50) |########################| Elapsed Time: 0:00:01 Time:  0:00:01
eta 1428 accepted (d_eta=1 <= u=1)
trying eta=eta/2...
considering eta 714...
eta 714 refused (d_eta=10 <= u=1), using eta=1428. ACF at lag 1 was 0.147677.
running markov chain and checking convergence...
test statistic : -1.546530623196187,
 Markov chain is stationnary if test statistic < -2.5821749274794272
test statistic : -0.5589039108719718,
 Markov chain is stationnary if test statistic < -2.5821349324107743
test statistic : -1.214067669917422,
 Markov chain is stationnary if test statistic < -2.5821349324107743
test statistic : -1.8802684943195083,
 Markov chain is stationnary if test statistic < -2.5821349324107743
test statistic : -0.9271127842208755,
 Markov chain is stationnary if test statistic < -2.5821349324107743
test statistic : -1.1953258873948933,
 Markov chain is stationnary if test statistic < -2.5821950089271124
test statistic : -1.544229346166176,
 Markov chain is stationnary if test statistic < -2.5821349324107743
test statistic : -0.6320293638840534,
 Markov chain is stationnary if test statistic < -2.5821349324107743
test statistic : -2.3706739757520894,
 Markov chain is stationnary if test statistic < -2.5821349324107743
test statistic : -1.0268480148906092,
 Markov chain is stationnary if test statistic < -2.5821349324107743
test statistic : -1.6930984278797456,
 Markov chain is stationnary if test statistic < -2.5821349324107743
test statistic : 0.389684856274001,
 Markov chain is stationnary if test statistic < -2.5821349324107743
test statistic : -0.5503718034405164,
 Markov chain is stationnary if test statistic < -2.5821349324107743
test statistic : -1.2153522547376079,
 Markov chain is stationnary if test statistic < -2.5821449102727
test statistic : -1.0294572015301364,
 Markov chain is stationnary if test statistic < -2.5821349324107743
test statistic : -1.1370170000826605,
 Markov chain is stationnary if test statistic < -2.5821449102727
test statistic : -1.9669189487876713,
 Markov chain is stationnary if test statistic < -2.5821749274794272
test statistic : -0.8607265058818381,
 Markov chain is stationnary if test statistic < -2.5821349324107743
test statistic : -1.2526170411589588,
 Markov chain is stationnary if test statistic < -2.5821349324107743
test statistic : -2.1034364180219067,
 Markov chain is stationnary if test statistic < -2.5821349324107743
test statistic : -1.3844328406427941,
 Markov chain is stationnary if test statistic < -2.5821349324107743
test statistic : -0.7420332111184673,
 Markov chain is stationnary if test statistic < -2.5821349324107743
test statistic : -1.0147430073585009,
 Markov chain is stationnary if test statistic < -2.5821349324107743
test statistic : -2.637641018646537,
 Markov chain is stationnary if test statistic < -2.5821349324107743
Convergence : acceptation by k
(2: 4640), (3: 552), (4: 183), (5: 59), (6: 28), (7: 10), (10: 1), (8: 3), 
Convergence : refusal by k
(3: 5701), (4: 2449), (5: 1255), (2: 16639), (9: 240), (12: 96), (7: 501), (42: 4), (6: 754), (11: 136), (10: 166), (17: 41), (20: 14), (14: 53), (13: 87), (25: 8), (76: 3), (8: 340), (35: 3), (41: 3), (16: 35), (52: 2), (61: 1), (40: 5), (21: 21), (34: 4), (28: 7), (56: 2), (47: 2), (23: 20), (37: 2), (15: 43), (19: 20), (27: 11), (64: 3), (46: 1), (39: 3), (26: 7), (22: 12), (18: 29), (36: 5), (24: 13), (33: 4), (58: 1), (29: 4), (72: 2), (159: 1), (54: 1), (85: 1), (106: 1), (115: 1), (185: 1), (44: 3), (50: 2), (78: 2), (68: 2), (32: 4), (38: 2), (104: 1), (43: 1), (30: 5), (53: 1), (108: 1), (31: 3), (74: 1), (140: 1), (48: 1), (70: 1), (57: 2), (60: 2), (87: 1), (45: 1), (59: 1), 
eta estimation took 77.31538438796997 seconds
convergence took 1.0874972343444824 seconds
Writing 50 graph samples...
