Reading graph...
Initializing markov chain
Starting Markov Chain convergence...
eta estimation parameters: N_swap 68000, C 10, T 500, u 1, alpha 0.04
burn in...
defaultdict(<class 'int'>, {2: 1785, 5: 4, 3: 83, 4: 13, 6: 3})
defaultdict(<class 'int'>, {6: 1635, 2: 40375, 5: 2647, 3: 12305, 4: 5223, 7: 993, 9: 441, 12: 199, 8: 673, 17: 74, 20: 44, 18: 63, 15: 103, 10: 358, 23: 23, 13: 142, 38: 6, 11: 229, 16: 81, 25: 25, 21: 40, 14: 118, 19: 52, 54: 1, 34: 12, 26: 16, 40: 4, 35: 5, 41: 6, 24: 27, 27: 21, 30: 12, 31: 11, 28: 18, 57: 2, 22: 21, 36: 9, 37: 12, 32: 11, 29: 7, 33: 10, 49: 6, 55: 2, 61: 2, 47: 6, 48: 5, 63: 4, 43: 4, 45: 3, 51: 2, 59: 3, 42: 2, 44: 4, 46: 2, 53: 2, 50: 3, 39: 4, 56: 1, 65: 1, 60: 1, 62: 1})
Burn In : acceptation/refusals by k : 0.02776470588235294
0.02776470588235294
measuring sampling gap...
considering eta 2450...
  0% (0 of 50) |                         | Elapsed Time: 0:00:00 ETA:  --:--:--
  2% (1 of 50) |                         | Elapsed Time: 0:00:00 ETA:   0:00:20
  4% (2 of 50) |#                        | Elapsed Time: 0:00:00 ETA:   0:00:20
  6% (3 of 50) |#                        | Elapsed Time: 0:00:01 ETA:   0:00:19
  8% (4 of 50) |##                       | Elapsed Time: 0:00:01 ETA:   0:00:19
 10% (5 of 50) |##                       | Elapsed Time: 0:00:02 ETA:   0:00:19
 12% (6 of 50) |###                      | Elapsed Time: 0:00:02 ETA:   0:00:18
 14% (7 of 50) |###                      | Elapsed Time: 0:00:02 ETA:   0:00:18
 16% (8 of 50) |####                     | Elapsed Time: 0:00:03 ETA:   0:00:17
 18% (9 of 50) |####                     | Elapsed Time: 0:00:03 ETA:   0:00:17
 20% (10 of 50) |####                    | Elapsed Time: 0:00:04 ETA:   0:00:16
 22% (11 of 50) |#####                   | Elapsed Time: 0:00:04 ETA:   0:00:16
 24% (12 of 50) |#####                   | Elapsed Time: 0:00:05 ETA:   0:00:16
 26% (13 of 50) |######                  | Elapsed Time: 0:00:05 ETA:   0:00:15
 28% (14 of 50) |######                  | Elapsed Time: 0:00:05 ETA:   0:00:15
 30% (15 of 50) |#######                 | Elapsed Time: 0:00:06 ETA:   0:00:14
 32% (16 of 50) |#######                 | Elapsed Time: 0:00:06 ETA:   0:00:14
 34% (17 of 50) |########                | Elapsed Time: 0:00:07 ETA:   0:00:13
 36% (18 of 50) |########                | Elapsed Time: 0:00:07 ETA:   0:00:13
 38% (19 of 50) |#########               | Elapsed Time: 0:00:08 ETA:   0:00:13
 40% (20 of 50) |#########               | Elapsed Time: 0:00:08 ETA:   0:00:12
 42% (21 of 50) |##########              | Elapsed Time: 0:00:08 ETA:   0:00:12
 44% (22 of 50) |##########              | Elapsed Time: 0:00:09 ETA:   0:00:11
 46% (23 of 50) |###########             | Elapsed Time: 0:00:09 ETA:   0:00:11
 48% (24 of 50) |###########             | Elapsed Time: 0:00:10 ETA:   0:00:11
 50% (25 of 50) |############            | Elapsed Time: 0:00:10 ETA:   0:00:10
 52% (26 of 50) |############            | Elapsed Time: 0:00:11 ETA:   0:00:10
 54% (27 of 50) |############            | Elapsed Time: 0:00:11 ETA:   0:00:09
 56% (28 of 50) |#############           | Elapsed Time: 0:00:11 ETA:   0:00:09
 58% (29 of 50) |#############           | Elapsed Time: 0:00:12 ETA:   0:00:08
 60% (30 of 50) |##############          | Elapsed Time: 0:00:12 ETA:   0:00:08
 62% (31 of 50) |##############          | Elapsed Time: 0:00:13 ETA:   0:00:08
 64% (32 of 50) |###############         | Elapsed Time: 0:00:13 ETA:   0:00:07
 66% (33 of 50) |###############         | Elapsed Time: 0:00:13 ETA:   0:00:07
 68% (34 of 50) |################        | Elapsed Time: 0:00:14 ETA:   0:00:06
 70% (35 of 50) |################        | Elapsed Time: 0:00:14 ETA:   0:00:06
 72% (36 of 50) |#################       | Elapsed Time: 0:00:15 ETA:   0:00:05
 74% (37 of 50) |#################       | Elapsed Time: 0:00:15 ETA:   0:00:05
 76% (38 of 50) |##################      | Elapsed Time: 0:00:16 ETA:   0:00:05
 78% (39 of 50) |##################      | Elapsed Time: 0:00:16 ETA:   0:00:04
 80% (40 of 50) |###################     | Elapsed Time: 0:00:16 ETA:   0:00:04
 82% (41 of 50) |###################     | Elapsed Time: 0:00:17 ETA:   0:00:03
 84% (42 of 50) |####################    | Elapsed Time: 0:00:17 ETA:   0:00:03
 86% (43 of 50) |####################    | Elapsed Time: 0:00:18 ETA:   0:00:02
 88% (44 of 50) |#####################   | Elapsed Time: 0:00:18 ETA:   0:00:02
 90% (45 of 50) |#####################   | Elapsed Time: 0:00:19 ETA:   0:00:02
 92% (46 of 50) |######################  | Elapsed Time: 0:00:19 ETA:   0:00:01
 94% (47 of 50) |######################  | Elapsed Time: 0:00:19 ETA:   0:00:01
 96% (48 of 50) |####################### | Elapsed Time: 0:00:20 ETA:   0:00:00
 98% (49 of 50) |####################### | Elapsed Time: 0:00:20 ETA:   0:00:00
100% (50 of 50) |########################| Elapsed Time: 0:00:21 Time:  0:00:21
eta 2450 refused (d_eta=9 <= u=1), trying eta=4900, acf = 0.10613169756827495
considering eta 4900...
eta 4900 refused (d_eta=4 <= u=1), trying eta=9800, acf = 0.06255331621639065
considering eta 9800...
eta 9800 refused (d_eta=3 <= u=1), trying eta=19600, acf = 0.04676748425652934
considering eta 19600...
eta 19600 accepted (d_eta=0 <= u=1)
running markov chain and checking convergence...
test statistic : -5.035619531202164,
 Markov chain is stationnary if test statistic < -2.5688664690398397
Convergence : acceptation by k
(2: 539), (4: 8), (3: 27), (5: 1), 
Convergence : refusal by k
(3: 3503), (2: 11535), (5: 842), (6: 449), (4: 1549), (7: 296), (17: 13), (8: 196), (10: 108), (13: 35), (18: 15), (15: 32), (12: 58), (11: 71), (42: 1), (9: 129), (19: 17), (16: 26), (34: 2), (22: 5), (21: 12), (32: 1), (38: 3), (55: 1), (14: 46), (20: 16), (35: 4), (25: 5), (31: 4), (46: 1), (28: 4), (26: 5), (23: 7), (24: 6), (33: 1), (27: 4), (29: 5), (49: 1), (53: 1), (30: 2), (40: 2), (41: 1), (48: 1), (45: 1), (44: 1), (52: 1), (39: 1), (54: 2), (51: 1), (58: 1), (37: 1), (43: 1), 
eta estimation took 905.3420765399933 seconds
convergence took 0.7428970336914062 seconds
Writing 50 graph samples...
