Reading graph...
Initializing markov chain
Starting Markov Chain convergence...
eta estimation parameters: N_swap 38000, C 10, T 500, u 1, alpha 0.04
burn in...
defaultdict(<class 'int'>, {2: 490, 3: 22, 4: 1})
defaultdict(<class 'int'>, {4: 2993, 2: 22840, 28: 12, 3: 7066, 9: 266, 5: 1483, 6: 880, 8: 372, 11: 150, 17: 36, 7: 559, 25: 11, 22: 21, 13: 90, 21: 21, 12: 116, 20: 25, 16: 49, 10: 202, 14: 69, 19: 28, 29: 13, 15: 50, 23: 14, 18: 42, 35: 5, 31: 4, 27: 17, 36: 7, 24: 17, 33: 5, 37: 6, 26: 10, 30: 4, 32: 1, 34: 3})
Burn In : acceptation/refusals by k : 0.0135
0.0135
measuring sampling gap...
considering eta 2815...
eta 2815 refused (d_eta=10 <= u=1), trying eta=5630.
considering eta 5630...
eta 5630 refused (d_eta=10 <= u=1), trying eta=11260.
considering eta 11260...
eta 11260 refused (d_eta=10 <= u=1), trying eta=22520.
considering eta 22520...
eta 22520 refused (d_eta=10 <= u=1), trying eta=45040.
considering eta 45040...
eta 45040 refused (d_eta=9 <= u=1), trying eta=90080.
considering eta 90080...
/home/morandeau/PKS_method/PKS_method/venv/lib/python3.13/site-packages/joblib/externals/loky/backend/resource_tracker.py:359: UserWarning: resource_tracker: There appear to be 11 leaked semlock objects to clean up at shutdown
  warnings.warn(
/home/morandeau/PKS_method/PKS_method/venv/lib/python3.13/site-packages/joblib/externals/loky/backend/resource_tracker.py:359: UserWarning: resource_tracker: There appear to be 7 leaked folder objects to clean up at shutdown
  warnings.warn(
