Reading graph...
Initializing markov chain
Starting Markov Chain convergence...
eta estimation parameters: N_swap 86000, C 10, T 500, u 1, alpha 0.04
burn in...
defaultdict(<class 'int'>, {3: 33, 2: 1382, 4: 5})
defaultdict(<class 'int'>, {2: 51708, 5: 3457, 7: 1218, 4: 6598, 3: 15854, 14: 160, 11: 299, 6: 1980, 8: 913, 19: 62, 13: 203, 18: 71, 46: 4, 10: 408, 15: 121, 40: 5, 16: 106, 9: 592, 56: 4, 21: 51, 25: 23, 78: 1, 12: 241, 45: 5, 24: 20, 33: 8, 38: 12, 27: 13, 28: 24, 29: 18, 17: 96, 42: 5, 32: 21, 23: 26, 20: 51, 22: 40, 51: 3, 30: 12, 35: 14, 36: 5, 50: 5, 44: 3, 54: 6, 41: 6, 31: 17, 79: 2, 26: 25, 47: 4, 53: 3, 34: 4, 83: 1, 72: 2, 55: 3, 67: 2, 49: 2, 65: 1, 57: 3, 60: 2, 37: 6, 63: 2, 68: 2, 69: 1, 64: 2, 76: 1, 62: 2, 43: 4, 82: 1, 58: 2, 39: 7, 59: 2, 48: 1, 61: 2, 81: 1, 80: 1})
Burn In : acceptation/refusals by k : 0.016511627906976745
0.016511627906976745
measuring sampling gap...
considering eta 5209...
  0% (0 of 50) |                         | Elapsed Time: 0:00:00 ETA:  --:--:--
  2% (1 of 50) |                         | Elapsed Time: 0:00:00 ETA:   0:00:05
  4% (2 of 50) |#                        | Elapsed Time: 0:00:00 ETA:   0:00:05
  6% (3 of 50) |#                        | Elapsed Time: 0:00:00 ETA:   0:00:05
  8% (4 of 50) |##                       | Elapsed Time: 0:00:00 ETA:   0:00:05
 10% (5 of 50) |##                       | Elapsed Time: 0:00:00 ETA:   0:00:05
 12% (6 of 50) |###                      | Elapsed Time: 0:00:00 ETA:   0:00:05
 14% (7 of 50) |###                      | Elapsed Time: 0:00:00 ETA:   0:00:05
 16% (8 of 50) |####                     | Elapsed Time: 0:00:00 ETA:   0:00:05
 18% (9 of 50) |####                     | Elapsed Time: 0:00:01 ETA:   0:00:05
 20% (10 of 50) |####                    | Elapsed Time: 0:00:01 ETA:   0:00:04
 22% (11 of 50) |#####                   | Elapsed Time: 0:00:01 ETA:   0:00:04
 24% (12 of 50) |#####                   | Elapsed Time: 0:00:01 ETA:   0:00:04
 26% (13 of 50) |######                  | Elapsed Time: 0:00:01 ETA:   0:00:04
 28% (14 of 50) |######                  | Elapsed Time: 0:00:01 ETA:   0:00:04
 30% (15 of 50) |#######                 | Elapsed Time: 0:00:01 ETA:   0:00:04
 32% (16 of 50) |#######                 | Elapsed Time: 0:00:01 ETA:   0:00:04
 34% (17 of 50) |########                | Elapsed Time: 0:00:02 ETA:   0:00:04
 36% (18 of 50) |########                | Elapsed Time: 0:00:02 ETA:   0:00:03
 38% (19 of 50) |#########               | Elapsed Time: 0:00:02 ETA:   0:00:03
 40% (20 of 50) |#########               | Elapsed Time: 0:00:02 ETA:   0:00:03
 42% (21 of 50) |##########              | Elapsed Time: 0:00:02 ETA:   0:00:03
 44% (22 of 50) |##########              | Elapsed Time: 0:00:02 ETA:   0:00:03
 46% (23 of 50) |###########             | Elapsed Time: 0:00:02 ETA:   0:00:03
 48% (24 of 50) |###########             | Elapsed Time: 0:00:02 ETA:   0:00:03
 50% (25 of 50) |############            | Elapsed Time: 0:00:03 ETA:   0:00:03
 52% (26 of 50) |############            | Elapsed Time: 0:00:03 ETA:   0:00:02
 54% (27 of 50) |############            | Elapsed Time: 0:00:03 ETA:   0:00:02
 56% (28 of 50) |#############           | Elapsed Time: 0:00:03 ETA:   0:00:02
 58% (29 of 50) |#############           | Elapsed Time: 0:00:03 ETA:   0:00:02
 60% (30 of 50) |##############          | Elapsed Time: 0:00:03 ETA:   0:00:02
 62% (31 of 50) |##############          | Elapsed Time: 0:00:03 ETA:   0:00:02
 64% (32 of 50) |###############         | Elapsed Time: 0:00:03 ETA:   0:00:02
 66% (33 of 50) |###############         | Elapsed Time: 0:00:04 ETA:   0:00:02
 68% (34 of 50) |################        | Elapsed Time: 0:00:04 ETA:   0:00:01
 70% (35 of 50) |################        | Elapsed Time: 0:00:04 ETA:   0:00:01
 72% (36 of 50) |#################       | Elapsed Time: 0:00:04 ETA:   0:00:01
 74% (37 of 50) |#################       | Elapsed Time: 0:00:04 ETA:   0:00:01
 76% (38 of 50) |##################      | Elapsed Time: 0:00:04 ETA:   0:00:01
 78% (39 of 50) |##################      | Elapsed Time: 0:00:04 ETA:   0:00:01
 80% (40 of 50) |###################     | Elapsed Time: 0:00:04 ETA:   0:00:01
 82% (41 of 50) |###################     | Elapsed Time: 0:00:04 ETA:   0:00:01
 84% (42 of 50) |####################    | Elapsed Time: 0:00:05 ETA:   0:00:00
 86% (43 of 50) |####################    | Elapsed Time: 0:00:05 ETA:   0:00:00
 88% (44 of 50) |#####################   | Elapsed Time: 0:00:05 ETA:   0:00:00
 90% (45 of 50) |#####################   | Elapsed Time: 0:00:05 ETA:   0:00:00
 92% (46 of 50) |######################  | Elapsed Time: 0:00:05 ETA:   0:00:00
 94% (47 of 50) |######################  | Elapsed Time: 0:00:05 ETA:   0:00:00
 96% (48 of 50) |####################### | Elapsed Time: 0:00:05 ETA:   0:00:00
 98% (49 of 50) |####################### | Elapsed Time: 0:00:05 ETA:   0:00:00
100% (50 of 50) |########################| Elapsed Time: 0:00:06 Time:  0:00:06
ACF stability...
eta 5209 accepted (d_eta=0 <= u=1)
running markov chain and checking convergence...
test statistic : -2.4361161278347594,
 Markov chain is stationnary if test statistic < -2.571758505809956
test statistic : -1.1929881996681873,
 Markov chain is stationnary if test statistic < -2.5717592613050146
test statistic : -1.1375353436564892,
 Markov chain is stationnary if test statistic < -2.5717774804952014
test statistic : -2.264117238955194,
 Markov chain is stationnary if test statistic < -2.5717645578926507
test statistic : -1.2675418489883152,
 Markov chain is stationnary if test statistic < -2.571758505809956
test statistic : -1.998672435387086,
 Markov chain is stationnary if test statistic < -2.571758505809956
test statistic : -1.4317178179277572,
 Markov chain is stationnary if test statistic < -2.571758505809956
test statistic : -2.4031966839729244,
 Markov chain is stationnary if test statistic < -2.5717592613050146
test statistic : -3.2130602061818405,
 Markov chain is stationnary if test statistic < -2.5717638003658667
Convergence : acceptation by k
(2: 780), (3: 18), (4: 3), 
Convergence : refusal by k
(2: 28153), (8: 481), (3: 8672), (5: 1851), (7: 699), (12: 142), (4: 3629), (15: 68), (13: 107), (9: 347), (27: 9), (6: 1048), (10: 205), (20: 23), (14: 87), (17: 33), (11: 165), (33: 11), (23: 13), (21: 30), (25: 11), (53: 5), (31: 6), (19: 34), (36: 4), (40: 4), (16: 52), (68: 1), (38: 2), (29: 13), (37: 4), (22: 20), (18: 33), (26: 11), (30: 10), (44: 4), (76: 1), (32: 6), (35: 13), (52: 3), (24: 18), (28: 9), (34: 5), (59: 1), (43: 2), (49: 4), (70: 3), (66: 2), (39: 6), (83: 1), (50: 1), (51: 1), (48: 1), (47: 1), (63: 1), (46: 2), (41: 3), (79: 1), (61: 1), (58: 1), (42: 3), (54: 1), (64: 1), (75: 1), 
eta estimation took 126.14456367492676 seconds
convergence took 1.5555534362792969 seconds
Writing 50 graph samples...
