Reading graph...
Initializing markov chain
Starting Markov Chain convergence...
eta estimation parameters: N_swap 303000, C 10, T 500, u 1, alpha 0.04
burn in...
defaultdict(<class 'int'>, {2: 42268, 4: 1675, 3: 5167, 7: 88, 5: 522, 6: 202, 8: 38, 9: 16, 12: 5, 10: 5, 13: 1, 11: 2, 19: 1, 16: 1})
defaultdict(<class 'int'>, {3: 50371, 2: 144899, 6: 6826, 11: 1085, 5: 11512, 8: 2927, 10: 1524, 9: 2075, 4: 21794, 30: 71, 12: 877, 13: 720, 21: 171, 7: 4223, 44: 23, 14: 530, 17: 309, 20: 189, 18: 260, 16: 345, 31: 49, 28: 86, 19: 217, 40: 28, 15: 446, 54: 9, 91: 2, 53: 9, 24: 118, 26: 70, 34: 31, 25: 100, 65: 4, 33: 42, 110: 3, 36: 40, 37: 28, 22: 139, 39: 21, 69: 9, 23: 149, 93: 5, 27: 104, 95: 3, 88: 2, 181: 1, 64: 7, 60: 9, 59: 7, 78: 6, 47: 10, 41: 25, 29: 54, 106: 1, 50: 12, 86: 4, 55: 8, 35: 32, 45: 19, 32: 47, 49: 20, 67: 8, 82: 2, 70: 5, 301: 1, 38: 24, 75: 7, 56: 7, 51: 11, 72: 3, 52: 6, 89: 2, 43: 14, 48: 14, 92: 3, 149: 1, 46: 18, 61: 8, 216: 1, 265: 1, 97: 1, 192: 1, 81: 4, 74: 4, 287: 1, 58: 15, 94: 1, 66: 6, 228: 1, 79: 5, 68: 3, 77: 1, 63: 1, 87: 3, 107: 3, 42: 25, 126: 1, 104: 1, 73: 6, 120: 1, 62: 4, 148: 1, 167: 2, 170: 1, 96: 1, 119: 2, 297: 1, 122: 3, 71: 5, 273: 1, 116: 1, 125: 2, 100: 2, 114: 2, 85: 3, 109: 3, 190: 1, 141: 1, 80: 1, 139: 1, 130: 1, 57: 4, 177: 1, 76: 1, 127: 1, 162: 1, 222: 1, 144: 1, 99: 1, 197: 1, 142: 1, 251: 1, 132: 1, 182: 1, 113: 1, 98: 1, 101: 2, 206: 1, 240: 1, 202: 1, 118: 2, 90: 3, 160: 1, 295: 1, 108: 2, 124: 2, 83: 2, 115: 1, 147: 1, 151: 1, 153: 1, 173: 1, 203: 1, 140: 1})
Burn In : acceptation/refusals by k : 0.16498679867986799
0.16498679867986799
measuring sampling gap...
considering eta 1837...
  0% (0 of 50) |                         | Elapsed Time: 0:00:00 ETA:  --:--:--
  2% (1 of 50) |                         | Elapsed Time: 0:00:00 ETA:   0:00:04
  4% (2 of 50) |#                        | Elapsed Time: 0:00:00 ETA:   0:00:04
  6% (3 of 50) |#                        | Elapsed Time: 0:00:00 ETA:   0:00:03
  8% (4 of 50) |##                       | Elapsed Time: 0:00:00 ETA:   0:00:03
 10% (5 of 50) |##                       | Elapsed Time: 0:00:00 ETA:   0:00:03
 12% (6 of 50) |###                      | Elapsed Time: 0:00:00 ETA:   0:00:03
 14% (7 of 50) |###                      | Elapsed Time: 0:00:00 ETA:   0:00:03
 16% (8 of 50) |####                     | Elapsed Time: 0:00:00 ETA:   0:00:03
 18% (9 of 50) |####                     | Elapsed Time: 0:00:00 ETA:   0:00:03
 20% (10 of 50) |####                    | Elapsed Time: 0:00:00 ETA:   0:00:03
 22% (11 of 50) |#####                   | Elapsed Time: 0:00:00 ETA:   0:00:03
 24% (12 of 50) |#####                   | Elapsed Time: 0:00:00 ETA:   0:00:03
 26% (13 of 50) |######                  | Elapsed Time: 0:00:01 ETA:   0:00:03
 28% (14 of 50) |######                  | Elapsed Time: 0:00:01 ETA:   0:00:02
 30% (15 of 50) |#######                 | Elapsed Time: 0:00:01 ETA:   0:00:02
 32% (16 of 50) |#######                 | Elapsed Time: 0:00:01 ETA:   0:00:02
 34% (17 of 50) |########                | Elapsed Time: 0:00:01 ETA:   0:00:02
 36% (18 of 50) |########                | Elapsed Time: 0:00:01 ETA:   0:00:02
 38% (19 of 50) |#########               | Elapsed Time: 0:00:01 ETA:   0:00:02
 40% (20 of 50) |#########               | Elapsed Time: 0:00:01 ETA:   0:00:02
 42% (21 of 50) |##########              | Elapsed Time: 0:00:01 ETA:   0:00:02
 44% (22 of 50) |##########              | Elapsed Time: 0:00:01 ETA:   0:00:02
 46% (23 of 50) |###########             | Elapsed Time: 0:00:01 ETA:   0:00:02
 48% (24 of 50) |###########             | Elapsed Time: 0:00:02 ETA:   0:00:02
 50% (25 of 50) |############            | Elapsed Time: 0:00:02 ETA:   0:00:02
 52% (26 of 50) |############            | Elapsed Time: 0:00:02 ETA:   0:00:02
 54% (27 of 50) |############            | Elapsed Time: 0:00:02 ETA:   0:00:01
 56% (28 of 50) |#############           | Elapsed Time: 0:00:02 ETA:   0:00:01
 58% (29 of 50) |#############           | Elapsed Time: 0:00:02 ETA:   0:00:01
 60% (30 of 50) |##############          | Elapsed Time: 0:00:02 ETA:   0:00:01
 62% (31 of 50) |##############          | Elapsed Time: 0:00:02 ETA:   0:00:01
 64% (32 of 50) |###############         | Elapsed Time: 0:00:02 ETA:   0:00:01
 66% (33 of 50) |###############         | Elapsed Time: 0:00:02 ETA:   0:00:01
 68% (34 of 50) |################        | Elapsed Time: 0:00:02 ETA:   0:00:01
 70% (35 of 50) |################        | Elapsed Time: 0:00:02 ETA:   0:00:01
 72% (36 of 50) |#################       | Elapsed Time: 0:00:03 ETA:   0:00:01
 74% (37 of 50) |#################       | Elapsed Time: 0:00:03 ETA:   0:00:01
 76% (38 of 50) |##################      | Elapsed Time: 0:00:03 ETA:   0:00:01
 78% (39 of 50) |##################      | Elapsed Time: 0:00:03 ETA:   0:00:00
 80% (40 of 50) |###################     | Elapsed Time: 0:00:03 ETA:   0:00:00
 82% (41 of 50) |###################     | Elapsed Time: 0:00:03 ETA:   0:00:00
 84% (42 of 50) |####################    | Elapsed Time: 0:00:03 ETA:   0:00:00
 86% (43 of 50) |####################    | Elapsed Time: 0:00:03 ETA:   0:00:00
 88% (44 of 50) |#####################   | Elapsed Time: 0:00:03 ETA:   0:00:00
 90% (45 of 50) |#####################   | Elapsed Time: 0:00:03 ETA:   0:00:00
 92% (46 of 50) |######################  | Elapsed Time: 0:00:03 ETA:   0:00:00
 94% (47 of 50) |######################  | Elapsed Time: 0:00:03 ETA:   0:00:00
 96% (48 of 50) |####################### | Elapsed Time: 0:00:04 ETA:   0:00:00
 98% (49 of 50) |####################### | Elapsed Time: 0:00:04 ETA:   0:00:00
100% (50 of 50) |########################| Elapsed Time: 0:00:04 Time:  0:00:04
eta 1837 refused (d_eta=3 <= u=1), trying eta=3674. ACF at lag 1 was 0.026048.
considering eta 3674...
eta 3674 accepted (d_eta=0 <= u=1)
running markov chain and checking convergence...
test statistic : -2.3168585802147597,
 Markov chain is stationnary if test statistic < -2.5734089481832982
test statistic : -1.3514871943776736,
 Markov chain is stationnary if test statistic < -2.573401355578925
test statistic : -0.8238127003827764,
 Markov chain is stationnary if test statistic < -2.573401355578925
test statistic : -2.243884259548713,
 Markov chain is stationnary if test statistic < -2.573401355578925
test statistic : -1.3023957695737045,
 Markov chain is stationnary if test statistic < -2.573401355578925
test statistic : -0.1312298361245292,
 Markov chain is stationnary if test statistic < -2.573401355578925
test statistic : -0.5061986409015911,
 Markov chain is stationnary if test statistic < -2.573401355578925
test statistic : -1.9682880959169087,
 Markov chain is stationnary if test statistic < -2.573401355578925
test statistic : -0.9017421534226796,
 Markov chain is stationnary if test statistic < -2.573402872449629
test statistic : -1.2944894562853553,
 Markov chain is stationnary if test statistic < -2.573401355578925
test statistic : -0.5982321102500311,
 Markov chain is stationnary if test statistic < -2.573401355578925
test statistic : -2.1172622406836967,
 Markov chain is stationnary if test statistic < -2.573401355578925
test statistic : -2.7350826128642556,
 Markov chain is stationnary if test statistic < -2.573401355578925
Convergence : acceptation by k
(2: 6703), (3: 867), (4: 256), (5: 77), (6: 36), (7: 14), (13: 1), (8: 4), (10: 1), (11: 2), 
Convergence : refusal by k
(3: 7934), (2: 22852), (5: 1805), (10: 249), (4: 3401), (13: 113), (8: 432), (6: 1090), (7: 680), (35: 6), (19: 29), (11: 175), (12: 129), (26: 22), (16: 62), (22: 23), (14: 91), (31: 11), (18: 41), (9: 304), (20: 33), (40: 4), (74: 2), (32: 9), (21: 21), (15: 60), (51: 3), (42: 2), (25: 20), (45: 4), (93: 2), (44: 3), (17: 47), (111: 1), (65: 1), (29: 10), (23: 11), (84: 1), (48: 2), (24: 18), (264: 1), (96: 3), (38: 7), (41: 5), (28: 10), (27: 6), (107: 1), (34: 7), (213: 1), (46: 2), (33: 5), (39: 3), (176: 1), (218: 1), (56: 1), (59: 2), (54: 2), (66: 1), (60: 1), (265: 1), (52: 3), (37: 5), (79: 1), (30: 7), (50: 1), (57: 4), (81: 1), (58: 1), (43: 2), (47: 2), (36: 3), (61: 2), (77: 1), (154: 1), (72: 1), (115: 1), (63: 1), 
eta estimation took 149.74271512031555 seconds
convergence took 1.5899577140808105 seconds
Writing 50 graph samples...
