Reading graph...
Initializing markov chain
Starting Markov Chain convergence...
eta estimation parameters: N_swap 164000, C 10, T 500, u 1, alpha 0.04
burn in...
defaultdict(<class 'int'>, {2: 1556, 3: 51, 4: 3, 5: 1})
defaultdict(<class 'int'>, {2: 99825, 3: 30029, 4: 12491, 6: 3849, 5: 6534, 13: 380, 8: 1625, 7: 2358, 9: 1131, 10: 837, 12: 494, 19: 108, 11: 600, 28: 42, 22: 74, 17: 151, 36: 25, 16: 190, 25: 58, 15: 246, 23: 60, 18: 139, 14: 331, 32: 30, 62: 4, 64: 4, 27: 46, 26: 59, 42: 11, 21: 75, 50: 6, 20: 106, 124: 4, 35: 29, 30: 29, 29: 30, 128: 1, 46: 6, 49: 8, 43: 10, 139: 1, 34: 13, 33: 29, 37: 20, 59: 6, 51: 7, 45: 9, 60: 5, 58: 8, 88: 1, 24: 54, 86: 2, 61: 7, 112: 1, 55: 6, 79: 4, 38: 13, 40: 10, 73: 1, 47: 5, 71: 4, 76: 2, 102: 1, 77: 1, 105: 2, 31: 28, 44: 12, 39: 12, 68: 2, 72: 3, 53: 8, 41: 15, 126: 1, 122: 1, 119: 1, 74: 3, 89: 1, 80: 1, 63: 4, 115: 2, 48: 4, 56: 4, 81: 2, 70: 2, 54: 4, 57: 2, 65: 2, 95: 1, 103: 2, 52: 4, 143: 1, 78: 2, 111: 1, 154: 1, 137: 1, 131: 2, 149: 1, 67: 2, 66: 3, 87: 1, 133: 1, 69: 1, 116: 1, 148: 1, 159: 1, 100: 1})
Burn In : acceptation/refusals by k : 0.009823170731707317
0.009823170731707317
measuring sampling gap...
considering eta 16696...
  0% (0 of 50) |                         | Elapsed Time: 0:00:00 ETA:  --:--:--
  2% (1 of 50) |                         | Elapsed Time: 0:00:01 ETA:   0:01:21
  4% (2 of 50) |#                        | Elapsed Time: 0:00:03 ETA:   0:01:20
  6% (3 of 50) |#                        | Elapsed Time: 0:00:05 ETA:   0:01:18
  8% (4 of 50) |##                       | Elapsed Time: 0:00:06 ETA:   0:01:16
 10% (5 of 50) |##                       | Elapsed Time: 0:00:08 ETA:   0:01:15
 12% (6 of 50) |###                      | Elapsed Time: 0:00:10 ETA:   0:01:13
 14% (7 of 50) |###                      | Elapsed Time: 0:00:11 ETA:   0:01:11
 16% (8 of 50) |####                     | Elapsed Time: 0:00:13 ETA:   0:01:10
 18% (9 of 50) |####                     | Elapsed Time: 0:00:15 ETA:   0:01:08
 20% (10 of 50) |####                    | Elapsed Time: 0:00:16 ETA:   0:01:06
 22% (11 of 50) |#####                   | Elapsed Time: 0:00:18 ETA:   0:01:05
 24% (12 of 50) |#####                   | Elapsed Time: 0:00:20 ETA:   0:01:03
 26% (13 of 50) |######                  | Elapsed Time: 0:00:21 ETA:   0:01:01
 28% (14 of 50) |######                  | Elapsed Time: 0:00:23 ETA:   0:01:00
 30% (15 of 50) |#######                 | Elapsed Time: 0:00:25 ETA:   0:00:58
 32% (16 of 50) |#######                 | Elapsed Time: 0:00:26 ETA:   0:00:56
 34% (17 of 50) |########                | Elapsed Time: 0:00:28 ETA:   0:00:55
 36% (18 of 50) |########                | Elapsed Time: 0:00:30 ETA:   0:00:53
 38% (19 of 50) |#########               | Elapsed Time: 0:00:31 ETA:   0:00:51
 40% (20 of 50) |#########               | Elapsed Time: 0:00:33 ETA:   0:00:50
 42% (21 of 50) |##########              | Elapsed Time: 0:00:35 ETA:   0:00:48
 44% (22 of 50) |##########              | Elapsed Time: 0:00:36 ETA:   0:00:46
 46% (23 of 50) |###########             | Elapsed Time: 0:00:38 ETA:   0:00:45
 48% (24 of 50) |###########             | Elapsed Time: 0:00:40 ETA:   0:00:43
 50% (25 of 50) |############            | Elapsed Time: 0:00:41 ETA:   0:00:41
 52% (26 of 50) |############            | Elapsed Time: 0:00:43 ETA:   0:00:40
 54% (27 of 50) |############            | Elapsed Time: 0:00:45 ETA:   0:00:38
 56% (28 of 50) |#############           | Elapsed Time: 0:00:46 ETA:   0:00:36
 58% (29 of 50) |#############           | Elapsed Time: 0:00:48 ETA:   0:00:35
 60% (30 of 50) |##############          | Elapsed Time: 0:00:50 ETA:   0:00:33
 62% (31 of 50) |##############          | Elapsed Time: 0:00:51 ETA:   0:00:31
 64% (32 of 50) |###############         | Elapsed Time: 0:00:53 ETA:   0:00:30
 66% (33 of 50) |###############         | Elapsed Time: 0:00:55 ETA:   0:00:28
 68% (34 of 50) |################        | Elapsed Time: 0:00:56 ETA:   0:00:26
 70% (35 of 50) |################        | Elapsed Time: 0:00:58 ETA:   0:00:25
 72% (36 of 50) |#################       | Elapsed Time: 0:01:00 ETA:   0:00:23
 74% (37 of 50) |#################       | Elapsed Time: 0:01:01 ETA:   0:00:21
 76% (38 of 50) |##################      | Elapsed Time: 0:01:03 ETA:   0:00:20
 78% (39 of 50) |##################      | Elapsed Time: 0:01:05 ETA:   0:00:18
 80% (40 of 50) |###################     | Elapsed Time: 0:01:06 ETA:   0:00:16
 82% (41 of 50) |###################     | Elapsed Time: 0:01:08 ETA:   0:00:15
 84% (42 of 50) |####################    | Elapsed Time: 0:01:10 ETA:   0:00:13
 86% (43 of 50) |####################    | Elapsed Time: 0:01:11 ETA:   0:00:11
 88% (44 of 50) |#####################   | Elapsed Time: 0:01:13 ETA:   0:00:10
 90% (45 of 50) |#####################   | Elapsed Time: 0:01:15 ETA:   0:00:08
 92% (46 of 50) |######################  | Elapsed Time: 0:01:16 ETA:   0:00:06
 94% (47 of 50) |######################  | Elapsed Time: 0:01:18 ETA:   0:00:05
 96% (48 of 50) |####################### | Elapsed Time: 0:01:20 ETA:   0:00:03
 98% (49 of 50) |####################### | Elapsed Time: 0:01:21 ETA:   0:00:01
100% (50 of 50) |########################| Elapsed Time: 0:01:23 Time:  0:01:23
eta 16696 refused (d_eta=10 <= u=1), trying eta=33392.
considering eta 33392...
eta 33392 refused (d_eta=5 <= u=1), trying eta=66784.
considering eta 66784...
eta 66784 accepted (d_eta=0 <= u=1)
running markov chain and checking convergence...
test statistic : -2.8967286915808503,
 Markov chain is stationnary if test statistic < -2.5681257195752942
Convergence : acceptation by k
(2: 625), (4: 1), (3: 22), 
Convergence : refusal by k
(23: 26), (2: 40740), (3: 12113), (4: 5112), (5: 2727), (6: 1524), (8: 660), (7: 930), (12: 203), (13: 164), (9: 454), (24: 32), (17: 63), (11: 260), (10: 348), (18: 66), (14: 94), (19: 45), (21: 48), (32: 7), (16: 71), (30: 19), (20: 38), (31: 21), (55: 1), (48: 3), (56: 3), (26: 23), (15: 109), (104: 2), (101: 1), (60: 3), (41: 4), (44: 8), (25: 27), (28: 9), (51: 3), (78: 1), (67: 2), (50: 5), (22: 21), (37: 9), (92: 2), (27: 20), (52: 4), (33: 4), (29: 8), (36: 8), (79: 3), (47: 3), (38: 2), (93: 1), (61: 2), (57: 2), (111: 2), (68: 3), (34: 5), (62: 2), (58: 4), (54: 2), (112: 1), (43: 6), (122: 1), (81: 1), (46: 3), (109: 1), (71: 1), (99: 2), (63: 3), (65: 1), (35: 6), (89: 1), (84: 1), (69: 3), (82: 1), (45: 4), (85: 1), (159: 1), (39: 5), (49: 2), (42: 4), (87: 1), (40: 3), (80: 1), (76: 1), (144: 1), (120: 1), (107: 1), (53: 1), (118: 1), 
eta estimation took 3256.1259911060333 seconds
convergence took 3.635952949523926 seconds
Writing 50 graph samples...
