Reading graph...
Initializing markov chain
Starting Markov Chain convergence...
eta estimation parameters: N_swap 216000, C 10, T 500, u 1, alpha 0.04
burn in...
defaultdict(<class 'int'>, {2: 3029, 3: 146, 5: 2, 4: 19, 8: 1})
defaultdict(<class 'int'>, {2: 130605, 3: 39343, 4: 16587, 17: 209, 12: 615, 37: 22, 7: 3220, 28: 71, 5: 8579, 15: 328, 8: 2071, 31: 43, 6: 4964, 13: 496, 22: 104, 10: 1076, 9: 1458, 11: 770, 25: 69, 19: 176, 16: 284, 86: 1, 14: 393, 27: 48, 18: 164, 51: 13, 23: 88, 21: 150, 35: 27, 39: 18, 95: 3, 20: 149, 29: 50, 38: 21, 60: 7, 26: 52, 32: 34, 47: 14, 24: 74, 79: 4, 82: 2, 106: 1, 41: 20, 66: 5, 36: 27, 49: 10, 93: 4, 48: 15, 108: 3, 30: 37, 57: 4, 34: 33, 69: 4, 65: 4, 58: 3, 75: 2, 42: 16, 46: 13, 62: 6, 68: 2, 33: 21, 55: 2, 44: 11, 81: 1, 43: 10, 67: 6, 172: 1, 45: 15, 80: 3, 56: 5, 100: 2, 83: 2, 136: 2, 189: 1, 52: 7, 107: 1, 74: 2, 91: 3, 40: 14, 71: 2, 96: 1, 64: 6, 134: 1, 84: 2, 90: 1, 54: 8, 63: 5, 135: 1, 117: 2, 61: 7, 73: 2, 70: 4, 76: 3, 121: 1, 138: 1, 153: 3, 192: 1, 98: 1, 130: 1, 178: 1, 120: 1, 50: 4, 89: 3, 92: 2, 173: 1, 118: 1, 59: 4, 53: 1, 139: 1, 102: 3, 158: 1, 105: 1, 99: 1, 97: 1, 72: 1, 88: 2, 171: 1})
Burn In : acceptation/refusals by k : 0.014800925925925926
0.014800925925925926
measuring sampling gap...
considering eta 14594...
  0% (0 of 50) |                         | Elapsed Time: 0:00:00 ETA:  --:--:--
  2% (1 of 50) |                         | Elapsed Time: 0:00:01 ETA:   0:01:01
  4% (2 of 50) |#                        | Elapsed Time: 0:00:02 ETA:   0:01:00
  6% (3 of 50) |#                        | Elapsed Time: 0:00:03 ETA:   0:00:59
  8% (4 of 50) |##                       | Elapsed Time: 0:00:05 ETA:   0:00:58
 10% (5 of 50) |##                       | Elapsed Time: 0:00:06 ETA:   0:01:02
 12% (6 of 50) |###                      | Elapsed Time: 0:00:08 ETA:   0:01:03
 14% (7 of 50) |###                      | Elapsed Time: 0:00:10 ETA:   0:01:04
 16% (8 of 50) |####                     | Elapsed Time: 0:00:12 ETA:   0:01:04
 18% (9 of 50) |####                     | Elapsed Time: 0:00:14 ETA:   0:01:04
 20% (10 of 50) |####                    | Elapsed Time: 0:00:15 ETA:   0:01:03
 22% (11 of 50) |#####                   | Elapsed Time: 0:00:17 ETA:   0:01:02
 24% (12 of 50) |#####                   | Elapsed Time: 0:00:19 ETA:   0:01:01
 26% (13 of 50) |######                  | Elapsed Time: 0:00:21 ETA:   0:01:00
 28% (14 of 50) |######                  | Elapsed Time: 0:00:23 ETA:   0:00:59
 30% (15 of 50) |#######                 | Elapsed Time: 0:00:24 ETA:   0:00:58
 32% (16 of 50) |#######                 | Elapsed Time: 0:00:26 ETA:   0:00:56
 34% (17 of 50) |########                | Elapsed Time: 0:00:28 ETA:   0:00:55
 36% (18 of 50) |########                | Elapsed Time: 0:00:30 ETA:   0:00:53
 38% (19 of 50) |#########               | Elapsed Time: 0:00:32 ETA:   0:00:52
 40% (20 of 50) |#########               | Elapsed Time: 0:00:33 ETA:   0:00:50
 42% (21 of 50) |##########              | Elapsed Time: 0:00:35 ETA:   0:00:49
 44% (22 of 50) |##########              | Elapsed Time: 0:00:37 ETA:   0:00:47
 46% (23 of 50) |###########             | Elapsed Time: 0:00:39 ETA:   0:00:46
 48% (24 of 50) |###########             | Elapsed Time: 0:00:40 ETA:   0:00:44
 50% (25 of 50) |############            | Elapsed Time: 0:00:42 ETA:   0:00:42
 52% (26 of 50) |############            | Elapsed Time: 0:00:44 ETA:   0:00:41
 54% (27 of 50) |############            | Elapsed Time: 0:00:46 ETA:   0:00:39
 56% (28 of 50) |#############           | Elapsed Time: 0:00:48 ETA:   0:00:37
 58% (29 of 50) |#############           | Elapsed Time: 0:00:49 ETA:   0:00:36
 60% (30 of 50) |##############          | Elapsed Time: 0:00:51 ETA:   0:00:34
 62% (31 of 50) |##############          | Elapsed Time: 0:00:53 ETA:   0:00:32
 64% (32 of 50) |###############         | Elapsed Time: 0:00:55 ETA:   0:00:31
 66% (33 of 50) |###############         | Elapsed Time: 0:00:56 ETA:   0:00:29
 68% (34 of 50) |################        | Elapsed Time: 0:00:57 ETA:   0:00:27
 70% (35 of 50) |################        | Elapsed Time: 0:00:59 ETA:   0:00:25
 72% (36 of 50) |#################       | Elapsed Time: 0:01:00 ETA:   0:00:23
 74% (37 of 50) |#################       | Elapsed Time: 0:01:01 ETA:   0:00:21
 76% (38 of 50) |##################      | Elapsed Time: 0:01:02 ETA:   0:00:19
 78% (39 of 50) |##################      | Elapsed Time: 0:01:04 ETA:   0:00:18
 80% (40 of 50) |###################     | Elapsed Time: 0:01:05 ETA:   0:00:16
 82% (41 of 50) |###################     | Elapsed Time: 0:01:06 ETA:   0:00:14
 84% (42 of 50) |####################    | Elapsed Time: 0:01:07 ETA:   0:00:12
 86% (43 of 50) |####################    | Elapsed Time: 0:01:09 ETA:   0:00:11
 88% (44 of 50) |#####################   | Elapsed Time: 0:01:10 ETA:   0:00:09
 90% (45 of 50) |#####################   | Elapsed Time: 0:01:11 ETA:   0:00:07
 92% (46 of 50) |######################  | Elapsed Time: 0:01:12 ETA:   0:00:06
 94% (47 of 50) |######################  | Elapsed Time: 0:01:14 ETA:   0:00:04
 96% (48 of 50) |####################### | Elapsed Time: 0:01:15 ETA:   0:00:03
 98% (49 of 50) |####################### | Elapsed Time: 0:01:16 ETA:   0:00:01
100% (50 of 50) |########################| Elapsed Time: 0:01:17 Time:  0:01:17
ACF stability...
eta 14594 refused (d_eta=9 <= u=1), trying eta=21891.0. ACF at lag 1 was 0.144193.
considering eta 21891.0...
ACF stability...
eta 21891.0 refused (d_eta=6 <= u=1), trying eta=32836.5. ACF at lag 1 was 0.092274.
considering eta 32836.5...
ACF stability...
  ACF plateau check:
    window=[0.14419251 0.09227413 0.03161542]
    mean=0.089361
    std=0.046006
    cv=0.514830 (threshold=0.1)
    slope=-0.056289
    relative_slope=1.223516 (threshold=1.0)
    stable=False
eta 32836.5 refused (d_eta=2 <= u=1), trying eta=49254.75. ACF at lag 1 was 0.031615.
considering eta 49254.75...
ACF stability...
  ACF plateau check:
    window=[0.09227413 0.03161542 0.0030646 ]
    mean=0.042318
    std=0.037198
    cv=0.879001 (threshold=0.1)
    slope=-0.044605
    relative_slope=1.199129 (threshold=1.0)
    stable=False
eta 49254.75 accepted (d_eta=0 <= u=1)
running markov chain and checking convergence...
test statistic : -1.3106906756720709,
 Markov chain is stationnary if test statistic < -2.568235232757703
test statistic : -1.2850939057316961,
 Markov chain is stationnary if test statistic < -2.5682352412288108
test statistic : -2.7028738019271827,
 Markov chain is stationnary if test statistic < -2.568235232757703
Convergence : acceptation by k
(2: 1941), (3: 90), (4: 15), (5: 1), 
Convergence : refusal by k
(4: 11490), (2: 89394), (3: 27024), (5: 5787), (6: 3456), (9: 1044), (7: 2165), (13: 352), (10: 703), (21: 81), (8: 1360), (15: 238), (11: 513), (27: 35), (19: 118), (16: 159), (34: 13), (52: 7), (12: 428), (23: 59), (37: 21), (28: 28), (14: 269), (29: 29), (38: 14), (47: 6), (113: 1), (22: 62), (76: 4), (48: 7), (45: 5), (51: 3), (49: 11), (36: 18), (18: 138), (17: 144), (33: 13), (24: 50), (53: 3), (59: 4), (57: 6), (32: 15), (30: 28), (64: 2), (44: 9), (20: 90), (56: 7), (117: 1), (25: 48), (46: 9), (58: 4), (26: 51), (74: 1), (43: 12), (96: 3), (54: 2), (50: 6), (55: 5), (42: 10), (31: 19), (72: 2), (40: 11), (61: 4), (107: 4), (39: 8), (41: 6), (62: 5), (137: 1), (35: 22), (85: 4), (100: 2), (88: 2), (99: 2), (150: 1), (93: 3), (94: 1), (82: 1), (153: 1), (139: 1), (75: 1), (68: 1), (98: 2), (70: 2), (109: 3), (69: 2), (164: 1), (73: 2), (186: 1), (65: 3), (198: 2), (80: 3), (159: 1), (79: 4), (162: 1), (60: 3), (89: 1), (84: 1), (115: 1), (144: 1), (192: 1), (146: 1), (168: 1), (90: 2), (182: 1), (130: 1), (112: 1), (148: 1), (183: 1), (110: 2), (66: 1), (71: 1), (63: 1), (132: 1), (111: 1), 
eta estimation took 3251.683533668518 seconds
convergence took 7.136676073074341 seconds
Writing 50 graph samples...
