Reading graph...
Initializing markov chain
Starting Markov Chain convergence...
eta estimation parameters: N_swap 529000, C 10, T 500, u 1, alpha 0.04
burn in...
defaultdict(<class 'int'>, {2: 2043, 3: 15, 4: 3})
defaultdict(<class 'int'>, {2: 324596, 3: 97754, 5: 21069, 9: 3629, 4: 40591, 7: 7708, 8: 5069, 6: 12080, 17: 557, 11: 1901, 15: 809, 39: 47, 27: 140, 20: 317, 12: 1508, 80: 7, 16: 652, 14: 934, 10: 2579, 29: 102, 30: 75, 13: 1258, 22: 255, 19: 380, 60: 11, 46: 25, 23: 208, 18: 463, 33: 78, 36: 57, 21: 298, 57: 16, 73: 8, 48: 10, 24: 214, 45: 29, 31: 100, 74: 7, 52: 25, 25: 143, 26: 155, 35: 58, 34: 78, 69: 9, 51: 15, 28: 120, 49: 23, 41: 35, 102: 2, 40: 36, 38: 47, 47: 30, 85: 3, 88: 4, 149: 2, 76: 9, 43: 35, 42: 46, 37: 44, 32: 75, 58: 13, 67: 5, 55: 18, 53: 20, 87: 2, 66: 14, 61: 9, 56: 17, 78: 7, 219: 1, 54: 17, 77: 7, 89: 8, 124: 2, 72: 11, 50: 19, 70: 7, 97: 4, 184: 1, 133: 2, 110: 1, 65: 7, 44: 25, 79: 6, 82: 5, 75: 3, 63: 8, 242: 1, 92: 2, 118: 3, 96: 1, 183: 1, 122: 3, 137: 2, 292: 1, 62: 8, 144: 4, 95: 3, 93: 1, 113: 3, 467: 1, 71: 4, 84: 5, 131: 1, 104: 3, 100: 2, 101: 2, 197: 2, 127: 1, 114: 2, 83: 4, 231: 1, 175: 2, 105: 3, 240: 1, 142: 2, 275: 1, 181: 1, 214: 1, 195: 1, 106: 6, 162: 1, 90: 1, 116: 2, 123: 2, 115: 2, 64: 8, 311: 1, 245: 1, 81: 4, 188: 1, 59: 13, 109: 2, 171: 2, 129: 1, 112: 2, 125: 1, 163: 1, 155: 2, 86: 4, 286: 1, 165: 2, 164: 1, 332: 1, 260: 1, 126: 1, 94: 3, 166: 1, 132: 2, 121: 1, 263: 1, 99: 2, 160: 1, 128: 1, 135: 1, 234: 1, 98: 1, 68: 1, 107: 1, 317: 1, 207: 1, 201: 1, 178: 1, 130: 2, 136: 1, 411: 1, 111: 1, 134: 1, 146: 1})
Burn In : acceptation/refusals by k : 0.003896030245746692
0.003896030245746692
measuring sampling gap...
considering eta 135780...
  0% (0 of 50) |                         | Elapsed Time: 0:00:00 ETA:  --:--:--
  2% (1 of 50) |                         | Elapsed Time: 0:00:03 ETA:   0:02:30
  4% (2 of 50) |#                        | Elapsed Time: 0:00:06 ETA:   0:02:28
  6% (3 of 50) |#                        | Elapsed Time: 0:00:09 ETA:   0:02:25
  8% (4 of 50) |##                       | Elapsed Time: 0:00:12 ETA:   0:02:21
 10% (5 of 50) |##                       | Elapsed Time: 0:00:15 ETA:   0:02:18
 12% (6 of 50) |###                      | Elapsed Time: 0:00:18 ETA:   0:02:15
 14% (7 of 50) |###                      | Elapsed Time: 0:00:21 ETA:   0:02:12
 16% (8 of 50) |####                     | Elapsed Time: 0:00:24 ETA:   0:02:09
 18% (9 of 50) |####                     | Elapsed Time: 0:00:27 ETA:   0:02:06
 20% (10 of 50) |####                    | Elapsed Time: 0:00:30 ETA:   0:02:03
 22% (11 of 50) |#####                   | Elapsed Time: 0:00:33 ETA:   0:02:00
 24% (12 of 50) |#####                   | Elapsed Time: 0:00:37 ETA:   0:01:57
 26% (13 of 50) |######                  | Elapsed Time: 0:00:40 ETA:   0:01:54
 28% (14 of 50) |######                  | Elapsed Time: 0:00:43 ETA:   0:01:51
 30% (15 of 50) |#######                 | Elapsed Time: 0:00:46 ETA:   0:01:48
 32% (16 of 50) |#######                 | Elapsed Time: 0:00:49 ETA:   0:01:45
 34% (17 of 50) |########                | Elapsed Time: 0:00:52 ETA:   0:01:42
 36% (18 of 50) |########                | Elapsed Time: 0:00:55 ETA:   0:01:38
 38% (19 of 50) |#########               | Elapsed Time: 0:00:58 ETA:   0:01:35
 40% (20 of 50) |#########               | Elapsed Time: 0:01:01 ETA:   0:01:32
 42% (21 of 50) |##########              | Elapsed Time: 0:01:04 ETA:   0:01:29
 44% (22 of 50) |##########              | Elapsed Time: 0:01:08 ETA:   0:01:26
 46% (23 of 50) |###########             | Elapsed Time: 0:01:11 ETA:   0:01:23
 48% (24 of 50) |###########             | Elapsed Time: 0:01:14 ETA:   0:01:20
 50% (25 of 50) |############            | Elapsed Time: 0:01:17 ETA:   0:01:17
 52% (26 of 50) |############            | Elapsed Time: 0:01:20 ETA:   0:01:14
 54% (27 of 50) |############            | Elapsed Time: 0:01:23 ETA:   0:01:11
 56% (28 of 50) |#############           | Elapsed Time: 0:01:26 ETA:   0:01:08
 58% (29 of 50) |#############           | Elapsed Time: 0:01:29 ETA:   0:01:04
 60% (30 of 50) |##############          | Elapsed Time: 0:01:32 ETA:   0:01:01
 62% (31 of 50) |##############          | Elapsed Time: 0:01:35 ETA:   0:00:58
 64% (32 of 50) |###############         | Elapsed Time: 0:01:39 ETA:   0:00:55
 66% (33 of 50) |###############         | Elapsed Time: 0:01:42 ETA:   0:00:52
 68% (34 of 50) |################        | Elapsed Time: 0:01:45 ETA:   0:00:49
 70% (35 of 50) |################        | Elapsed Time: 0:01:48 ETA:   0:00:46
 72% (36 of 50) |#################       | Elapsed Time: 0:01:51 ETA:   0:00:43
 74% (37 of 50) |#################       | Elapsed Time: 0:01:54 ETA:   0:00:40
 76% (38 of 50) |##################      | Elapsed Time: 0:01:57 ETA:   0:00:37
 78% (39 of 50) |##################      | Elapsed Time: 0:02:00 ETA:   0:00:34
 80% (40 of 50) |###################     | Elapsed Time: 0:02:03 ETA:   0:00:30
 82% (41 of 50) |###################     | Elapsed Time: 0:02:06 ETA:   0:00:27
 84% (42 of 50) |####################    | Elapsed Time: 0:02:09 ETA:   0:00:24
 86% (43 of 50) |####################    | Elapsed Time: 0:02:13 ETA:   0:00:21
 88% (44 of 50) |#####################   | Elapsed Time: 0:02:16 ETA:   0:00:18
 90% (45 of 50) |#####################   | Elapsed Time: 0:02:19 ETA:   0:00:15
 92% (46 of 50) |######################  | Elapsed Time: 0:02:22 ETA:   0:00:12
 94% (47 of 50) |######################  | Elapsed Time: 0:02:25 ETA:   0:00:09
 96% (48 of 50) |####################### | Elapsed Time: 0:02:28 ETA:   0:00:06
 98% (49 of 50) |####################### | Elapsed Time: 0:02:31 ETA:   0:00:03
100% (50 of 50) |########################| Elapsed Time: 0:02:34 Time:  0:02:34
ACF stability...
eta 135780 accepted (d_eta=0 <= u=1)
running markov chain and checking convergence...
test statistic : -1.7767014736547388,
 Markov chain is stationnary if test statistic < -2.5679693244978514
test statistic : -1.7899490161125833,
 Markov chain is stationnary if test statistic < -2.5679693244978514
test statistic : -1.4272074268563792,
 Markov chain is stationnary if test statistic < -2.56796933230279
test statistic : -1.350711160444205,
 Markov chain is stationnary if test statistic < -2.5679693244978514
test statistic : -3.330474766927598,
 Markov chain is stationnary if test statistic < -2.567969333417847
Convergence : acceptation by k
(2: 2553), (3: 16), (4: 5), 
Convergence : refusal by k
(2: 418100), (5: 26751), (4: 52499), (22: 325), (3: 124292), (6: 15432), (8: 6536), (10: 3274), (325: 1), (16: 847), (12: 1896), (7: 9666), (26: 181), (14: 1203), (20: 395), (11: 2455), (18: 566), (24: 237), (9: 4635), (17: 645), (46: 37), (19: 483), (28: 134), (72: 8), (36: 72), (15: 1054), (38: 60), (13: 1590), (29: 149), (23: 275), (35: 81), (34: 89), (27: 194), (58: 17), (25: 226), (96: 4), (53: 18), (81: 6), (123: 4), (30: 129), (93: 5), (95: 4), (37: 79), (56: 13), (32: 103), (54: 24), (31: 120), (39: 55), (114: 4), (41: 41), (60: 17), (80: 6), (71: 10), (138: 1), (100: 1), (21: 364), (47: 30), (42: 44), (44: 30), (33: 107), (45: 34), (48: 44), (149: 3), (52: 20), (79: 8), (167: 2), (59: 19), (69: 13), (88: 8), (51: 23), (70: 10), (49: 40), (89: 5), (43: 33), (134: 2), (74: 5), (40: 55), (136: 1), (55: 23), (133: 2), (50: 24), (64: 12), (61: 17), (82: 4), (65: 14), (83: 12), (92: 4), (172: 1), (108: 2), (124: 3), (200: 1), (101: 6), (97: 6), (87: 2), (57: 10), (66: 18), (119: 5), (107: 3), (78: 7), (67: 6), (270: 1), (217: 2), (205: 1), (178: 1), (122: 1), (68: 7), (111: 4), (75: 6), (268: 2), (189: 2), (126: 1), (350: 1), (94: 7), (152: 1), (62: 14), (145: 2), (340: 1), (85: 5), (98: 2), (104: 1), (180: 1), (109: 3), (199: 1), (229: 1), (238: 1), (76: 5), (63: 9), (170: 3), (383: 2), (129: 4), (73: 7), (151: 4), (112: 2), (106: 2), (132: 5), (91: 1), (139: 1), (159: 1), (214: 1), (141: 1), (195: 1), (220: 2), (110: 2), (113: 5), (102: 2), (125: 3), (143: 1), (84: 4), (77: 7), (131: 3), (168: 1), (196: 1), (396: 1), (148: 2), (153: 1), (127: 1), (144: 3), (120: 2), (154: 1), (99: 2), (103: 3), (177: 2), (115: 3), (266: 1), (203: 1), (187: 1), (164: 1), (146: 2), (490: 1), (319: 1), (215: 1), (176: 1), (140: 1), (90: 1), (121: 1), (263: 1), (212: 1), (116: 1), (224: 1), (105: 4), (206: 1), (342: 1), (117: 1), (188: 1), 
eta estimation took 3170.2585728168488 seconds
convergence took 17.70643186569214 seconds
Writing 50 graph samples...
