Reading graph...
Initializing markov chain
Starting Markov Chain convergence...
eta estimation parameters: N_swap 86000, C 10, T 500, u 1, alpha 0.04
burn in...
defaultdict(<class 'int'>, {2: 1999, 3: 127, 4: 12, 5: 1})
defaultdict(<class 'int'>, {6: 2034, 2: 51251, 3: 15636, 5: 3365, 4: 6601, 64: 1, 9: 615, 7: 1217, 26: 26, 14: 139, 8: 853, 50: 6, 13: 193, 15: 127, 11: 325, 10: 442, 28: 17, 18: 86, 16: 106, 21: 33, 17: 81, 12: 225, 34: 10, 45: 3, 33: 12, 44: 2, 31: 15, 22: 48, 30: 10, 19: 62, 20: 56, 47: 2, 32: 10, 27: 32, 39: 8, 23: 42, 25: 25, 29: 11, 54: 4, 24: 27, 58: 2, 36: 9, 46: 6, 41: 6, 40: 6, 43: 8, 55: 2, 75: 2, 78: 1, 35: 8, 56: 2, 48: 2, 38: 10, 49: 5, 37: 6, 59: 2, 63: 3, 83: 1, 70: 2, 66: 1, 52: 2, 57: 2, 42: 2, 53: 2, 80: 1, 74: 1, 60: 1, 68: 2, 77: 2, 65: 1, 82: 1, 72: 1, 51: 1})
Burn In : acceptation/refusals by k : 0.024872093023255815
0.024872093023255815
measuring sampling gap...
considering eta 3458...
  0% (0 of 50) |                         | Elapsed Time: 0:00:00 ETA:  --:--:--
  2% (1 of 50) |                         | Elapsed Time: 0:00:00 ETA:   0:00:36
  4% (2 of 50) |#                        | Elapsed Time: 0:00:01 ETA:   0:00:35
  6% (3 of 50) |#                        | Elapsed Time: 0:00:02 ETA:   0:00:34
  8% (4 of 50) |##                       | Elapsed Time: 0:00:02 ETA:   0:00:33
 10% (5 of 50) |##                       | Elapsed Time: 0:00:03 ETA:   0:00:33
 12% (6 of 50) |###                      | Elapsed Time: 0:00:04 ETA:   0:00:32
 14% (7 of 50) |###                      | Elapsed Time: 0:00:05 ETA:   0:00:31
 16% (8 of 50) |####                     | Elapsed Time: 0:00:05 ETA:   0:00:31
 18% (9 of 50) |####                     | Elapsed Time: 0:00:06 ETA:   0:00:30
 20% (10 of 50) |####                    | Elapsed Time: 0:00:07 ETA:   0:00:29
 22% (11 of 50) |#####                   | Elapsed Time: 0:00:08 ETA:   0:00:28
 24% (12 of 50) |#####                   | Elapsed Time: 0:00:08 ETA:   0:00:28
 26% (13 of 50) |######                  | Elapsed Time: 0:00:09 ETA:   0:00:27
 28% (14 of 50) |######                  | Elapsed Time: 0:00:10 ETA:   0:00:26
 30% (15 of 50) |#######                 | Elapsed Time: 0:00:11 ETA:   0:00:25
 32% (16 of 50) |#######                 | Elapsed Time: 0:00:11 ETA:   0:00:25
 34% (17 of 50) |########                | Elapsed Time: 0:00:12 ETA:   0:00:24
 36% (18 of 50) |########                | Elapsed Time: 0:00:13 ETA:   0:00:23
 38% (19 of 50) |#########               | Elapsed Time: 0:00:14 ETA:   0:00:22
 40% (20 of 50) |#########               | Elapsed Time: 0:00:14 ETA:   0:00:22
 42% (21 of 50) |##########              | Elapsed Time: 0:00:15 ETA:   0:00:21
 44% (22 of 50) |##########              | Elapsed Time: 0:00:16 ETA:   0:00:20
 46% (23 of 50) |###########             | Elapsed Time: 0:00:17 ETA:   0:00:19
 48% (24 of 50) |###########             | Elapsed Time: 0:00:17 ETA:   0:00:19
 50% (25 of 50) |############            | Elapsed Time: 0:00:18 ETA:   0:00:18
 52% (26 of 50) |############            | Elapsed Time: 0:00:19 ETA:   0:00:17
 54% (27 of 50) |############            | Elapsed Time: 0:00:19 ETA:   0:00:17
 56% (28 of 50) |#############           | Elapsed Time: 0:00:20 ETA:   0:00:16
 58% (29 of 50) |#############           | Elapsed Time: 0:00:21 ETA:   0:00:15
 60% (30 of 50) |##############          | Elapsed Time: 0:00:22 ETA:   0:00:14
 62% (31 of 50) |##############          | Elapsed Time: 0:00:22 ETA:   0:00:14
 64% (32 of 50) |###############         | Elapsed Time: 0:00:23 ETA:   0:00:13
 66% (33 of 50) |###############         | Elapsed Time: 0:00:24 ETA:   0:00:12
 68% (34 of 50) |################        | Elapsed Time: 0:00:25 ETA:   0:00:11
 70% (35 of 50) |################        | Elapsed Time: 0:00:25 ETA:   0:00:11
 72% (36 of 50) |#################       | Elapsed Time: 0:00:26 ETA:   0:00:10
 74% (37 of 50) |#################       | Elapsed Time: 0:00:27 ETA:   0:00:09
 76% (38 of 50) |##################      | Elapsed Time: 0:00:28 ETA:   0:00:08
 78% (39 of 50) |##################      | Elapsed Time: 0:00:28 ETA:   0:00:08
 80% (40 of 50) |###################     | Elapsed Time: 0:00:29 ETA:   0:00:07
 82% (41 of 50) |###################     | Elapsed Time: 0:00:30 ETA:   0:00:06
 84% (42 of 50) |####################    | Elapsed Time: 0:00:31 ETA:   0:00:05
 86% (43 of 50) |####################    | Elapsed Time: 0:00:31 ETA:   0:00:05
 88% (44 of 50) |#####################   | Elapsed Time: 0:00:32 ETA:   0:00:04
 90% (45 of 50) |#####################   | Elapsed Time: 0:00:33 ETA:   0:00:03
 92% (46 of 50) |######################  | Elapsed Time: 0:00:34 ETA:   0:00:02
 94% (47 of 50) |######################  | Elapsed Time: 0:00:34 ETA:   0:00:02
 96% (48 of 50) |####################### | Elapsed Time: 0:00:35 ETA:   0:00:01
 98% (49 of 50) |####################### | Elapsed Time: 0:00:36 ETA:   0:00:00
100% (50 of 50) |########################| Elapsed Time: 0:00:36 Time:  0:00:36
eta 3458 refused (d_eta=10 <= u=1), trying eta=6916.
considering eta 6916...
eta 6916 refused (d_eta=8 <= u=1), trying eta=13832.
considering eta 13832...
eta 13832 refused (d_eta=2 <= u=1), trying eta=27664.
considering eta 27664...
eta 27664 accepted (d_eta=1 <= u=1)
running markov chain and checking convergence...
test statistic : -4.25176147887873,
 Markov chain is stationnary if test statistic < -2.5685608333739713
Convergence : acceptation by k
(2: 758), (3: 44), (4: 9), (7: 1), 
Convergence : refusal by k
(2: 16235), (4: 2190), (3: 5109), (8: 286), (5: 1096), (12: 78), (6: 605), (7: 408), (15: 43), (16: 30), (9: 180), (11: 115), (10: 126), (29: 7), (20: 18), (17: 24), (32: 2), (13: 76), (18: 32), (24: 6), (42: 3), (19: 19), (14: 50), (37: 1), (25: 8), (23: 8), (53: 2), (22: 12), (33: 4), (49: 1), (21: 17), (34: 5), (27: 3), (39: 3), (63: 1), (50: 1), (30: 6), (35: 8), (40: 2), (26: 9), (36: 2), (81: 1), (44: 2), (47: 1), (52: 1), (51: 1), (31: 2), (61: 2), (45: 1), (59: 1), (28: 2), (41: 1), (48: 1), (72: 1), (58: 1), (46: 1), (73: 1), (56: 1), 
eta estimation took 1460.6913423538208 seconds
convergence took 1.2258265018463135 seconds
Writing 50 graph samples...
