Reading graph...
Initializing markov chain
Starting Markov Chain convergence...
eta estimation parameters: N_swap 34000, C 10, T 500, u 1, alpha 0.04
burn in...
defaultdict(<class 'int'>, {2: 199, 3: 6, 4: 2})
defaultdict(<class 'int'>, {2: 20797, 8: 344, 4: 2783, 3: 6173, 5: 1323, 9: 231, 11: 136, 6: 804, 10: 175, 15: 48, 13: 87, 7: 460, 12: 108, 16: 48, 14: 56, 26: 12, 23: 13, 25: 11, 19: 28, 33: 4, 17: 27, 22: 16, 30: 4, 24: 8, 18: 24, 29: 13, 21: 10, 20: 19, 28: 8, 27: 10, 32: 6, 31: 7})
Burn In : acceptation/refusals by k : 0.006088235294117647
0.006088235294117647
measuring sampling gap...
considering eta 5585...
eta 5585 refused (d_eta=10 <= u=1), trying eta=11170.
considering eta 11170...
eta 11170 refused (d_eta=10 <= u=1), trying eta=22340.
considering eta 22340...
eta 22340 refused (d_eta=10 <= u=1), trying eta=44680.
considering eta 44680...
eta 44680 refused (d_eta=10 <= u=1), trying eta=89360.
considering eta 89360...
/home/morandeau/PKS_method/PKS_method/venv/lib/python3.13/site-packages/joblib/externals/loky/backend/resource_tracker.py:359: UserWarning: resource_tracker: There appear to be 11 leaked semlock objects to clean up at shutdown
  warnings.warn(
/home/morandeau/PKS_method/PKS_method/venv/lib/python3.13/site-packages/joblib/externals/loky/backend/resource_tracker.py:359: UserWarning: resource_tracker: There appear to be 6 leaked folder objects to clean up at shutdown
  warnings.warn(
