Reading graph...
Initializing markov chain
Starting Markov Chain convergence...
eta estimation parameters: N_swap 95000, C 10, T 500, u 1, alpha 0.04
burn in...
defaultdict(<class 'int'>, {2: 1643, 3: 44, 4: 6, 5: 3})
defaultdict(<class 'int'>, {2: 57022, 5: 3754, 3: 17389, 16: 110, 4: 7346, 13: 214, 7: 1384, 8: 903, 9: 703, 6: 2245, 10: 487, 36: 7, 15: 128, 11: 377, 14: 187, 32: 15, 28: 18, 12: 277, 17: 82, 24: 43, 22: 40, 67: 4, 29: 18, 26: 28, 19: 62, 47: 4, 30: 8, 56: 2, 51: 8, 46: 5, 20: 48, 33: 14, 21: 46, 25: 29, 23: 36, 18: 72, 40: 9, 37: 11, 82: 4, 31: 12, 44: 5, 48: 5, 92: 2, 61: 2, 27: 20, 41: 10, 35: 6, 39: 14, 93: 1, 42: 7, 34: 12, 57: 1, 45: 3, 68: 3, 75: 1, 70: 1, 50: 4, 87: 1, 76: 2, 74: 3, 43: 8, 73: 1, 52: 4, 38: 6, 62: 2, 66: 1, 81: 1, 63: 3, 80: 2, 72: 3, 49: 3, 55: 2, 53: 3, 64: 1, 59: 2, 58: 2, 83: 2, 91: 1, 60: 1, 54: 1, 89: 1})
Burn In : acceptation/refusals by k : 0.01785263157894737
0.01785263157894737
measuring sampling gap...
considering eta 5322...
  0% (0 of 50) |                         | Elapsed Time: 0:00:00 ETA:  --:--:--
  2% (1 of 50) |                         | Elapsed Time: 0:00:00 ETA:   0:00:06
  4% (2 of 50) |#                        | Elapsed Time: 0:00:00 ETA:   0:00:06
  6% (3 of 50) |#                        | Elapsed Time: 0:00:00 ETA:   0:00:05
  8% (4 of 50) |##                       | Elapsed Time: 0:00:00 ETA:   0:00:05
 10% (5 of 50) |##                       | Elapsed Time: 0:00:00 ETA:   0:00:05
 12% (6 of 50) |###                      | Elapsed Time: 0:00:00 ETA:   0:00:05
 14% (7 of 50) |###                      | Elapsed Time: 0:00:00 ETA:   0:00:05
 16% (8 of 50) |####                     | Elapsed Time: 0:00:00 ETA:   0:00:05
 18% (9 of 50) |####                     | Elapsed Time: 0:00:01 ETA:   0:00:05
 20% (10 of 50) |####                    | Elapsed Time: 0:00:01 ETA:   0:00:04
 22% (11 of 50) |#####                   | Elapsed Time: 0:00:01 ETA:   0:00:04
 24% (12 of 50) |#####                   | Elapsed Time: 0:00:01 ETA:   0:00:04
 26% (13 of 50) |######                  | Elapsed Time: 0:00:01 ETA:   0:00:04
 28% (14 of 50) |######                  | Elapsed Time: 0:00:01 ETA:   0:00:04
 30% (15 of 50) |#######                 | Elapsed Time: 0:00:01 ETA:   0:00:04
 32% (16 of 50) |#######                 | Elapsed Time: 0:00:01 ETA:   0:00:04
 34% (17 of 50) |########                | Elapsed Time: 0:00:02 ETA:   0:00:04
 36% (18 of 50) |########                | Elapsed Time: 0:00:02 ETA:   0:00:03
 38% (19 of 50) |#########               | Elapsed Time: 0:00:02 ETA:   0:00:03
 40% (20 of 50) |#########               | Elapsed Time: 0:00:02 ETA:   0:00:03
 42% (21 of 50) |##########              | Elapsed Time: 0:00:02 ETA:   0:00:03
 44% (22 of 50) |##########              | Elapsed Time: 0:00:02 ETA:   0:00:03
 46% (23 of 50) |###########             | Elapsed Time: 0:00:02 ETA:   0:00:03
 48% (24 of 50) |###########             | Elapsed Time: 0:00:02 ETA:   0:00:03
 50% (25 of 50) |############            | Elapsed Time: 0:00:03 ETA:   0:00:03
 52% (26 of 50) |############            | Elapsed Time: 0:00:03 ETA:   0:00:02
 54% (27 of 50) |############            | Elapsed Time: 0:00:03 ETA:   0:00:02
 56% (28 of 50) |#############           | Elapsed Time: 0:00:03 ETA:   0:00:02
 58% (29 of 50) |#############           | Elapsed Time: 0:00:03 ETA:   0:00:02
 60% (30 of 50) |##############          | Elapsed Time: 0:00:03 ETA:   0:00:02
 62% (31 of 50) |##############          | Elapsed Time: 0:00:03 ETA:   0:00:02
 64% (32 of 50) |###############         | Elapsed Time: 0:00:03 ETA:   0:00:02
 66% (33 of 50) |###############         | Elapsed Time: 0:00:04 ETA:   0:00:02
 68% (34 of 50) |################        | Elapsed Time: 0:00:04 ETA:   0:00:01
 70% (35 of 50) |################        | Elapsed Time: 0:00:04 ETA:   0:00:01
 72% (36 of 50) |#################       | Elapsed Time: 0:00:04 ETA:   0:00:01
 74% (37 of 50) |#################       | Elapsed Time: 0:00:04 ETA:   0:00:01
 76% (38 of 50) |##################      | Elapsed Time: 0:00:04 ETA:   0:00:01
 78% (39 of 50) |##################      | Elapsed Time: 0:00:04 ETA:   0:00:01
 80% (40 of 50) |###################     | Elapsed Time: 0:00:04 ETA:   0:00:01
 82% (41 of 50) |###################     | Elapsed Time: 0:00:05 ETA:   0:00:01
 84% (42 of 50) |####################    | Elapsed Time: 0:00:05 ETA:   0:00:00
 86% (43 of 50) |####################    | Elapsed Time: 0:00:05 ETA:   0:00:00
 88% (44 of 50) |#####################   | Elapsed Time: 0:00:05 ETA:   0:00:00
 90% (45 of 50) |#####################   | Elapsed Time: 0:00:05 ETA:   0:00:00
 92% (46 of 50) |######################  | Elapsed Time: 0:00:05 ETA:   0:00:00
 94% (47 of 50) |######################  | Elapsed Time: 0:00:05 ETA:   0:00:00
 96% (48 of 50) |####################### | Elapsed Time: 0:00:05 ETA:   0:00:00
 98% (49 of 50) |####################### | Elapsed Time: 0:00:06 ETA:   0:00:00
100% (50 of 50) |########################| Elapsed Time: 0:00:06 Time:  0:00:06
ACF stability...
eta 5322 accepted (d_eta=0 <= u=1)
running markov chain and checking convergence...
test statistic : -2.6486360072790536,
 Markov chain is stationnary if test statistic < -2.571674960853104
Convergence : acceptation by k
(2: 104), (4: 1), 
Convergence : refusal by k
(2: 3145), (3: 1017), (8: 53), (4: 391), (5: 245), (7: 62), (6: 129), (10: 24), (9: 37), (13: 14), (33: 3), (14: 9), (31: 2), (15: 7), (18: 5), (24: 7), (20: 7), (54: 2), (12: 9), (19: 3), (70: 1), (27: 2), (22: 4), (11: 16), (23: 1), (28: 1), (17: 7), (66: 1), (26: 1), (16: 4), (89: 1), (32: 1), (61: 1), (43: 1), (56: 1), (45: 1), (30: 1), (82: 1), 
eta estimation took 199.25995755195618 seconds
convergence took 0.22085976600646973 seconds
Writing 50 graph samples...
