Reading graph...
Initializing markov chain
Starting Markov Chain convergence...
eta estimation parameters: N_swap 145000, C 10, T 500, u 1, alpha 0.04
burn in...
defaultdict(<class 'int'>, {2: 4216, 3: 251, 8: 1, 4: 38, 5: 2, 7: 1, 6: 1})
defaultdict(<class 'int'>, {2: 85742, 4: 11131, 3: 26167, 14: 233, 5: 5656, 7: 2091, 11: 500, 6: 3342, 16: 167, 8: 1431, 20: 75, 18: 117, 10: 733, 12: 421, 23: 59, 9: 1043, 43: 13, 21: 73, 27: 42, 13: 325, 15: 217, 118: 2, 19: 101, 26: 43, 106: 1, 25: 56, 28: 29, 24: 43, 17: 143, 33: 17, 47: 5, 22: 82, 85: 7, 70: 5, 34: 25, 51: 8, 31: 22, 124: 1, 37: 13, 29: 35, 59: 5, 65: 2, 50: 8, 30: 21, 84: 2, 40: 10, 66: 5, 79: 4, 57: 4, 53: 3, 99: 2, 46: 12, 35: 19, 137: 2, 38: 6, 44: 9, 77: 4, 58: 9, 115: 1, 45: 5, 90: 1, 60: 7, 91: 2, 121: 1, 32: 19, 49: 4, 95: 1, 39: 13, 130: 1, 75: 2, 117: 1, 71: 2, 82: 2, 52: 3, 42: 10, 61: 4, 97: 2, 54: 4, 111: 1, 102: 1, 76: 3, 36: 7, 87: 1, 69: 1, 86: 2, 41: 7, 63: 4, 116: 2, 80: 3, 104: 1, 74: 3, 128: 1, 123: 1, 62: 2, 96: 2, 48: 1, 56: 4, 125: 1, 78: 1, 88: 1, 112: 1, 67: 1, 103: 1, 98: 1, 64: 2, 55: 3, 126: 1, 138: 1, 129: 1})
Burn In : acceptation/refusals by k : 0.031103448275862068
0.031103448275862068
measuring sampling gap...
considering eta 4662...
eta 4662 refused (d_eta=10 <= u=1), trying eta=9324. ACF at lag 1 was 0.353320.
considering eta 9324...
eta 9324 refused (d_eta=10 <= u=1), trying eta=18648. ACF at lag 1 was 0.268755.
considering eta 18648...
eta 18648 refused (d_eta=9 <= u=1), trying eta=37296. ACF at lag 1 was 0.211259.
considering eta 37296...
eta 37296 refused (d_eta=8 <= u=1), trying eta=74592. ACF at lag 1 was 0.142111.
considering eta 74592...
eta 74592 refused (d_eta=5 <= u=1), trying eta=149184. ACF at lag 1 was 0.068507.
considering eta 149184...
eta 149184 refused (d_eta=2 <= u=1), trying eta=298368. ACF at lag 1 was 0.040652.
considering eta 298368...
/home/morandeau/PKS_method/PKS_method/venv/lib/python3.13/site-packages/joblib/externals/loky/backend/resource_tracker.py:359: UserWarning: resource_tracker: There appear to be 11 leaked semlock objects to clean up at shutdown
  warnings.warn(
/home/morandeau/PKS_method/PKS_method/venv/lib/python3.13/site-packages/joblib/externals/loky/backend/resource_tracker.py:359: UserWarning: resource_tracker: There appear to be 8 leaked folder objects to clean up at shutdown
  warnings.warn(
