Reading graph...
Initializing markov chain
Starting Markov Chain convergence...
eta estimation parameters: N_swap 50000, C 10, T 500, u 1, alpha 0.04
burn in...
defaultdict(<class 'int'>, {2: 633, 4: 3, 3: 23})
defaultdict(<class 'int'>, {3: 9259, 2: 30172, 5: 2064, 4: 3862, 6: 1075, 9: 388, 14: 98, 8: 480, 11: 215, 10: 230, 7: 722, 15: 61, 13: 121, 43: 3, 12: 155, 32: 8, 19: 41, 33: 10, 21: 28, 27: 12, 16: 43, 24: 22, 22: 25, 35: 9, 47: 3, 20: 34, 18: 39, 29: 13, 31: 7, 17: 42, 28: 11, 46: 1, 25: 17, 26: 14, 34: 5, 23: 11, 38: 5, 48: 3, 42: 5, 36: 6, 37: 6, 44: 4, 40: 4, 41: 1, 30: 2, 45: 2, 39: 3})
Burn In : acceptation/refusals by k : 0.01318
0.01318
measuring sampling gap...
considering eta 3794...
  0% (0 of 50) |                         | Elapsed Time: 0:00:00 ETA:  --:--:--
  2% (1 of 50) |                         | Elapsed Time: 0:00:00 ETA:   0:00:04
  4% (2 of 50) |#                        | Elapsed Time: 0:00:00 ETA:   0:00:04
  6% (3 of 50) |#                        | Elapsed Time: 0:00:00 ETA:   0:00:03
  8% (4 of 50) |##                       | Elapsed Time: 0:00:00 ETA:   0:00:03
 10% (5 of 50) |##                       | Elapsed Time: 0:00:00 ETA:   0:00:03
 12% (6 of 50) |###                      | Elapsed Time: 0:00:00 ETA:   0:00:03
 14% (7 of 50) |###                      | Elapsed Time: 0:00:00 ETA:   0:00:03
 16% (8 of 50) |####                     | Elapsed Time: 0:00:00 ETA:   0:00:03
 18% (9 of 50) |####                     | Elapsed Time: 0:00:00 ETA:   0:00:03
 20% (10 of 50) |####                    | Elapsed Time: 0:00:00 ETA:   0:00:03
 22% (11 of 50) |#####                   | Elapsed Time: 0:00:00 ETA:   0:00:03
 24% (12 of 50) |#####                   | Elapsed Time: 0:00:01 ETA:   0:00:03
 26% (13 of 50) |######                  | Elapsed Time: 0:00:01 ETA:   0:00:03
 28% (14 of 50) |######                  | Elapsed Time: 0:00:01 ETA:   0:00:03
 30% (15 of 50) |#######                 | Elapsed Time: 0:00:01 ETA:   0:00:02
 32% (16 of 50) |#######                 | Elapsed Time: 0:00:01 ETA:   0:00:02
 34% (17 of 50) |########                | Elapsed Time: 0:00:01 ETA:   0:00:02
 36% (18 of 50) |########                | Elapsed Time: 0:00:01 ETA:   0:00:02
 38% (19 of 50) |#########               | Elapsed Time: 0:00:01 ETA:   0:00:02
 40% (20 of 50) |#########               | Elapsed Time: 0:00:01 ETA:   0:00:02
 42% (21 of 50) |##########              | Elapsed Time: 0:00:01 ETA:   0:00:02
 44% (22 of 50) |##########              | Elapsed Time: 0:00:01 ETA:   0:00:02
 46% (23 of 50) |###########             | Elapsed Time: 0:00:01 ETA:   0:00:02
 48% (24 of 50) |###########             | Elapsed Time: 0:00:02 ETA:   0:00:02
 50% (25 of 50) |############            | Elapsed Time: 0:00:02 ETA:   0:00:02
 52% (26 of 50) |############            | Elapsed Time: 0:00:02 ETA:   0:00:02
 54% (27 of 50) |############            | Elapsed Time: 0:00:02 ETA:   0:00:01
 56% (28 of 50) |#############           | Elapsed Time: 0:00:02 ETA:   0:00:01
 58% (29 of 50) |#############           | Elapsed Time: 0:00:02 ETA:   0:00:01
 60% (30 of 50) |##############          | Elapsed Time: 0:00:02 ETA:   0:00:01
 62% (31 of 50) |##############          | Elapsed Time: 0:00:02 ETA:   0:00:01
 64% (32 of 50) |###############         | Elapsed Time: 0:00:02 ETA:   0:00:01
 66% (33 of 50) |###############         | Elapsed Time: 0:00:02 ETA:   0:00:01
 68% (34 of 50) |################        | Elapsed Time: 0:00:02 ETA:   0:00:01
 70% (35 of 50) |################        | Elapsed Time: 0:00:02 ETA:   0:00:01
 72% (36 of 50) |#################       | Elapsed Time: 0:00:03 ETA:   0:00:01
 74% (37 of 50) |#################       | Elapsed Time: 0:00:03 ETA:   0:00:01
 76% (38 of 50) |##################      | Elapsed Time: 0:00:03 ETA:   0:00:01
 78% (39 of 50) |##################      | Elapsed Time: 0:00:03 ETA:   0:00:00
 80% (40 of 50) |###################     | Elapsed Time: 0:00:03 ETA:   0:00:00
 82% (41 of 50) |###################     | Elapsed Time: 0:00:03 ETA:   0:00:00
 84% (42 of 50) |####################    | Elapsed Time: 0:00:03 ETA:   0:00:00
 86% (43 of 50) |####################    | Elapsed Time: 0:00:03 ETA:   0:00:00
 88% (44 of 50) |#####################   | Elapsed Time: 0:00:03 ETA:   0:00:00
 90% (45 of 50) |#####################   | Elapsed Time: 0:00:03 ETA:   0:00:00
 92% (46 of 50) |######################  | Elapsed Time: 0:00:03 ETA:   0:00:00
 94% (47 of 50) |######################  | Elapsed Time: 0:00:03 ETA:   0:00:00
 96% (48 of 50) |####################### | Elapsed Time: 0:00:04 ETA:   0:00:00
 98% (49 of 50) |####################### | Elapsed Time: 0:00:04 ETA:   0:00:00
100% (50 of 50) |########################| Elapsed Time: 0:00:04 Time:  0:00:04
eta 3794 accepted (d_eta=0 <= u=1)
trying eta=eta/2...
considering eta 1897...
eta 1897 refused (d_eta=2 <= u=1), using eta=3794.
running markov chain and checking convergence...
test statistic : -1.4229921003624824,
 Markov chain is stationnary if test statistic < -2.573225124267876
test statistic : -2.4844030139833526,
 Markov chain is stationnary if test statistic < -2.573225124267876
test statistic : -1.6050032645168426,
 Markov chain is stationnary if test statistic < -2.573227970246133
test statistic : -1.7710792331695426,
 Markov chain is stationnary if test statistic < -2.5732681308421017
test statistic : -1.9586665769203737,
 Markov chain is stationnary if test statistic < -2.573225124267876
test statistic : -1.8693722033800038,
 Markov chain is stationnary if test statistic < -2.5732308192218274
test statistic : -1.4227388593065113,
 Markov chain is stationnary if test statistic < -2.573233671199697
test statistic : -3.1219218473997916,
 Markov chain is stationnary if test statistic < -2.5732365261844894
Convergence : acceptation by k
(2: 415), (3: 13), 
Convergence : refusal by k
(4: 2366), (2: 18389), (3: 5531), (5: 1264), (9: 211), (8: 292), (7: 403), (13: 67), (6: 648), (29: 9), (14: 65), (24: 11), (10: 146), (12: 83), (45: 4), (20: 27), (11: 118), (16: 47), (31: 5), (27: 10), (34: 5), (15: 29), (23: 15), (18: 20), (26: 8), (17: 41), (21: 13), (42: 2), (40: 4), (19: 27), (25: 8), (41: 2), (46: 3), (22: 16), (35: 4), (48: 1), (30: 7), (33: 4), (39: 1), (28: 7), (32: 6), (37: 2), (44: 1), (43: 1), (38: 1), 
eta estimation took 129.9639036655426 seconds
convergence took 0.986985445022583 seconds
Writing 50 graph samples...
