Reading graph...
Initializing markov chain
Starting Markov Chain convergence...
eta estimation parameters: N_swap 228000, C 10, T 500, u 1, alpha 0.04
burn in...
defaultdict(<class 'int'>, {2: 1623, 3: 47, 4: 4, 5: 2})
defaultdict(<class 'int'>, {2: 139327, 3: 41811, 8: 2260, 4: 17660, 7: 3238, 15: 321, 5: 9110, 11: 862, 9: 1570, 6: 5236, 17: 238, 16: 264, 18: 199, 19: 170, 14: 383, 12: 662, 27: 69, 39: 16, 10: 1047, 24: 70, 13: 491, 20: 125, 110: 1, 30: 48, 54: 8, 55: 6, 41: 19, 82: 3, 33: 31, 31: 38, 163: 1, 40: 26, 23: 96, 26: 60, 66: 4, 42: 19, 28: 59, 105: 2, 25: 74, 174: 1, 45: 11, 32: 35, 21: 116, 209: 1, 29: 47, 36: 20, 22: 112, 67: 6, 61: 6, 56: 4, 146: 2, 46: 16, 109: 1, 37: 20, 38: 22, 128: 3, 34: 34, 47: 8, 44: 9, 35: 28, 59: 9, 69: 2, 52: 5, 96: 2, 142: 1, 51: 11, 50: 8, 78: 5, 71: 2, 75: 4, 114: 2, 64: 2, 158: 1, 60: 6, 43: 13, 94: 3, 63: 5, 68: 3, 48: 10, 107: 1, 62: 2, 126: 2, 77: 2, 84: 3, 81: 2, 57: 6, 83: 3, 88: 1, 58: 5, 53: 7, 65: 5, 173: 1, 106: 1, 112: 1, 87: 2, 49: 4, 151: 1, 76: 1, 116: 1, 89: 2, 224: 1, 97: 2, 102: 1, 108: 1, 101: 1, 165: 1, 90: 1, 152: 1, 168: 1, 204: 2, 135: 1, 190: 1, 72: 3, 175: 1, 184: 2, 70: 2, 121: 2, 153: 1, 111: 1, 73: 2, 95: 1, 113: 1, 129: 1, 100: 1, 74: 3, 162: 1, 93: 1, 85: 3, 123: 2, 148: 1, 120: 1, 119: 1, 136: 1, 92: 1, 143: 1, 144: 1, 139: 1, 137: 1})
Burn In : acceptation/refusals by k : 0.007350877192982456
0.007350877192982456
measuring sampling gap...
considering eta 31017...
eta 31017 refused (d_eta=10 <= u=1), trying eta=62034, acf = 0.23519738692843456
considering eta 62034...
eta 62034 refused (d_eta=9 <= u=1), trying eta=124068, acf = 0.16376596336070992
considering eta 124068...
eta 124068 refused (d_eta=8 <= u=1), trying eta=248136, acf = 0.12020323498091269
considering eta 248136...
eta 248136 refused (d_eta=7 <= u=1), trying eta=496272, acf = 0.08302728436761314
considering eta 496272...
eta 496272 refused (d_eta=4 <= u=1), trying eta=992544, acf = 0.05505852937149319
considering eta 992544...
/home/morandeau/PKS_method/PKS_method/venv/lib/python3.13/site-packages/arch/unitroot/unitroot.py:774: PerformanceWarning: The value of max_lags was not specified and has been calculated as 120. Searching over a large lag length with a sample size of 992544 is likely to be slow. Consider directly setting ``max_lags`` to a small value to avoid this performance issue.
  ic_best, best_lag = _df_select_lags(
/home/morandeau/PKS_method/PKS_method/venv/lib/python3.13/site-packages/arch/unitroot/unitroot.py:960: PerformanceWarning: The value of max_lags was not specified and has been calculated as 120. Searching over a large lag length with a sample size of 992544 is likely to be slow. Consider directly setting ``max_lags`` to a small value to avoid this performance issue.
  _, bestlag = _df_select_lags(
  0% (0 of 50) |                         | Elapsed Time: 0:00:00 ETA:  --:--:--
  2% (1 of 50) |                         | Elapsed Time: 0:00:21 ETA:   0:17:32
  4% (2 of 50) |#                        | Elapsed Time: 0:00:42 ETA:   0:17:10
  6% (3 of 50) |#                        | Elapsed Time: 0:01:04 ETA:   0:16:49
  8% (4 of 50) |##                       | Elapsed Time: 0:01:25 ETA:   0:16:28
 10% (5 of 50) |##                       | Elapsed Time: 0:01:47 ETA:   0:16:07
 12% (6 of 50) |###                      | Elapsed Time: 0:02:08 ETA:   0:15:45
 14% (7 of 50) |###                      | Elapsed Time: 0:02:30 ETA:   0:15:22
 16% (8 of 50) |####                     | Elapsed Time: 0:02:51 ETA:   0:15:01
 18% (9 of 50) |####                     | Elapsed Time: 0:03:13 ETA:   0:14:39
 20% (10 of 50) |####                    | Elapsed Time: 0:03:34 ETA:   0:14:18
 22% (11 of 50) |#####                   | Elapsed Time: 0:03:57 ETA:   0:14:02
 24% (12 of 50) |#####                   | Elapsed Time: 0:04:19 ETA:   0:13:40
 26% (13 of 50) |######                  | Elapsed Time: 0:04:44 ETA:   0:13:30
 28% (14 of 50) |######                  | Elapsed Time: 0:05:07 ETA:   0:13:10
 30% (15 of 50) |#######                 | Elapsed Time: 0:05:28 ETA:   0:12:47
 32% (16 of 50) |#######                 | Elapsed Time: 0:05:50 ETA:   0:12:24
 34% (17 of 50) |########                | Elapsed Time: 0:06:11 ETA:   0:12:01
 36% (18 of 50) |########                | Elapsed Time: 0:06:33 ETA:   0:11:39
 38% (19 of 50) |#########               | Elapsed Time: 0:07:02 ETA:   0:11:29
 40% (20 of 50) |#########               | Elapsed Time: 0:07:29 ETA:   0:11:14
 42% (21 of 50) |##########              | Elapsed Time: 0:07:51 ETA:   0:10:50
 44% (22 of 50) |##########              | Elapsed Time: 0:08:12 ETA:   0:10:27
 46% (23 of 50) |###########             | Elapsed Time: 0:08:34 ETA:   0:10:03
 48% (24 of 50) |###########             | Elapsed Time: 0:08:55 ETA:   0:09:40
 50% (25 of 50) |############            | Elapsed Time: 0:09:17 ETA:   0:09:17
 52% (26 of 50) |############            | Elapsed Time: 0:09:38 ETA:   0:08:54
 54% (27 of 50) |############            | Elapsed Time: 0:10:00 ETA:   0:08:31
 56% (28 of 50) |#############           | Elapsed Time: 0:10:21 ETA:   0:08:08
 58% (29 of 50) |#############           | Elapsed Time: 0:10:44 ETA:   0:07:46
 60% (30 of 50) |##############          | Elapsed Time: 0:11:05 ETA:   0:07:23
 62% (31 of 50) |##############          | Elapsed Time: 0:11:27 ETA:   0:07:01
 64% (32 of 50) |###############         | Elapsed Time: 0:11:48 ETA:   0:06:38
 66% (33 of 50) |###############         | Elapsed Time: 0:12:10 ETA:   0:06:16
 68% (34 of 50) |################        | Elapsed Time: 0:12:32 ETA:   0:05:53
 70% (35 of 50) |################        | Elapsed Time: 0:12:53 ETA:   0:05:31
 72% (36 of 50) |#################       | Elapsed Time: 0:13:15 ETA:   0:05:09
 74% (37 of 50) |#################       | Elapsed Time: 0:13:36 ETA:   0:04:46
 76% (38 of 50) |##################      | Elapsed Time: 0:13:58 ETA:   0:04:24
 78% (39 of 50) |##################      | Elapsed Time: 0:14:19 ETA:   0:04:02
 80% (40 of 50) |###################     | Elapsed Time: 0:14:41 ETA:   0:03:40
 82% (41 of 50) |###################     | Elapsed Time: 0:15:02 ETA:   0:03:18
 84% (42 of 50) |####################    | Elapsed Time: 0:15:24 ETA:   0:02:56
 86% (43 of 50) |####################    | Elapsed Time: 0:15:46 ETA:   0:02:34
 88% (44 of 50) |#####################   | Elapsed Time: 0:16:07 ETA:   0:02:11
 90% (45 of 50) |#####################   | Elapsed Time: 0:16:28 ETA:   0:01:49
 92% (46 of 50) |######################  | Elapsed Time: 0:16:50 ETA:   0:01:27
 94% (47 of 50) |######################  | Elapsed Time: 0:17:11 ETA:   0:01:05
 96% (48 of 50) |####################### | Elapsed Time: 0:17:33 ETA:   0:00:43
 98% (49 of 50) |####################### | Elapsed Time: 0:17:54 ETA:   0:00:21
100% (50 of 50) |########################| Elapsed Time: 0:18:16 Time:  0:18:16
eta 992544 accepted (d_eta=0 <= u=1)
running markov chain and checking convergence...
test statistic : -13.788125707068728,
 Markov chain is stationnary if test statistic < -2.567838641803016
Convergence : acceptation by k
(2: 8105), (3: 180), (4: 35), (5: 3), (6: 2), (7: 1), 
Convergence : refusal by k
(3: 181736), (2: 606000), (4: 77064), (18: 855), (5: 39034), (10: 4870), (7: 14252), (32: 155), (6: 22807), (9: 6684), (13: 2223), (8: 9730), (21: 544), (19: 736), (15: 1455), (11: 3669), (59: 28), (17: 984), (14: 1735), (29: 206), (26: 286), (12: 2804), (63: 21), (25: 316), (23: 409), (20: 569), (16: 1153), (39: 97), (28: 229), (33: 133), (22: 467), (35: 117), (24: 364), (227: 1), (64: 21), (38: 91), (54: 32), (43: 53), (127: 3), (27: 263), (40: 82), (30: 191), (34: 112), (60: 20), (94: 5), (79: 14), (44: 59), (37: 92), (31: 165), (48: 41), (67: 18), (61: 22), (41: 68), (178: 1), (36: 124), (126: 3), (50: 44), (91: 9), (77: 19), (93: 5), (46: 38), (92: 3), (82: 10), (42: 59), (57: 26), (49: 49), (68: 17), (45: 49), (150: 2), (70: 20), (87: 10), (51: 34), (55: 17), (218: 1), (89: 8), (193: 1), (80: 5), (104: 4), (56: 30), (148: 4), (52: 30), (165: 2), (81: 10), (62: 15), (98: 5), (95: 8), (53: 26), (131: 2), (188: 1), (75: 8), (58: 21), (84: 2), (85: 8), (154: 2), (112: 5), (47: 46), (90: 9), (143: 3), (139: 3), (66: 16), (86: 9), (74: 16), (73: 9), (69: 18), (145: 2), (76: 13), (121: 4), (172: 1), (83: 8), (111: 5), (107: 4), (101: 7), (99: 5), (65: 13), (115: 4), (72: 18), (102: 6), (117: 6), (153: 2), (71: 13), (114: 6), (191: 1), (125: 2), (105: 4), (133: 3), (96: 8), (198: 1), (119: 2), (146: 2), (149: 2), (197: 1), (210: 1), (122: 4), (88: 10), (181: 1), (144: 2), (164: 2), (129: 2), (166: 1), (78: 15), (128: 5), (176: 2), (192: 3), (171: 1), (109: 2), (135: 2), (106: 3), (179: 3), (110: 1), (138: 1), (118: 2), (136: 3), (130: 3), (132: 1), (97: 5), (203: 1), (190: 2), (123: 2), (205: 2), (134: 3), (141: 2), (170: 1), (189: 1), (163: 2), (116: 2), (185: 2), (157: 2), (173: 1), (174: 1), (151: 1), (187: 2), (177: 2), (137: 1), (108: 4), (120: 2), (147: 2), (158: 2), (103: 2), (140: 1), (212: 1), (100: 2), (159: 1), (168: 1), (160: 1), 
eta estimation took 42527.5299885273 seconds
convergence took 28.291279315948486 seconds
Writing 50 graph samples...
