Reading graph...
Initializing markov chain
Starting Markov Chain convergence...
eta estimation parameters: N_swap 685000, C 10, T 500, u 1, alpha 0.04
burn in...
defaultdict(<class 'int'>, {2: 14347, 3: 812, 4: 118, 5: 16, 6: 9, 7: 1})
defaultdict(<class 'int'>, {2: 409449, 6: 15608, 3: 124648, 4: 53169, 5: 27024, 14: 1298, 20: 411, 10: 3441, 16: 841, 11: 2599, 9: 4618, 17: 649, 18: 628, 7: 9802, 13: 1546, 8: 6567, 40: 50, 33: 85, 28: 132, 30: 126, 12: 1953, 43: 46, 26: 204, 24: 241, 21: 379, 25: 216, 22: 302, 35: 76, 27: 160, 51: 27, 38: 54, 19: 466, 29: 131, 15: 1031, 47: 35, 36: 76, 80: 6, 31: 90, 71: 12, 23: 246, 189: 1, 88: 8, 34: 93, 128: 1, 56: 18, 70: 13, 44: 39, 117: 4, 39: 55, 50: 28, 41: 52, 345: 1, 185: 1, 32: 111, 52: 27, 77: 7, 113: 4, 378: 1, 45: 38, 37: 57, 188: 2, 55: 21, 91: 7, 75: 10, 257: 1, 95: 5, 63: 15, 57: 19, 86: 6, 53: 15, 78: 8, 69: 9, 141: 1, 85: 5, 171: 4, 48: 30, 76: 4, 108: 5, 49: 23, 93: 4, 46: 34, 271: 1, 59: 13, 82: 7, 58: 18, 60: 13, 66: 21, 183: 2, 42: 35, 89: 9, 62: 13, 182: 2, 217: 1, 280: 1, 114: 4, 74: 5, 54: 24, 68: 11, 73: 14, 121: 5, 131: 1, 98: 5, 135: 3, 64: 19, 118: 4, 104: 6, 111: 5, 173: 2, 87: 6, 186: 2, 110: 6, 102: 3, 145: 2, 65: 9, 341: 1, 94: 7, 301: 1, 79: 6, 420: 1, 90: 6, 97: 5, 115: 2, 214: 2, 130: 3, 99: 4, 72: 7, 103: 5, 219: 2, 124: 3, 384: 1, 203: 1, 143: 4, 133: 5, 67: 12, 61: 14, 129: 3, 159: 2, 200: 1, 100: 5, 92: 3, 105: 4, 191: 3, 125: 1, 81: 8, 144: 1, 109: 5, 205: 1, 127: 1, 126: 2, 83: 6, 123: 2, 132: 1, 84: 4, 96: 3, 157: 1, 107: 4, 142: 2, 155: 1, 294: 1, 116: 3, 230: 1, 176: 2, 199: 1, 101: 1, 565: 1, 106: 1, 206: 2, 265: 1, 136: 2, 250: 1, 112: 1, 122: 3, 251: 1, 287: 1, 229: 1, 169: 1, 152: 1, 210: 1, 395: 1, 194: 3, 201: 1, 184: 1, 260: 1, 158: 1, 320: 1, 138: 1, 134: 1, 148: 1, 283: 1})
Burn In : acceptation/refusals by k : 0.02234014598540146
0.02234014598540146
measuring sampling gap...
considering eta 30663...
eta 30663 refused (d_eta=10 <= u=1), trying eta=61326. ACF at lag 1 was 0.559287.
considering eta 61326...
eta 61326 refused (d_eta=10 <= u=1), trying eta=122652. ACF at lag 1 was 0.706331.
considering eta 122652...
eta 122652 refused (d_eta=9 <= u=1), trying eta=245304. ACF at lag 1 was 0.537602.
considering eta 245304...
/home/morandeau/PKS_method/PKS_method/venv/lib/python3.13/site-packages/joblib/externals/loky/backend/resource_tracker.py:359: UserWarning: resource_tracker: There appear to be 11 leaked semlock objects to clean up at shutdown
  warnings.warn(
/home/morandeau/PKS_method/PKS_method/venv/lib/python3.13/site-packages/joblib/externals/loky/backend/resource_tracker.py:359: UserWarning: resource_tracker: There appear to be 5 leaked folder objects to clean up at shutdown
  warnings.warn(
