Reading graph...
Initializing markov chain
Starting Markov Chain convergence...
eta estimation parameters: N_swap 368000, C 10, T 500, u 1, alpha 0.04
burn in...
defaultdict(<class 'int'>, {2: 1486, 3: 29, 5: 1})
defaultdict(<class 'int'>, {2: 225725, 5: 14504, 4: 28405, 3: 67893, 18: 322, 11: 1427, 13: 820, 8: 3586, 9: 2554, 14: 712, 6: 8402, 101: 2, 26: 106, 7: 5272, 12: 1045, 46: 24, 16: 456, 17: 392, 20: 213, 15: 551, 10: 1750, 28: 86, 32: 61, 37: 33, 25: 140, 36: 39, 29: 69, 35: 40, 30: 72, 21: 190, 23: 153, 33: 50, 38: 32, 19: 277, 27: 103, 61: 7, 40: 34, 113: 2, 24: 127, 34: 45, 22: 166, 137: 2, 31: 59, 45: 17, 75: 6, 67: 10, 50: 20, 43: 24, 54: 15, 86: 6, 48: 16, 76: 4, 71: 6, 39: 35, 56: 9, 128: 1, 42: 26, 47: 15, 53: 12, 105: 3, 99: 7, 49: 19, 44: 22, 51: 13, 58: 6, 166: 1, 82: 4, 68: 9, 63: 8, 41: 25, 59: 5, 72: 3, 55: 12, 52: 12, 79: 5, 77: 3, 64: 7, 60: 7, 180: 2, 130: 1, 115: 1, 84: 5, 106: 2, 73: 5, 92: 5, 264: 1, 65: 5, 57: 12, 234: 1, 104: 1, 168: 1, 136: 1, 206: 1, 217: 1, 132: 1, 152: 1, 204: 2, 78: 2, 304: 1, 211: 2, 69: 1, 94: 3, 62: 5, 326: 2, 85: 3, 163: 1, 145: 1, 95: 2, 100: 3, 154: 2, 349: 1, 74: 3, 147: 1, 197: 1, 83: 2, 103: 2, 150: 2, 212: 1, 81: 4, 111: 1, 127: 1, 98: 3, 149: 1, 90: 3, 116: 1, 89: 1, 203: 1, 131: 1, 120: 1, 66: 3, 146: 1, 126: 2, 141: 1, 161: 1, 144: 3, 80: 2, 195: 1, 122: 1, 157: 1, 172: 1, 133: 1, 114: 1, 88: 1, 117: 2, 96: 1, 175: 1, 159: 1, 124: 1, 107: 1, 216: 1, 129: 2, 151: 1, 235: 1, 289: 1, 112: 1, 176: 1})
Burn In : acceptation/refusals by k : 0.004119565217391304
0.004119565217391304
measuring sampling gap...
considering eta 89330...
eta 89330 refused (d_eta=7 <= u=1), trying eta=178660, acf = 0.13923419151277044
considering eta 178660...
eta 178660 refused (d_eta=6 <= u=1), trying eta=357320, acf = 0.09843218067018687
considering eta 357320...
eta 357320 refused (d_eta=8 <= u=1), trying eta=714640, acf = 0.10465686259511682
considering eta 714640...
eta 714640 refused (d_eta=5 <= u=1), trying eta=1429280, acf = 0.07680402210556449
considering eta 1429280...
eta 1429280 refused (d_eta=4 <= u=1), trying eta=2858560, acf = 0.04376176361003281
considering eta 2858560...
/home/morandeau/PKS_method/PKS_method/venv/lib/python3.13/site-packages/arch/unitroot/unitroot.py:774: PerformanceWarning: The value of max_lags was not specified and has been calculated as 157. Searching over a large lag length with a sample size of 2858560 is likely to be slow. Consider directly setting ``max_lags`` to a small value to avoid this performance issue.
  ic_best, best_lag = _df_select_lags(
/home/morandeau/PKS_method/PKS_method/venv/lib/python3.13/site-packages/arch/unitroot/unitroot.py:960: PerformanceWarning: The value of max_lags was not specified and has been calculated as 157. Searching over a large lag length with a sample size of 2858560 is likely to be slow. Consider directly setting ``max_lags`` to a small value to avoid this performance issue.
  _, bestlag = _df_select_lags(
  0% (0 of 50) |                         | Elapsed Time: 0:00:00 ETA:  --:--:--
  2% (1 of 50) |                         | Elapsed Time: 0:01:02 ETA:   0:51:20
  4% (2 of 50) |#                        | Elapsed Time: 0:02:05 ETA:   0:50:11
  6% (3 of 50) |#                        | Elapsed Time: 0:03:10 ETA:   0:49:39
  8% (4 of 50) |##                       | Elapsed Time: 0:04:12 ETA:   0:48:24
 10% (5 of 50) |##                       | Elapsed Time: 0:05:31 ETA:   0:49:46
 12% (6 of 50) |###                      | Elapsed Time: 0:06:35 ETA:   0:48:22
 14% (7 of 50) |###                      | Elapsed Time: 0:07:39 ETA:   0:47:02
 16% (8 of 50) |####                     | Elapsed Time: 0:08:42 ETA:   0:45:40
 18% (9 of 50) |####                     | Elapsed Time: 0:09:44 ETA:   0:44:22
 20% (10 of 50) |####                    | Elapsed Time: 0:10:46 ETA:   0:43:07
 22% (11 of 50) |#####                   | Elapsed Time: 0:11:49 ETA:   0:41:54
 24% (12 of 50) |#####                   | Elapsed Time: 0:12:51 ETA:   0:40:43
 26% (13 of 50) |######                  | Elapsed Time: 0:13:54 ETA:   0:39:35
 28% (14 of 50) |######                  | Elapsed Time: 0:14:56 ETA:   0:38:26
 30% (15 of 50) |#######                 | Elapsed Time: 0:15:59 ETA:   0:37:17
 32% (16 of 50) |#######                 | Elapsed Time: 0:17:01 ETA:   0:36:10
 34% (17 of 50) |########                | Elapsed Time: 0:18:05 ETA:   0:35:06
 36% (18 of 50) |########                | Elapsed Time: 0:19:09 ETA:   0:34:02
 38% (19 of 50) |#########               | Elapsed Time: 0:20:16 ETA:   0:33:04
 40% (20 of 50) |#########               | Elapsed Time: 0:21:44 ETA:   0:32:36
 42% (21 of 50) |##########              | Elapsed Time: 0:22:46 ETA:   0:31:27
 44% (22 of 50) |##########              | Elapsed Time: 0:23:48 ETA:   0:30:18
 46% (23 of 50) |###########             | Elapsed Time: 0:24:51 ETA:   0:29:10
 48% (24 of 50) |###########             | Elapsed Time: 0:25:54 ETA:   0:28:03
 50% (25 of 50) |############            | Elapsed Time: 0:27:04 ETA:   0:27:04
 52% (26 of 50) |############            | Elapsed Time: 0:28:10 ETA:   0:26:00
 54% (27 of 50) |############            | Elapsed Time: 0:29:25 ETA:   0:25:04
 56% (28 of 50) |#############           | Elapsed Time: 0:30:28 ETA:   0:23:56
 58% (29 of 50) |#############           | Elapsed Time: 0:31:31 ETA:   0:22:49
 60% (30 of 50) |##############          | Elapsed Time: 0:32:37 ETA:   0:21:44
 62% (31 of 50) |##############          | Elapsed Time: 0:33:41 ETA:   0:20:38
 64% (32 of 50) |###############         | Elapsed Time: 0:34:43 ETA:   0:19:31
 66% (33 of 50) |###############         | Elapsed Time: 0:35:46 ETA:   0:18:25
 68% (34 of 50) |################        | Elapsed Time: 0:36:48 ETA:   0:17:19
 70% (35 of 50) |################        | Elapsed Time: 0:37:50 ETA:   0:16:13
 72% (36 of 50) |#################       | Elapsed Time: 0:38:53 ETA:   0:15:07
 74% (37 of 50) |#################       | Elapsed Time: 0:40:06 ETA:   0:14:05
 76% (38 of 50) |##################      | Elapsed Time: 0:41:08 ETA:   0:12:59
 78% (39 of 50) |##################      | Elapsed Time: 0:42:10 ETA:   0:11:53
 80% (40 of 50) |###################     | Elapsed Time: 0:43:13 ETA:   0:10:48
 82% (41 of 50) |###################     | Elapsed Time: 0:44:15 ETA:   0:09:42
 84% (42 of 50) |####################    | Elapsed Time: 0:45:18 ETA:   0:08:37
 86% (43 of 50) |####################    | Elapsed Time: 0:46:23 ETA:   0:07:33
 88% (44 of 50) |#####################   | Elapsed Time: 0:47:25 ETA:   0:06:28
 90% (45 of 50) |#####################   | Elapsed Time: 0:48:31 ETA:   0:05:23
 92% (46 of 50) |######################  | Elapsed Time: 0:49:33 ETA:   0:04:18
 94% (47 of 50) |######################  | Elapsed Time: 0:50:35 ETA:   0:03:13
 96% (48 of 50) |####################### | Elapsed Time: 0:51:39 ETA:   0:02:09
 98% (49 of 50) |####################### | Elapsed Time: 0:52:43 ETA:   0:01:04
100% (50 of 50) |########################| Elapsed Time: 0:53:45 Time:  0:53:45
eta 2858560 accepted (d_eta=1 <= u=1)
running markov chain and checking convergence...
test statistic : -10.514193948920148,
 Markov chain is stationnary if test statistic < -2.5678251215518544
Convergence : acceptation by k
(2: 11617), (3: 173), (4: 24), (6: 1), 
Convergence : refusal by k
(2: 1755573), (4: 221468), (5: 113406), (3: 524108), (7: 41266), (8: 27595), (25: 890), (10: 14347), (6: 65539), (11: 10567), (12: 8309), (16: 3385), (258: 1), (18: 2434), (9: 19493), (94: 16), (14: 5220), (24: 1021), (31: 463), (32: 456), (17: 2923), (13: 6387), (15: 4079), (43: 176), (22: 1285), (21: 1529), (29: 582), (23: 1168), (34: 375), (143: 9), (41: 203), (30: 577), (59: 65), (28: 635), (19: 2101), (20: 1789), (53: 109), (42: 179), (36: 258), (39: 254), (26: 824), (62: 56), (37: 281), (77: 22), (27: 759), (234: 1), (35: 339), (33: 410), (52: 106), (46: 140), (56: 82), (38: 253), (69: 43), (89: 22), (115: 8), (47: 146), (288: 1), (87: 19), (44: 161), (71: 31), (50: 102), (48: 135), (54: 100), (49: 119), (55: 83), (60: 68), (97: 20), (58: 68), (45: 132), (68: 53), (161: 4), (88: 26), (65: 57), (85: 21), (187: 3), (158: 2), (67: 52), (40: 215), (72: 45), (99: 17), (126: 6), (78: 31), (147: 5), (96: 15), (61: 55), (100: 16), (184: 5), (129: 7), (66: 44), (213: 1), (57: 65), (116: 5), (127: 5), (107: 8), (51: 90), (74: 41), (141: 6), (250: 3), (142: 7), (103: 14), (73: 32), (269: 1), (157: 5), (95: 14), (63: 56), (304: 2), (105: 18), (132: 10), (162: 5), (83: 19), (199: 2), (177: 3), (315: 1), (173: 7), (90: 18), (84: 30), (64: 46), (75: 33), (349: 1), (92: 15), (170: 3), (133: 8), (139: 7), (171: 5), (172: 7), (80: 38), (82: 28), (101: 16), (176: 2), (76: 24), (281: 1), (113: 7), (347: 1), (86: 14), (102: 15), (124: 6), (125: 5), (135: 5), (91: 13), (93: 21), (114: 8), (340: 1), (138: 3), (121: 11), (190: 1), (104: 17), (167: 6), (252: 2), (160: 3), (263: 1), (108: 16), (149: 6), (264: 3), (70: 33), (358: 1), (154: 3), (153: 4), (189: 4), (218: 1), (79: 23), (326: 2), (81: 25), (131: 8), (152: 2), (292: 1), (289: 1), (229: 3), (300: 2), (106: 14), (214: 1), (110: 10), (109: 12), (212: 2), (112: 3), (134: 7), (366: 1), (119: 9), (130: 7), (118: 8), (235: 1), (166: 2), (165: 2), (98: 7), (256: 1), (220: 1), (188: 3), (178: 3), (194: 3), (123: 6), (144: 1), (145: 5), (155: 3), (128: 6), (111: 11), (206: 2), (117: 10), (244: 3), (302: 1), (136: 2), (163: 4), (226: 1), (122: 8), (257: 1), (120: 5), (291: 2), (151: 5), (299: 1), (285: 2), (337: 2), (168: 6), (365: 2), (179: 3), (146: 3), (238: 1), (247: 1), (262: 2), (169: 3), (241: 2), (208: 2), (356: 2), (284: 1), (204: 2), (150: 4), (344: 1), (223: 1), (219: 1), (274: 1), (156: 3), (217: 1), (242: 1), (159: 3), (137: 7), (335: 2), (202: 3), (164: 1), (196: 2), (330: 1), (148: 2), (322: 1), (243: 1), (325: 1), (186: 3), (336: 2), (348: 1), (251: 2), (271: 2), (272: 2), (211: 1), (225: 2), (230: 2), (175: 1), (191: 1), (334: 1), (260: 1), (239: 2), (197: 1), (185: 1), (267: 2), (140: 1), (201: 3), (233: 1), (224: 1), (246: 2), (286: 1), (183: 3), (200: 1), (277: 1), (193: 1), (327: 2), (350: 1), (203: 1), (259: 1), (314: 1), (207: 1), (182: 3), (180: 2), (301: 1), (310: 1), (308: 1), (278: 1), (303: 1), (313: 1), (354: 1), (215: 1), (240: 1), (343: 1), (353: 1), (227: 1), (266: 1), (205: 1), (345: 1), (254: 1), 
eta estimation took 127623.56981062889 seconds
convergence took 112.54209470748901 seconds
Writing 50 graph samples...
