Reading graph...
Initializing markov chain
Starting Markov Chain convergence...
eta estimation parameters: N_swap 26000, C 10, T 500, u 1, alpha 0.04
burn in...
defaultdict(<class 'int'>, {2: 513, 7: 1, 3: 21, 4: 2})
defaultdict(<class 'int'>, {4: 2054, 2: 15514, 15: 45, 3: 4836, 6: 617, 7: 375, 8: 238, 5: 1044, 9: 153, 18: 17, 17: 27, 25: 9, 12: 71, 11: 96, 22: 16, 13: 63, 10: 130, 16: 36, 19: 19, 14: 45, 21: 20, 20: 20, 23: 9, 24: 9})
Burn In : acceptation/refusals by k : 0.020653846153846155
0.020653846153846155
measuring sampling gap...
considering eta 1259...
  0% (0 of 50) |                         | Elapsed Time: 0:00:00 ETA:  --:--:--
  2% (1 of 50) |                         | Elapsed Time: 0:00:00 ETA:   0:00:02
  4% (2 of 50) |#                        | Elapsed Time: 0:00:00 ETA:   0:00:02
  6% (3 of 50) |#                        | Elapsed Time: 0:00:00 ETA:   0:00:02
  8% (4 of 50) |##                       | Elapsed Time: 0:00:00 ETA:   0:00:02
 10% (5 of 50) |##                       | Elapsed Time: 0:00:00 ETA:   0:00:02
 12% (6 of 50) |###                      | Elapsed Time: 0:00:00 ETA:   0:00:02
 14% (7 of 50) |###                      | Elapsed Time: 0:00:00 ETA:   0:00:02
 16% (8 of 50) |####                     | Elapsed Time: 0:00:00 ETA:   0:00:02
 18% (9 of 50) |####                     | Elapsed Time: 0:00:00 ETA:   0:00:02
 20% (10 of 50) |####                    | Elapsed Time: 0:00:00 ETA:   0:00:02
 22% (11 of 50) |#####                   | Elapsed Time: 0:00:00 ETA:   0:00:02
 24% (12 of 50) |#####                   | Elapsed Time: 0:00:00 ETA:   0:00:02
 26% (13 of 50) |######                  | Elapsed Time: 0:00:00 ETA:   0:00:02
 28% (14 of 50) |######                  | Elapsed Time: 0:00:00 ETA:   0:00:01
 30% (15 of 50) |#######                 | Elapsed Time: 0:00:00 ETA:   0:00:01
 32% (16 of 50) |#######                 | Elapsed Time: 0:00:00 ETA:   0:00:01
 34% (17 of 50) |########                | Elapsed Time: 0:00:00 ETA:   0:00:01
 36% (18 of 50) |########                | Elapsed Time: 0:00:01 ETA:   0:00:01
 38% (19 of 50) |#########               | Elapsed Time: 0:00:01 ETA:   0:00:01
 40% (20 of 50) |#########               | Elapsed Time: 0:00:01 ETA:   0:00:01
 42% (21 of 50) |##########              | Elapsed Time: 0:00:01 ETA:   0:00:01
 44% (22 of 50) |##########              | Elapsed Time: 0:00:01 ETA:   0:00:01
 46% (23 of 50) |###########             | Elapsed Time: 0:00:01 ETA:   0:00:01
 48% (24 of 50) |###########             | Elapsed Time: 0:00:01 ETA:   0:00:01
 50% (25 of 50) |############            | Elapsed Time: 0:00:01 ETA:   0:00:01
 52% (26 of 50) |############            | Elapsed Time: 0:00:01 ETA:   0:00:01
 54% (27 of 50) |############            | Elapsed Time: 0:00:01 ETA:   0:00:01
 56% (28 of 50) |#############           | Elapsed Time: 0:00:01 ETA:   0:00:01
 58% (29 of 50) |#############           | Elapsed Time: 0:00:01 ETA:   0:00:01
 60% (30 of 50) |##############          | Elapsed Time: 0:00:01 ETA:   0:00:01
 62% (31 of 50) |##############          | Elapsed Time: 0:00:01 ETA:   0:00:01
 64% (32 of 50) |###############         | Elapsed Time: 0:00:01 ETA:   0:00:01
 66% (33 of 50) |###############         | Elapsed Time: 0:00:01 ETA:   0:00:00
 68% (34 of 50) |################        | Elapsed Time: 0:00:01 ETA:   0:00:00
 70% (35 of 50) |################        | Elapsed Time: 0:00:01 ETA:   0:00:00
 72% (36 of 50) |#################       | Elapsed Time: 0:00:02 ETA:   0:00:00
 74% (37 of 50) |#################       | Elapsed Time: 0:00:02 ETA:   0:00:00
 76% (38 of 50) |##################      | Elapsed Time: 0:00:02 ETA:   0:00:00
 78% (39 of 50) |##################      | Elapsed Time: 0:00:02 ETA:   0:00:00
 80% (40 of 50) |###################     | Elapsed Time: 0:00:02 ETA:   0:00:00
 82% (41 of 50) |###################     | Elapsed Time: 0:00:02 ETA:   0:00:00
 84% (42 of 50) |####################    | Elapsed Time: 0:00:02 ETA:   0:00:00
 86% (43 of 50) |####################    | Elapsed Time: 0:00:02 ETA:   0:00:00
 88% (44 of 50) |#####################   | Elapsed Time: 0:00:02 ETA:   0:00:00
 90% (45 of 50) |#####################   | Elapsed Time: 0:00:02 ETA:   0:00:00
 92% (46 of 50) |######################  | Elapsed Time: 0:00:02 ETA:   0:00:00
 94% (47 of 50) |######################  | Elapsed Time: 0:00:02 ETA:   0:00:00
 96% (48 of 50) |####################### | Elapsed Time: 0:00:02 ETA:   0:00:00
 98% (49 of 50) |####################### | Elapsed Time: 0:00:02 ETA:   0:00:00
100% (50 of 50) |########################| Elapsed Time: 0:00:02 Time:  0:00:02
eta 1259 refused (d_eta=6 <= u=1), trying eta=2518, acf = 0.08074094863312095
considering eta 2518...
eta 2518 accepted (d_eta=1 <= u=1)
running markov chain and checking convergence...
test statistic : -1.7070049750364495,
 Markov chain is stationnary if test statistic < -2.5759566755495333
test statistic : -3.2200049293780952,
 Markov chain is stationnary if test statistic < -2.5759922741159293
Convergence : acceptation by k
(2: 94), (3: 4), 
Convergence : refusal by k
(3: 936), (2: 3031), (11: 26), (4: 369), (5: 206), (6: 114), (9: 35), (7: 83), (22: 1), (25: 4), (8: 41), (14: 6), (19: 5), (16: 6), (20: 5), (10: 25), (13: 13), (18: 5), (17: 6), (23: 4), (12: 9), (15: 7), (24: 1), 
eta estimation took 96.51343894004822 seconds
convergence took 0.1993541717529297 seconds
Writing 50 graph samples...
