Reading graph...
Initializing markov chain
Starting Markov Chain convergence...
eta estimation parameters: N_swap 39000, C 10, T 500, u 1, alpha 0.04
burn in...
defaultdict(<class 'int'>, {2: 1132, 4: 5, 5: 1, 3: 21})
defaultdict(<class 'int'>, {2: 23150, 5: 1486, 4: 2977, 8: 395, 6: 880, 3: 7097, 10: 196, 7: 565, 19: 31, 11: 145, 17: 38, 20: 28, 9: 247, 13: 91, 15: 59, 14: 84, 12: 132, 30: 11, 16: 40, 33: 8, 26: 13, 32: 6, 23: 25, 25: 15, 22: 15, 31: 4, 34: 6, 29: 9, 38: 3, 18: 22, 24: 10, 36: 5, 28: 8, 35: 4, 21: 24, 27: 8, 37: 4})
Burn In : acceptation/refusals by k : 0.02971794871794872
0.02971794871794872
measuring sampling gap...
considering eta 1313...
  0% (0 of 50) |                         | Elapsed Time: 0:00:00 ETA:  --:--:--
  4% (2 of 50) |#                        | Elapsed Time: 0:00:00 ETA:   0:00:01
  8% (4 of 50) |##                       | Elapsed Time: 0:00:00 ETA:   0:00:01
 12% (6 of 50) |###                      | Elapsed Time: 0:00:00 ETA:   0:00:01
 16% (8 of 50) |####                     | Elapsed Time: 0:00:00 ETA:   0:00:01
 20% (10 of 50) |####                    | Elapsed Time: 0:00:00 ETA:   0:00:01
 24% (12 of 50) |#####                   | Elapsed Time: 0:00:00 ETA:   0:00:01
 28% (14 of 50) |######                  | Elapsed Time: 0:00:00 ETA:   0:00:01
 32% (16 of 50) |#######                 | Elapsed Time: 0:00:00 ETA:   0:00:01
 36% (18 of 50) |########                | Elapsed Time: 0:00:00 ETA:   0:00:01
 40% (20 of 50) |#########               | Elapsed Time: 0:00:00 ETA:   0:00:00
 44% (22 of 50) |##########              | Elapsed Time: 0:00:00 ETA:   0:00:00
 48% (24 of 50) |###########             | Elapsed Time: 0:00:00 ETA:   0:00:00
 52% (26 of 50) |############            | Elapsed Time: 0:00:00 ETA:   0:00:00
 56% (28 of 50) |#############           | Elapsed Time: 0:00:00 ETA:   0:00:00
 60% (30 of 50) |##############          | Elapsed Time: 0:00:00 ETA:   0:00:00
 64% (32 of 50) |###############         | Elapsed Time: 0:00:01 ETA:   0:00:00
 68% (34 of 50) |################        | Elapsed Time: 0:00:01 ETA:   0:00:00
 72% (36 of 50) |#################       | Elapsed Time: 0:00:01 ETA:   0:00:00
 76% (38 of 50) |##################      | Elapsed Time: 0:00:01 ETA:   0:00:00
 80% (40 of 50) |###################     | Elapsed Time: 0:00:01 ETA:   0:00:00
 84% (42 of 50) |####################    | Elapsed Time: 0:00:01 ETA:   0:00:00
 88% (44 of 50) |#####################   | Elapsed Time: 0:00:01 ETA:   0:00:00
 92% (46 of 50) |######################  | Elapsed Time: 0:00:01 ETA:   0:00:00
 96% (48 of 50) |####################### | Elapsed Time: 0:00:01 ETA:   0:00:00
100% (50 of 50) |########################| Elapsed Time: 0:00:01 Time:  0:00:01
ACF stability...
eta 1313 accepted (d_eta=0 <= u=1)
running markov chain and checking convergence...
test statistic : -1.366183472297832,
 Markov chain is stationnary if test statistic < -2.58348819147145
test statistic : -1.438661443047655,
 Markov chain is stationnary if test statistic < -2.583548144624895
test statistic : -2.141377824273319,
 Markov chain is stationnary if test statistic < -2.5833814196031453
test statistic : -0.6361219923093675,
 Markov chain is stationnary if test statistic < -2.5833814196031453
test statistic : -1.1421809285011177,
 Markov chain is stationnary if test statistic < -2.5834168481886723
test statistic : -0.5372791469832232,
 Markov chain is stationnary if test statistic < -2.5834050207515844
test statistic : -1.6431484974423307,
 Markov chain is stationnary if test statistic < -2.5833814196031453
test statistic : -1.3145817201712424,
 Markov chain is stationnary if test statistic < -2.58348819147145
test statistic : -1.4112241035630166,
 Markov chain is stationnary if test statistic < -2.5833814196031453
test statistic : -2.7803443502677023,
 Markov chain is stationnary if test statistic < -2.5833814196031453
Convergence : acceptation by k
(2: 379), (4: 4), (3: 9), 
Convergence : refusal by k
(2: 7845), (3: 2335), (4: 995), (6: 311), (7: 177), (5: 509), (17: 16), (11: 52), (8: 128), (9: 105), (14: 15), (12: 35), (15: 24), (13: 26), (10: 71), (21: 6), (16: 17), (18: 11), (28: 4), (33: 2), (23: 4), (27: 2), (19: 6), (24: 4), (31: 6), (34: 2), (35: 5), (25: 2), (29: 2), (30: 4), (26: 2), (20: 6), (22: 6), (38: 1), (36: 1), (37: 1), 
eta estimation took 45.746707916259766 seconds
convergence took 0.4761543273925781 seconds
Writing 50 graph samples...
