Reading graph...
Initializing markov chain
Starting Markov Chain convergence...
eta estimation parameters: N_swap 142000, C 10, T 500, u 1, alpha 0.04
burn in...
defaultdict(<class 'int'>, {2: 5441, 3: 377, 4: 66, 7: 2, 5: 14, 6: 4})
defaultdict(<class 'int'>, {2: 82692, 7: 2087, 4: 10928, 3: 25369, 13: 362, 5: 5535, 15: 229, 6: 3308, 57: 2, 18: 124, 12: 381, 8: 1372, 10: 691, 16: 172, 9: 945, 39: 13, 80: 4, 41: 8, 14: 264, 28: 22, 11: 520, 40: 17, 22: 74, 78: 3, 25: 37, 17: 117, 24: 46, 27: 33, 20: 98, 30: 30, 84: 3, 51: 5, 21: 80, 31: 23, 19: 125, 48: 7, 77: 6, 43: 9, 26: 39, 23: 47, 134: 1, 53: 5, 38: 15, 62: 3, 35: 11, 46: 3, 29: 25, 32: 27, 49: 7, 73: 2, 55: 7, 50: 8, 36: 9, 33: 14, 85: 2, 34: 16, 45: 9, 59: 2, 47: 6, 61: 2, 52: 9, 56: 2, 76: 2, 65: 4, 60: 2, 68: 3, 101: 2, 75: 2, 42: 6, 37: 14, 71: 1, 92: 1, 131: 2, 44: 7, 94: 2, 66: 2, 98: 1, 58: 2, 86: 1, 105: 1, 90: 1, 130: 1, 82: 2, 104: 1, 124: 1, 54: 4, 79: 1, 72: 2, 116: 1, 63: 2, 114: 1, 112: 1, 106: 1, 67: 1, 95: 1, 89: 1, 74: 1, 140: 1, 81: 1, 141: 1, 132: 1, 109: 1, 91: 1})
Burn In : acceptation/refusals by k : 0.04157746478873239
0.04157746478873239
measuring sampling gap...
considering eta 3416...
  0% (0 of 50) |                         | Elapsed Time: 0:00:00 ETA:  --:--:--
  2% (1 of 50) |                         | Elapsed Time: 0:00:00 ETA:   0:00:09
  4% (2 of 50) |#                        | Elapsed Time: 0:00:00 ETA:   0:00:09
  6% (3 of 50) |#                        | Elapsed Time: 0:00:00 ETA:   0:00:09
  8% (4 of 50) |##                       | Elapsed Time: 0:00:00 ETA:   0:00:09
 10% (5 of 50) |##                       | Elapsed Time: 0:00:00 ETA:   0:00:08
 12% (6 of 50) |###                      | Elapsed Time: 0:00:01 ETA:   0:00:08
 14% (7 of 50) |###                      | Elapsed Time: 0:00:01 ETA:   0:00:08
 16% (8 of 50) |####                     | Elapsed Time: 0:00:01 ETA:   0:00:08
 18% (9 of 50) |####                     | Elapsed Time: 0:00:01 ETA:   0:00:07
 20% (10 of 50) |####                    | Elapsed Time: 0:00:01 ETA:   0:00:07
 22% (11 of 50) |#####                   | Elapsed Time: 0:00:02 ETA:   0:00:07
 24% (12 of 50) |#####                   | Elapsed Time: 0:00:02 ETA:   0:00:07
 26% (13 of 50) |######                  | Elapsed Time: 0:00:02 ETA:   0:00:07
 28% (14 of 50) |######                  | Elapsed Time: 0:00:02 ETA:   0:00:06
 30% (15 of 50) |#######                 | Elapsed Time: 0:00:02 ETA:   0:00:06
 32% (16 of 50) |#######                 | Elapsed Time: 0:00:03 ETA:   0:00:06
 34% (17 of 50) |########                | Elapsed Time: 0:00:03 ETA:   0:00:06
 36% (18 of 50) |########                | Elapsed Time: 0:00:03 ETA:   0:00:06
 38% (19 of 50) |#########               | Elapsed Time: 0:00:03 ETA:   0:00:06
 40% (20 of 50) |#########               | Elapsed Time: 0:00:03 ETA:   0:00:05
 42% (21 of 50) |##########              | Elapsed Time: 0:00:04 ETA:   0:00:05
 44% (22 of 50) |##########              | Elapsed Time: 0:00:04 ETA:   0:00:05
 46% (23 of 50) |###########             | Elapsed Time: 0:00:04 ETA:   0:00:05
 48% (24 of 50) |###########             | Elapsed Time: 0:00:04 ETA:   0:00:05
 50% (25 of 50) |############            | Elapsed Time: 0:00:04 ETA:   0:00:04
 52% (26 of 50) |############            | Elapsed Time: 0:00:05 ETA:   0:00:04
 54% (27 of 50) |############            | Elapsed Time: 0:00:05 ETA:   0:00:04
 56% (28 of 50) |#############           | Elapsed Time: 0:00:05 ETA:   0:00:04
 58% (29 of 50) |#############           | Elapsed Time: 0:00:05 ETA:   0:00:04
 60% (30 of 50) |##############          | Elapsed Time: 0:00:05 ETA:   0:00:03
 62% (31 of 50) |##############          | Elapsed Time: 0:00:06 ETA:   0:00:03
 64% (32 of 50) |###############         | Elapsed Time: 0:00:06 ETA:   0:00:03
 66% (33 of 50) |###############         | Elapsed Time: 0:00:06 ETA:   0:00:03
 68% (34 of 50) |################        | Elapsed Time: 0:00:06 ETA:   0:00:03
 70% (35 of 50) |################        | Elapsed Time: 0:00:06 ETA:   0:00:02
 72% (36 of 50) |#################       | Elapsed Time: 0:00:07 ETA:   0:00:02
 74% (37 of 50) |#################       | Elapsed Time: 0:00:07 ETA:   0:00:02
 76% (38 of 50) |##################      | Elapsed Time: 0:00:07 ETA:   0:00:02
 78% (39 of 50) |##################      | Elapsed Time: 0:00:07 ETA:   0:00:02
 80% (40 of 50) |###################     | Elapsed Time: 0:00:07 ETA:   0:00:01
 82% (41 of 50) |###################     | Elapsed Time: 0:00:07 ETA:   0:00:01
 84% (42 of 50) |####################    | Elapsed Time: 0:00:08 ETA:   0:00:01
 86% (43 of 50) |####################    | Elapsed Time: 0:00:08 ETA:   0:00:01
 88% (44 of 50) |#####################   | Elapsed Time: 0:00:08 ETA:   0:00:01
 90% (45 of 50) |#####################   | Elapsed Time: 0:00:08 ETA:   0:00:00
 92% (46 of 50) |######################  | Elapsed Time: 0:00:08 ETA:   0:00:00
 94% (47 of 50) |######################  | Elapsed Time: 0:00:09 ETA:   0:00:00
 96% (48 of 50) |####################### | Elapsed Time: 0:00:09 ETA:   0:00:00
 98% (49 of 50) |####################### | Elapsed Time: 0:00:09 ETA:   0:00:00
100% (50 of 50) |########################| Elapsed Time: 0:00:09 Time:  0:00:09
ACF stability...
eta 3416 refused (d_eta=9 <= u=1), trying eta=5124.0.
considering eta 5124.0...
ACF stability...
eta 5124.0 refused (d_eta=2 <= u=1), trying eta=7686.0.
considering eta 7686.0...
ACF stability...
  ACF plateau check:
    window=[0.13610436 0.04180345 0.04254755]
    mean=0.073485
    std=0.044280
    cv=0.602565 (threshold=0.1)
    slope=-0.046778
    relative_slope=1.056434 (threshold=1.0)
    stable=False
eta 7686.0 accepted (d_eta=1 <= u=1)
running markov chain and checking convergence...
test statistic : -2.126547437919036,
 Markov chain is stationnary if test statistic < -2.570489861311739
test statistic : -2.7246330870571063,
 Markov chain is stationnary if test statistic < -2.570489861311739
Convergence : acceptation by k
(2: 593), (3: 40), (4: 9), 
Convergence : refusal by k
(2: 8948), (4: 1157), (5: 646), (3: 2724), (64: 1), (12: 33), (7: 230), (65: 1), (13: 48), (6: 366), (9: 94), (8: 151), (10: 86), (17: 22), (11: 56), (19: 9), (68: 1), (22: 8), (14: 30), (23: 7), (40: 2), (18: 11), (37: 5), (16: 17), (30: 3), (21: 7), (34: 1), (15: 17), (33: 1), (20: 11), (45: 1), (31: 4), (36: 4), (35: 1), (27: 4), (25: 3), (24: 2), (52: 1), (48: 2), (46: 2), (50: 1), (26: 3), (119: 1), (28: 3), (29: 1), (103: 1), (53: 1), (95: 1), (43: 1), 
eta estimation took 608.377316236496 seconds
convergence took 0.5781888961791992 seconds
Writing 50 graph samples...
