Reading graph...
Initializing markov chain
Starting Markov Chain convergence...
eta estimation parameters: N_swap 42000, C 10, T 500, u 1, alpha 0.04
burn in...
defaultdict(<class 'int'>, {2: 965, 3: 45, 4: 7, 5: 1})
defaultdict(<class 'int'>, {2: 25026, 3: 7746, 5: 1710, 8: 430, 4: 3222, 11: 177, 17: 55, 6: 902, 13: 88, 10: 199, 7: 584, 30: 10, 14: 78, 9: 281, 15: 73, 12: 118, 18: 39, 20: 26, 36: 6, 27: 15, 16: 40, 23: 16, 22: 16, 28: 6, 19: 24, 41: 2, 26: 10, 25: 12, 29: 5, 21: 21, 31: 6, 33: 5, 40: 2, 32: 9, 24: 8, 34: 5, 39: 1, 35: 3, 37: 3, 38: 3})
Burn In : acceptation/refusals by k : 0.02423809523809524
0.02423809523809524
measuring sampling gap...
considering eta 1733...
  0% (0 of 50) |                         | Elapsed Time: 0:00:00 ETA:  --:--:--
  4% (2 of 50) |#                        | Elapsed Time: 0:00:00 ETA:   0:00:01
  8% (4 of 50) |##                       | Elapsed Time: 0:00:00 ETA:   0:00:01
 12% (6 of 50) |###                      | Elapsed Time: 0:00:00 ETA:   0:00:01
 16% (8 of 50) |####                     | Elapsed Time: 0:00:00 ETA:   0:00:01
 20% (10 of 50) |####                    | Elapsed Time: 0:00:00 ETA:   0:00:01
 24% (12 of 50) |#####                   | Elapsed Time: 0:00:00 ETA:   0:00:01
 28% (14 of 50) |######                  | Elapsed Time: 0:00:00 ETA:   0:00:01
 32% (16 of 50) |#######                 | Elapsed Time: 0:00:00 ETA:   0:00:01
 36% (18 of 50) |########                | Elapsed Time: 0:00:00 ETA:   0:00:01
 40% (20 of 50) |#########               | Elapsed Time: 0:00:00 ETA:   0:00:01
 44% (22 of 50) |##########              | Elapsed Time: 0:00:00 ETA:   0:00:01
 48% (24 of 50) |###########             | Elapsed Time: 0:00:00 ETA:   0:00:00
 52% (26 of 50) |############            | Elapsed Time: 0:00:00 ETA:   0:00:00
 56% (28 of 50) |#############           | Elapsed Time: 0:00:01 ETA:   0:00:00
 60% (30 of 50) |##############          | Elapsed Time: 0:00:01 ETA:   0:00:00
 64% (32 of 50) |###############         | Elapsed Time: 0:00:01 ETA:   0:00:00
 68% (34 of 50) |################        | Elapsed Time: 0:00:01 ETA:   0:00:00
 72% (36 of 50) |#################       | Elapsed Time: 0:00:01 ETA:   0:00:00
 76% (38 of 50) |##################      | Elapsed Time: 0:00:01 ETA:   0:00:00
 80% (40 of 50) |###################     | Elapsed Time: 0:00:01 ETA:   0:00:00
 84% (42 of 50) |####################    | Elapsed Time: 0:00:01 ETA:   0:00:00
 88% (44 of 50) |#####################   | Elapsed Time: 0:00:01 ETA:   0:00:00
 92% (46 of 50) |######################  | Elapsed Time: 0:00:01 ETA:   0:00:00
 96% (48 of 50) |####################### | Elapsed Time: 0:00:01 ETA:   0:00:00
100% (50 of 50) |########################| Elapsed Time: 0:00:01 Time:  0:00:01
ACF stability...
eta 1733 accepted (d_eta=1 <= u=1)
running markov chain and checking convergence...
test statistic : -2.628897884494857,
 Markov chain is stationnary if test statistic < -2.5796742823821366
Convergence : acceptation by k
(2: 43), (3: 1), 
Convergence : refusal by k
(6: 43), (2: 1012), (3: 340), (10: 9), (4: 121), (5: 83), (9: 12), (7: 22), (8: 11), (21: 1), (13: 5), (12: 8), (23: 1), (19: 1), (14: 2), (37: 2), (24: 1), (18: 3), (30: 1), (25: 1), (11: 3), (22: 1), (20: 2), (27: 1), (15: 2), (39: 1), 
eta estimation took 37.82762050628662 seconds
convergence took 0.06559944152832031 seconds
Writing 50 graph samples...
