Reading graph...
Initializing markov chain
Starting Markov Chain convergence...
eta estimation parameters: N_swap 86000, C 10, T 500, u 1, alpha 0.04
burn in...
defaultdict(<class 'int'>, {2: 1827, 3: 93, 4: 20, 5: 5})
defaultdict(<class 'int'>, {4: 6679, 2: 51360, 3: 15651, 5: 3424, 6: 1936, 10: 406, 7: 1238, 13: 207, 11: 341, 9: 618, 30: 23, 17: 92, 8: 820, 12: 238, 18: 79, 50: 5, 14: 162, 16: 106, 26: 25, 44: 3, 15: 117, 24: 33, 29: 19, 45: 5, 19: 77, 25: 26, 39: 7, 27: 19, 31: 19, 32: 13, 84: 1, 23: 40, 20: 35, 22: 40, 47: 5, 21: 40, 38: 14, 28: 11, 66: 2, 75: 1, 33: 12, 35: 8, 34: 11, 40: 6, 43: 2, 37: 9, 59: 2, 53: 2, 46: 5, 70: 2, 41: 6, 49: 5, 61: 4, 36: 5, 42: 7, 73: 3, 58: 3, 72: 1, 60: 3, 51: 1, 65: 1, 63: 3, 56: 3, 81: 1, 83: 1, 67: 1, 48: 2, 76: 1, 54: 3, 71: 1, 80: 1, 77: 1, 69: 1, 57: 1})
Burn In : acceptation/refusals by k : 0.02261627906976744
0.02261627906976744
measuring sampling gap...
considering eta 3803...
  0% (0 of 50) |                         | Elapsed Time: 0:00:00 ETA:  --:--:--
  2% (1 of 50) |                         | Elapsed Time: 0:00:00 ETA:   0:00:08
  4% (2 of 50) |#                        | Elapsed Time: 0:00:00 ETA:   0:00:07
  6% (3 of 50) |#                        | Elapsed Time: 0:00:00 ETA:   0:00:07
  8% (4 of 50) |##                       | Elapsed Time: 0:00:00 ETA:   0:00:07
 10% (5 of 50) |##                       | Elapsed Time: 0:00:00 ETA:   0:00:07
 12% (6 of 50) |###                      | Elapsed Time: 0:00:01 ETA:   0:00:07
 14% (7 of 50) |###                      | Elapsed Time: 0:00:01 ETA:   0:00:07
 16% (8 of 50) |####                     | Elapsed Time: 0:00:01 ETA:   0:00:06
 18% (9 of 50) |####                     | Elapsed Time: 0:00:01 ETA:   0:00:06
 20% (10 of 50) |####                    | Elapsed Time: 0:00:01 ETA:   0:00:06
 22% (11 of 50) |#####                   | Elapsed Time: 0:00:01 ETA:   0:00:06
 24% (12 of 50) |#####                   | Elapsed Time: 0:00:01 ETA:   0:00:06
 26% (13 of 50) |######                  | Elapsed Time: 0:00:02 ETA:   0:00:06
 28% (14 of 50) |######                  | Elapsed Time: 0:00:02 ETA:   0:00:05
 30% (15 of 50) |#######                 | Elapsed Time: 0:00:02 ETA:   0:00:05
 32% (16 of 50) |#######                 | Elapsed Time: 0:00:02 ETA:   0:00:05
 34% (17 of 50) |########                | Elapsed Time: 0:00:02 ETA:   0:00:05
 36% (18 of 50) |########                | Elapsed Time: 0:00:02 ETA:   0:00:05
 38% (19 of 50) |#########               | Elapsed Time: 0:00:03 ETA:   0:00:05
 40% (20 of 50) |#########               | Elapsed Time: 0:00:03 ETA:   0:00:04
 42% (21 of 50) |##########              | Elapsed Time: 0:00:03 ETA:   0:00:04
 44% (22 of 50) |##########              | Elapsed Time: 0:00:03 ETA:   0:00:04
 46% (23 of 50) |###########             | Elapsed Time: 0:00:03 ETA:   0:00:04
 48% (24 of 50) |###########             | Elapsed Time: 0:00:04 ETA:   0:00:04
 50% (25 of 50) |############            | Elapsed Time: 0:00:04 ETA:   0:00:04
 52% (26 of 50) |############            | Elapsed Time: 0:00:04 ETA:   0:00:04
 54% (27 of 50) |############            | Elapsed Time: 0:00:04 ETA:   0:00:03
 56% (28 of 50) |#############           | Elapsed Time: 0:00:04 ETA:   0:00:03
 58% (29 of 50) |#############           | Elapsed Time: 0:00:04 ETA:   0:00:03
 60% (30 of 50) |##############          | Elapsed Time: 0:00:05 ETA:   0:00:03
 62% (31 of 50) |##############          | Elapsed Time: 0:00:05 ETA:   0:00:03
 64% (32 of 50) |###############         | Elapsed Time: 0:00:05 ETA:   0:00:02
 66% (33 of 50) |###############         | Elapsed Time: 0:00:05 ETA:   0:00:02
 68% (34 of 50) |################        | Elapsed Time: 0:00:05 ETA:   0:00:02
 70% (35 of 50) |################        | Elapsed Time: 0:00:05 ETA:   0:00:02
 72% (36 of 50) |#################       | Elapsed Time: 0:00:05 ETA:   0:00:02
 74% (37 of 50) |#################       | Elapsed Time: 0:00:06 ETA:   0:00:02
 76% (38 of 50) |##################      | Elapsed Time: 0:00:06 ETA:   0:00:01
 78% (39 of 50) |##################      | Elapsed Time: 0:00:06 ETA:   0:00:01
 80% (40 of 50) |###################     | Elapsed Time: 0:00:06 ETA:   0:00:01
 82% (41 of 50) |###################     | Elapsed Time: 0:00:06 ETA:   0:00:01
 84% (42 of 50) |####################    | Elapsed Time: 0:00:06 ETA:   0:00:01
 86% (43 of 50) |####################    | Elapsed Time: 0:00:07 ETA:   0:00:01
 88% (44 of 50) |#####################   | Elapsed Time: 0:00:07 ETA:   0:00:00
 90% (45 of 50) |#####################   | Elapsed Time: 0:00:07 ETA:   0:00:00
 92% (46 of 50) |######################  | Elapsed Time: 0:00:07 ETA:   0:00:00
 94% (47 of 50) |######################  | Elapsed Time: 0:00:07 ETA:   0:00:00
 96% (48 of 50) |####################### | Elapsed Time: 0:00:07 ETA:   0:00:00
 98% (49 of 50) |####################### | Elapsed Time: 0:00:08 ETA:   0:00:00
100% (50 of 50) |########################| Elapsed Time: 0:00:08 Time:  0:00:08
eta 3803 refused (d_eta=6 <= u=1), trying eta=7606, acf = 0.08173153598450114
considering eta 7606...
eta 7606 accepted (d_eta=0 <= u=1)
running markov chain and checking convergence...
test statistic : -3.318420389005569,
 Markov chain is stationnary if test statistic < -2.570518645025878
Convergence : acceptation by k
(2: 154), (4: 2), (6: 1), (3: 5), 
Convergence : refusal by k
(2: 4555), (15: 10), (5: 297), (3: 1381), (4: 602), (27: 5), (11: 26), (6: 158), (32: 3), (7: 107), (9: 51), (20: 5), (25: 4), (16: 11), (53: 1), (40: 2), (39: 2), (8: 70), (12: 17), (17: 9), (34: 3), (14: 23), (13: 24), (10: 35), (23: 4), (48: 2), (35: 2), (78: 1), (18: 6), (19: 4), (24: 4), (36: 2), (29: 3), (46: 1), (42: 1), (22: 1), (41: 1), (28: 1), (38: 1), (30: 1), (43: 1), (59: 1), (26: 4), (75: 1), (21: 1), 
eta estimation took 275.46675539016724 seconds
convergence took 0.2913854122161865 seconds
Writing 50 graph samples...
