Reading graph...
Initializing markov chain
Starting Markov Chain convergence...
eta estimation parameters: N_swap 26000, C 10, T 500, u 1, alpha 0.04
burn in...
defaultdict(<class 'int'>, {2: 2286, 3: 183, 6: 5, 4: 41, 5: 14})
defaultdict(<class 'int'>, {2: 13889, 18: 26, 5: 1074, 3: 4533, 8: 263, 10: 115, 6: 612, 9: 168, 17: 30, 4: 1980, 16: 23, 7: 384, 12: 82, 14: 46, 22: 14, 11: 74, 15: 42, 25: 8, 19: 15, 13: 59, 21: 11, 20: 9, 24: 8, 23: 6})
Burn In : acceptation/refusals by k : 0.09726923076923077
0.09726923076923077
measuring sampling gap...
considering eta 268...
  0% (0 of 50) |                         | Elapsed Time: 0:00:00 ETA:  --:--:--
 14% (7 of 50) |###                      | Elapsed Time: 0:00:00 ETA:   0:00:00
 32% (16 of 50) |#######                 | Elapsed Time: 0:00:00 ETA:   0:00:00
 50% (25 of 50) |############            | Elapsed Time: 0:00:00 ETA:   0:00:00
 68% (34 of 50) |################        | Elapsed Time: 0:00:00 ETA:   0:00:00
 86% (43 of 50) |####################    | Elapsed Time: 0:00:00 ETA:   0:00:00
100% (50 of 50) |########################| Elapsed Time: 0:00:00 Time:  0:00:00
ACF stability...
eta 268 accepted (d_eta=0 <= u=1)
running markov chain and checking convergence...
test statistic : -1.309925836837735,
 Markov chain is stationnary if test statistic < -2.642342708930957
test statistic : -2.977525092547981,
 Markov chain is stationnary if test statistic < -2.642342708930957
Convergence : acceptation by k
(2: 38), (5: 1), (3: 6), 
Convergence : refusal by k
(2: 291), (3: 98), (7: 8), (5: 24), (4: 37), (8: 7), (6: 8), (19: 1), (9: 2), (10: 4), (11: 3), (18: 2), (17: 2), (12: 2), (25: 1), (13: 1), 
eta estimation took 7.486562252044678 seconds
convergence took 0.055832862854003906 seconds
Writing 50 graph samples...
