Reading graph...
Initializing markov chain
Starting Markov Chain convergence...
eta estimation parameters: N_swap 164000, C 10, T 500, u 1, alpha 0.04
burn in...
defaultdict(<class 'int'>, {2: 1172, 3: 15, 4: 4})
defaultdict(<class 'int'>, {2: 100197, 5: 6575, 3: 29831, 4: 12837, 8: 1613, 11: 585, 7: 2359, 15: 256, 9: 1155, 6: 3675, 13: 399, 45: 6, 18: 155, 10: 848, 12: 474, 22: 76, 14: 281, 31: 18, 36: 18, 16: 204, 33: 18, 26: 51, 17: 180, 40: 9, 50: 9, 87: 3, 19: 134, 28: 39, 24: 61, 41: 11, 53: 4, 21: 93, 86: 2, 27: 42, 69: 5, 61: 5, 46: 16, 20: 102, 25: 45, 23: 56, 29: 35, 35: 19, 32: 34, 49: 9, 110: 1, 39: 16, 37: 14, 44: 9, 72: 4, 131: 2, 38: 15, 43: 10, 30: 35, 56: 5, 62: 7, 124: 1, 34: 14, 54: 11, 73: 3, 102: 2, 94: 2, 65: 3, 84: 1, 112: 1, 75: 3, 96: 4, 51: 7, 117: 1, 58: 4, 74: 3, 48: 9, 57: 4, 76: 2, 59: 7, 55: 7, 128: 1, 67: 3, 66: 5, 143: 1, 64: 4, 116: 2, 111: 1, 148: 1, 47: 5, 120: 1, 68: 1, 134: 1, 63: 2, 80: 1, 52: 4, 159: 1, 95: 1, 83: 2, 121: 1, 136: 1, 42: 2, 70: 2, 81: 1, 89: 2, 125: 1, 77: 1, 97: 2, 105: 1, 71: 1, 60: 1, 92: 2, 101: 1, 82: 1, 91: 1})
Burn In : acceptation/refusals by k : 0.00726219512195122
0.00726219512195122
measuring sampling gap...
considering eta 22583...
  0% (0 of 50) |                         | Elapsed Time: 0:00:00 ETA:  --:--:--
  2% (1 of 50) |                         | Elapsed Time: 0:00:00 ETA:   0:00:24
  4% (2 of 50) |#                        | Elapsed Time: 0:00:00 ETA:   0:00:23
  6% (3 of 50) |#                        | Elapsed Time: 0:00:01 ETA:   0:00:23
  8% (4 of 50) |##                       | Elapsed Time: 0:00:01 ETA:   0:00:22
 10% (5 of 50) |##                       | Elapsed Time: 0:00:02 ETA:   0:00:22
 12% (6 of 50) |###                      | Elapsed Time: 0:00:02 ETA:   0:00:21
 14% (7 of 50) |###                      | Elapsed Time: 0:00:03 ETA:   0:00:21
 16% (8 of 50) |####                     | Elapsed Time: 0:00:03 ETA:   0:00:20
 18% (9 of 50) |####                     | Elapsed Time: 0:00:04 ETA:   0:00:20
 20% (10 of 50) |####                    | Elapsed Time: 0:00:04 ETA:   0:00:19
 22% (11 of 50) |#####                   | Elapsed Time: 0:00:05 ETA:   0:00:19
 24% (12 of 50) |#####                   | Elapsed Time: 0:00:05 ETA:   0:00:18
 26% (13 of 50) |######                  | Elapsed Time: 0:00:06 ETA:   0:00:18
 28% (14 of 50) |######                  | Elapsed Time: 0:00:06 ETA:   0:00:17
 30% (15 of 50) |#######                 | Elapsed Time: 0:00:07 ETA:   0:00:17
 32% (16 of 50) |#######                 | Elapsed Time: 0:00:07 ETA:   0:00:16
 34% (17 of 50) |########                | Elapsed Time: 0:00:08 ETA:   0:00:16
 36% (18 of 50) |########                | Elapsed Time: 0:00:08 ETA:   0:00:15
 38% (19 of 50) |#########               | Elapsed Time: 0:00:09 ETA:   0:00:15
 40% (20 of 50) |#########               | Elapsed Time: 0:00:09 ETA:   0:00:14
 42% (21 of 50) |##########              | Elapsed Time: 0:00:10 ETA:   0:00:14
 44% (22 of 50) |##########              | Elapsed Time: 0:00:10 ETA:   0:00:13
 46% (23 of 50) |###########             | Elapsed Time: 0:00:11 ETA:   0:00:13
 48% (24 of 50) |###########             | Elapsed Time: 0:00:11 ETA:   0:00:12
 50% (25 of 50) |############            | Elapsed Time: 0:00:12 ETA:   0:00:12
 52% (26 of 50) |############            | Elapsed Time: 0:00:12 ETA:   0:00:11
 54% (27 of 50) |############            | Elapsed Time: 0:00:13 ETA:   0:00:11
 56% (28 of 50) |#############           | Elapsed Time: 0:00:13 ETA:   0:00:10
 58% (29 of 50) |#############           | Elapsed Time: 0:00:14 ETA:   0:00:10
 60% (30 of 50) |##############          | Elapsed Time: 0:00:14 ETA:   0:00:09
 62% (31 of 50) |##############          | Elapsed Time: 0:00:15 ETA:   0:00:09
 64% (32 of 50) |###############         | Elapsed Time: 0:00:15 ETA:   0:00:08
 66% (33 of 50) |###############         | Elapsed Time: 0:00:16 ETA:   0:00:08
 68% (34 of 50) |################        | Elapsed Time: 0:00:16 ETA:   0:00:07
 70% (35 of 50) |################        | Elapsed Time: 0:00:17 ETA:   0:00:07
 72% (36 of 50) |#################       | Elapsed Time: 0:00:17 ETA:   0:00:06
 74% (37 of 50) |#################       | Elapsed Time: 0:00:18 ETA:   0:00:06
 76% (38 of 50) |##################      | Elapsed Time: 0:00:18 ETA:   0:00:05
 78% (39 of 50) |##################      | Elapsed Time: 0:00:19 ETA:   0:00:05
 80% (40 of 50) |###################     | Elapsed Time: 0:00:19 ETA:   0:00:04
 82% (41 of 50) |###################     | Elapsed Time: 0:00:20 ETA:   0:00:04
 84% (42 of 50) |####################    | Elapsed Time: 0:00:20 ETA:   0:00:03
 86% (43 of 50) |####################    | Elapsed Time: 0:00:21 ETA:   0:00:03
 88% (44 of 50) |#####################   | Elapsed Time: 0:00:21 ETA:   0:00:02
 90% (45 of 50) |#####################   | Elapsed Time: 0:00:22 ETA:   0:00:02
 92% (46 of 50) |######################  | Elapsed Time: 0:00:22 ETA:   0:00:01
 94% (47 of 50) |######################  | Elapsed Time: 0:00:22 ETA:   0:00:01
 96% (48 of 50) |####################### | Elapsed Time: 0:00:23 ETA:   0:00:00
 98% (49 of 50) |####################### | Elapsed Time: 0:00:23 ETA:   0:00:00
100% (50 of 50) |########################| Elapsed Time: 0:00:24 Time:  0:00:24
ACF stability...
eta 22583 accepted (d_eta=1 <= u=1)
running markov chain and checking convergence...
test statistic : -2.0495319777693806,
 Markov chain is stationnary if test statistic < -2.5687281642664423
test statistic : -3.161994026454867,
 Markov chain is stationnary if test statistic < -2.568729374958692
Convergence : acceptation by k
(2: 314), (3: 6), 
Convergence : refusal by k
(2: 27734), (9: 284), (3: 8394), (5: 1742), (4: 3417), (17: 41), (6: 1004), (7: 637), (10: 228), (8: 453), (23: 13), (11: 147), (19: 32), (14: 96), (13: 84), (16: 51), (20: 17), (15: 67), (35: 4), (12: 132), (33: 9), (66: 2), (24: 21), (125: 2), (114: 1), (38: 8), (51: 3), (32: 6), (21: 23), (25: 13), (68: 1), (22: 26), (31: 7), (37: 8), (28: 6), (39: 3), (29: 10), (30: 6), (62: 2), (42: 2), (18: 27), (27: 11), (59: 2), (88: 1), (85: 1), (40: 3), (92: 1), (54: 1), (48: 2), (56: 1), (69: 1), (61: 1), (36: 4), (26: 10), (43: 1), (50: 2), (107: 1), (119: 1), (63: 1), (78: 1), (52: 1), (34: 3), (105: 1), (41: 3), (67: 1), (45: 1), (76: 2), (115: 1), (58: 1), (127: 1), (101: 1), (49: 2), (82: 1), (53: 2), (64: 2), (73: 2), (158: 1), (57: 1), (72: 1), (47: 1), (109: 1), (98: 1), (74: 1), (135: 1), (144: 1), (100: 1), (65: 1), (95: 1), 
eta estimation took 697.636563539505 seconds
convergence took 1.9593610763549805 seconds
Writing 50 graph samples...
