Reading graph...
Initializing markov chain
Starting Markov Chain convergence...
eta estimation parameters: N_swap 190000, C 10, T 500, u 1, alpha 0.04
burn in...
defaultdict(<class 'int'>, {2: 1264, 3: 25, 4: 5})
defaultdict(<class 'int'>, {4: 14770, 2: 116372, 3: 34856, 14: 347, 8: 1745, 7: 2789, 12: 558, 5: 7440, 6: 4311, 10: 912, 18: 149, 9: 1307, 13: 403, 32: 33, 16: 201, 20: 116, 11: 704, 30: 30, 24: 72, 27: 36, 22: 96, 28: 33, 36: 25, 15: 282, 29: 40, 25: 68, 19: 122, 26: 46, 44: 9, 21: 99, 93: 4, 34: 18, 17: 174, 23: 97, 52: 5, 37: 23, 47: 13, 35: 29, 99: 1, 49: 9, 150: 1, 66: 5, 58: 8, 33: 30, 40: 18, 31: 29, 61: 5, 50: 8, 55: 7, 69: 7, 38: 18, 41: 18, 39: 17, 79: 2, 48: 8, 53: 6, 60: 4, 54: 6, 147: 1, 59: 4, 45: 10, 63: 2, 68: 3, 43: 10, 70: 2, 42: 16, 94: 2, 75: 3, 51: 12, 130: 2, 73: 1, 72: 4, 57: 2, 96: 4, 67: 5, 76: 4, 92: 2, 56: 7, 125: 1, 166: 1, 106: 1, 46: 9, 102: 2, 151: 1, 118: 2, 133: 1, 113: 2, 65: 2, 152: 2, 62: 6, 80: 1, 64: 2, 100: 1, 89: 1, 77: 1, 90: 2, 78: 2, 146: 2, 84: 4, 91: 2, 74: 2, 183: 1, 158: 1, 104: 1, 163: 1, 134: 1, 110: 1, 164: 1, 124: 1, 115: 1, 86: 1, 83: 1, 71: 1, 87: 2, 101: 2, 103: 1, 177: 1, 107: 1})
Burn In : acceptation/refusals by k : 0.0068105263157894735
0.0068105263157894735
measuring sampling gap...
considering eta 27898...
eta 27898 accepted (d_eta=0 <= u=1)
trying eta=eta/2...
considering eta 13949...
eta 13949 refused (d_eta=5 <= u=1), using eta=27898.
running markov chain and checking convergence...
test statistic : -3.2066255334481775,
 Markov chain is stationnary if test statistic < -2.568554603886159
Convergence : acceptation by k
(2: 196), (3: 3), 
Convergence : refusal by k
(2: 17038), (5: 1128), (3: 5158), (4: 2150), (16: 35), (9: 154), (6: 652), (12: 86), (14: 59), (7: 361), (21: 17), (22: 17), (8: 275), (15: 50), (17: 30), (10: 125), (20: 18), (27: 6), (34: 3), (11: 119), (40: 1), (23: 11), (19: 27), (43: 4), (61: 2), (13: 51), (32: 7), (18: 21), (54: 3), (25: 8), (31: 7), (24: 15), (51: 2), (37: 5), (47: 1), (45: 1), (35: 4), (81: 1), (28: 5), (39: 3), (99: 1), (29: 4), (38: 2), (60: 1), (30: 5), (106: 1), (26: 5), (48: 1), (151: 1), (64: 1), (42: 1), (36: 2), (59: 1), (44: 2), (33: 2), (41: 2), (53: 1), (52: 1), (55: 1), (76: 1), (78: 1), (79: 1), (102: 1), 
eta estimation took 1041.4636807441711 seconds
convergence took 1.1300933361053467 seconds
Writing 50 graph samples...
  0% (0 of 50) |                         | Elapsed Time: 0:00:00 ETA:  --:--:--
  2% (1 of 50) |                         | Elapsed Time: 0:00:00 ETA:   0:00:31
  4% (2 of 50) |#                        | Elapsed Time: 0:00:01 ETA:   0:00:30
  6% (3 of 50) |#                        | Elapsed Time: 0:00:01 ETA:   0:00:30
  8% (4 of 50) |##                       | Elapsed Time: 0:00:02 ETA:   0:00:29
 10% (5 of 50) |##                       | Elapsed Time: 0:00:03 ETA:   0:00:28
 12% (6 of 50) |###                      | Elapsed Time: 0:00:03 ETA:   0:00:28
 14% (7 of 50) |###                      | Elapsed Time: 0:00:04 ETA:   0:00:27
 16% (8 of 50) |####                     | Elapsed Time: 0:00:05 ETA:   0:00:26
 18% (9 of 50) |####                     | Elapsed Time: 0:00:05 ETA:   0:00:26
 20% (10 of 50) |####                    | Elapsed Time: 0:00:06 ETA:   0:00:25
 22% (11 of 50) |#####                   | Elapsed Time: 0:00:07 ETA:   0:00:24
 24% (12 of 50) |#####                   | Elapsed Time: 0:00:07 ETA:   0:00:24
 26% (13 of 50) |######                  | Elapsed Time: 0:00:08 ETA:   0:00:23
 28% (14 of 50) |######                  | Elapsed Time: 0:00:08 ETA:   0:00:22
 30% (15 of 50) |#######                 | Elapsed Time: 0:00:10 ETA:   0:00:23
 32% (16 of 50) |#######                 | Elapsed Time: 0:00:11 ETA:   0:00:24
 34% (17 of 50) |########                | Elapsed Time: 0:00:11 ETA:   0:00:23
 36% (18 of 50) |########                | Elapsed Time: 0:00:12 ETA:   0:00:22
 38% (19 of 50) |#########               | Elapsed Time: 0:00:13 ETA:   0:00:21
 40% (20 of 50) |#########               | Elapsed Time: 0:00:13 ETA:   0:00:20
 42% (21 of 50) |##########              | Elapsed Time: 0:00:14 ETA:   0:00:20
 44% (22 of 50) |##########              | Elapsed Time: 0:00:15 ETA:   0:00:19
 46% (23 of 50) |###########             | Elapsed Time: 0:00:15 ETA:   0:00:18
 48% (24 of 50) |###########             | Elapsed Time: 0:00:16 ETA:   0:00:17
 50% (25 of 50) |############            | Elapsed Time: 0:00:17 ETA:   0:00:17
 52% (26 of 50) |############            | Elapsed Time: 0:00:17 ETA:   0:00:16
 54% (27 of 50) |############            | Elapsed Time: 0:00:18 ETA:   0:00:15
 56% (28 of 50) |#############           | Elapsed Time: 0:00:18 ETA:   0:00:14
 58% (29 of 50) |#############           | Elapsed Time: 0:00:19 ETA:   0:00:14
 60% (30 of 50) |##############          | Elapsed Time: 0:00:20 ETA:   0:00:13
 62% (31 of 50) |##############          | Elapsed Time: 0:00:20 ETA:   0:00:12
 64% (32 of 50) |###############         | Elapsed Time: 0:00:21 ETA:   0:00:12
 66% (33 of 50) |###############         | Elapsed Time: 0:00:22 ETA:   0:00:11
 68% (34 of 50) |################        | Elapsed Time: 0:00:22 ETA:   0:00:10
 70% (35 of 50) |################        | Elapsed Time: 0:00:23 ETA:   0:00:10
 72% (36 of 50) |#################       | Elapsed Time: 0:00:24 ETA:   0:00:09
 74% (37 of 50) |#################       | Elapsed Time: 0:00:24 ETA:   0:00:08
 76% (38 of 50) |##################      | Elapsed Time: 0:00:25 ETA:   0:00:08
 78% (39 of 50) |##################      | Elapsed Time: 0:00:26 ETA:   0:00:07
 80% (40 of 50) |###################     | Elapsed Time: 0:00:26 ETA:   0:00:06
 82% (41 of 50) |###################     | Elapsed Time: 0:00:27 ETA:   0:00:06
 84% (42 of 50) |####################    | Elapsed Time: 0:00:27 ETA:   0:00:05
 86% (43 of 50) |####################    | Elapsed Time: 0:00:28 ETA:   0:00:04
 88% (44 of 50) |#####################   | Elapsed Time: 0:00:29 ETA:   0:00:03
 90% (45 of 50) |#####################   | Elapsed Time: 0:00:29 ETA:   0:00:03
 92% (46 of 50) |######################  | Elapsed Time: 0:00:30 ETA:   0:00:02
 94% (47 of 50) |######################  | Elapsed Time: 0:00:31 ETA:   0:00:01
 96% (48 of 50) |####################### | Elapsed Time: 0:00:31 ETA:   0:00:01
 98% (49 of 50) |####################### | Elapsed Time: 0:00:32 ETA:   0:00:00
100% (50 of 50) |########################| Elapsed Time: 0:00:33 Time:  0:00:33
