Reading graph...
Initializing markov chain
Starting Markov Chain convergence...
eta estimation parameters: N_swap 228000, C 10, T 500, u 1, alpha 0.04
burn in...
defaultdict(<class 'int'>, {2: 2934, 3: 127, 4: 11, 5: 1})
defaultdict(<class 'int'>, {12: 685, 2: 138214, 9: 1457, 10: 1143, 5: 8924, 8: 2188, 6: 5276, 4: 17456, 3: 41981, 13: 523, 17: 236, 7: 3322, 19: 167, 14: 388, 40: 19, 16: 236, 11: 834, 66: 3, 15: 322, 24: 78, 48: 14, 22: 94, 62: 7, 23: 77, 75: 4, 42: 11, 29: 43, 68: 3, 187: 1, 18: 201, 56: 2, 31: 33, 55: 10, 69: 4, 72: 3, 30: 42, 25: 60, 27: 61, 20: 126, 63: 5, 37: 14, 21: 95, 41: 21, 32: 26, 70: 1, 52: 11, 28: 57, 34: 31, 134: 1, 33: 37, 96: 1, 50: 12, 64: 5, 35: 24, 46: 8, 26: 74, 107: 1, 44: 10, 135: 1, 143: 1, 47: 8, 91: 3, 45: 11, 36: 25, 39: 17, 94: 3, 59: 5, 38: 15, 191: 1, 43: 10, 51: 8, 85: 2, 90: 3, 49: 9, 58: 2, 60: 8, 65: 3, 93: 4, 53: 7, 136: 1, 54: 9, 101: 2, 76: 2, 95: 1, 128: 2, 57: 5, 86: 3, 78: 1, 88: 5, 130: 1, 82: 2, 67: 3, 103: 1, 110: 1, 80: 4, 184: 1, 61: 6, 87: 3, 117: 3, 164: 2, 147: 1, 89: 2, 73: 1, 92: 3, 124: 2, 115: 2, 102: 1, 186: 1, 84: 2, 141: 2, 211: 1, 165: 1, 222: 1, 108: 1, 83: 2, 99: 2, 109: 2, 118: 1, 81: 1, 106: 1, 125: 1, 146: 2, 113: 2, 111: 1, 119: 1, 209: 1, 105: 1, 79: 1, 127: 1})
Burn In : acceptation/refusals by k : 0.013478070175438596
0.013478070175438596
measuring sampling gap...
considering eta 16917...
  0% (0 of 50) |                         | Elapsed Time: 0:00:00 ETA:  --:--:--
  2% (1 of 50) |                         | Elapsed Time: 0:00:04 ETA:   0:03:23
  4% (2 of 50) |#                        | Elapsed Time: 0:00:08 ETA:   0:03:18
  6% (3 of 50) |#                        | Elapsed Time: 0:00:12 ETA:   0:03:14
  8% (4 of 50) |##                       | Elapsed Time: 0:00:16 ETA:   0:03:10
 10% (5 of 50) |##                       | Elapsed Time: 0:00:20 ETA:   0:03:06
 12% (6 of 50) |###                      | Elapsed Time: 0:00:24 ETA:   0:03:02
 14% (7 of 50) |###                      | Elapsed Time: 0:00:29 ETA:   0:02:58
 16% (8 of 50) |####                     | Elapsed Time: 0:00:33 ETA:   0:02:54
 18% (9 of 50) |####                     | Elapsed Time: 0:00:37 ETA:   0:02:50
 20% (10 of 50) |####                    | Elapsed Time: 0:00:41 ETA:   0:02:46
 22% (11 of 50) |#####                   | Elapsed Time: 0:00:45 ETA:   0:02:42
 24% (12 of 50) |#####                   | Elapsed Time: 0:00:49 ETA:   0:02:38
 26% (13 of 50) |######                  | Elapsed Time: 0:00:54 ETA:   0:02:34
 28% (14 of 50) |######                  | Elapsed Time: 0:00:58 ETA:   0:02:29
 30% (15 of 50) |#######                 | Elapsed Time: 0:01:02 ETA:   0:02:25
 32% (16 of 50) |#######                 | Elapsed Time: 0:01:06 ETA:   0:02:21
 34% (17 of 50) |########                | Elapsed Time: 0:01:10 ETA:   0:02:17
 36% (18 of 50) |########                | Elapsed Time: 0:01:14 ETA:   0:02:13
 38% (19 of 50) |#########               | Elapsed Time: 0:01:19 ETA:   0:02:09
 40% (20 of 50) |#########               | Elapsed Time: 0:01:23 ETA:   0:02:05
 42% (21 of 50) |##########              | Elapsed Time: 0:01:27 ETA:   0:02:00
 44% (22 of 50) |##########              | Elapsed Time: 0:01:31 ETA:   0:01:56
 46% (23 of 50) |###########             | Elapsed Time: 0:01:35 ETA:   0:01:52
 48% (24 of 50) |###########             | Elapsed Time: 0:01:40 ETA:   0:01:48
 50% (25 of 50) |############            | Elapsed Time: 0:01:44 ETA:   0:01:44
 52% (26 of 50) |############            | Elapsed Time: 0:01:48 ETA:   0:01:40
 54% (27 of 50) |############            | Elapsed Time: 0:01:52 ETA:   0:01:35
 56% (28 of 50) |#############           | Elapsed Time: 0:01:56 ETA:   0:01:31
 58% (29 of 50) |#############           | Elapsed Time: 0:02:00 ETA:   0:01:27
 60% (30 of 50) |##############          | Elapsed Time: 0:02:05 ETA:   0:01:23
 62% (31 of 50) |##############          | Elapsed Time: 0:02:09 ETA:   0:01:19
 64% (32 of 50) |###############         | Elapsed Time: 0:02:13 ETA:   0:01:15
 66% (33 of 50) |###############         | Elapsed Time: 0:02:17 ETA:   0:01:10
 68% (34 of 50) |################        | Elapsed Time: 0:02:21 ETA:   0:01:06
 70% (35 of 50) |################        | Elapsed Time: 0:02:25 ETA:   0:01:02
 72% (36 of 50) |#################       | Elapsed Time: 0:02:29 ETA:   0:00:58
 74% (37 of 50) |#################       | Elapsed Time: 0:02:34 ETA:   0:00:54
 76% (38 of 50) |##################      | Elapsed Time: 0:02:38 ETA:   0:00:49
 78% (39 of 50) |##################      | Elapsed Time: 0:02:42 ETA:   0:00:45
 80% (40 of 50) |###################     | Elapsed Time: 0:02:46 ETA:   0:00:41
 82% (41 of 50) |###################     | Elapsed Time: 0:02:50 ETA:   0:00:37
 84% (42 of 50) |####################    | Elapsed Time: 0:02:54 ETA:   0:00:33
 86% (43 of 50) |####################    | Elapsed Time: 0:02:59 ETA:   0:00:29
 88% (44 of 50) |#####################   | Elapsed Time: 0:03:03 ETA:   0:00:24
 90% (45 of 50) |#####################   | Elapsed Time: 0:03:07 ETA:   0:00:20
 92% (46 of 50) |######################  | Elapsed Time: 0:03:11 ETA:   0:00:16
 94% (47 of 50) |######################  | Elapsed Time: 0:03:15 ETA:   0:00:12
 96% (48 of 50) |####################### | Elapsed Time: 0:03:19 ETA:   0:00:08
 98% (49 of 50) |####################### | Elapsed Time: 0:03:24 ETA:   0:00:04
100% (50 of 50) |########################| Elapsed Time: 0:03:28 Time:  0:03:28
eta 16917 refused (d_eta=10 <= u=1), trying eta=33834. ACF at lag 1 was 0.232462.
considering eta 33834...
eta 33834 refused (d_eta=6 <= u=1), trying eta=67668. ACF at lag 1 was 0.091505.
considering eta 67668...
eta 67668 refused (d_eta=5 <= u=1), trying eta=135336. ACF at lag 1 was 0.056773.
considering eta 135336...
eta 135336 accepted (d_eta=0 <= u=1)
running markov chain and checking convergence...
test statistic : -0.6705791481509032,
 Markov chain is stationnary if test statistic < -2.5679698290086264
test statistic : -4.604781204206843,
 Markov chain is stationnary if test statistic < -2.567969821152394
Convergence : acceptation by k
(2: 3518), (4: 15), (3: 145), (5: 2), (6: 1), 
Convergence : refusal by k
(2: 163986), (11: 992), (33: 36), (3: 49358), (9: 1814), (6: 6238), (7: 4000), (4: 20750), (5: 10775), (21: 123), (55: 14), (8: 2562), (19: 174), (12: 780), (14: 553), (17: 286), (15: 409), (18: 241), (13: 631), (23: 123), (22: 140), (16: 310), (43: 16), (10: 1328), (20: 175), (107: 3), (38: 26), (35: 35), (25: 115), (52: 17), (45: 11), (28: 65), (39: 24), (83: 2), (97: 3), (29: 58), (24: 103), (31: 49), (26: 77), (50: 8), (66: 6), (36: 33), (27: 48), (46: 14), (30: 55), (64: 4), (58: 10), (40: 21), (32: 35), (56: 3), (42: 25), (60: 4), (98: 4), (79: 4), (76: 4), (34: 36), (48: 11), (81: 4), (51: 15), (143: 2), (37: 19), (173: 1), (41: 19), (53: 11), (75: 5), (73: 5), (44: 11), (65: 6), (141: 1), (118: 1), (137: 1), (67: 4), (54: 10), (59: 4), (168: 1), (63: 9), (57: 11), (74: 3), (47: 12), (69: 1), (92: 2), (145: 1), (156: 1), (84: 2), (71: 6), (101: 2), (62: 10), (68: 5), (160: 2), (91: 2), (49: 13), (174: 1), (195: 2), (99: 1), (226: 1), (164: 1), (127: 2), (130: 3), (87: 1), (88: 1), (103: 1), (78: 3), (72: 3), (90: 2), (155: 2), (119: 2), (96: 1), (102: 2), (94: 3), (95: 1), (80: 3), (77: 3), (138: 1), (70: 2), (106: 1), (171: 1), (135: 1), (201: 1), (190: 1), (121: 1), (61: 4), (105: 1), (199: 1), (215: 1), (110: 2), (86: 1), (111: 1), (140: 1), (147: 1), (198: 1), 
eta estimation took 7940.566341161728 seconds
convergence took 9.286688327789307 seconds
Writing 50 graph samples...
