Reading graph...
Initializing markov chain
Starting Markov Chain convergence...
eta estimation parameters: N_swap 56000, C 10, T 500, u 1, alpha 0.04
burn in...
defaultdict(<class 'int'>, {2: 1873, 3: 91, 4: 20, 7: 1, 5: 3, 6: 1})
defaultdict(<class 'int'>, {3: 10157, 2: 32695, 5: 2180, 4: 4391, 6: 1253, 10: 291, 16: 81, 8: 569, 9: 376, 7: 830, 34: 6, 23: 27, 12: 169, 14: 97, 48: 4, 26: 16, 11: 198, 13: 132, 38: 2, 31: 8, 17: 72, 19: 52, 30: 16, 35: 12, 20: 45, 27: 9, 18: 51, 28: 15, 15: 74, 29: 14, 24: 28, 21: 27, 37: 5, 22: 24, 25: 18, 49: 3, 43: 4, 40: 4, 51: 1, 50: 5, 33: 6, 46: 3, 47: 5, 32: 10, 36: 5, 39: 5, 45: 5, 52: 3, 54: 2, 42: 3, 41: 2, 44: 1})
Burn In : acceptation/refusals by k : 0.03551785714285714
0.03551785714285714
measuring sampling gap...
considering eta 1577...
  0% (0 of 50) |                         | Elapsed Time: 0:00:00 ETA:  --:--:--
  2% (1 of 50) |                         | Elapsed Time: 0:00:00 ETA:   0:00:14
  4% (2 of 50) |#                        | Elapsed Time: 0:00:00 ETA:   0:00:13
  6% (3 of 50) |#                        | Elapsed Time: 0:00:00 ETA:   0:00:13
  8% (4 of 50) |##                       | Elapsed Time: 0:00:01 ETA:   0:00:13
 10% (5 of 50) |##                       | Elapsed Time: 0:00:01 ETA:   0:00:12
 12% (6 of 50) |###                      | Elapsed Time: 0:00:01 ETA:   0:00:12
 14% (7 of 50) |###                      | Elapsed Time: 0:00:01 ETA:   0:00:12
 16% (8 of 50) |####                     | Elapsed Time: 0:00:02 ETA:   0:00:11
 18% (9 of 50) |####                     | Elapsed Time: 0:00:02 ETA:   0:00:11
 20% (10 of 50) |####                    | Elapsed Time: 0:00:02 ETA:   0:00:11
 22% (11 of 50) |#####                   | Elapsed Time: 0:00:03 ETA:   0:00:11
 24% (12 of 50) |#####                   | Elapsed Time: 0:00:03 ETA:   0:00:10
 26% (13 of 50) |######                  | Elapsed Time: 0:00:03 ETA:   0:00:10
 28% (14 of 50) |######                  | Elapsed Time: 0:00:04 ETA:   0:00:10
 30% (15 of 50) |#######                 | Elapsed Time: 0:00:04 ETA:   0:00:10
 32% (16 of 50) |#######                 | Elapsed Time: 0:00:04 ETA:   0:00:09
 34% (17 of 50) |########                | Elapsed Time: 0:00:04 ETA:   0:00:09
 36% (18 of 50) |########                | Elapsed Time: 0:00:05 ETA:   0:00:09
 38% (19 of 50) |#########               | Elapsed Time: 0:00:05 ETA:   0:00:08
 40% (20 of 50) |#########               | Elapsed Time: 0:00:05 ETA:   0:00:08
 42% (21 of 50) |##########              | Elapsed Time: 0:00:06 ETA:   0:00:08
 44% (22 of 50) |##########              | Elapsed Time: 0:00:06 ETA:   0:00:08
 46% (23 of 50) |###########             | Elapsed Time: 0:00:06 ETA:   0:00:07
 48% (24 of 50) |###########             | Elapsed Time: 0:00:06 ETA:   0:00:07
 50% (25 of 50) |############            | Elapsed Time: 0:00:07 ETA:   0:00:07
 52% (26 of 50) |############            | Elapsed Time: 0:00:07 ETA:   0:00:06
 54% (27 of 50) |############            | Elapsed Time: 0:00:07 ETA:   0:00:06
 56% (28 of 50) |#############           | Elapsed Time: 0:00:08 ETA:   0:00:06
 58% (29 of 50) |#############           | Elapsed Time: 0:00:08 ETA:   0:00:06
 60% (30 of 50) |##############          | Elapsed Time: 0:00:08 ETA:   0:00:05
 62% (31 of 50) |##############          | Elapsed Time: 0:00:08 ETA:   0:00:05
 64% (32 of 50) |###############         | Elapsed Time: 0:00:09 ETA:   0:00:05
 66% (33 of 50) |###############         | Elapsed Time: 0:00:09 ETA:   0:00:04
 68% (34 of 50) |################        | Elapsed Time: 0:00:09 ETA:   0:00:04
 70% (35 of 50) |################        | Elapsed Time: 0:00:10 ETA:   0:00:04
 72% (36 of 50) |#################       | Elapsed Time: 0:00:10 ETA:   0:00:04
 74% (37 of 50) |#################       | Elapsed Time: 0:00:10 ETA:   0:00:03
 76% (38 of 50) |##################      | Elapsed Time: 0:00:10 ETA:   0:00:03
 78% (39 of 50) |##################      | Elapsed Time: 0:00:11 ETA:   0:00:03
 80% (40 of 50) |###################     | Elapsed Time: 0:00:11 ETA:   0:00:02
 82% (41 of 50) |###################     | Elapsed Time: 0:00:11 ETA:   0:00:02
 84% (42 of 50) |####################    | Elapsed Time: 0:00:12 ETA:   0:00:02
 86% (43 of 50) |####################    | Elapsed Time: 0:00:12 ETA:   0:00:02
 88% (44 of 50) |#####################   | Elapsed Time: 0:00:12 ETA:   0:00:01
 90% (45 of 50) |#####################   | Elapsed Time: 0:00:12 ETA:   0:00:01
 92% (46 of 50) |######################  | Elapsed Time: 0:00:13 ETA:   0:00:01
 94% (47 of 50) |######################  | Elapsed Time: 0:00:13 ETA:   0:00:00
 96% (48 of 50) |####################### | Elapsed Time: 0:00:13 ETA:   0:00:00
 98% (49 of 50) |####################### | Elapsed Time: 0:00:14 ETA:   0:00:00
100% (50 of 50) |########################| Elapsed Time: 0:00:14 Time:  0:00:14
eta 1577 refused (d_eta=10 <= u=1), trying eta=3154, acf = 0.13963815187355555
considering eta 3154...
eta 3154 refused (d_eta=6 <= u=1), trying eta=6308, acf = 0.08463940771782079
considering eta 6308...
eta 6308 refused (d_eta=5 <= u=1), trying eta=12616, acf = 0.06132428282152727
considering eta 12616...
eta 12616 accepted (d_eta=1 <= u=1)
running markov chain and checking convergence...
test statistic : -4.47213170038235,
 Markov chain is stationnary if test statistic < -2.569446393370948
Convergence : acceptation by k
(2: 396), (3: 14), (5: 2), (4: 3), (6: 1), 
Convergence : refusal by k
(3: 2408), (2: 7377), (4: 906), (11: 45), (5: 501), (14: 16), (9: 83), (7: 195), (8: 133), (6: 279), (16: 11), (15: 18), (13: 26), (12: 41), (10: 68), (20: 9), (22: 8), (17: 12), (23: 7), (21: 7), (19: 8), (24: 4), (18: 9), (42: 2), (29: 1), (25: 4), (36: 2), (43: 2), (38: 1), (26: 2), (54: 1), (32: 1), (40: 2), (27: 3), (28: 1), (35: 1), (33: 2), (41: 2), (44: 1), (37: 1), 
eta estimation took 592.9023904800415 seconds
convergence took 0.47603797912597656 seconds
Writing 50 graph samples...
