Reading graph...
Initializing markov chain
Starting Markov Chain convergence...
eta estimation parameters: N_swap 233000, C 10, T 500, u 1, alpha 0.04
burn in...
defaultdict(<class 'int'>, {2: 4803, 3: 236, 4: 29, 5: 8, 6: 1})
defaultdict(<class 'int'>, {2: 139397, 18: 211, 4: 17787, 3: 42610, 6: 5351, 12: 683, 7: 3248, 5: 9279, 24: 83, 14: 422, 8: 2261, 9: 1558, 30: 47, 158: 2, 17: 229, 10: 1143, 76: 3, 19: 163, 34: 26, 15: 318, 11: 846, 23: 95, 21: 121, 16: 289, 13: 561, 80: 3, 49: 9, 28: 49, 22: 116, 20: 148, 32: 32, 31: 33, 77: 2, 35: 27, 36: 37, 26: 74, 94: 2, 37: 25, 50: 11, 25: 94, 41: 19, 74: 2, 38: 23, 53: 11, 51: 16, 88: 6, 45: 18, 68: 1, 48: 16, 33: 40, 27: 56, 39: 21, 83: 5, 207: 1, 109: 2, 58: 5, 44: 15, 73: 3, 171: 1, 40: 19, 212: 1, 164: 1, 61: 5, 29: 47, 71: 7, 46: 8, 54: 7, 55: 7, 42: 20, 124: 3, 57: 7, 99: 3, 52: 7, 173: 1, 43: 14, 65: 5, 101: 2, 69: 3, 60: 4, 84: 3, 72: 6, 85: 5, 116: 1, 121: 2, 162: 1, 64: 5, 47: 16, 70: 4, 97: 1, 104: 1, 148: 1, 163: 1, 100: 1, 63: 3, 95: 2, 62: 3, 66: 2, 133: 2, 59: 3, 219: 1, 211: 1, 183: 1, 90: 1, 147: 1, 106: 1, 108: 1, 122: 1, 98: 2, 110: 3, 89: 1, 126: 1, 92: 2, 78: 3, 67: 1, 120: 1, 56: 2, 204: 1, 182: 2, 118: 1, 150: 1, 91: 1, 119: 1, 75: 1, 87: 1})
Burn In : acceptation/refusals by k : 0.02178969957081545
0.02178969957081545
measuring sampling gap...
considering eta 10694...
  0% (0 of 50) |                         | Elapsed Time: 0:00:00 ETA:  --:--:--
  2% (1 of 50) |                         | Elapsed Time: 0:00:05 ETA:   0:04:20
  4% (2 of 50) |#                        | Elapsed Time: 0:00:10 ETA:   0:04:15
  6% (3 of 50) |#                        | Elapsed Time: 0:00:15 ETA:   0:04:08
  8% (4 of 50) |##                       | Elapsed Time: 0:00:21 ETA:   0:04:03
 10% (5 of 50) |##                       | Elapsed Time: 0:00:26 ETA:   0:03:58
 12% (6 of 50) |###                      | Elapsed Time: 0:00:31 ETA:   0:03:53
 14% (7 of 50) |###                      | Elapsed Time: 0:00:37 ETA:   0:03:47
 16% (8 of 50) |####                     | Elapsed Time: 0:00:42 ETA:   0:03:42
 18% (9 of 50) |####                     | Elapsed Time: 0:00:47 ETA:   0:03:37
 20% (10 of 50) |####                    | Elapsed Time: 0:00:52 ETA:   0:03:31
 22% (11 of 50) |#####                   | Elapsed Time: 0:00:58 ETA:   0:03:26
 24% (12 of 50) |#####                   | Elapsed Time: 0:01:03 ETA:   0:03:21
 26% (13 of 50) |######                  | Elapsed Time: 0:01:09 ETA:   0:03:16
 28% (14 of 50) |######                  | Elapsed Time: 0:01:14 ETA:   0:03:11
 30% (15 of 50) |#######                 | Elapsed Time: 0:01:19 ETA:   0:03:05
 32% (16 of 50) |#######                 | Elapsed Time: 0:01:25 ETA:   0:03:00
 34% (17 of 50) |########                | Elapsed Time: 0:01:30 ETA:   0:02:55
 36% (18 of 50) |########                | Elapsed Time: 0:01:35 ETA:   0:02:50
 38% (19 of 50) |#########               | Elapsed Time: 0:01:41 ETA:   0:02:44
 40% (20 of 50) |#########               | Elapsed Time: 0:01:46 ETA:   0:02:39
 42% (21 of 50) |##########              | Elapsed Time: 0:01:51 ETA:   0:02:34
 44% (22 of 50) |##########              | Elapsed Time: 0:01:57 ETA:   0:02:28
 46% (23 of 50) |###########             | Elapsed Time: 0:02:02 ETA:   0:02:23
 48% (24 of 50) |###########             | Elapsed Time: 0:02:07 ETA:   0:02:18
 50% (25 of 50) |############            | Elapsed Time: 0:02:13 ETA:   0:02:13
 52% (26 of 50) |############            | Elapsed Time: 0:02:18 ETA:   0:02:07
 54% (27 of 50) |############            | Elapsed Time: 0:02:23 ETA:   0:02:02
 56% (28 of 50) |#############           | Elapsed Time: 0:02:29 ETA:   0:01:57
 58% (29 of 50) |#############           | Elapsed Time: 0:02:34 ETA:   0:01:51
 60% (30 of 50) |##############          | Elapsed Time: 0:02:39 ETA:   0:01:46
 62% (31 of 50) |##############          | Elapsed Time: 0:02:45 ETA:   0:01:41
 64% (32 of 50) |###############         | Elapsed Time: 0:02:50 ETA:   0:01:35
 66% (33 of 50) |###############         | Elapsed Time: 0:02:55 ETA:   0:01:30
 68% (34 of 50) |################        | Elapsed Time: 0:03:01 ETA:   0:01:25
 70% (35 of 50) |################        | Elapsed Time: 0:03:06 ETA:   0:01:19
 72% (36 of 50) |#################       | Elapsed Time: 0:03:11 ETA:   0:01:14
 74% (37 of 50) |#################       | Elapsed Time: 0:03:17 ETA:   0:01:09
 76% (38 of 50) |##################      | Elapsed Time: 0:03:22 ETA:   0:01:03
 78% (39 of 50) |##################      | Elapsed Time: 0:03:27 ETA:   0:00:58
 80% (40 of 50) |###################     | Elapsed Time: 0:03:32 ETA:   0:00:53
 82% (41 of 50) |###################     | Elapsed Time: 0:03:38 ETA:   0:00:47
 84% (42 of 50) |####################    | Elapsed Time: 0:03:43 ETA:   0:00:42
 86% (43 of 50) |####################    | Elapsed Time: 0:03:48 ETA:   0:00:37
 88% (44 of 50) |#####################   | Elapsed Time: 0:03:54 ETA:   0:00:31
 90% (45 of 50) |#####################   | Elapsed Time: 0:03:59 ETA:   0:00:26
 92% (46 of 50) |######################  | Elapsed Time: 0:04:04 ETA:   0:00:21
 94% (47 of 50) |######################  | Elapsed Time: 0:04:10 ETA:   0:00:15
 96% (48 of 50) |####################### | Elapsed Time: 0:04:15 ETA:   0:00:10
 98% (49 of 50) |####################### | Elapsed Time: 0:04:20 ETA:   0:00:05
100% (50 of 50) |########################| Elapsed Time: 0:04:26 Time:  0:04:26
eta 10694 refused (d_eta=10 <= u=1), trying eta=21388. ACF at lag 1 was 0.361770.
considering eta 21388...
eta 21388 refused (d_eta=10 <= u=1), trying eta=42776. ACF at lag 1 was 0.271373.
considering eta 42776...
eta 42776 refused (d_eta=10 <= u=1), trying eta=85552. ACF at lag 1 was 0.208673.
considering eta 85552...
eta 85552 refused (d_eta=7 <= u=1), trying eta=171104. ACF at lag 1 was 0.135969.
considering eta 171104...
eta 171104 accepted (d_eta=1 <= u=1)
running markov chain and checking convergence...
test statistic : -6.158518354639682,
 Markov chain is stationnary if test statistic < -2.567938070916998
Convergence : acceptation by k
(2: 4316), (3: 250), (4: 28), (5: 5), 
Convergence : refusal by k
(2: 101212), (13: 365), (19: 125), (3: 31234), (18: 157), (4: 13259), (8: 1695), (5: 6784), (12: 494), (9: 1184), (17: 197), (7: 2511), (15: 231), (27: 47), (10: 861), (40: 15), (6: 3877), (55: 8), (28: 45), (11: 646), (16: 203), (34: 23), (22: 77), (73: 5), (44: 15), (14: 300), (21: 98), (74: 2), (50: 13), (26: 48), (24: 53), (63: 3), (32: 33), (20: 106), (23: 73), (80: 2), (37: 24), (54: 7), (25: 58), (81: 3), (126: 1), (43: 12), (33: 30), (92: 3), (49: 7), (31: 29), (35: 18), (29: 39), (196: 1), (36: 19), (30: 19), (38: 21), (52: 13), (107: 1), (85: 1), (58: 4), (102: 2), (62: 7), (47: 8), (172: 1), (51: 6), (66: 2), (185: 1), (108: 3), (45: 11), (41: 5), (57: 4), (199: 2), (93: 1), (83: 2), (42: 12), (59: 5), (46: 8), (60: 2), (53: 5), (70: 4), (146: 2), (56: 6), (72: 2), (132: 1), (86: 1), (118: 1), (161: 2), (48: 8), (97: 1), (65: 4), (39: 13), (75: 2), (154: 2), (230: 1), (91: 2), (159: 1), (89: 1), (96: 2), (98: 1), (67: 3), (78: 1), (223: 1), (64: 3), (76: 5), (84: 2), (130: 1), (61: 3), (71: 1), (139: 2), (164: 1), (79: 3), (95: 1), (101: 1), (82: 2), (120: 1), (122: 1), (111: 1), (131: 2), (166: 1), (136: 1), (99: 1), (68: 1), (178: 1), (113: 1), (109: 1), (127: 1), (191: 1), (169: 1), (94: 1), (115: 1), (123: 2), (148: 1), 
eta estimation took 11235.286785840988 seconds
convergence took 6.040933847427368 seconds
Writing 50 graph samples...
