Reading graph...
Initializing markov chain
Starting Markov Chain convergence...
eta estimation parameters: N_swap 188000, C 10, T 500, u 1, alpha 0.04
burn in...
defaultdict(<class 'int'>, {2: 1464, 3: 15, 4: 1})
defaultdict(<class 'int'>, {3: 34313, 2: 114888, 4: 14668, 8: 1822, 6: 4363, 26: 60, 5: 7442, 9: 1252, 7: 2697, 10: 925, 18: 174, 17: 204, 12: 510, 19: 123, 14: 342, 31: 26, 15: 225, 68: 2, 32: 30, 11: 715, 20: 93, 56: 7, 23: 84, 13: 436, 27: 37, 39: 21, 59: 6, 143: 2, 24: 77, 64: 5, 30: 26, 35: 26, 38: 18, 45: 10, 16: 242, 43: 11, 21: 103, 34: 23, 29: 36, 28: 46, 76: 4, 22: 84, 41: 16, 98: 3, 57: 7, 96: 3, 54: 5, 36: 16, 37: 22, 48: 6, 50: 10, 46: 9, 25: 53, 85: 2, 49: 10, 33: 20, 44: 8, 89: 2, 42: 18, 60: 3, 58: 5, 72: 3, 53: 2, 82: 3, 77: 2, 66: 2, 47: 11, 70: 1, 115: 2, 109: 2, 63: 4, 148: 1, 65: 3, 81: 1, 163: 1, 61: 3, 84: 1, 168: 1, 83: 2, 40: 10, 91: 1, 118: 1, 52: 10, 178: 1, 90: 1, 51: 2, 131: 1, 156: 1, 74: 2, 94: 2, 99: 1, 69: 1, 67: 2, 95: 2, 62: 3, 153: 1, 55: 2, 169: 1, 75: 4, 87: 4, 88: 2, 117: 2, 132: 1, 154: 1, 106: 2, 71: 2, 114: 1, 102: 1, 78: 2, 86: 1, 144: 1, 111: 1, 137: 1, 80: 1, 171: 1, 73: 2, 122: 1, 108: 1, 107: 1, 101: 1})
Burn In : acceptation/refusals by k : 0.007872340425531916
0.007872340425531916
measuring sampling gap...
considering eta 23882...
  0% (0 of 50) |                         | Elapsed Time: 0:00:00 ETA:  --:--:--
  2% (1 of 50) |                         | Elapsed Time: 0:00:00 ETA:   0:00:25
  4% (2 of 50) |#                        | Elapsed Time: 0:00:01 ETA:   0:00:25
  6% (3 of 50) |#                        | Elapsed Time: 0:00:01 ETA:   0:00:24
  8% (4 of 50) |##                       | Elapsed Time: 0:00:02 ETA:   0:00:24
 10% (5 of 50) |##                       | Elapsed Time: 0:00:02 ETA:   0:00:23
 12% (6 of 50) |###                      | Elapsed Time: 0:00:03 ETA:   0:00:23
 14% (7 of 50) |###                      | Elapsed Time: 0:00:03 ETA:   0:00:22
 16% (8 of 50) |####                     | Elapsed Time: 0:00:04 ETA:   0:00:22
 18% (9 of 50) |####                     | Elapsed Time: 0:00:04 ETA:   0:00:21
 20% (10 of 50) |####                    | Elapsed Time: 0:00:05 ETA:   0:00:21
 22% (11 of 50) |#####                   | Elapsed Time: 0:00:05 ETA:   0:00:20
 24% (12 of 50) |#####                   | Elapsed Time: 0:00:06 ETA:   0:00:20
 26% (13 of 50) |######                  | Elapsed Time: 0:00:06 ETA:   0:00:19
 28% (14 of 50) |######                  | Elapsed Time: 0:00:07 ETA:   0:00:18
 30% (15 of 50) |#######                 | Elapsed Time: 0:00:07 ETA:   0:00:18
 32% (16 of 50) |#######                 | Elapsed Time: 0:00:08 ETA:   0:00:17
 34% (17 of 50) |########                | Elapsed Time: 0:00:08 ETA:   0:00:17
 36% (18 of 50) |########                | Elapsed Time: 0:00:09 ETA:   0:00:16
 38% (19 of 50) |#########               | Elapsed Time: 0:00:10 ETA:   0:00:16
 40% (20 of 50) |#########               | Elapsed Time: 0:00:10 ETA:   0:00:15
 42% (21 of 50) |##########              | Elapsed Time: 0:00:11 ETA:   0:00:15
 44% (22 of 50) |##########              | Elapsed Time: 0:00:11 ETA:   0:00:14
 46% (23 of 50) |###########             | Elapsed Time: 0:00:12 ETA:   0:00:14
 48% (24 of 50) |###########             | Elapsed Time: 0:00:12 ETA:   0:00:13
 50% (25 of 50) |############            | Elapsed Time: 0:00:13 ETA:   0:00:13
 52% (26 of 50) |############            | Elapsed Time: 0:00:13 ETA:   0:00:12
 54% (27 of 50) |############            | Elapsed Time: 0:00:14 ETA:   0:00:12
 56% (28 of 50) |#############           | Elapsed Time: 0:00:14 ETA:   0:00:11
 58% (29 of 50) |#############           | Elapsed Time: 0:00:15 ETA:   0:00:11
 60% (30 of 50) |##############          | Elapsed Time: 0:00:15 ETA:   0:00:10
 62% (31 of 50) |##############          | Elapsed Time: 0:00:16 ETA:   0:00:10
 64% (32 of 50) |###############         | Elapsed Time: 0:00:16 ETA:   0:00:09
 66% (33 of 50) |###############         | Elapsed Time: 0:00:17 ETA:   0:00:08
 68% (34 of 50) |################        | Elapsed Time: 0:00:17 ETA:   0:00:08
 70% (35 of 50) |################        | Elapsed Time: 0:00:18 ETA:   0:00:07
 72% (36 of 50) |#################       | Elapsed Time: 0:00:18 ETA:   0:00:07
 74% (37 of 50) |#################       | Elapsed Time: 0:00:19 ETA:   0:00:06
 76% (38 of 50) |##################      | Elapsed Time: 0:00:20 ETA:   0:00:06
 78% (39 of 50) |##################      | Elapsed Time: 0:00:20 ETA:   0:00:05
 80% (40 of 50) |###################     | Elapsed Time: 0:00:21 ETA:   0:00:05
 82% (41 of 50) |###################     | Elapsed Time: 0:00:21 ETA:   0:00:04
 84% (42 of 50) |####################    | Elapsed Time: 0:00:22 ETA:   0:00:04
 86% (43 of 50) |####################    | Elapsed Time: 0:00:22 ETA:   0:00:03
 88% (44 of 50) |#####################   | Elapsed Time: 0:00:23 ETA:   0:00:03
 90% (45 of 50) |#####################   | Elapsed Time: 0:00:23 ETA:   0:00:02
 92% (46 of 50) |######################  | Elapsed Time: 0:00:24 ETA:   0:00:02
 94% (47 of 50) |######################  | Elapsed Time: 0:00:24 ETA:   0:00:01
 96% (48 of 50) |####################### | Elapsed Time: 0:00:25 ETA:   0:00:01
 98% (49 of 50) |####################### | Elapsed Time: 0:00:25 ETA:   0:00:00
100% (50 of 50) |########################| Elapsed Time: 0:00:26 Time:  0:00:26
ACF stability...
eta 23882 accepted (d_eta=0 <= u=1)
running markov chain and checking convergence...
test statistic : -1.3591278981547334,
 Markov chain is stationnary if test statistic < -2.568678442153033
test statistic : -1.99136655647001,
 Markov chain is stationnary if test statistic < -2.568678442153033
test statistic : -1.8778065466519827,
 Markov chain is stationnary if test statistic < -2.568678442153033
test statistic : -2.324226902516067,
 Markov chain is stationnary if test statistic < -2.568678442153033
test statistic : -3.550293652503289,
 Markov chain is stationnary if test statistic < -2.568679271409849
Convergence : acceptation by k
(2: 950), (3: 5), (4: 1), 
Convergence : refusal by k
(2: 73169), (3: 21842), (23: 41), (6: 2744), (8: 1156), (18: 116), (21: 62), (5: 4741), (12: 338), (4: 9107), (9: 749), (11: 418), (35: 19), (16: 136), (15: 178), (17: 121), (7: 1685), (10: 571), (38: 12), (28: 25), (14: 222), (13: 263), (30: 25), (24: 56), (55: 3), (26: 48), (19: 97), (45: 2), (20: 83), (32: 15), (22: 65), (74: 1), (29: 32), (53: 3), (25: 41), (27: 29), (31: 24), (33: 11), (50: 4), (104: 1), (41: 11), (43: 4), (49: 4), (79: 1), (40: 9), (97: 2), (44: 7), (107: 2), (57: 4), (184: 1), (37: 11), (56: 8), (36: 9), (34: 16), (72: 4), (63: 1), (162: 1), (48: 6), (42: 5), (106: 3), (114: 2), (78: 4), (39: 5), (101: 2), (94: 1), (58: 5), (102: 5), (158: 1), (105: 1), (71: 2), (59: 2), (75: 1), (138: 2), (65: 1), (122: 1), (103: 1), (95: 2), (83: 1), (145: 1), (90: 2), (61: 3), (142: 1), (67: 1), (47: 3), (135: 1), (60: 3), (52: 2), (117: 1), (46: 4), (70: 1), (111: 1), (76: 1), (73: 2), (64: 1), (120: 1), (137: 1), (171: 1), (86: 1), (125: 1), (85: 1), (54: 3), (133: 1), (69: 1), (62: 2), (121: 1), (119: 1), (51: 1), (130: 1), (143: 1), (129: 1), (84: 1), (100: 1), (124: 1), (82: 1), 
eta estimation took 764.1562292575836 seconds
convergence took 4.576037645339966 seconds
Writing 50 graph samples...
