Reading graph...
Initializing markov chain
Starting Markov Chain convergence...
eta estimation parameters: N_swap 124000, C 10, T 500, u 1, alpha 0.04
burn in...
defaultdict(<class 'int'>, {3: 630, 2: 7996, 4: 168, 8: 4, 5: 54, 6: 18, 17: 1, 9: 3, 11: 1, 7: 8, 14: 1, 10: 1})
defaultdict(<class 'int'>, {2: 68648, 4: 9547, 18: 126, 3: 22160, 9: 833, 6: 2771, 11: 468, 13: 314, 7: 1754, 5: 4855, 8: 1200, 10: 616, 17: 131, 15: 164, 23: 46, 27: 33, 37: 12, 20: 71, 14: 217, 26: 32, 12: 351, 40: 11, 34: 17, 51: 5, 16: 150, 41: 8, 25: 32, 24: 44, 96: 2, 22: 59, 46: 5, 35: 14, 82: 1, 30: 19, 21: 54, 87: 3, 38: 8, 32: 19, 19: 81, 61: 1, 69: 1, 63: 1, 53: 7, 33: 16, 29: 33, 47: 6, 28: 22, 49: 3, 88: 3, 68: 3, 31: 15, 43: 7, 56: 4, 36: 13, 44: 6, 74: 3, 48: 5, 39: 6, 73: 1, 42: 4, 52: 8, 65: 1, 58: 4, 45: 9, 54: 2, 75: 1, 72: 1, 62: 5, 101: 3, 59: 4, 89: 2, 50: 3, 66: 4, 57: 3, 77: 2, 55: 1, 80: 2, 79: 2, 85: 2, 111: 2, 91: 1, 64: 1, 90: 1, 83: 1, 67: 1, 81: 1, 98: 1, 97: 1, 103: 1, 123: 1, 60: 2, 99: 1})
Burn In : acceptation/refusals by k : 0.07165322580645161
0.07165322580645161
measuring sampling gap...
considering eta 1731...
  0% (0 of 50) |                         | Elapsed Time: 0:00:00 ETA:  --:--:--
  2% (1 of 50) |                         | Elapsed Time: 0:00:00 ETA:   0:00:07
  4% (2 of 50) |#                        | Elapsed Time: 0:00:00 ETA:   0:00:07
  6% (3 of 50) |#                        | Elapsed Time: 0:00:00 ETA:   0:00:07
  8% (4 of 50) |##                       | Elapsed Time: 0:00:00 ETA:   0:00:07
 10% (5 of 50) |##                       | Elapsed Time: 0:00:00 ETA:   0:00:07
 12% (6 of 50) |###                      | Elapsed Time: 0:00:00 ETA:   0:00:07
 14% (7 of 50) |###                      | Elapsed Time: 0:00:01 ETA:   0:00:06
 16% (8 of 50) |####                     | Elapsed Time: 0:00:01 ETA:   0:00:06
 18% (9 of 50) |####                     | Elapsed Time: 0:00:01 ETA:   0:00:06
 20% (10 of 50) |####                    | Elapsed Time: 0:00:01 ETA:   0:00:06
 22% (11 of 50) |#####                   | Elapsed Time: 0:00:01 ETA:   0:00:06
 24% (12 of 50) |#####                   | Elapsed Time: 0:00:01 ETA:   0:00:06
 26% (13 of 50) |######                  | Elapsed Time: 0:00:02 ETA:   0:00:05
 28% (14 of 50) |######                  | Elapsed Time: 0:00:02 ETA:   0:00:05
 30% (15 of 50) |#######                 | Elapsed Time: 0:00:02 ETA:   0:00:05
 32% (16 of 50) |#######                 | Elapsed Time: 0:00:02 ETA:   0:00:05
 34% (17 of 50) |########                | Elapsed Time: 0:00:02 ETA:   0:00:05
 36% (18 of 50) |########                | Elapsed Time: 0:00:02 ETA:   0:00:05
 38% (19 of 50) |#########               | Elapsed Time: 0:00:03 ETA:   0:00:05
 40% (20 of 50) |#########               | Elapsed Time: 0:00:03 ETA:   0:00:04
 42% (21 of 50) |##########              | Elapsed Time: 0:00:03 ETA:   0:00:04
 44% (22 of 50) |##########              | Elapsed Time: 0:00:03 ETA:   0:00:04
 46% (23 of 50) |###########             | Elapsed Time: 0:00:03 ETA:   0:00:04
 48% (24 of 50) |###########             | Elapsed Time: 0:00:03 ETA:   0:00:04
 50% (25 of 50) |############            | Elapsed Time: 0:00:04 ETA:   0:00:04
 52% (26 of 50) |############            | Elapsed Time: 0:00:04 ETA:   0:00:03
 54% (27 of 50) |############            | Elapsed Time: 0:00:04 ETA:   0:00:03
 56% (28 of 50) |#############           | Elapsed Time: 0:00:04 ETA:   0:00:03
 58% (29 of 50) |#############           | Elapsed Time: 0:00:04 ETA:   0:00:03
 60% (30 of 50) |##############          | Elapsed Time: 0:00:04 ETA:   0:00:03
 62% (31 of 50) |##############          | Elapsed Time: 0:00:05 ETA:   0:00:03
 64% (32 of 50) |###############         | Elapsed Time: 0:00:05 ETA:   0:00:02
 66% (33 of 50) |###############         | Elapsed Time: 0:00:05 ETA:   0:00:02
 68% (34 of 50) |################        | Elapsed Time: 0:00:05 ETA:   0:00:02
 70% (35 of 50) |################        | Elapsed Time: 0:00:05 ETA:   0:00:02
 72% (36 of 50) |#################       | Elapsed Time: 0:00:05 ETA:   0:00:02
 74% (37 of 50) |#################       | Elapsed Time: 0:00:05 ETA:   0:00:02
 76% (38 of 50) |##################      | Elapsed Time: 0:00:06 ETA:   0:00:01
 78% (39 of 50) |##################      | Elapsed Time: 0:00:06 ETA:   0:00:01
 80% (40 of 50) |###################     | Elapsed Time: 0:00:06 ETA:   0:00:01
 82% (41 of 50) |###################     | Elapsed Time: 0:00:06 ETA:   0:00:01
 84% (42 of 50) |####################    | Elapsed Time: 0:00:06 ETA:   0:00:01
 86% (43 of 50) |####################    | Elapsed Time: 0:00:06 ETA:   0:00:01
 88% (44 of 50) |#####################   | Elapsed Time: 0:00:07 ETA:   0:00:00
 90% (45 of 50) |#####################   | Elapsed Time: 0:00:07 ETA:   0:00:00
 92% (46 of 50) |######################  | Elapsed Time: 0:00:07 ETA:   0:00:00
 94% (47 of 50) |######################  | Elapsed Time: 0:00:07 ETA:   0:00:00
 96% (48 of 50) |####################### | Elapsed Time: 0:00:07 ETA:   0:00:00
 98% (49 of 50) |####################### | Elapsed Time: 0:00:07 ETA:   0:00:00
100% (50 of 50) |########################| Elapsed Time: 0:00:08 Time:  0:00:08
eta 1731 refused (d_eta=7 <= u=1), trying eta=3462, acf = 0.11599554666820538
considering eta 3462...
eta 3462 refused (d_eta=4 <= u=1), trying eta=6924, acf = 0.06670158902245574
considering eta 6924...
eta 6924 accepted (d_eta=0 <= u=1)
running markov chain and checking convergence...
test statistic : -1.426383219598973,
 Markov chain is stationnary if test statistic < -2.5707835781324064
test statistic : -3.2133702206134713,
 Markov chain is stationnary if test statistic < -2.5707840060211313
Convergence : acceptation by k
(2: 907), (5: 7), (3: 68), (4: 20), (7: 2), (9: 1), (6: 3), 
Convergence : refusal by k
(2: 7685), (4: 1096), (5: 584), (3: 2417), (15: 14), (12: 39), (122: 1), (10: 59), (18: 11), (6: 286), (13: 34), (8: 134), (9: 99), (7: 193), (14: 22), (32: 6), (21: 6), (26: 4), (11: 41), (23: 8), (33: 3), (19: 11), (17: 13), (22: 6), (51: 1), (44: 1), (36: 1), (29: 5), (30: 4), (20: 6), (16: 21), (24: 3), (25: 5), (62: 1), (74: 1), (28: 2), (27: 3), (37: 2), (65: 2), (95: 1), (31: 3), (53: 1), (38: 2), (41: 1), (70: 1), (123: 1), 
eta estimation took 299.85887145996094 seconds
convergence took 0.5241258144378662 seconds
Writing 50 graph samples...
