Reading graph...
Initializing markov chain
Starting Markov Chain convergence...
eta estimation parameters: N_swap 63000, C 10, T 500, u 1, alpha 0.04
burn in...
defaultdict(<class 'int'>, {2: 433, 3: 4, 4: 1})
defaultdict(<class 'int'>, {4: 4890, 2: 38367, 7: 928, 3: 11728, 6: 1515, 8: 540, 5: 2461, 19: 53, 9: 440, 13: 133, 33: 12, 12: 166, 10: 313, 15: 69, 11: 234, 20: 48, 14: 135, 17: 63, 38: 8, 28: 17, 16: 78, 21: 41, 56: 4, 24: 25, 30: 12, 25: 19, 26: 16, 36: 9, 29: 10, 41: 8, 39: 5, 27: 17, 52: 2, 22: 28, 18: 67, 40: 4, 31: 9, 48: 4, 61: 1, 45: 2, 47: 1, 34: 10, 35: 6, 32: 10, 46: 4, 23: 16, 53: 3, 54: 3, 37: 8, 62: 3, 59: 1, 44: 3, 51: 1, 49: 3, 58: 2, 43: 1, 57: 2, 50: 1, 55: 2, 60: 1})
Burn In : acceptation/refusals by k : 0.006952380952380952
0.006952380952380952
measuring sampling gap...
considering eta 9062...
  0% (0 of 50) |                         | Elapsed Time: 0:00:00 ETA:  --:--:--
  2% (1 of 50) |                         | Elapsed Time: 0:00:00 ETA:   0:00:14
  4% (2 of 50) |#                        | Elapsed Time: 0:00:00 ETA:   0:00:14
  6% (3 of 50) |#                        | Elapsed Time: 0:00:00 ETA:   0:00:13
  8% (4 of 50) |##                       | Elapsed Time: 0:00:01 ETA:   0:00:13
 10% (5 of 50) |##                       | Elapsed Time: 0:00:01 ETA:   0:00:13
 12% (6 of 50) |###                      | Elapsed Time: 0:00:01 ETA:   0:00:13
 14% (7 of 50) |###                      | Elapsed Time: 0:00:02 ETA:   0:00:12
 16% (8 of 50) |####                     | Elapsed Time: 0:00:02 ETA:   0:00:12
 18% (9 of 50) |####                     | Elapsed Time: 0:00:02 ETA:   0:00:12
 20% (10 of 50) |####                    | Elapsed Time: 0:00:02 ETA:   0:00:11
 22% (11 of 50) |#####                   | Elapsed Time: 0:00:03 ETA:   0:00:11
 24% (12 of 50) |#####                   | Elapsed Time: 0:00:03 ETA:   0:00:11
 26% (13 of 50) |######                  | Elapsed Time: 0:00:03 ETA:   0:00:10
 28% (14 of 50) |######                  | Elapsed Time: 0:00:04 ETA:   0:00:10
 30% (15 of 50) |#######                 | Elapsed Time: 0:00:04 ETA:   0:00:10
 32% (16 of 50) |#######                 | Elapsed Time: 0:00:04 ETA:   0:00:10
 34% (17 of 50) |########                | Elapsed Time: 0:00:05 ETA:   0:00:09
 36% (18 of 50) |########                | Elapsed Time: 0:00:05 ETA:   0:00:09
 38% (19 of 50) |#########               | Elapsed Time: 0:00:05 ETA:   0:00:09
 40% (20 of 50) |#########               | Elapsed Time: 0:00:05 ETA:   0:00:08
 42% (21 of 50) |##########              | Elapsed Time: 0:00:06 ETA:   0:00:08
 44% (22 of 50) |##########              | Elapsed Time: 0:00:06 ETA:   0:00:08
 46% (23 of 50) |###########             | Elapsed Time: 0:00:06 ETA:   0:00:08
 48% (24 of 50) |###########             | Elapsed Time: 0:00:07 ETA:   0:00:07
 50% (25 of 50) |############            | Elapsed Time: 0:00:07 ETA:   0:00:07
 52% (26 of 50) |############            | Elapsed Time: 0:00:07 ETA:   0:00:07
 54% (27 of 50) |############            | Elapsed Time: 0:00:08 ETA:   0:00:06
 56% (28 of 50) |#############           | Elapsed Time: 0:00:08 ETA:   0:00:06
 58% (29 of 50) |#############           | Elapsed Time: 0:00:08 ETA:   0:00:06
 60% (30 of 50) |##############          | Elapsed Time: 0:00:08 ETA:   0:00:05
 62% (31 of 50) |##############          | Elapsed Time: 0:00:09 ETA:   0:00:05
 64% (32 of 50) |###############         | Elapsed Time: 0:00:09 ETA:   0:00:05
 66% (33 of 50) |###############         | Elapsed Time: 0:00:09 ETA:   0:00:05
 68% (34 of 50) |################        | Elapsed Time: 0:00:10 ETA:   0:00:04
 70% (35 of 50) |################        | Elapsed Time: 0:00:10 ETA:   0:00:04
 72% (36 of 50) |#################       | Elapsed Time: 0:00:10 ETA:   0:00:04
 74% (37 of 50) |#################       | Elapsed Time: 0:00:10 ETA:   0:00:03
 76% (38 of 50) |##################      | Elapsed Time: 0:00:11 ETA:   0:00:03
 78% (39 of 50) |##################      | Elapsed Time: 0:00:11 ETA:   0:00:03
 80% (40 of 50) |###################     | Elapsed Time: 0:00:11 ETA:   0:00:02
 82% (41 of 50) |###################     | Elapsed Time: 0:00:12 ETA:   0:00:02
 84% (42 of 50) |####################    | Elapsed Time: 0:00:12 ETA:   0:00:02
 86% (43 of 50) |####################    | Elapsed Time: 0:00:12 ETA:   0:00:02
 88% (44 of 50) |#####################   | Elapsed Time: 0:00:13 ETA:   0:00:01
 90% (45 of 50) |#####################   | Elapsed Time: 0:00:13 ETA:   0:00:01
 92% (46 of 50) |######################  | Elapsed Time: 0:00:13 ETA:   0:00:01
 94% (47 of 50) |######################  | Elapsed Time: 0:00:13 ETA:   0:00:00
 96% (48 of 50) |####################### | Elapsed Time: 0:00:14 ETA:   0:00:00
 98% (49 of 50) |####################### | Elapsed Time: 0:00:14 ETA:   0:00:00
100% (50 of 50) |########################| Elapsed Time: 0:00:14 Time:  0:00:14
ACF stability...
eta 9062 accepted (d_eta=0 <= u=1)
running markov chain and checking convergence...
test statistic : -2.2978373533748826,
 Markov chain is stationnary if test statistic < -2.5700852503585647
test statistic : -2.1435851181747094,
 Markov chain is stationnary if test statistic < -2.5700880044260797
test statistic : -3.2673698493663554,
 Markov chain is stationnary if test statistic < -2.570084500408632
Convergence : acceptation by k
(2: 160), (3: 2), 
Convergence : refusal by k
(2: 16628), (4: 2196), (7: 401), (6: 656), (3: 4815), (8: 264), (10: 139), (5: 1170), (17: 28), (11: 109), (12: 78), (20: 18), (9: 181), (47: 1), (22: 11), (35: 2), (13: 65), (62: 1), (29: 8), (14: 36), (18: 21), (28: 6), (26: 7), (42: 2), (21: 16), (46: 2), (52: 1), (27: 7), (36: 4), (58: 1), (16: 24), (19: 18), (15: 37), (45: 3), (23: 9), (43: 2), (30: 4), (50: 1), (37: 4), (40: 2), (25: 10), (24: 11), (53: 1), (32: 3), (44: 2), (57: 3), (38: 1), (33: 3), (60: 1), (49: 2), (31: 4), (56: 1), (34: 1), (41: 1), (39: 2), 
eta estimation took 288.05509185791016 seconds
convergence took 1.1873760223388672 seconds
Writing 50 graph samples...
