Reading graph...
Initializing markov chain
Starting Markov Chain convergence...
eta estimation parameters: N_swap 43000, C 10, T 500, u 1, alpha 0.04
burn in...
defaultdict(<class 'int'>, {2: 542, 3: 14})
defaultdict(<class 'int'>, {2: 25862, 4: 3365, 3: 8135, 5: 1648, 6: 1047, 7: 629, 14: 70, 15: 66, 8: 413, 10: 201, 9: 300, 19: 27, 21: 25, 11: 129, 13: 102, 12: 113, 16: 53, 20: 20, 17: 42, 42: 2, 18: 45, 24: 9, 27: 9, 22: 16, 23: 26, 28: 10, 25: 16, 33: 8, 32: 4, 41: 2, 26: 13, 30: 7, 31: 8, 35: 3, 34: 6, 38: 5, 29: 4, 40: 3, 36: 1})
Burn In : acceptation/refusals by k : 0.012930232558139534
0.012930232558139534
measuring sampling gap...
considering eta 3326...
  0% (0 of 50) |                         | Elapsed Time: 0:00:00 ETA:  --:--:--
  2% (1 of 50) |                         | Elapsed Time: 0:00:00 ETA:   0:00:02
  4% (2 of 50) |#                        | Elapsed Time: 0:00:00 ETA:   0:00:02
  6% (3 of 50) |#                        | Elapsed Time: 0:00:00 ETA:   0:00:02
  8% (4 of 50) |##                       | Elapsed Time: 0:00:00 ETA:   0:00:02
 10% (5 of 50) |##                       | Elapsed Time: 0:00:00 ETA:   0:00:02
 12% (6 of 50) |###                      | Elapsed Time: 0:00:00 ETA:   0:00:02
 14% (7 of 50) |###                      | Elapsed Time: 0:00:00 ETA:   0:00:02
 16% (8 of 50) |####                     | Elapsed Time: 0:00:00 ETA:   0:00:02
 18% (9 of 50) |####                     | Elapsed Time: 0:00:00 ETA:   0:00:02
 20% (10 of 50) |####                    | Elapsed Time: 0:00:00 ETA:   0:00:02
 22% (11 of 50) |#####                   | Elapsed Time: 0:00:00 ETA:   0:00:02
 24% (12 of 50) |#####                   | Elapsed Time: 0:00:00 ETA:   0:00:01
 26% (13 of 50) |######                  | Elapsed Time: 0:00:00 ETA:   0:00:01
 28% (14 of 50) |######                  | Elapsed Time: 0:00:00 ETA:   0:00:01
 30% (15 of 50) |#######                 | Elapsed Time: 0:00:00 ETA:   0:00:01
 32% (16 of 50) |#######                 | Elapsed Time: 0:00:00 ETA:   0:00:01
 34% (17 of 50) |########                | Elapsed Time: 0:00:00 ETA:   0:00:01
 36% (18 of 50) |########                | Elapsed Time: 0:00:00 ETA:   0:00:01
 38% (19 of 50) |#########               | Elapsed Time: 0:00:00 ETA:   0:00:01
 40% (20 of 50) |#########               | Elapsed Time: 0:00:01 ETA:   0:00:01
 42% (21 of 50) |##########              | Elapsed Time: 0:00:01 ETA:   0:00:01
 44% (22 of 50) |##########              | Elapsed Time: 0:00:01 ETA:   0:00:01
 46% (23 of 50) |###########             | Elapsed Time: 0:00:01 ETA:   0:00:01
 48% (24 of 50) |###########             | Elapsed Time: 0:00:01 ETA:   0:00:01
 50% (25 of 50) |############            | Elapsed Time: 0:00:01 ETA:   0:00:01
 52% (26 of 50) |############            | Elapsed Time: 0:00:01 ETA:   0:00:01
 54% (27 of 50) |############            | Elapsed Time: 0:00:01 ETA:   0:00:01
 56% (28 of 50) |#############           | Elapsed Time: 0:00:01 ETA:   0:00:01
 58% (29 of 50) |#############           | Elapsed Time: 0:00:01 ETA:   0:00:01
 60% (30 of 50) |##############          | Elapsed Time: 0:00:01 ETA:   0:00:01
 62% (31 of 50) |##############          | Elapsed Time: 0:00:01 ETA:   0:00:00
 64% (32 of 50) |###############         | Elapsed Time: 0:00:01 ETA:   0:00:00
 66% (33 of 50) |###############         | Elapsed Time: 0:00:01 ETA:   0:00:00
 68% (34 of 50) |################        | Elapsed Time: 0:00:01 ETA:   0:00:00
 70% (35 of 50) |################        | Elapsed Time: 0:00:01 ETA:   0:00:00
 72% (36 of 50) |#################       | Elapsed Time: 0:00:01 ETA:   0:00:00
 74% (37 of 50) |#################       | Elapsed Time: 0:00:01 ETA:   0:00:00
 76% (38 of 50) |##################      | Elapsed Time: 0:00:01 ETA:   0:00:00
 78% (39 of 50) |##################      | Elapsed Time: 0:00:02 ETA:   0:00:00
 80% (40 of 50) |###################     | Elapsed Time: 0:00:02 ETA:   0:00:00
 82% (41 of 50) |###################     | Elapsed Time: 0:00:02 ETA:   0:00:00
 84% (42 of 50) |####################    | Elapsed Time: 0:00:02 ETA:   0:00:00
 86% (43 of 50) |####################    | Elapsed Time: 0:00:02 ETA:   0:00:00
 88% (44 of 50) |#####################   | Elapsed Time: 0:00:02 ETA:   0:00:00
 90% (45 of 50) |#####################   | Elapsed Time: 0:00:02 ETA:   0:00:00
 92% (46 of 50) |######################  | Elapsed Time: 0:00:02 ETA:   0:00:00
 94% (47 of 50) |######################  | Elapsed Time: 0:00:02 ETA:   0:00:00
 96% (48 of 50) |####################### | Elapsed Time: 0:00:02 ETA:   0:00:00
 98% (49 of 50) |####################### | Elapsed Time: 0:00:02 ETA:   0:00:00
100% (50 of 50) |########################| Elapsed Time: 0:00:02 Time:  0:00:02
eta 3326 accepted (d_eta=0 <= u=1)
trying eta=eta/2...
considering eta 1663...
eta 1663 accepted (d_eta=1 <= u=1)
trying eta=eta/2...
considering eta 831...
eta 831 refused (d_eta=10 <= u=1), using eta=1663.
running markov chain and checking convergence...
test statistic : -0.1531466471634966,
 Markov chain is stationnary if test statistic < -2.5801805135194944
test statistic : 0.10282043675585996,
 Markov chain is stationnary if test statistic < -2.580308204548591
test statistic : -0.5208024280841279,
 Markov chain is stationnary if test statistic < -2.580121322702793
test statistic : -0.45229522659691007,
 Markov chain is stationnary if test statistic < -2.580121322702793
test statistic : -0.05979216344086734,
 Markov chain is stationnary if test statistic < -2.580121322702793
test statistic : -1.6259869463794712,
 Markov chain is stationnary if test statistic < -2.580121322702793
test statistic : -1.1404514872288554,
 Markov chain is stationnary if test statistic < -2.580121322702793
test statistic : -1.9719423545787722,
 Markov chain is stationnary if test statistic < -2.580121322702793
test statistic : -1.433536173850989,
 Markov chain is stationnary if test statistic < -2.580255307784887
test statistic : -1.497462603083235,
 Markov chain is stationnary if test statistic < -2.580255307784887
test statistic : -1.2720908506405353,
 Markov chain is stationnary if test statistic < -2.5801582503418405
test statistic : -2.2546226258213626,
 Markov chain is stationnary if test statistic < -2.5802252817383566
test statistic : -0.7847828027650179,
 Markov chain is stationnary if test statistic < -2.580121322702793
test statistic : -1.1826756052711136,
 Markov chain is stationnary if test statistic < -2.580232774650193
test statistic : -1.0990251746168227,
 Markov chain is stationnary if test statistic < -2.580121322702793
test statistic : -0.3347701625056709,
 Markov chain is stationnary if test statistic < -2.580308204548591
test statistic : -0.2120463082663166,
 Markov chain is stationnary if test statistic < -2.580136067205664
test statistic : -1.577072045758026,
 Markov chain is stationnary if test statistic < -2.580136067205664
test statistic : -2.0199726692133746,
 Markov chain is stationnary if test statistic < -2.580121322702793
test statistic : 0.1539724054931415,
 Markov chain is stationnary if test statistic < -2.580121322702793
test statistic : -0.6226500355443859,
 Markov chain is stationnary if test statistic < -2.5801730835400534
test statistic : -1.1462728116302576,
 Markov chain is stationnary if test statistic < -2.580136067205664
test statistic : -0.7062560704941444,
 Markov chain is stationnary if test statistic < -2.580121322702793
test statistic : -1.2728522019569743,
 Markov chain is stationnary if test statistic < -2.580121322702793
test statistic : -1.4714418272886929,
 Markov chain is stationnary if test statistic < -2.5801434527175533
test statistic : -0.6147133534904186,
 Markov chain is stationnary if test statistic < -2.580121322702793
test statistic : -2.788332698865077,
 Markov chain is stationnary if test statistic < -2.5802252817383566
Convergence : acceptation by k
(2: 541), (3: 9), (4: 2), 
Convergence : refusal by k
(2: 27422), (6: 1001), (4: 3490), (7: 596), (3: 8177), (5: 1765), (11: 165), (15: 52), (33: 8), (10: 216), (13: 100), (12: 127), (9: 296), (22: 19), (34: 9), (16: 59), (8: 430), (20: 26), (14: 99), (32: 7), (24: 17), (18: 47), (17: 48), (23: 19), (38: 2), (19: 24), (31: 12), (25: 17), (26: 15), (27: 11), (29: 13), (39: 4), (21: 18), (36: 5), (30: 7), (42: 5), (35: 5), (28: 9), (37: 4), (40: 2), (41: 1), 
eta estimation took 153.0897979736328 seconds
convergence took 1.3803908824920654 seconds
Writing 50 graph samples...
