Reading graph...
Initializing markov chain
Starting Markov Chain convergence...
eta estimation parameters: N_swap 188000, C 10, T 500, u 1, alpha 0.04
burn in...
defaultdict(<class 'int'>, {4: 459, 2: 18334, 3: 1759, 5: 154, 6: 49, 7: 12, 8: 7, 9: 1, 10: 2})
defaultdict(<class 'int'>, {2: 98061, 3: 32626, 48: 10, 4: 13885, 5: 7388, 12: 530, 7: 2821, 6: 4239, 8: 1805, 11: 684, 9: 1285, 18: 165, 28: 50, 61: 7, 13: 417, 10: 907, 15: 262, 21: 107, 26: 54, 14: 347, 41: 15, 24: 64, 17: 205, 20: 129, 33: 34, 16: 222, 31: 33, 30: 36, 36: 18, 32: 33, 22: 97, 19: 147, 72: 3, 29: 43, 54: 3, 38: 19, 23: 75, 107: 1, 25: 57, 116: 1, 52: 4, 50: 8, 34: 17, 88: 1, 27: 44, 49: 7, 45: 12, 64: 4, 67: 4, 37: 12, 47: 11, 44: 10, 43: 10, 114: 1, 102: 2, 35: 23, 66: 5, 68: 6, 46: 10, 65: 2, 42: 15, 56: 5, 75: 2, 73: 2, 39: 13, 55: 6, 40: 13, 60: 7, 161: 1, 152: 1, 70: 4, 97: 1, 57: 7, 131: 1, 80: 2, 51: 3, 71: 2, 84: 4, 90: 4, 63: 2, 98: 1, 132: 1, 62: 6, 172: 2, 83: 2, 53: 4, 126: 1, 151: 2, 82: 1, 112: 1, 150: 2, 162: 1, 164: 1, 120: 1, 77: 1, 117: 1, 121: 1, 92: 1, 100: 2, 99: 2, 138: 1, 76: 1, 95: 1, 133: 1, 147: 1, 105: 2, 79: 1, 58: 2, 85: 1, 130: 1, 91: 1, 59: 1, 145: 1, 108: 1})
Burn In : acceptation/refusals by k : 0.1105159574468085
0.1105159574468085
measuring sampling gap...
considering eta 1702...
  0% (0 of 50) |                         | Elapsed Time: 0:00:00 ETA:  --:--:--
  4% (2 of 50) |#                        | Elapsed Time: 0:00:00 ETA:   0:00:01
  8% (4 of 50) |##                       | Elapsed Time: 0:00:00 ETA:   0:00:01
 12% (6 of 50) |###                      | Elapsed Time: 0:00:00 ETA:   0:00:01
 16% (8 of 50) |####                     | Elapsed Time: 0:00:00 ETA:   0:00:01
 20% (10 of 50) |####                    | Elapsed Time: 0:00:00 ETA:   0:00:01
 24% (12 of 50) |#####                   | Elapsed Time: 0:00:00 ETA:   0:00:01
 28% (14 of 50) |######                  | Elapsed Time: 0:00:00 ETA:   0:00:01
 32% (16 of 50) |#######                 | Elapsed Time: 0:00:00 ETA:   0:00:01
 36% (18 of 50) |########                | Elapsed Time: 0:00:00 ETA:   0:00:01
 40% (20 of 50) |#########               | Elapsed Time: 0:00:00 ETA:   0:00:01
 44% (22 of 50) |##########              | Elapsed Time: 0:00:00 ETA:   0:00:01
 48% (24 of 50) |###########             | Elapsed Time: 0:00:00 ETA:   0:00:00
 52% (26 of 50) |############            | Elapsed Time: 0:00:00 ETA:   0:00:00
 56% (28 of 50) |#############           | Elapsed Time: 0:00:01 ETA:   0:00:00
 60% (30 of 50) |##############          | Elapsed Time: 0:00:01 ETA:   0:00:00
 64% (32 of 50) |###############         | Elapsed Time: 0:00:01 ETA:   0:00:00
 68% (34 of 50) |################        | Elapsed Time: 0:00:01 ETA:   0:00:00
 72% (36 of 50) |#################       | Elapsed Time: 0:00:01 ETA:   0:00:00
 76% (38 of 50) |##################      | Elapsed Time: 0:00:01 ETA:   0:00:00
 80% (40 of 50) |###################     | Elapsed Time: 0:00:01 ETA:   0:00:00
 84% (42 of 50) |####################    | Elapsed Time: 0:00:01 ETA:   0:00:00
 88% (44 of 50) |#####################   | Elapsed Time: 0:00:01 ETA:   0:00:00
 92% (46 of 50) |######################  | Elapsed Time: 0:00:01 ETA:   0:00:00
 96% (48 of 50) |####################### | Elapsed Time: 0:00:01 ETA:   0:00:00
100% (50 of 50) |########################| Elapsed Time: 0:00:01 Time:  0:00:01
ACF stability...
eta 1702 accepted (d_eta=0 <= u=1)
running markov chain and checking convergence...
test statistic : -2.7375584411276677,
 Markov chain is stationnary if test statistic < -2.5798830358138547
Convergence : acceptation by k
(2: 163), (4: 7), (3: 12), (5: 1), 
Convergence : refusal by k
(2: 901), (4: 112), (10: 13), (3: 305), (5: 57), (6: 37), (12: 7), (7: 28), (36: 1), (20: 2), (15: 2), (8: 11), (40: 1), (9: 13), (31: 1), (38: 1), (16: 2), (18: 1), (11: 6), (17: 3), (23: 1), (13: 3), (22: 4), (42: 1), (14: 3), (19: 2), (24: 1), 
eta estimation took 42.50557780265808 seconds
convergence took 0.09547734260559082 seconds
Writing 50 graph samples...
