Reading graph...
Initializing markov chain
Starting Markov Chain convergence...
eta estimation parameters: N_swap 105000, C 10, T 500, u 1, alpha 0.04
burn in...
defaultdict(<class 'int'>, {2: 6059, 3: 525, 4: 119, 5: 39, 6: 11, 7: 1})
defaultdict(<class 'int'>, {7: 1551, 3: 18699, 9: 737, 2: 58807, 11: 380, 6: 2375, 4: 8013, 5: 4177, 8: 1058, 14: 219, 10: 499, 67: 4, 18: 94, 41: 4, 12: 281, 13: 232, 44: 5, 31: 15, 20: 79, 16: 134, 17: 89, 15: 150, 24: 45, 35: 13, 83: 3, 28: 20, 21: 55, 34: 11, 40: 6, 19: 91, 27: 32, 53: 4, 42: 10, 22: 51, 29: 18, 36: 10, 39: 6, 26: 31, 58: 3, 82: 1, 30: 17, 55: 4, 46: 7, 37: 7, 33: 11, 23: 46, 45: 3, 90: 2, 74: 2, 60: 2, 93: 1, 87: 1, 25: 33, 92: 1, 43: 5, 66: 2, 51: 2, 59: 4, 54: 2, 32: 10, 49: 4, 76: 1, 38: 13, 50: 3, 47: 3, 68: 3, 56: 2, 91: 2, 78: 1, 73: 3, 61: 3, 52: 2, 62: 2, 48: 3, 57: 3, 103: 1, 71: 2, 88: 1, 81: 2, 98: 1, 102: 1, 63: 1, 64: 2, 101: 1, 99: 2, 77: 3, 69: 1, 70: 1, 72: 1, 80: 2, 65: 1, 104: 1})
Burn In : acceptation/refusals by k : 0.06432380952380952
0.06432380952380952
measuring sampling gap...
considering eta 1633...
  0% (0 of 50) |                         | Elapsed Time: 0:00:00 ETA:  --:--:--
  2% (1 of 50) |                         | Elapsed Time: 0:00:01 ETA:   0:01:15
  4% (2 of 50) |#                        | Elapsed Time: 0:00:03 ETA:   0:01:13
  6% (3 of 50) |#                        | Elapsed Time: 0:00:04 ETA:   0:01:12
  8% (4 of 50) |##                       | Elapsed Time: 0:00:06 ETA:   0:01:10
 10% (5 of 50) |##                       | Elapsed Time: 0:00:07 ETA:   0:01:09
 12% (6 of 50) |###                      | Elapsed Time: 0:00:09 ETA:   0:01:07
 14% (7 of 50) |###                      | Elapsed Time: 0:00:10 ETA:   0:01:06
 16% (8 of 50) |####                     | Elapsed Time: 0:00:12 ETA:   0:01:04
 18% (9 of 50) |####                     | Elapsed Time: 0:00:13 ETA:   0:01:02
 20% (10 of 50) |####                    | Elapsed Time: 0:00:15 ETA:   0:01:01
 22% (11 of 50) |#####                   | Elapsed Time: 0:00:16 ETA:   0:00:59
 24% (12 of 50) |#####                   | Elapsed Time: 0:00:18 ETA:   0:00:58
 26% (13 of 50) |######                  | Elapsed Time: 0:00:19 ETA:   0:00:56
 28% (14 of 50) |######                  | Elapsed Time: 0:00:21 ETA:   0:00:55
 30% (15 of 50) |#######                 | Elapsed Time: 0:00:23 ETA:   0:00:53
 32% (16 of 50) |#######                 | Elapsed Time: 0:00:24 ETA:   0:00:52
 34% (17 of 50) |########                | Elapsed Time: 0:00:26 ETA:   0:00:50
 36% (18 of 50) |########                | Elapsed Time: 0:00:27 ETA:   0:00:49
 38% (19 of 50) |#########               | Elapsed Time: 0:00:29 ETA:   0:00:47
 40% (20 of 50) |#########               | Elapsed Time: 0:00:30 ETA:   0:00:46
 42% (21 of 50) |##########              | Elapsed Time: 0:00:32 ETA:   0:00:44
 44% (22 of 50) |##########              | Elapsed Time: 0:00:33 ETA:   0:00:43
 46% (23 of 50) |###########             | Elapsed Time: 0:00:35 ETA:   0:00:41
 48% (24 of 50) |###########             | Elapsed Time: 0:00:36 ETA:   0:00:39
 50% (25 of 50) |############            | Elapsed Time: 0:00:38 ETA:   0:00:38
 52% (26 of 50) |############            | Elapsed Time: 0:00:39 ETA:   0:00:36
 54% (27 of 50) |############            | Elapsed Time: 0:00:41 ETA:   0:00:35
 56% (28 of 50) |#############           | Elapsed Time: 0:00:43 ETA:   0:00:33
 58% (29 of 50) |#############           | Elapsed Time: 0:00:44 ETA:   0:00:32
 60% (30 of 50) |##############          | Elapsed Time: 0:00:46 ETA:   0:00:30
 62% (31 of 50) |##############          | Elapsed Time: 0:00:47 ETA:   0:00:29
 64% (32 of 50) |###############         | Elapsed Time: 0:00:49 ETA:   0:00:27
 66% (33 of 50) |###############         | Elapsed Time: 0:00:50 ETA:   0:00:26
 68% (34 of 50) |################        | Elapsed Time: 0:00:52 ETA:   0:00:24
 70% (35 of 50) |################        | Elapsed Time: 0:00:53 ETA:   0:00:23
 72% (36 of 50) |#################       | Elapsed Time: 0:00:55 ETA:   0:00:21
 74% (37 of 50) |#################       | Elapsed Time: 0:00:56 ETA:   0:00:19
 76% (38 of 50) |##################      | Elapsed Time: 0:00:58 ETA:   0:00:18
 78% (39 of 50) |##################      | Elapsed Time: 0:00:59 ETA:   0:00:16
 80% (40 of 50) |###################     | Elapsed Time: 0:01:01 ETA:   0:00:15
 82% (41 of 50) |###################     | Elapsed Time: 0:01:03 ETA:   0:00:13
 84% (42 of 50) |####################    | Elapsed Time: 0:01:04 ETA:   0:00:12
 86% (43 of 50) |####################    | Elapsed Time: 0:01:06 ETA:   0:00:10
 88% (44 of 50) |#####################   | Elapsed Time: 0:01:07 ETA:   0:00:09
 90% (45 of 50) |#####################   | Elapsed Time: 0:01:09 ETA:   0:00:07
 92% (46 of 50) |######################  | Elapsed Time: 0:01:10 ETA:   0:00:06
 94% (47 of 50) |######################  | Elapsed Time: 0:01:12 ETA:   0:00:04
 96% (48 of 50) |####################### | Elapsed Time: 0:01:13 ETA:   0:00:03
 98% (49 of 50) |####################### | Elapsed Time: 0:01:15 ETA:   0:00:01
100% (50 of 50) |########################| Elapsed Time: 0:01:16 Time:  0:01:16
eta 1633 refused (d_eta=10 <= u=1), trying eta=3266.
considering eta 3266...
eta 3266 refused (d_eta=10 <= u=1), trying eta=6532.
considering eta 6532...
eta 6532 refused (d_eta=10 <= u=1), trying eta=13064.
considering eta 13064...
eta 13064 refused (d_eta=8 <= u=1), trying eta=26128.
considering eta 26128...
eta 26128 refused (d_eta=5 <= u=1), trying eta=52256.
considering eta 52256...
eta 52256 accepted (d_eta=1 <= u=1)
running markov chain and checking convergence...
test statistic : -5.582210065637242,
 Markov chain is stationnary if test statistic < -2.5682112786994056
Convergence : acceptation by k
(2: 3406), (3: 315), (4: 68), (6: 6), (5: 15), (9: 1), (8: 1), (7: 1), 
Convergence : refusal by k
(6: 1193), (10: 268), (4: 3944), (2: 28979), (3: 9194), (7: 745), (5: 2084), (24: 24), (9: 339), (8: 529), (14: 80), (34: 8), (13: 133), (26: 10), (39: 4), (25: 19), (11: 184), (18: 37), (15: 77), (16: 65), (12: 150), (77: 1), (41: 5), (23: 21), (33: 4), (37: 5), (30: 11), (49: 5), (51: 1), (20: 31), (53: 5), (61: 3), (31: 9), (22: 21), (35: 6), (19: 42), (17: 65), (58: 1), (27: 14), (55: 3), (40: 4), (28: 14), (36: 8), (45: 3), (42: 5), (21: 28), (50: 5), (44: 3), (32: 3), (29: 9), (63: 3), (87: 1), (69: 1), (48: 4), (52: 3), (65: 1), (43: 3), (71: 1), (84: 2), (66: 1), (88: 1), (67: 1), (83: 1), (57: 2), (62: 2), (56: 3), (70: 1), (46: 2), (54: 1), (47: 2), (64: 1), (91: 1), (82: 1), (38: 1), (104: 1), (75: 1), 
eta estimation took 3179.076402902603 seconds
convergence took 2.7819738388061523 seconds
Writing 50 graph samples...
