Reading graph...
Initializing markov chain
Starting Markov Chain convergence...
eta estimation parameters: N_swap 17000, C 10, T 500, u 1, alpha 0.04
burn in...
defaultdict(<class 'int'>, {2: 568, 3: 48, 4: 11, 5: 2})
defaultdict(<class 'int'>, {2: 9962, 5: 660, 3: 3172, 10: 86, 4: 1360, 7: 260, 8: 152, 6: 378, 9: 108, 13: 50, 11: 67, 12: 36, 16: 16, 15: 31, 14: 33})
Burn In : acceptation/refusals by k : 0.037
0.037
measuring sampling gap...
considering eta 460...
  0% (0 of 50) |                         | Elapsed Time: 0:00:00 ETA:  --:--:--
 10% (5 of 50) |##                       | Elapsed Time: 0:00:00 ETA:   0:00:00
 20% (10 of 50) |####                    | Elapsed Time: 0:00:00 ETA:   0:00:00
 30% (15 of 50) |#######                 | Elapsed Time: 0:00:00 ETA:   0:00:00
 40% (20 of 50) |#########               | Elapsed Time: 0:00:00 ETA:   0:00:00
 50% (25 of 50) |############            | Elapsed Time: 0:00:00 ETA:   0:00:00
 60% (30 of 50) |##############          | Elapsed Time: 0:00:00 ETA:   0:00:00
 70% (35 of 50) |################        | Elapsed Time: 0:00:00 ETA:   0:00:00
 80% (40 of 50) |###################     | Elapsed Time: 0:00:00 ETA:   0:00:00
 90% (45 of 50) |#####################   | Elapsed Time: 0:00:00 ETA:   0:00:00
100% (50 of 50) |########################| Elapsed Time: 0:00:00 Time:  0:00:00
eta 460 accepted (d_eta=1 <= u=1)
trying eta=eta/2...
considering eta 230...
eta 230 refused (d_eta=10 <= u=1), using eta=460.
running markov chain and checking convergence...
test statistic : -1.968375012961655,
 Markov chain is stationnary if test statistic < -2.6117566710802063
test statistic : -0.975247474985419,
 Markov chain is stationnary if test statistic < -2.6117566710802063
test statistic : -1.8158104626443952,
 Markov chain is stationnary if test statistic < -2.6117566710802063
test statistic : -1.7742554733968472,
 Markov chain is stationnary if test statistic < -2.6120402425670246
test statistic : -2.0717628010577487,
 Markov chain is stationnary if test statistic < -2.6117566710802063
test statistic : -0.47514698304780734,
 Markov chain is stationnary if test statistic < -2.6117566710802063
test statistic : -2.1450748310587846,
 Markov chain is stationnary if test statistic < -2.6117566710802063
test statistic : -1.499751467576381,
 Markov chain is stationnary if test statistic < -2.6117566710802063
test statistic : -1.4549015804970706,
 Markov chain is stationnary if test statistic < -2.6117566710802063
test statistic : -2.4087720768490177,
 Markov chain is stationnary if test statistic < -2.611945312893576
test statistic : -1.0479600272723664,
 Markov chain is stationnary if test statistic < -2.6117566710802063
test statistic : -0.5812279511902807,
 Markov chain is stationnary if test statistic < -2.6133125681405702
test statistic : -2.282186470995766,
 Markov chain is stationnary if test statistic < -2.6117566710802063
test statistic : -0.5765825046480418,
 Markov chain is stationnary if test statistic < -2.6120402425670246
test statistic : -3.138416360726876,
 Markov chain is stationnary if test statistic < -2.6117566710802063
Convergence : acceptation by k
(2: 245), (3: 14), (4: 3), 
Convergence : refusal by k
(2: 3997), (3: 1274), (6: 147), (5: 289), (4: 560), (9: 50), (7: 108), (11: 37), (8: 74), (10: 43), (12: 16), (16: 6), (14: 10), (13: 13), (15: 14), 
eta estimation took 22.141744136810303 seconds
convergence took 0.3131279945373535 seconds
Writing 50 graph samples...
