Reading graph...
Initializing markov chain
Starting Markov Chain convergence...
eta estimation parameters: N_swap 303000, C 10, T 500, u 1, alpha 0.04
burn in...
defaultdict(<class 'int'>, {2: 1324, 3: 21, 4: 2})
defaultdict(<class 'int'>, {2: 186624, 3: 55521, 5: 11936, 4: 23173, 6: 6871, 7: 4333, 11: 1091, 23: 117, 10: 1467, 36: 32, 9: 1997, 17: 313, 16: 391, 76: 6, 13: 663, 8: 2952, 18: 276, 24: 111, 14: 549, 51: 19, 39: 24, 34: 33, 26: 90, 12: 875, 21: 170, 59: 10, 20: 200, 35: 33, 15: 445, 25: 94, 28: 75, 19: 215, 30: 48, 22: 138, 64: 8, 42: 20, 141: 1, 31: 53, 52: 14, 41: 22, 27: 86, 50: 10, 82: 1, 44: 18, 33: 37, 70: 6, 119: 1, 37: 18, 62: 5, 71: 5, 29: 45, 105: 2, 48: 11, 49: 12, 97: 3, 55: 10, 153: 1, 127: 2, 43: 24, 75: 8, 32: 34, 56: 8, 38: 20, 45: 20, 123: 2, 57: 11, 77: 9, 40: 26, 90: 4, 68: 5, 78: 2, 46: 17, 58: 8, 155: 1, 53: 14, 74: 6, 47: 10, 60: 5, 54: 12, 270: 1, 88: 3, 66: 6, 221: 1, 65: 2, 73: 8, 156: 2, 108: 2, 87: 5, 233: 1, 111: 2, 118: 1, 86: 3, 166: 1, 198: 1, 80: 3, 128: 1, 142: 1, 61: 7, 234: 1, 102: 1, 69: 5, 72: 6, 63: 2, 79: 2, 83: 4, 134: 1, 81: 3, 137: 1, 131: 1, 84: 1, 67: 6, 154: 1, 256: 1, 126: 1, 151: 1, 224: 1, 125: 1, 94: 2, 189: 1, 181: 1, 96: 2, 139: 1, 116: 1, 253: 1, 120: 1, 117: 2, 157: 1, 129: 2, 165: 1, 89: 1, 85: 3, 219: 1, 132: 1, 242: 2, 114: 1, 169: 1, 188: 1, 103: 1, 107: 1, 252: 1, 101: 1, 230: 1, 168: 1})
Burn In : acceptation/refusals by k : 0.004445544554455445
0.004445544554455445
measuring sampling gap...
considering eta 68159...
  0% (0 of 50) |                         | Elapsed Time: 0:00:00 ETA:  --:--:--
  2% (1 of 50) |                         | Elapsed Time: 0:00:04 ETA:   0:03:42
  4% (2 of 50) |#                        | Elapsed Time: 0:00:09 ETA:   0:03:37
  6% (3 of 50) |#                        | Elapsed Time: 0:00:13 ETA:   0:03:32
  8% (4 of 50) |##                       | Elapsed Time: 0:00:18 ETA:   0:03:28
 10% (5 of 50) |##                       | Elapsed Time: 0:00:22 ETA:   0:03:23
 12% (6 of 50) |###                      | Elapsed Time: 0:00:27 ETA:   0:03:19
 14% (7 of 50) |###                      | Elapsed Time: 0:00:31 ETA:   0:03:14
 16% (8 of 50) |####                     | Elapsed Time: 0:00:36 ETA:   0:03:10
 18% (9 of 50) |####                     | Elapsed Time: 0:00:40 ETA:   0:03:05
 20% (10 of 50) |####                    | Elapsed Time: 0:00:45 ETA:   0:03:01
 22% (11 of 50) |#####                   | Elapsed Time: 0:00:49 ETA:   0:02:56
 24% (12 of 50) |#####                   | Elapsed Time: 0:00:54 ETA:   0:02:52
 26% (13 of 50) |######                  | Elapsed Time: 0:00:59 ETA:   0:02:48
 28% (14 of 50) |######                  | Elapsed Time: 0:01:03 ETA:   0:02:43
 30% (15 of 50) |#######                 | Elapsed Time: 0:01:08 ETA:   0:02:39
 32% (16 of 50) |#######                 | Elapsed Time: 0:01:12 ETA:   0:02:34
 34% (17 of 50) |########                | Elapsed Time: 0:01:17 ETA:   0:02:30
 36% (18 of 50) |########                | Elapsed Time: 0:01:21 ETA:   0:02:25
 38% (19 of 50) |#########               | Elapsed Time: 0:01:26 ETA:   0:02:21
 40% (20 of 50) |#########               | Elapsed Time: 0:01:30 ETA:   0:02:16
 42% (21 of 50) |##########              | Elapsed Time: 0:01:35 ETA:   0:02:12
 44% (22 of 50) |##########              | Elapsed Time: 0:01:40 ETA:   0:02:07
 46% (23 of 50) |###########             | Elapsed Time: 0:01:44 ETA:   0:02:02
 48% (24 of 50) |###########             | Elapsed Time: 0:01:49 ETA:   0:01:58
 50% (25 of 50) |############            | Elapsed Time: 0:01:53 ETA:   0:01:53
 52% (26 of 50) |############            | Elapsed Time: 0:01:58 ETA:   0:01:49
 54% (27 of 50) |############            | Elapsed Time: 0:02:02 ETA:   0:01:44
 56% (28 of 50) |#############           | Elapsed Time: 0:02:07 ETA:   0:01:39
 58% (29 of 50) |#############           | Elapsed Time: 0:02:11 ETA:   0:01:35
 60% (30 of 50) |##############          | Elapsed Time: 0:02:16 ETA:   0:01:30
 62% (31 of 50) |##############          | Elapsed Time: 0:02:20 ETA:   0:01:26
 64% (32 of 50) |###############         | Elapsed Time: 0:02:25 ETA:   0:01:21
 66% (33 of 50) |###############         | Elapsed Time: 0:02:29 ETA:   0:01:17
 68% (34 of 50) |################        | Elapsed Time: 0:02:34 ETA:   0:01:12
 70% (35 of 50) |################        | Elapsed Time: 0:02:38 ETA:   0:01:08
 72% (36 of 50) |#################       | Elapsed Time: 0:02:43 ETA:   0:01:03
 74% (37 of 50) |#################       | Elapsed Time: 0:02:47 ETA:   0:00:58
 76% (38 of 50) |##################      | Elapsed Time: 0:02:52 ETA:   0:00:54
 78% (39 of 50) |##################      | Elapsed Time: 0:02:56 ETA:   0:00:49
 80% (40 of 50) |###################     | Elapsed Time: 0:03:01 ETA:   0:00:45
 82% (41 of 50) |###################     | Elapsed Time: 0:03:05 ETA:   0:00:40
 84% (42 of 50) |####################    | Elapsed Time: 0:03:10 ETA:   0:00:36
 86% (43 of 50) |####################    | Elapsed Time: 0:03:15 ETA:   0:00:31
 88% (44 of 50) |#####################   | Elapsed Time: 0:03:19 ETA:   0:00:27
 90% (45 of 50) |#####################   | Elapsed Time: 0:03:24 ETA:   0:00:22
 92% (46 of 50) |######################  | Elapsed Time: 0:03:28 ETA:   0:00:18
 94% (47 of 50) |######################  | Elapsed Time: 0:03:34 ETA:   0:00:13
 96% (48 of 50) |####################### | Elapsed Time: 0:03:38 ETA:   0:00:09
 98% (49 of 50) |####################### | Elapsed Time: 0:03:43 ETA:   0:00:04
100% (50 of 50) |########################| Elapsed Time: 0:03:47 Time:  0:03:47
eta 68159 refused (d_eta=4 <= u=1), trying eta=136318. ACF at lag 1 was 0.062730.
considering eta 136318...
eta 136318 accepted (d_eta=0 <= u=1)
running markov chain and checking convergence...
test statistic : -2.1594225376854204,
 Markov chain is stationnary if test statistic < -2.567968734774158
test statistic : -4.153104845506754,
 Markov chain is stationnary if test statistic < -2.567968727030703
Convergence : acceptation by k
(2: 1477), (4: 3), (3: 27), 
Convergence : refusal by k
(3: 50111), (6: 6189), (2: 167261), (46: 23), (7: 3939), (5: 10782), (10: 1366), (8: 2671), (4: 21022), (12: 779), (17: 258), (9: 1733), (13: 627), (40: 19), (18: 217), (31: 45), (21: 127), (14: 504), (27: 82), (23: 99), (20: 165), (16: 319), (52: 9), (33: 33), (28: 59), (30: 49), (11: 986), (26: 66), (54: 9), (61: 7), (25: 89), (15: 384), (22: 148), (19: 180), (39: 27), (41: 15), (44: 14), (34: 31), (42: 20), (36: 32), (24: 98), (49: 15), (85: 4), (59: 7), (57: 13), (80: 2), (32: 50), (35: 34), (47: 10), (37: 38), (29: 56), (139: 2), (105: 1), (38: 21), (240: 1), (45: 19), (67: 5), (115: 3), (55: 8), (51: 15), (43: 21), (99: 3), (48: 12), (77: 2), (220: 1), (84: 2), (92: 3), (53: 6), (165: 1), (128: 3), (65: 9), (96: 4), (116: 2), (70: 4), (60: 3), (63: 6), (183: 1), (226: 1), (75: 4), (172: 1), (194: 1), (68: 2), (76: 6), (73: 2), (62: 9), (74: 3), (50: 12), (176: 1), (64: 4), (58: 8), (93: 3), (112: 2), (89: 2), (56: 12), (122: 1), (135: 2), (132: 2), (129: 1), (95: 1), (174: 1), (87: 1), (118: 1), (69: 1), (137: 1), (159: 2), (66: 6), (79: 4), (173: 1), (247: 1), (238: 1), (241: 1), (124: 1), (90: 2), (106: 2), (71: 4), (130: 1), (100: 2), (120: 2), (98: 1), (278: 1), (131: 1), (166: 1), (214: 1), (103: 2), (78: 1), (81: 1), (91: 2), (232: 1), (138: 2), (94: 2), (266: 1), (97: 1), (151: 2), (199: 1), (264: 1), (83: 2), (86: 1), (88: 2), (133: 1), (233: 1), (167: 1), (152: 1), (254: 1), (206: 1), 
eta estimation took 7225.225567340851 seconds
convergence took 10.007199764251709 seconds
Writing 50 graph samples...
