Reading graph...
Initializing markov chain
Starting Markov Chain convergence...
eta estimation parameters: N_swap 70000, C 10, T 500, u 1, alpha 0.04
burn in...
defaultdict(<class 'int'>, {2: 5204, 3: 462, 6: 6, 4: 92, 5: 18, 7: 2})
defaultdict(<class 'int'>, {7: 1010, 2: 37878, 3: 12488, 8: 686, 18: 59, 10: 345, 4: 5424, 5: 2834, 6: 1522, 68: 3, 12: 218, 61: 2, 13: 164, 26: 18, 9: 474, 14: 118, 35: 8, 11: 254, 15: 115, 23: 25, 16: 83, 25: 26, 19: 55, 17: 73, 22: 35, 20: 50, 21: 27, 30: 9, 29: 12, 66: 3, 40: 8, 33: 6, 52: 4, 36: 4, 31: 16, 43: 4, 58: 3, 41: 6, 39: 8, 24: 29, 32: 12, 28: 12, 49: 6, 46: 6, 37: 6, 44: 5, 34: 11, 27: 14, 45: 3, 38: 5, 62: 2, 50: 3, 54: 5, 67: 1, 53: 3, 59: 3, 42: 1, 51: 2, 48: 5, 47: 3, 63: 2})
Burn In : acceptation/refusals by k : 0.08262857142857143
0.08262857142857143
measuring sampling gap...
considering eta 848...
  0% (0 of 50) |                         | Elapsed Time: 0:00:00 ETA:  --:--:--
  6% (3 of 50) |#                        | Elapsed Time: 0:00:00 ETA:   0:00:00
 12% (6 of 50) |###                      | Elapsed Time: 0:00:00 ETA:   0:00:00
 18% (9 of 50) |####                     | Elapsed Time: 0:00:00 ETA:   0:00:00
 24% (12 of 50) |#####                   | Elapsed Time: 0:00:00 ETA:   0:00:00
 30% (15 of 50) |#######                 | Elapsed Time: 0:00:00 ETA:   0:00:00
 36% (18 of 50) |########                | Elapsed Time: 0:00:00 ETA:   0:00:00
 42% (21 of 50) |##########              | Elapsed Time: 0:00:00 ETA:   0:00:00
 48% (24 of 50) |###########             | Elapsed Time: 0:00:00 ETA:   0:00:00
 54% (27 of 50) |############            | Elapsed Time: 0:00:00 ETA:   0:00:00
 60% (30 of 50) |##############          | Elapsed Time: 0:00:00 ETA:   0:00:00
 66% (33 of 50) |###############         | Elapsed Time: 0:00:00 ETA:   0:00:00
 72% (36 of 50) |#################       | Elapsed Time: 0:00:00 ETA:   0:00:00
 78% (39 of 50) |##################      | Elapsed Time: 0:00:00 ETA:   0:00:00
 84% (42 of 50) |####################    | Elapsed Time: 0:00:00 ETA:   0:00:00
 90% (45 of 50) |#####################   | Elapsed Time: 0:00:00 ETA:   0:00:00
 96% (48 of 50) |####################### | Elapsed Time: 0:00:00 ETA:   0:00:00
100% (50 of 50) |########################| Elapsed Time: 0:00:00 Time:  0:00:00
ACF stability...
eta 848 accepted (d_eta=0 <= u=1)
running markov chain and checking convergence...
test statistic : -1.488469108922265,
 Markov chain is stationnary if test statistic < -2.59200672870334
test statistic : -1.7377660870555025,
 Markov chain is stationnary if test statistic < -2.5918371547225973
test statistic : -2.3981673274295776,
 Markov chain is stationnary if test statistic < -2.5918371547225973
test statistic : 0.32695435807561657,
 Markov chain is stationnary if test statistic < -2.5921211145344984
test statistic : 0.40355036827749136,
 Markov chain is stationnary if test statistic < -2.5918371547225973
test statistic : -1.075722994162154,
 Markov chain is stationnary if test statistic < -2.5918371547225973
test statistic : -1.142683003647812,
 Markov chain is stationnary if test statistic < -2.5918371547225973
test statistic : -2.0309642574990545,
 Markov chain is stationnary if test statistic < -2.5918371547225973
test statistic : -1.2739146988402859,
 Markov chain is stationnary if test statistic < -2.59238248070672
test statistic : -0.22235096192204776,
 Markov chain is stationnary if test statistic < -2.5918371547225973
test statistic : -1.8464321686208882,
 Markov chain is stationnary if test statistic < -2.5918371547225973
test statistic : -1.9581093674838257,
 Markov chain is stationnary if test statistic < -2.5919499386237224
test statistic : -1.9987634970739432,
 Markov chain is stationnary if test statistic < -2.5920352240962097
test statistic : -1.9467197708048882,
 Markov chain is stationnary if test statistic < -2.5918371547225973
test statistic : -1.232379953152773,
 Markov chain is stationnary if test statistic < -2.5918371547225973
test statistic : -1.7300648605098696,
 Markov chain is stationnary if test statistic < -2.5918371547225973
test statistic : -0.9193639930960243,
 Markov chain is stationnary if test statistic < -2.5918371547225973
test statistic : -0.7164463582074874,
 Markov chain is stationnary if test statistic < -2.5918371547225973
test statistic : -0.557252426373182,
 Markov chain is stationnary if test statistic < -2.59200672870334
test statistic : -2.0286317412672936,
 Markov chain is stationnary if test statistic < -2.591865251747784
test statistic : -1.7833692764202276,
 Markov chain is stationnary if test statistic < -2.5918371547225973
test statistic : -1.3447343698174394,
 Markov chain is stationnary if test statistic < -2.5918371547225973
test statistic : -0.8940956225732045,
 Markov chain is stationnary if test statistic < -2.5918934145851824
test statistic : -1.1685822664551235,
 Markov chain is stationnary if test statistic < -2.5919783002911414
test statistic : -1.815723557051456,
 Markov chain is stationnary if test statistic < -2.591865251747784
test statistic : -3.1560013798086497,
 Markov chain is stationnary if test statistic < -2.5918371547225973
Convergence : acceptation by k
(2: 1715), (4: 34), (8: 1), (3: 122), (5: 5), 
Convergence : refusal by k
(4: 1651), (3: 3869), (2: 12045), (7: 299), (17: 19), (5: 859), (12: 58), (13: 49), (6: 516), (10: 93), (11: 74), (9: 149), (26: 7), (8: 206), (14: 44), (24: 11), (36: 1), (19: 16), (15: 34), (20: 15), (27: 8), (28: 5), (38: 4), (16: 27), (31: 6), (25: 7), (18: 18), (21: 20), (32: 4), (65: 2), (22: 7), (48: 5), (46: 2), (63: 2), (67: 1), (29: 4), (34: 2), (23: 7), (58: 1), (37: 2), (49: 1), (39: 3), (40: 4), (56: 1), (30: 1), (35: 1), (33: 3), (45: 1), (60: 2), (44: 1), (42: 1), (47: 1), (55: 1), (61: 1), 
eta estimation took 29.712950944900513 seconds
convergence took 0.7362060546875 seconds
Writing 50 graph samples...
