Reading graph...
Initializing markov chain
Starting Markov Chain convergence...
eta estimation parameters: N_swap 303000, C 10, T 500, u 1, alpha 0.04
burn in...
defaultdict(<class 'int'>, {2: 1292, 3: 40, 4: 1})
defaultdict(<class 'int'>, {6: 6990, 2: 186365, 4: 23381, 8: 2843, 3: 55347, 9: 2074, 7: 4396, 5: 12099, 41: 22, 23: 133, 40: 23, 15: 415, 11: 1089, 47: 21, 211: 1, 10: 1491, 12: 863, 14: 527, 24: 115, 29: 56, 17: 305, 13: 674, 43: 19, 19: 212, 18: 248, 16: 356, 21: 159, 50: 13, 28: 74, 37: 29, 20: 170, 57: 16, 27: 78, 22: 139, 32: 44, 92: 3, 33: 36, 31: 60, 70: 7, 34: 38, 25: 108, 38: 32, 51: 17, 202: 1, 35: 42, 30: 51, 42: 27, 66: 6, 64: 10, 60: 11, 46: 19, 39: 20, 61: 6, 63: 12, 45: 18, 80: 5, 49: 14, 26: 80, 36: 27, 58: 8, 53: 11, 55: 7, 68: 6, 267: 1, 75: 2, 273: 1, 106: 1, 191: 1, 48: 13, 52: 12, 141: 2, 96: 2, 84: 4, 77: 1, 56: 6, 44: 17, 93: 2, 67: 3, 79: 3, 59: 5, 98: 4, 122: 2, 69: 3, 62: 6, 72: 4, 74: 4, 100: 1, 161: 2, 116: 2, 180: 1, 125: 1, 103: 2, 239: 1, 112: 2, 160: 1, 102: 1, 118: 2, 73: 3, 71: 7, 78: 2, 119: 2, 101: 1, 76: 2, 91: 2, 65: 2, 225: 1, 95: 1, 115: 5, 121: 3, 105: 2, 111: 1, 87: 1, 82: 2, 140: 2, 104: 1, 88: 3, 114: 2, 89: 1, 175: 3, 117: 2, 279: 1, 186: 1, 120: 1, 208: 1, 113: 1, 152: 1, 86: 3, 81: 1, 109: 1, 83: 2, 90: 2, 173: 1, 97: 1, 130: 1, 54: 3, 99: 1, 133: 2, 177: 1, 169: 1, 174: 1, 136: 1, 290: 1, 127: 1, 154: 1, 110: 1})
Burn In : acceptation/refusals by k : 0.0043993399339933995
0.0043993399339933995
measuring sampling gap...
considering eta 68874...
ACF stability...
eta 68874 refused (d_eta=10 <= u=1), trying eta=103311.0. ACF at lag 1 was 0.108376.
considering eta 103311.0...
ACF stability...
eta 103311.0 refused (d_eta=3 <= u=1), trying eta=154966.5. ACF at lag 1 was 0.043549.
considering eta 154966.5...
/home/morandeau/PKS_method/PKS_method/venv/lib/python3.13/site-packages/joblib/externals/loky/backend/resource_tracker.py:359: UserWarning: resource_tracker: There appear to be 11 leaked semlock objects to clean up at shutdown
  warnings.warn(
/home/morandeau/PKS_method/PKS_method/venv/lib/python3.13/site-packages/joblib/externals/loky/backend/resource_tracker.py:359: UserWarning: resource_tracker: There appear to be 4 leaked folder objects to clean up at shutdown
  warnings.warn(
