Reading graph...
Initializing markov chain
Starting Markov Chain convergence...
eta estimation parameters: N_swap 221000, C 10, T 500, u 1, alpha 0.04
burn in...
defaultdict(<class 'int'>, {2: 10964, 3: 931, 4: 243, 5: 48, 6: 17, 8: 3, 7: 10, 10: 1})
defaultdict(<class 'int'>, {4: 16813, 3: 39603, 10: 1128, 2: 125759, 7: 3186, 5: 8705, 6: 5009, 59: 8, 8: 2109, 9: 1477, 13: 545, 15: 337, 22: 101, 25: 64, 16: 277, 19: 142, 18: 201, 27: 48, 32: 36, 14: 424, 45: 15, 12: 661, 11: 803, 21: 129, 91: 2, 31: 32, 17: 230, 47: 9, 70: 5, 26: 66, 20: 130, 53: 7, 34: 27, 58: 8, 40: 14, 82: 3, 43: 9, 23: 97, 41: 13, 24: 83, 28: 36, 57: 4, 56: 5, 30: 35, 37: 19, 46: 12, 52: 7, 42: 14, 38: 24, 51: 11, 29: 43, 50: 7, 33: 26, 54: 8, 69: 4, 44: 16, 62: 5, 39: 19, 96: 1, 36: 25, 168: 2, 35: 21, 128: 1, 55: 6, 99: 3, 75: 3, 65: 5, 63: 6, 130: 2, 74: 2, 83: 1, 60: 2, 68: 3, 112: 1, 67: 5, 48: 7, 76: 3, 209: 1, 66: 2, 208: 2, 103: 1, 80: 2, 86: 1, 88: 2, 77: 2, 85: 2, 105: 1, 61: 4, 72: 2, 150: 1, 124: 2, 78: 4, 98: 1, 118: 1, 148: 1, 92: 2, 49: 6, 110: 1, 133: 1, 135: 1, 64: 2, 95: 1, 190: 1, 89: 1, 177: 1, 146: 1, 102: 1, 87: 1, 137: 1, 170: 1, 94: 2, 113: 2, 71: 2, 185: 1, 134: 2, 193: 1, 106: 2, 120: 1, 155: 1, 141: 1, 79: 1, 211: 1, 73: 1, 93: 1, 101: 1})
Burn In : acceptation/refusals by k : 0.05528054298642534
0.05528054298642534
measuring sampling gap...
considering eta 3998...
eta 3998 refused (d_eta=10 <= u=1), trying eta=7996, acf = 0.24695115152638164
considering eta 7996...
eta 7996 refused (d_eta=8 <= u=1), trying eta=15992, acf = 0.11423706315052043
considering eta 15992...
eta 15992 refused (d_eta=2 <= u=1), trying eta=31984, acf = 0.046828437096712326
considering eta 31984...
eta 31984 accepted (d_eta=0 <= u=1)
running markov chain and checking convergence...
test statistic : -1.982944917649156,
 Markov chain is stationnary if test statistic < -2.5684613607052342
test statistic : -2.193766771053887,
 Markov chain is stationnary if test statistic < -2.568460515988301
test statistic : -2.6092223978976308,
 Markov chain is stationnary if test statistic < -2.568460515988301
Convergence : acceptation by k
(2: 4786), (4: 89), (3: 365), (5: 12), (6: 4), 
Convergence : refusal by k
(2: 54786), (11: 342), (3: 16991), (9: 634), (4: 7359), (5: 3779), (6: 2164), (7: 1446), (8: 889), (21: 54), (13: 205), (10: 476), (12: 270), (30: 26), (16: 130), (103: 1), (17: 94), (22: 44), (15: 148), (26: 23), (18: 109), (59: 2), (14: 172), (33: 10), (38: 11), (23: 22), (45: 5), (20: 70), (27: 25), (28: 30), (37: 11), (39: 6), (50: 1), (31: 13), (122: 1), (25: 23), (40: 9), (29: 19), (42: 8), (19: 88), (24: 39), (54: 3), (56: 5), (127: 1), (43: 7), (76: 1), (91: 1), (86: 5), (74: 2), (47: 5), (35: 10), (34: 8), (41: 8), (64: 4), (36: 9), (32: 19), (49: 3), (48: 5), (100: 2), (115: 1), (44: 4), (94: 3), (188: 1), (62: 2), (63: 2), (46: 1), (119: 1), (68: 1), (67: 1), (65: 1), (85: 3), (84: 2), (89: 1), (147: 1), (136: 1), (60: 1), (104: 1), (73: 2), (107: 2), (61: 3), (55: 3), (57: 3), (124: 1), (52: 1), (77: 1), (53: 1), (101: 1), (149: 1), (125: 1), (78: 2), (51: 1), (58: 3), (156: 1), (71: 1), (80: 1), (87: 1), (108: 1), (88: 1), (121: 1), (96: 1), (138: 1), 
eta estimation took 1962.8547577857971 seconds
convergence took 5.823724746704102 seconds
Writing 50 graph samples...
  0% (0 of 50) |                         | Elapsed Time: 0:00:00 ETA:  --:--:--
  2% (1 of 50) |                         | Elapsed Time: 0:00:00 ETA:   0:00:48
  4% (2 of 50) |#                        | Elapsed Time: 0:00:01 ETA:   0:00:47
  6% (3 of 50) |#                        | Elapsed Time: 0:00:02 ETA:   0:00:46
  8% (4 of 50) |##                       | Elapsed Time: 0:00:03 ETA:   0:00:45
 10% (5 of 50) |##                       | Elapsed Time: 0:00:04 ETA:   0:00:44
 12% (6 of 50) |###                      | Elapsed Time: 0:00:05 ETA:   0:00:43
 14% (7 of 50) |###                      | Elapsed Time: 0:00:06 ETA:   0:00:42
 16% (8 of 50) |####                     | Elapsed Time: 0:00:07 ETA:   0:00:41
 18% (9 of 50) |####                     | Elapsed Time: 0:00:08 ETA:   0:00:40
 20% (10 of 50) |####                    | Elapsed Time: 0:00:09 ETA:   0:00:39
 22% (11 of 50) |#####                   | Elapsed Time: 0:00:10 ETA:   0:00:38
 24% (12 of 50) |#####                   | Elapsed Time: 0:00:11 ETA:   0:00:37
 26% (13 of 50) |######                  | Elapsed Time: 0:00:12 ETA:   0:00:36
 28% (14 of 50) |######                  | Elapsed Time: 0:00:13 ETA:   0:00:35
 30% (15 of 50) |#######                 | Elapsed Time: 0:00:14 ETA:   0:00:34
 32% (16 of 50) |#######                 | Elapsed Time: 0:00:15 ETA:   0:00:33
 34% (17 of 50) |########                | Elapsed Time: 0:00:16 ETA:   0:00:32
 36% (18 of 50) |########                | Elapsed Time: 0:00:17 ETA:   0:00:31
 38% (19 of 50) |#########               | Elapsed Time: 0:00:18 ETA:   0:00:30
 40% (20 of 50) |#########               | Elapsed Time: 0:00:19 ETA:   0:00:29
 42% (21 of 50) |##########              | Elapsed Time: 0:00:20 ETA:   0:00:28
 44% (22 of 50) |##########              | Elapsed Time: 0:00:21 ETA:   0:00:27
 46% (23 of 50) |###########             | Elapsed Time: 0:00:22 ETA:   0:00:26
 48% (24 of 50) |###########             | Elapsed Time: 0:00:23 ETA:   0:00:25
 50% (25 of 50) |############            | Elapsed Time: 0:00:24 ETA:   0:00:24
 52% (26 of 50) |############            | Elapsed Time: 0:00:25 ETA:   0:00:23
 54% (27 of 50) |############            | Elapsed Time: 0:00:26 ETA:   0:00:22
 56% (28 of 50) |#############           | Elapsed Time: 0:00:27 ETA:   0:00:21
 58% (29 of 50) |#############           | Elapsed Time: 0:00:28 ETA:   0:00:20
 60% (30 of 50) |##############          | Elapsed Time: 0:00:29 ETA:   0:00:19
 62% (31 of 50) |##############          | Elapsed Time: 0:00:30 ETA:   0:00:18
 64% (32 of 50) |###############         | Elapsed Time: 0:00:31 ETA:   0:00:17
 66% (33 of 50) |###############         | Elapsed Time: 0:00:32 ETA:   0:00:16
 68% (34 of 50) |################        | Elapsed Time: 0:00:33 ETA:   0:00:15
 70% (35 of 50) |################        | Elapsed Time: 0:00:34 ETA:   0:00:14
 72% (36 of 50) |#################       | Elapsed Time: 0:00:35 ETA:   0:00:13
 74% (37 of 50) |#################       | Elapsed Time: 0:00:36 ETA:   0:00:12
 76% (38 of 50) |##################      | Elapsed Time: 0:00:37 ETA:   0:00:11
 78% (39 of 50) |##################      | Elapsed Time: 0:00:38 ETA:   0:00:10
 80% (40 of 50) |###################     | Elapsed Time: 0:00:39 ETA:   0:00:09
 82% (41 of 50) |###################     | Elapsed Time: 0:00:40 ETA:   0:00:08
 84% (42 of 50) |####################    | Elapsed Time: 0:00:41 ETA:   0:00:07
 86% (43 of 50) |####################    | Elapsed Time: 0:00:42 ETA:   0:00:06
 88% (44 of 50) |#####################   | Elapsed Time: 0:00:43 ETA:   0:00:05
 90% (45 of 50) |#####################   | Elapsed Time: 0:00:44 ETA:   0:00:04
 92% (46 of 50) |######################  | Elapsed Time: 0:00:45 ETA:   0:00:03
 94% (47 of 50) |######################  | Elapsed Time: 0:00:46 ETA:   0:00:02
 96% (48 of 50) |####################### | Elapsed Time: 0:00:47 ETA:   0:00:01
 98% (49 of 50) |####################### | Elapsed Time: 0:00:48 ETA:   0:00:00
100% (50 of 50) |########################| Elapsed Time: 0:00:49 Time:  0:00:49
