Reading graph...
Initializing markov chain
Starting Markov Chain convergence...
eta estimation parameters: N_swap 228000, C 10, T 500, u 1, alpha 0.04
burn in...
defaultdict(<class 'int'>, {2: 1403, 3: 9, 4: 1})
defaultdict(<class 'int'>, {3: 41543, 6: 5248, 5: 8970, 13: 472, 2: 139980, 4: 17765, 8: 2184, 14: 412, 11: 822, 7: 3171, 15: 326, 51: 8, 17: 221, 10: 1126, 9: 1536, 12: 678, 82: 4, 18: 208, 19: 146, 25: 81, 24: 92, 16: 263, 36: 20, 34: 25, 59: 7, 26: 63, 23: 103, 38: 22, 20: 138, 30: 42, 48: 10, 31: 37, 27: 49, 22: 92, 28: 53, 80: 4, 52: 9, 63: 3, 35: 22, 57: 4, 65: 6, 39: 18, 32: 40, 37: 24, 21: 134, 54: 7, 41: 17, 42: 15, 49: 15, 192: 2, 72: 5, 40: 16, 45: 14, 117: 2, 33: 35, 87: 2, 53: 7, 29: 57, 227: 1, 68: 1, 171: 1, 213: 1, 66: 9, 47: 17, 50: 11, 69: 2, 55: 5, 81: 2, 110: 2, 44: 11, 111: 2, 166: 1, 134: 1, 130: 2, 61: 3, 86: 4, 62: 6, 124: 1, 67: 5, 60: 5, 116: 2, 73: 4, 75: 3, 90: 1, 43: 8, 83: 3, 64: 5, 46: 15, 74: 3, 85: 3, 126: 1, 101: 4, 70: 1, 56: 7, 165: 1, 84: 2, 164: 1, 214: 1, 58: 5, 219: 1, 79: 2, 91: 2, 203: 1, 78: 1, 71: 4, 151: 1, 77: 4, 92: 3, 93: 2, 173: 1, 184: 1, 113: 2, 132: 1, 105: 1, 148: 1, 99: 1, 118: 1, 88: 3, 155: 1, 135: 1, 98: 1, 76: 1, 127: 2, 167: 1, 102: 1, 89: 2, 112: 1, 96: 1, 180: 1, 95: 1, 103: 1, 146: 1})
Burn In : acceptation/refusals by k : 0.006197368421052632
0.006197368421052632
measuring sampling gap...
considering eta 36790...
  0% (0 of 50) |                         | Elapsed Time: 0:00:00 ETA:  --:--:--
  2% (1 of 50) |                         | Elapsed Time: 0:00:01 ETA:   0:01:21
  4% (2 of 50) |#                        | Elapsed Time: 0:00:03 ETA:   0:01:19
  6% (3 of 50) |#                        | Elapsed Time: 0:00:04 ETA:   0:01:18
  8% (4 of 50) |##                       | Elapsed Time: 0:00:06 ETA:   0:01:16
 10% (5 of 50) |##                       | Elapsed Time: 0:00:08 ETA:   0:01:14
 12% (6 of 50) |###                      | Elapsed Time: 0:00:09 ETA:   0:01:13
 14% (7 of 50) |###                      | Elapsed Time: 0:00:11 ETA:   0:01:11
 16% (8 of 50) |####                     | Elapsed Time: 0:00:13 ETA:   0:01:09
 18% (9 of 50) |####                     | Elapsed Time: 0:00:14 ETA:   0:01:08
 20% (10 of 50) |####                    | Elapsed Time: 0:00:16 ETA:   0:01:06
 22% (11 of 50) |#####                   | Elapsed Time: 0:00:18 ETA:   0:01:04
 24% (12 of 50) |#####                   | Elapsed Time: 0:00:19 ETA:   0:01:03
 26% (13 of 50) |######                  | Elapsed Time: 0:00:21 ETA:   0:01:01
 28% (14 of 50) |######                  | Elapsed Time: 0:00:23 ETA:   0:00:59
 30% (15 of 50) |#######                 | Elapsed Time: 0:00:24 ETA:   0:00:58
 32% (16 of 50) |#######                 | Elapsed Time: 0:00:26 ETA:   0:00:56
 34% (17 of 50) |########                | Elapsed Time: 0:00:28 ETA:   0:00:54
 36% (18 of 50) |########                | Elapsed Time: 0:00:29 ETA:   0:00:53
 38% (19 of 50) |#########               | Elapsed Time: 0:00:31 ETA:   0:00:51
 40% (20 of 50) |#########               | Elapsed Time: 0:00:33 ETA:   0:00:49
 42% (21 of 50) |##########              | Elapsed Time: 0:00:34 ETA:   0:00:48
 44% (22 of 50) |##########              | Elapsed Time: 0:00:36 ETA:   0:00:46
 46% (23 of 50) |###########             | Elapsed Time: 0:00:38 ETA:   0:00:44
 48% (24 of 50) |###########             | Elapsed Time: 0:00:39 ETA:   0:00:43
 50% (25 of 50) |############            | Elapsed Time: 0:00:41 ETA:   0:00:41
 52% (26 of 50) |############            | Elapsed Time: 0:00:43 ETA:   0:00:39
 54% (27 of 50) |############            | Elapsed Time: 0:00:44 ETA:   0:00:38
 56% (28 of 50) |#############           | Elapsed Time: 0:00:46 ETA:   0:00:36
 58% (29 of 50) |#############           | Elapsed Time: 0:00:48 ETA:   0:00:34
 60% (30 of 50) |##############          | Elapsed Time: 0:00:49 ETA:   0:00:33
 62% (31 of 50) |##############          | Elapsed Time: 0:00:51 ETA:   0:00:31
 64% (32 of 50) |###############         | Elapsed Time: 0:00:53 ETA:   0:00:29
 66% (33 of 50) |###############         | Elapsed Time: 0:00:54 ETA:   0:00:28
 68% (34 of 50) |################        | Elapsed Time: 0:00:56 ETA:   0:00:26
 70% (35 of 50) |################        | Elapsed Time: 0:00:58 ETA:   0:00:24
 72% (36 of 50) |#################       | Elapsed Time: 0:00:59 ETA:   0:00:23
 74% (37 of 50) |#################       | Elapsed Time: 0:01:01 ETA:   0:00:21
 76% (38 of 50) |##################      | Elapsed Time: 0:01:03 ETA:   0:00:19
 78% (39 of 50) |##################      | Elapsed Time: 0:01:04 ETA:   0:00:18
 80% (40 of 50) |###################     | Elapsed Time: 0:01:06 ETA:   0:00:16
 82% (41 of 50) |###################     | Elapsed Time: 0:01:08 ETA:   0:00:14
 84% (42 of 50) |####################    | Elapsed Time: 0:01:09 ETA:   0:00:13
 86% (43 of 50) |####################    | Elapsed Time: 0:01:11 ETA:   0:00:11
 88% (44 of 50) |#####################   | Elapsed Time: 0:01:13 ETA:   0:00:09
 90% (45 of 50) |#####################   | Elapsed Time: 0:01:14 ETA:   0:00:08
 92% (46 of 50) |######################  | Elapsed Time: 0:01:16 ETA:   0:00:06
 94% (47 of 50) |######################  | Elapsed Time: 0:01:18 ETA:   0:00:04
 96% (48 of 50) |####################### | Elapsed Time: 0:01:19 ETA:   0:00:03
 98% (49 of 50) |####################### | Elapsed Time: 0:01:21 ETA:   0:00:01
100% (50 of 50) |########################| Elapsed Time: 0:01:23 Time:  0:01:23
eta 36790 refused (d_eta=2 <= u=1), trying eta=73580. ACF at lag 1 was 0.015322.
considering eta 73580...
eta 73580 accepted (d_eta=1 <= u=1)
running markov chain and checking convergence...
test statistic : -4.1495162419379055,
 Markov chain is stationnary if test statistic < -2.5680972903624264
Convergence : acceptation by k
(2: 441), (3: 6), 
Convergence : refusal by k
(3: 13562), (6: 1687), (5: 2882), (2: 44941), (9: 476), (41: 11), (4: 5731), (7: 1065), (8: 733), (14: 143), (11: 269), (16: 96), (66: 4), (28: 15), (13: 168), (49: 7), (19: 60), (10: 371), (17: 81), (15: 130), (37: 5), (12: 212), (21: 46), (20: 54), (18: 65), (58: 2), (98: 1), (23: 40), (31: 12), (24: 25), (215: 1), (29: 14), (47: 4), (22: 31), (38: 7), (43: 4), (25: 20), (92: 2), (26: 16), (71: 1), (32: 12), (46: 5), (155: 1), (74: 1), (27: 13), (121: 1), (40: 6), (42: 4), (82: 1), (70: 3), (52: 2), (30: 10), (34: 7), (45: 2), (39: 4), (72: 1), (33: 7), (99: 2), (67: 2), (35: 9), (48: 4), (165: 1), (112: 1), (55: 5), (51: 1), (57: 1), (36: 4), (53: 1), (56: 1), (93: 2), (102: 1), (75: 2), (50: 1), (79: 1), (91: 1), (73: 3), (106: 1), (54: 2), (87: 1), (114: 1), (78: 1), (77: 1), (101: 1), (167: 1), (44: 1), (81: 1), (65: 1), (62: 2), (170: 1), (122: 1), 
eta estimation took 2721.044098138809 seconds
convergence took 5.189779043197632 seconds
Writing 50 graph samples...
