Reading graph...
Initializing markov chain
Starting Markov Chain convergence...
eta estimation parameters: N_swap 216000, C 10, T 500, u 1, alpha 0.04
burn in...
defaultdict(<class 'int'>, {2: 13623, 3: 1081, 4: 247, 5: 45, 6: 14, 8: 2, 7: 4, 9: 1})
defaultdict(<class 'int'>, {3: 38632, 2: 120163, 28: 48, 4: 16323, 7: 3068, 8: 2139, 5: 8433, 9: 1502, 11: 748, 12: 627, 10: 1093, 6: 4851, 13: 486, 14: 377, 15: 324, 21: 113, 20: 139, 33: 27, 22: 128, 16: 278, 19: 165, 32: 22, 24: 94, 45: 14, 31: 32, 18: 200, 23: 74, 56: 7, 35: 32, 27: 54, 29: 44, 36: 18, 17: 196, 38: 23, 30: 46, 127: 2, 25: 60, 50: 10, 44: 16, 34: 22, 160: 1, 26: 55, 66: 7, 79: 2, 43: 14, 117: 2, 67: 5, 39: 15, 48: 8, 40: 20, 62: 3, 55: 5, 49: 10, 42: 15, 51: 12, 84: 3, 47: 5, 118: 2, 61: 3, 70: 4, 75: 2, 169: 1, 54: 7, 46: 8, 37: 18, 90: 1, 78: 2, 58: 10, 59: 7, 52: 5, 41: 10, 53: 10, 69: 3, 57: 3, 64: 7, 74: 2, 94: 3, 80: 4, 99: 1, 60: 3, 109: 1, 207: 1, 76: 1, 152: 1, 72: 1, 105: 2, 85: 4, 71: 7, 107: 3, 143: 1, 73: 3, 65: 1, 140: 1, 104: 1, 68: 1, 157: 1, 82: 2, 154: 1, 63: 2, 120: 2, 83: 2, 158: 1, 81: 1, 144: 1, 95: 1, 131: 1, 123: 1, 92: 1, 86: 1, 77: 2, 97: 1, 88: 1, 150: 1, 170: 1, 145: 1, 136: 1})
Burn In : acceptation/refusals by k : 0.06952314814814815
0.06952314814814815
measuring sampling gap...
considering eta 3107...
  0% (0 of 50) |                         | Elapsed Time: 0:00:00 ETA:  --:--:--
  2% (1 of 50) |                         | Elapsed Time: 0:00:00 ETA:   0:00:03
  4% (2 of 50) |#                        | Elapsed Time: 0:00:00 ETA:   0:00:03
  6% (3 of 50) |#                        | Elapsed Time: 0:00:00 ETA:   0:00:03
  8% (4 of 50) |##                       | Elapsed Time: 0:00:00 ETA:   0:00:03
 10% (5 of 50) |##                       | Elapsed Time: 0:00:00 ETA:   0:00:03
 12% (6 of 50) |###                      | Elapsed Time: 0:00:00 ETA:   0:00:02
 14% (7 of 50) |###                      | Elapsed Time: 0:00:00 ETA:   0:00:02
 16% (8 of 50) |####                     | Elapsed Time: 0:00:00 ETA:   0:00:02
 18% (9 of 50) |####                     | Elapsed Time: 0:00:00 ETA:   0:00:02
 20% (10 of 50) |####                    | Elapsed Time: 0:00:00 ETA:   0:00:02
 22% (11 of 50) |#####                   | Elapsed Time: 0:00:00 ETA:   0:00:02
 24% (12 of 50) |#####                   | Elapsed Time: 0:00:00 ETA:   0:00:02
 26% (13 of 50) |######                  | Elapsed Time: 0:00:00 ETA:   0:00:02
 28% (14 of 50) |######                  | Elapsed Time: 0:00:00 ETA:   0:00:02
 30% (15 of 50) |#######                 | Elapsed Time: 0:00:00 ETA:   0:00:02
 32% (16 of 50) |#######                 | Elapsed Time: 0:00:01 ETA:   0:00:02
 34% (17 of 50) |########                | Elapsed Time: 0:00:01 ETA:   0:00:02
 36% (18 of 50) |########                | Elapsed Time: 0:00:01 ETA:   0:00:02
 38% (19 of 50) |#########               | Elapsed Time: 0:00:01 ETA:   0:00:02
 40% (20 of 50) |#########               | Elapsed Time: 0:00:01 ETA:   0:00:01
 42% (21 of 50) |##########              | Elapsed Time: 0:00:01 ETA:   0:00:01
 44% (22 of 50) |##########              | Elapsed Time: 0:00:01 ETA:   0:00:01
 46% (23 of 50) |###########             | Elapsed Time: 0:00:01 ETA:   0:00:01
 48% (24 of 50) |###########             | Elapsed Time: 0:00:01 ETA:   0:00:01
 50% (25 of 50) |############            | Elapsed Time: 0:00:01 ETA:   0:00:01
 52% (26 of 50) |############            | Elapsed Time: 0:00:01 ETA:   0:00:01
 54% (27 of 50) |############            | Elapsed Time: 0:00:01 ETA:   0:00:01
 56% (28 of 50) |#############           | Elapsed Time: 0:00:01 ETA:   0:00:01
 58% (29 of 50) |#############           | Elapsed Time: 0:00:01 ETA:   0:00:01
 60% (30 of 50) |##############          | Elapsed Time: 0:00:02 ETA:   0:00:01
 62% (31 of 50) |##############          | Elapsed Time: 0:00:02 ETA:   0:00:01
 64% (32 of 50) |###############         | Elapsed Time: 0:00:02 ETA:   0:00:01
 66% (33 of 50) |###############         | Elapsed Time: 0:00:02 ETA:   0:00:01
 68% (34 of 50) |################        | Elapsed Time: 0:00:02 ETA:   0:00:01
 70% (35 of 50) |################        | Elapsed Time: 0:00:02 ETA:   0:00:01
 72% (36 of 50) |#################       | Elapsed Time: 0:00:02 ETA:   0:00:00
 74% (37 of 50) |#################       | Elapsed Time: 0:00:02 ETA:   0:00:00
 76% (38 of 50) |##################      | Elapsed Time: 0:00:02 ETA:   0:00:00
 78% (39 of 50) |##################      | Elapsed Time: 0:00:02 ETA:   0:00:00
 80% (40 of 50) |###################     | Elapsed Time: 0:00:02 ETA:   0:00:00
 82% (41 of 50) |###################     | Elapsed Time: 0:00:02 ETA:   0:00:00
 84% (42 of 50) |####################    | Elapsed Time: 0:00:02 ETA:   0:00:00
 86% (43 of 50) |####################    | Elapsed Time: 0:00:02 ETA:   0:00:00
 88% (44 of 50) |#####################   | Elapsed Time: 0:00:02 ETA:   0:00:00
 90% (45 of 50) |#####################   | Elapsed Time: 0:00:02 ETA:   0:00:00
 92% (46 of 50) |######################  | Elapsed Time: 0:00:03 ETA:   0:00:00
 94% (47 of 50) |######################  | Elapsed Time: 0:00:03 ETA:   0:00:00
 96% (48 of 50) |####################### | Elapsed Time: 0:00:03 ETA:   0:00:00
 98% (49 of 50) |####################### | Elapsed Time: 0:00:03 ETA:   0:00:00
100% (50 of 50) |########################| Elapsed Time: 0:00:03 Time:  0:00:03
eta 3107 accepted (d_eta=1 <= u=1)
trying eta=eta/2...
considering eta 1553...
eta 1553 refused (d_eta=10 <= u=1), using eta=3107. ACF at lag 1 was 0.113969.
running markov chain and checking convergence...
test statistic : -1.783880164436069,
 Markov chain is stationnary if test statistic < -2.5744177023841592
test statistic : -1.3071022156754843,
 Markov chain is stationnary if test statistic < -2.574428313348227
test statistic : -1.8716301811882723,
 Markov chain is stationnary if test statistic < -2.5744177023841592
test statistic : -2.5966787919660383,
 Markov chain is stationnary if test statistic < -2.5744177023841592
Convergence : acceptation by k
(2: 791), (3: 60), (5: 3), (4: 13), 
Convergence : refusal by k
(2: 6917), (5: 503), (3: 2198), (7: 196), (4: 929), (6: 270), (12: 30), (24: 5), (11: 50), (8: 118), (10: 60), (16: 17), (122: 1), (80: 1), (9: 83), (17: 15), (15: 22), (30: 2), (14: 26), (20: 6), (13: 29), (25: 10), (23: 4), (22: 8), (18: 9), (38: 1), (40: 3), (33: 2), (36: 3), (21: 4), (41: 2), (71: 1), (26: 5), (91: 1), (28: 2), (83: 1), (32: 2), (155: 1), (19: 5), (37: 1), (54: 2), (31: 1), (108: 1), (29: 3), (55: 1), (131: 1), (77: 1), (35: 3), (156: 1), (43: 1), (117: 1), (58: 1), (123: 1), 
eta estimation took 112.60543251037598 seconds
convergence took 0.419480562210083 seconds
Writing 50 graph samples...
