Reading graph...
Initializing markov chain
Starting Markov Chain convergence...
eta estimation parameters: N_swap 107000, C 10, T 500, u 1, alpha 0.04
burn in...
defaultdict(<class 'int'>, {2: 372, 3: 3})
defaultdict(<class 'int'>, {5: 4179, 2: 65798, 3: 19752, 6: 2328, 9: 722, 4: 8230, 11: 427, 7: 1535, 12: 330, 16: 112, 49: 7, 13: 257, 38: 11, 8: 1041, 17: 116, 10: 562, 24: 39, 20: 63, 22: 48, 18: 70, 15: 166, 14: 195, 66: 7, 25: 33, 23: 56, 47: 4, 26: 31, 21: 68, 19: 87, 29: 33, 30: 18, 31: 13, 35: 15, 85: 2, 36: 15, 60: 2, 27: 34, 55: 6, 32: 15, 73: 2, 50: 2, 63: 6, 52: 6, 41: 15, 44: 9, 94: 3, 28: 15, 69: 1, 99: 1, 45: 6, 79: 3, 57: 6, 42: 10, 48: 8, 33: 15, 37: 9, 34: 14, 54: 4, 56: 3, 39: 7, 74: 1, 61: 3, 51: 3, 72: 2, 58: 3, 95: 1, 43: 4, 83: 2, 70: 2, 67: 3, 46: 6, 65: 1, 40: 5, 96: 1, 76: 2, 64: 3, 62: 1, 59: 1, 90: 2, 81: 1, 53: 3, 87: 1, 75: 1, 82: 1})
Burn In : acceptation/refusals by k : 0.0035046728971962616
0.0035046728971962616
measuring sampling gap...
considering eta 30531...
  0% (0 of 50) |                         | Elapsed Time: 0:00:00 ETA:  --:--:--
  2% (1 of 50) |                         | Elapsed Time: 0:00:00 ETA:   0:00:31
  4% (2 of 50) |#                        | Elapsed Time: 0:00:01 ETA:   0:00:31
  6% (3 of 50) |#                        | Elapsed Time: 0:00:01 ETA:   0:00:30
  8% (4 of 50) |##                       | Elapsed Time: 0:00:02 ETA:   0:00:29
 10% (5 of 50) |##                       | Elapsed Time: 0:00:03 ETA:   0:00:29
 12% (6 of 50) |###                      | Elapsed Time: 0:00:03 ETA:   0:00:28
 14% (7 of 50) |###                      | Elapsed Time: 0:00:04 ETA:   0:00:27
 16% (8 of 50) |####                     | Elapsed Time: 0:00:05 ETA:   0:00:27
 18% (9 of 50) |####                     | Elapsed Time: 0:00:05 ETA:   0:00:26
 20% (10 of 50) |####                    | Elapsed Time: 0:00:06 ETA:   0:00:25
 22% (11 of 50) |#####                   | Elapsed Time: 0:00:07 ETA:   0:00:25
 24% (12 of 50) |#####                   | Elapsed Time: 0:00:07 ETA:   0:00:24
 26% (13 of 50) |######                  | Elapsed Time: 0:00:08 ETA:   0:00:24
 28% (14 of 50) |######                  | Elapsed Time: 0:00:09 ETA:   0:00:23
 30% (15 of 50) |#######                 | Elapsed Time: 0:00:09 ETA:   0:00:22
 32% (16 of 50) |#######                 | Elapsed Time: 0:00:10 ETA:   0:00:22
 34% (17 of 50) |########                | Elapsed Time: 0:00:11 ETA:   0:00:21
 36% (18 of 50) |########                | Elapsed Time: 0:00:11 ETA:   0:00:20
 38% (19 of 50) |#########               | Elapsed Time: 0:00:12 ETA:   0:00:20
 40% (20 of 50) |#########               | Elapsed Time: 0:00:12 ETA:   0:00:19
 42% (21 of 50) |##########              | Elapsed Time: 0:00:13 ETA:   0:00:18
 44% (22 of 50) |##########              | Elapsed Time: 0:00:14 ETA:   0:00:18
 46% (23 of 50) |###########             | Elapsed Time: 0:00:14 ETA:   0:00:17
 48% (24 of 50) |###########             | Elapsed Time: 0:00:15 ETA:   0:00:16
 50% (25 of 50) |############            | Elapsed Time: 0:00:16 ETA:   0:00:16
 52% (26 of 50) |############            | Elapsed Time: 0:00:16 ETA:   0:00:15
 54% (27 of 50) |############            | Elapsed Time: 0:00:17 ETA:   0:00:14
 56% (28 of 50) |#############           | Elapsed Time: 0:00:18 ETA:   0:00:14
 58% (29 of 50) |#############           | Elapsed Time: 0:00:18 ETA:   0:00:13
 60% (30 of 50) |##############          | Elapsed Time: 0:00:19 ETA:   0:00:12
 62% (31 of 50) |##############          | Elapsed Time: 0:00:20 ETA:   0:00:12
 64% (32 of 50) |###############         | Elapsed Time: 0:00:20 ETA:   0:00:11
 66% (33 of 50) |###############         | Elapsed Time: 0:00:21 ETA:   0:00:11
 68% (34 of 50) |################        | Elapsed Time: 0:00:22 ETA:   0:00:10
 70% (35 of 50) |################        | Elapsed Time: 0:00:22 ETA:   0:00:09
 72% (36 of 50) |#################       | Elapsed Time: 0:00:23 ETA:   0:00:09
 74% (37 of 50) |#################       | Elapsed Time: 0:00:24 ETA:   0:00:08
 76% (38 of 50) |##################      | Elapsed Time: 0:00:24 ETA:   0:00:07
 78% (39 of 50) |##################      | Elapsed Time: 0:00:25 ETA:   0:00:07
 80% (40 of 50) |###################     | Elapsed Time: 0:00:25 ETA:   0:00:06
 82% (41 of 50) |###################     | Elapsed Time: 0:00:26 ETA:   0:00:05
 84% (42 of 50) |####################    | Elapsed Time: 0:00:27 ETA:   0:00:05
 86% (43 of 50) |####################    | Elapsed Time: 0:00:27 ETA:   0:00:04
 88% (44 of 50) |#####################   | Elapsed Time: 0:00:28 ETA:   0:00:03
 90% (45 of 50) |#####################   | Elapsed Time: 0:00:29 ETA:   0:00:03
 92% (46 of 50) |######################  | Elapsed Time: 0:00:29 ETA:   0:00:02
 94% (47 of 50) |######################  | Elapsed Time: 0:00:30 ETA:   0:00:01
 96% (48 of 50) |####################### | Elapsed Time: 0:00:31 ETA:   0:00:01
 98% (49 of 50) |####################### | Elapsed Time: 0:00:31 ETA:   0:00:00
100% (50 of 50) |########################| Elapsed Time: 0:00:32 Time:  0:00:32
ACF stability...
eta 30531 accepted (d_eta=0 <= u=1)
running markov chain and checking convergence...
test statistic : -2.504849392343355,
 Markov chain is stationnary if test statistic < -2.568491089381725
test statistic : -3.3104974208247744,
 Markov chain is stationnary if test statistic < -2.568492149096687
Convergence : acceptation by k
(2: 191), (3: 2), 
Convergence : refusal by k
(2: 37706), (4: 4718), (3: 11144), (7: 851), (9: 403), (5: 2337), (20: 40), (6: 1419), (12: 147), (14: 126), (15: 101), (10: 293), (18: 56), (29: 15), (8: 583), (11: 238), (13: 149), (19: 50), (23: 20), (66: 1), (28: 18), (24: 21), (56: 3), (17: 70), (22: 26), (78: 2), (50: 4), (21: 34), (16: 81), (51: 3), (46: 1), (27: 22), (25: 25), (37: 6), (26: 16), (33: 9), (38: 7), (31: 12), (36: 5), (30: 13), (54: 6), (45: 5), (34: 7), (41: 3), (39: 5), (82: 3), (91: 1), (44: 3), (32: 11), (60: 2), (52: 2), (43: 4), (62: 1), (58: 1), (40: 5), (57: 3), (42: 4), (72: 1), (93: 1), (77: 1), (71: 1), (35: 6), (95: 1), (76: 1), (103: 1), (84: 1), (73: 2), (79: 1), (49: 3), (97: 1), (70: 1), (55: 1), (47: 1), (88: 1), (64: 1), (48: 1), (59: 1), 
eta estimation took 784.2950215339661 seconds
convergence took 2.796653985977173 seconds
Writing 50 graph samples...
