Reading graph...
Initializing markov chain
Starting Markov Chain convergence...
eta estimation parameters: N_swap 601000, C 10, T 500, u 1, alpha 0.04
burn in...
defaultdict(<class 'int'>, {2: 10985, 3: 517, 5: 7, 4: 69, 6: 3})
defaultdict(<class 'int'>, {7: 8680, 2: 360332, 4: 46585, 3: 109669, 6: 13820, 5: 23871, 8: 5749, 10: 2896, 11: 2289, 17: 587, 13: 1405, 24: 215, 12: 1794, 9: 4116, 18: 512, 25: 199, 14: 1092, 22: 283, 27: 155, 16: 727, 48: 24, 23: 241, 20: 375, 103: 4, 32: 87, 15: 874, 45: 32, 34: 64, 21: 351, 41: 53, 30: 96, 39: 48, 26: 188, 38: 48, 29: 113, 71: 12, 28: 146, 43: 36, 19: 449, 66: 9, 90: 3, 44: 40, 63: 9, 176: 1, 99: 2, 50: 28, 31: 107, 61: 13, 42: 39, 64: 15, 53: 14, 36: 62, 40: 47, 52: 24, 33: 75, 73: 10, 60: 10, 170: 1, 97: 2, 58: 15, 47: 30, 54: 33, 113: 3, 120: 3, 102: 4, 55: 16, 70: 9, 68: 14, 35: 77, 67: 14, 56: 20, 98: 6, 49: 23, 95: 3, 46: 40, 114: 3, 219: 2, 119: 4, 62: 8, 84: 3, 37: 72, 127: 2, 77: 4, 184: 1, 57: 22, 75: 8, 51: 13, 59: 12, 81: 4, 74: 6, 65: 10, 101: 4, 76: 11, 214: 1, 82: 3, 72: 7, 94: 5, 180: 2, 79: 11, 277: 1, 86: 5, 88: 5, 96: 3, 69: 6, 80: 9, 83: 6, 150: 2, 131: 2, 163: 1, 91: 4, 129: 2, 172: 2, 126: 1, 115: 3, 92: 4, 78: 1, 262: 1, 377: 1, 306: 1, 134: 2, 382: 1, 234: 1, 108: 1, 287: 1, 315: 1, 105: 2, 106: 3, 111: 2, 89: 7, 85: 6, 266: 1, 312: 1, 249: 1, 160: 2, 109: 3, 154: 1, 158: 1, 87: 3, 112: 2, 566: 1, 185: 1, 236: 1, 125: 2, 118: 1, 499: 1, 100: 3, 171: 1, 265: 1, 144: 1, 147: 1, 199: 1, 177: 1, 117: 4, 107: 2, 140: 1, 224: 1, 198: 2, 139: 2, 104: 3, 375: 1, 169: 2, 152: 1, 191: 1, 168: 1, 202: 2, 225: 1, 153: 2, 137: 1, 164: 1, 93: 1, 338: 1, 284: 1, 246: 2, 233: 1, 161: 1, 380: 1, 207: 1, 263: 1, 110: 2, 525: 1, 354: 1, 194: 1, 128: 1, 208: 1})
Burn In : acceptation/refusals by k : 0.01926955074875208
0.01926955074875208
measuring sampling gap...
considering eta 31190...
ACF stability...
eta 31190 refused (d_eta=10 <= u=1), trying eta=46785.0. ACF at lag 1 was 0.330138.
considering eta 46785.0...
ACF stability...
eta 46785.0 refused (d_eta=10 <= u=1), trying eta=70177.5. ACF at lag 1 was 0.311066.
considering eta 70177.5...
ACF stability...
  ACF plateau check:
    window=[0.33013766 0.31106564 0.1864297 ]
    mean=0.275878
    std=0.063727
    cv=0.230996 (threshold=0.1)
    slope=-0.071854
    relative_slope=1.127533 (threshold=1.0)
    stable=False
eta 70177.5 refused (d_eta=10 <= u=1), trying eta=105266.25. ACF at lag 1 was 0.186430.
considering eta 105266.25...
/home/morandeau/PKS_method/PKS_method/venv/lib/python3.13/site-packages/joblib/externals/loky/backend/resource_tracker.py:359: UserWarning: resource_tracker: There appear to be 11 leaked semlock objects to clean up at shutdown
  warnings.warn(
/home/morandeau/PKS_method/PKS_method/venv/lib/python3.13/site-packages/joblib/externals/loky/backend/resource_tracker.py:359: UserWarning: resource_tracker: There appear to be 5 leaked folder objects to clean up at shutdown
  warnings.warn(
