Reading graph...
Initializing markov chain
Starting Markov Chain convergence...
eta estimation parameters: N_swap 85000, C 10, T 500, u 1, alpha 0.04
burn in...
defaultdict(<class 'int'>, {2: 3510, 4: 45, 3: 241, 5: 10, 6: 2})
defaultdict(<class 'int'>, {2: 49186, 3: 15318, 7: 1172, 4: 6575, 5: 3305, 11: 327, 9: 573, 6: 1974, 16: 97, 8: 791, 12: 253, 13: 177, 15: 122, 10: 422, 25: 31, 14: 152, 20: 53, 17: 90, 21: 42, 23: 33, 24: 34, 36: 8, 18: 77, 30: 10, 26: 29, 22: 46, 63: 3, 34: 12, 28: 22, 57: 2, 45: 7, 27: 22, 37: 8, 31: 10, 41: 3, 48: 3, 35: 14, 32: 15, 19: 53, 39: 8, 38: 4, 29: 18, 44: 5, 46: 3, 70: 1, 52: 4, 74: 1, 62: 3, 49: 1, 42: 10, 55: 1, 73: 1, 82: 1, 50: 4, 40: 8, 69: 2, 33: 14, 71: 2, 65: 3, 59: 2, 43: 3, 58: 2, 54: 3, 47: 2, 51: 3, 60: 2, 84: 2, 81: 1, 68: 2, 67: 1, 76: 1, 53: 1, 56: 1, 64: 1})
Burn In : acceptation/refusals by k : 0.0448
0.0448
measuring sampling gap...
considering eta 1898...
  0% (0 of 50) |                         | Elapsed Time: 0:00:00 ETA:  --:--:--
  4% (2 of 50) |#                        | Elapsed Time: 0:00:00 ETA:   0:00:01
  8% (4 of 50) |##                       | Elapsed Time: 0:00:00 ETA:   0:00:01
 12% (6 of 50) |###                      | Elapsed Time: 0:00:00 ETA:   0:00:01
 16% (8 of 50) |####                     | Elapsed Time: 0:00:00 ETA:   0:00:01
 20% (10 of 50) |####                    | Elapsed Time: 0:00:00 ETA:   0:00:01
 24% (12 of 50) |#####                   | Elapsed Time: 0:00:00 ETA:   0:00:01
 28% (14 of 50) |######                  | Elapsed Time: 0:00:00 ETA:   0:00:01
 32% (16 of 50) |#######                 | Elapsed Time: 0:00:00 ETA:   0:00:01
 36% (18 of 50) |########                | Elapsed Time: 0:00:00 ETA:   0:00:01
 40% (20 of 50) |#########               | Elapsed Time: 0:00:00 ETA:   0:00:01
 44% (22 of 50) |##########              | Elapsed Time: 0:00:00 ETA:   0:00:01
 48% (24 of 50) |###########             | Elapsed Time: 0:00:00 ETA:   0:00:01
 52% (26 of 50) |############            | Elapsed Time: 0:00:01 ETA:   0:00:00
 56% (28 of 50) |#############           | Elapsed Time: 0:00:01 ETA:   0:00:00
 58% (29 of 50) |#############           | Elapsed Time: 0:00:01 ETA:   0:00:00
 62% (31 of 50) |##############          | Elapsed Time: 0:00:01 ETA:   0:00:00
 66% (33 of 50) |###############         | Elapsed Time: 0:00:01 ETA:   0:00:00
 70% (35 of 50) |################        | Elapsed Time: 0:00:01 ETA:   0:00:00
 74% (37 of 50) |#################       | Elapsed Time: 0:00:01 ETA:   0:00:00
 78% (39 of 50) |##################      | Elapsed Time: 0:00:01 ETA:   0:00:00
 82% (41 of 50) |###################     | Elapsed Time: 0:00:01 ETA:   0:00:00
 86% (43 of 50) |####################    | Elapsed Time: 0:00:01 ETA:   0:00:00
 90% (45 of 50) |#####################   | Elapsed Time: 0:00:01 ETA:   0:00:00
 94% (47 of 50) |######################  | Elapsed Time: 0:00:01 ETA:   0:00:00
 98% (49 of 50) |####################### | Elapsed Time: 0:00:01 ETA:   0:00:00
100% (50 of 50) |########################| Elapsed Time: 0:00:01 Time:  0:00:01
eta 1898 accepted (d_eta=1 <= u=1)
trying eta=eta/2...
considering eta 949...
eta 949 refused (d_eta=2 <= u=1), using eta=1898. ACF at lag 1 was 0.043976.
running markov chain and checking convergence...
test statistic : -1.4687462024080526,
 Markov chain is stationnary if test statistic < -2.5786042815622814
test statistic : -1.7959954047945095,
 Markov chain is stationnary if test statistic < -2.5786042815622814
test statistic : -2.2349547128828,
 Markov chain is stationnary if test statistic < -2.5786042815622814
test statistic : -1.7752923256700062,
 Markov chain is stationnary if test statistic < -2.5786042815622814
test statistic : -1.535216011869053,
 Markov chain is stationnary if test statistic < -2.5786042815622814
test statistic : -1.2980133695295655,
 Markov chain is stationnary if test statistic < -2.5786042815622814
test statistic : -2.5174615132788283,
 Markov chain is stationnary if test statistic < -2.5786042815622814
test statistic : -1.9721107384624952,
 Markov chain is stationnary if test statistic < -2.5786042815622814
test statistic : -2.6356785509715746,
 Markov chain is stationnary if test statistic < -2.5786156124779454
Convergence : acceptation by k
(2: 705), (3: 47), (4: 8), (5: 3), 
Convergence : refusal by k
(2: 9789), (3: 3208), (4: 1340), (12: 46), (7: 242), (16: 15), (6: 333), (11: 60), (5: 716), (9: 106), (8: 144), (15: 25), (17: 19), (26: 4), (10: 90), (14: 36), (13: 34), (31: 4), (34: 1), (48: 2), (64: 2), (21: 6), (19: 14), (22: 13), (25: 5), (24: 5), (20: 5), (67: 1), (58: 1), (45: 1), (23: 5), (27: 5), (18: 8), (35: 1), (33: 4), (38: 2), (32: 1), (30: 3), (60: 1), (43: 2), (41: 1), (63: 1), (52: 1), (28: 2), (40: 2), (37: 3), (51: 2), (42: 1), (47: 1), (73: 1), (57: 1), (49: 1), (68: 1), (55: 1), (44: 1), 
eta estimation took 65.71970677375793 seconds
convergence took 0.8696608543395996 seconds
Writing 50 graph samples...
