Reading graph...
Initializing markov chain
Starting Markov Chain convergence...
eta estimation parameters: N_swap 164000, C 10, T 500, u 1, alpha 0.04
burn in...
defaultdict(<class 'int'>, {2: 1417, 3: 42, 4: 4})
defaultdict(<class 'int'>, {2: 100018, 3: 29684, 33: 26, 7: 2353, 4: 12902, 5: 6473, 21: 86, 11: 656, 6: 3772, 13: 414, 14: 307, 17: 157, 8: 1641, 9: 1090, 10: 850, 49: 6, 50: 9, 16: 218, 12: 439, 37: 18, 25: 51, 89: 2, 86: 1, 23: 70, 30: 21, 19: 112, 18: 160, 27: 39, 28: 46, 55: 3, 22: 78, 20: 106, 15: 241, 29: 34, 97: 2, 24: 56, 54: 4, 34: 19, 41: 17, 47: 11, 39: 7, 38: 15, 26: 43, 52: 5, 32: 24, 102: 2, 44: 8, 57: 7, 108: 1, 77: 3, 35: 20, 106: 1, 82: 3, 81: 2, 40: 12, 109: 2, 31: 16, 36: 11, 62: 4, 43: 20, 46: 9, 76: 4, 66: 2, 69: 2, 51: 8, 42: 6, 67: 5, 63: 3, 103: 1, 58: 4, 73: 2, 59: 4, 79: 2, 71: 1, 84: 2, 45: 10, 85: 2, 53: 8, 117: 1, 120: 1, 72: 4, 78: 2, 145: 2, 140: 1, 88: 1, 48: 5, 74: 2, 65: 3, 94: 1, 64: 4, 100: 1, 114: 1, 56: 1, 83: 3, 75: 1, 96: 1, 136: 2, 68: 5, 104: 1, 60: 2, 70: 2, 150: 2, 61: 4, 163: 1, 98: 1, 80: 1, 162: 1, 151: 1, 139: 1, 131: 1, 105: 1, 124: 1, 116: 1, 127: 1})
Burn In : acceptation/refusals by k : 0.008920731707317072
0.008920731707317072
measuring sampling gap...
considering eta 18385...
  0% (0 of 50) |                         | Elapsed Time: 0:00:00 ETA:  --:--:--
  2% (1 of 50) |                         | Elapsed Time: 0:00:03 ETA:   0:02:31
  4% (2 of 50) |#                        | Elapsed Time: 0:00:06 ETA:   0:02:28
  6% (3 of 50) |#                        | Elapsed Time: 0:00:09 ETA:   0:02:25
  8% (4 of 50) |##                       | Elapsed Time: 0:00:12 ETA:   0:02:22
 10% (5 of 50) |##                       | Elapsed Time: 0:00:15 ETA:   0:02:19
 12% (6 of 50) |###                      | Elapsed Time: 0:00:18 ETA:   0:02:15
 14% (7 of 50) |###                      | Elapsed Time: 0:00:21 ETA:   0:02:12
 16% (8 of 50) |####                     | Elapsed Time: 0:00:24 ETA:   0:02:09
 18% (9 of 50) |####                     | Elapsed Time: 0:00:27 ETA:   0:02:06
 20% (10 of 50) |####                    | Elapsed Time: 0:00:30 ETA:   0:02:03
 22% (11 of 50) |#####                   | Elapsed Time: 0:00:33 ETA:   0:02:00
 24% (12 of 50) |#####                   | Elapsed Time: 0:00:37 ETA:   0:01:57
 26% (13 of 50) |######                  | Elapsed Time: 0:00:40 ETA:   0:01:54
 28% (14 of 50) |######                  | Elapsed Time: 0:00:43 ETA:   0:01:51
 30% (15 of 50) |#######                 | Elapsed Time: 0:00:46 ETA:   0:01:48
 32% (16 of 50) |#######                 | Elapsed Time: 0:00:49 ETA:   0:01:44
 34% (17 of 50) |########                | Elapsed Time: 0:00:52 ETA:   0:01:41
 36% (18 of 50) |########                | Elapsed Time: 0:00:55 ETA:   0:01:38
 38% (19 of 50) |#########               | Elapsed Time: 0:00:58 ETA:   0:01:35
 40% (20 of 50) |#########               | Elapsed Time: 0:01:01 ETA:   0:01:32
 42% (21 of 50) |##########              | Elapsed Time: 0:01:04 ETA:   0:01:29
 44% (22 of 50) |##########              | Elapsed Time: 0:01:07 ETA:   0:01:26
 46% (23 of 50) |###########             | Elapsed Time: 0:01:10 ETA:   0:01:23
 48% (24 of 50) |###########             | Elapsed Time: 0:01:14 ETA:   0:01:20
 50% (25 of 50) |############            | Elapsed Time: 0:01:17 ETA:   0:01:17
 52% (26 of 50) |############            | Elapsed Time: 0:01:20 ETA:   0:01:14
 54% (27 of 50) |############            | Elapsed Time: 0:01:23 ETA:   0:01:10
 56% (28 of 50) |#############           | Elapsed Time: 0:01:26 ETA:   0:01:07
 58% (29 of 50) |#############           | Elapsed Time: 0:01:29 ETA:   0:01:04
 60% (30 of 50) |##############          | Elapsed Time: 0:01:32 ETA:   0:01:01
 62% (31 of 50) |##############          | Elapsed Time: 0:01:35 ETA:   0:00:58
 64% (32 of 50) |###############         | Elapsed Time: 0:01:38 ETA:   0:00:55
 66% (33 of 50) |###############         | Elapsed Time: 0:01:41 ETA:   0:00:52
 68% (34 of 50) |################        | Elapsed Time: 0:01:44 ETA:   0:00:49
 70% (35 of 50) |################        | Elapsed Time: 0:01:47 ETA:   0:00:46
 72% (36 of 50) |#################       | Elapsed Time: 0:01:50 ETA:   0:00:43
 74% (37 of 50) |#################       | Elapsed Time: 0:01:54 ETA:   0:00:40
 76% (38 of 50) |##################      | Elapsed Time: 0:01:57 ETA:   0:00:36
 78% (39 of 50) |##################      | Elapsed Time: 0:02:00 ETA:   0:00:33
 80% (40 of 50) |###################     | Elapsed Time: 0:02:03 ETA:   0:00:30
 82% (41 of 50) |###################     | Elapsed Time: 0:02:06 ETA:   0:00:27
 84% (42 of 50) |####################    | Elapsed Time: 0:02:09 ETA:   0:00:24
 86% (43 of 50) |####################    | Elapsed Time: 0:02:12 ETA:   0:00:21
 88% (44 of 50) |#####################   | Elapsed Time: 0:02:15 ETA:   0:00:18
 90% (45 of 50) |#####################   | Elapsed Time: 0:02:18 ETA:   0:00:15
 92% (46 of 50) |######################  | Elapsed Time: 0:02:21 ETA:   0:00:12
 94% (47 of 50) |######################  | Elapsed Time: 0:02:24 ETA:   0:00:09
 96% (48 of 50) |####################### | Elapsed Time: 0:02:27 ETA:   0:00:06
 98% (49 of 50) |####################### | Elapsed Time: 0:02:30 ETA:   0:00:03
100% (50 of 50) |########################| Elapsed Time: 0:02:34 Time:  0:02:34
eta 18385 refused (d_eta=2 <= u=1), trying eta=36770, acf = 0.04975368950061604
considering eta 36770...
eta 36770 refused (d_eta=2 <= u=1), trying eta=73540, acf = 0.060896777242263805
considering eta 73540...
eta 73540 refused (d_eta=2 <= u=1), trying eta=147080, acf = 0.022227741550920478
considering eta 147080...
eta 147080 accepted (d_eta=0 <= u=1)
running markov chain and checking convergence...
test statistic : -7.102376380791284,
 Markov chain is stationnary if test statistic < -2.5679576936433786
Convergence : acceptation by k
(2: 1218), (3: 34), (6: 1), (4: 6), 
Convergence : refusal by k
(2: 89704), (3: 26963), (6: 3424), (7: 2070), (9: 1016), (4: 11465), (8: 1390), (5: 5720), (11: 550), (15: 222), (56: 2), (13: 359), (10: 768), (52: 6), (21: 74), (16: 172), (17: 144), (12: 422), (19: 119), (14: 252), (22: 69), (149: 1), (24: 55), (34: 16), (27: 32), (18: 128), (37: 14), (75: 2), (20: 95), (29: 24), (30: 30), (31: 23), (28: 19), (23: 73), (39: 14), (35: 17), (32: 22), (25: 48), (66: 3), (49: 7), (36: 13), (44: 15), (47: 11), (53: 3), (126: 1), (87: 1), (79: 1), (41: 6), (51: 10), (50: 9), (67: 1), (42: 10), (54: 7), (40: 12), (43: 6), (26: 31), (58: 3), (57: 5), (98: 2), (81: 1), (45: 9), (33: 17), (94: 3), (68: 1), (48: 4), (61: 5), (115: 1), (46: 12), (77: 3), (155: 1), (38: 13), (78: 3), (86: 2), (64: 6), (59: 4), (73: 3), (62: 4), (162: 1), (82: 2), (65: 2), (99: 3), (63: 4), (96: 1), (72: 1), (74: 1), (89: 2), (83: 1), (111: 1), (71: 2), (84: 2), (150: 1), (90: 3), (92: 1), (97: 1), (120: 1), (91: 2), (142: 2), (113: 1), (60: 1), (159: 1), (163: 1), (114: 1), (85: 1), (55: 3), (104: 1), (130: 1), (117: 1), (88: 1), (127: 1), 
eta estimation took 6144.552679300308 seconds
convergence took 3.54596209526062 seconds
Writing 50 graph samples...
