Reading graph...
Initializing markov chain
Starting Markov Chain convergence...
eta estimation parameters: N_swap 188000, C 10, T 500, u 1, alpha 0.04
burn in...
defaultdict(<class 'int'>, {2: 2508, 3: 108, 5: 4, 4: 17, 6: 1})
defaultdict(<class 'int'>, {4: 14615, 3: 34559, 2: 113501, 5: 7471, 6: 4247, 9: 1254, 54: 3, 10: 1011, 11: 675, 8: 1821, 15: 240, 34: 29, 7: 2679, 13: 410, 22: 89, 24: 78, 12: 564, 20: 131, 19: 140, 14: 354, 18: 157, 28: 34, 30: 29, 17: 191, 16: 233, 31: 33, 21: 109, 40: 14, 37: 21, 25: 67, 102: 1, 23: 85, 29: 33, 26: 55, 48: 6, 33: 30, 35: 22, 42: 15, 27: 41, 95: 3, 104: 1, 32: 26, 38: 16, 78: 3, 56: 5, 124: 1, 73: 3, 62: 1, 52: 11, 57: 5, 67: 4, 109: 3, 43: 9, 58: 6, 41: 17, 143: 1, 60: 1, 47: 10, 91: 1, 39: 20, 45: 15, 55: 2, 46: 6, 36: 22, 49: 8, 71: 2, 114: 1, 80: 2, 51: 7, 64: 4, 69: 5, 50: 9, 74: 4, 135: 1, 169: 1, 63: 8, 79: 2, 59: 2, 106: 1, 148: 1, 123: 3, 77: 2, 53: 5, 113: 1, 137: 1, 98: 2, 138: 2, 108: 1, 163: 1, 164: 1, 72: 3, 110: 1, 115: 2, 87: 2, 105: 1, 44: 4, 119: 1, 99: 1, 65: 4, 66: 3, 180: 1, 76: 2, 61: 2, 100: 2, 117: 1, 92: 2, 186: 2, 90: 1, 129: 1, 89: 1, 86: 1, 156: 1, 83: 2, 107: 1, 146: 1, 97: 1, 177: 1, 85: 1})
Burn In : acceptation/refusals by k : 0.014031914893617022
0.014031914893617022
measuring sampling gap...
considering eta 13399...
  0% (0 of 50) |                         | Elapsed Time: 0:00:00 ETA:  --:--:--
  2% (1 of 50) |                         | Elapsed Time: 0:00:01 ETA:   0:01:12
  4% (2 of 50) |#                        | Elapsed Time: 0:00:02 ETA:   0:01:11
  6% (3 of 50) |#                        | Elapsed Time: 0:00:04 ETA:   0:01:09
  8% (4 of 50) |##                       | Elapsed Time: 0:00:05 ETA:   0:01:07
 10% (5 of 50) |##                       | Elapsed Time: 0:00:07 ETA:   0:01:06
 12% (6 of 50) |###                      | Elapsed Time: 0:00:08 ETA:   0:01:04
 14% (7 of 50) |###                      | Elapsed Time: 0:00:10 ETA:   0:01:02
 16% (8 of 50) |####                     | Elapsed Time: 0:00:11 ETA:   0:01:01
 18% (9 of 50) |####                     | Elapsed Time: 0:00:13 ETA:   0:01:00
 20% (10 of 50) |####                    | Elapsed Time: 0:00:14 ETA:   0:00:58
 22% (11 of 50) |#####                   | Elapsed Time: 0:00:16 ETA:   0:00:57
 24% (12 of 50) |#####                   | Elapsed Time: 0:00:17 ETA:   0:00:55
 26% (13 of 50) |######                  | Elapsed Time: 0:00:19 ETA:   0:00:54
 28% (14 of 50) |######                  | Elapsed Time: 0:00:20 ETA:   0:00:52
 30% (15 of 50) |#######                 | Elapsed Time: 0:00:21 ETA:   0:00:51
 32% (16 of 50) |#######                 | Elapsed Time: 0:00:23 ETA:   0:00:49
 34% (17 of 50) |########                | Elapsed Time: 0:00:24 ETA:   0:00:48
 36% (18 of 50) |########                | Elapsed Time: 0:00:26 ETA:   0:00:46
 38% (19 of 50) |#########               | Elapsed Time: 0:00:27 ETA:   0:00:45
 40% (20 of 50) |#########               | Elapsed Time: 0:00:29 ETA:   0:00:43
 42% (21 of 50) |##########              | Elapsed Time: 0:00:30 ETA:   0:00:42
 44% (22 of 50) |##########              | Elapsed Time: 0:00:32 ETA:   0:00:40
 46% (23 of 50) |###########             | Elapsed Time: 0:00:33 ETA:   0:00:39
 48% (24 of 50) |###########             | Elapsed Time: 0:00:35 ETA:   0:00:37
 50% (25 of 50) |############            | Elapsed Time: 0:00:36 ETA:   0:00:36
 52% (26 of 50) |############            | Elapsed Time: 0:00:37 ETA:   0:00:35
 54% (27 of 50) |############            | Elapsed Time: 0:00:39 ETA:   0:00:33
 56% (28 of 50) |#############           | Elapsed Time: 0:00:40 ETA:   0:00:32
 58% (29 of 50) |#############           | Elapsed Time: 0:00:42 ETA:   0:00:30
 60% (30 of 50) |##############          | Elapsed Time: 0:00:43 ETA:   0:00:29
 62% (31 of 50) |##############          | Elapsed Time: 0:00:45 ETA:   0:00:27
 64% (32 of 50) |###############         | Elapsed Time: 0:00:46 ETA:   0:00:26
 66% (33 of 50) |###############         | Elapsed Time: 0:00:48 ETA:   0:00:24
 68% (34 of 50) |################        | Elapsed Time: 0:00:49 ETA:   0:00:23
 70% (35 of 50) |################        | Elapsed Time: 0:00:51 ETA:   0:00:21
 72% (36 of 50) |#################       | Elapsed Time: 0:00:52 ETA:   0:00:20
 74% (37 of 50) |#################       | Elapsed Time: 0:00:54 ETA:   0:00:19
 76% (38 of 50) |##################      | Elapsed Time: 0:00:55 ETA:   0:00:17
 78% (39 of 50) |##################      | Elapsed Time: 0:00:57 ETA:   0:00:16
 80% (40 of 50) |###################     | Elapsed Time: 0:00:58 ETA:   0:00:14
 82% (41 of 50) |###################     | Elapsed Time: 0:00:59 ETA:   0:00:13
 84% (42 of 50) |####################    | Elapsed Time: 0:01:01 ETA:   0:00:11
 86% (43 of 50) |####################    | Elapsed Time: 0:01:02 ETA:   0:00:10
 88% (44 of 50) |#####################   | Elapsed Time: 0:01:04 ETA:   0:00:08
 90% (45 of 50) |#####################   | Elapsed Time: 0:01:05 ETA:   0:00:07
 92% (46 of 50) |######################  | Elapsed Time: 0:01:07 ETA:   0:00:05
 94% (47 of 50) |######################  | Elapsed Time: 0:01:08 ETA:   0:00:04
 96% (48 of 50) |####################### | Elapsed Time: 0:01:10 ETA:   0:00:02
 98% (49 of 50) |####################### | Elapsed Time: 0:01:11 ETA:   0:00:01
100% (50 of 50) |########################| Elapsed Time: 0:01:13 Time:  0:01:13
eta 13399 refused (d_eta=10 <= u=1), trying eta=26798.
considering eta 26798...
eta 26798 refused (d_eta=7 <= u=1), trying eta=53596.
considering eta 53596...
eta 53596 accepted (d_eta=1 <= u=1)
running markov chain and checking convergence...
test statistic : -1.1936795107935725,
 Markov chain is stationnary if test statistic < -2.56820147413295
test statistic : -1.2234545691696184,
 Markov chain is stationnary if test statistic < -2.5682014383571747
test statistic : -2.673822063546178,
 Markov chain is stationnary if test statistic < -2.5682015099154007
Convergence : acceptation by k
(2: 2268), (3: 101), (4: 13), (6: 1), 
Convergence : refusal by k
(2: 97101), (10: 823), (4: 12449), (3: 29365), (5: 6411), (7: 2416), (19: 137), (6: 3555), (9: 1099), (8: 1554), (32: 26), (12: 476), (43: 13), (22: 89), (41: 12), (71: 4), (11: 640), (13: 361), (34: 20), (15: 221), (23: 78), (27: 43), (26: 43), (14: 269), (24: 50), (17: 135), (76: 6), (16: 185), (25: 67), (18: 140), (36: 19), (138: 1), (30: 26), (20: 98), (21: 96), (46: 12), (145: 1), (52: 4), (159: 1), (65: 4), (141: 1), (33: 18), (56: 5), (31: 25), (40: 11), (57: 7), (37: 18), (35: 21), (29: 31), (45: 8), (38: 14), (54: 3), (58: 6), (85: 2), (80: 3), (48: 5), (28: 41), (157: 2), (59: 4), (180: 1), (42: 11), (39: 10), (92: 1), (50: 9), (51: 9), (60: 5), (73: 3), (95: 1), (158: 1), (100: 2), (53: 3), (67: 4), (72: 3), (62: 5), (44: 5), (68: 5), (75: 3), (81: 3), (89: 3), (49: 3), (102: 1), (47: 4), (69: 2), (179: 1), (107: 1), (162: 1), (66: 2), (88: 1), (110: 1), (74: 2), (163: 1), (70: 1), (55: 2), (78: 1), (99: 1), (77: 1), (119: 2), (103: 1), (63: 3), (129: 1), (86: 1), (104: 1), (61: 2), (64: 2), (136: 1), (114: 1), (90: 1), (139: 1), 
eta estimation took 2854.644897699356 seconds
convergence took 8.060311555862427 seconds
Writing 50 graph samples...
