Reading graph...
Initializing markov chain
Starting Markov Chain convergence...
eta estimation parameters: N_swap 301000, C 10, T 500, u 1, alpha 0.04
burn in...
defaultdict(<class 'int'>, {2: 7481, 3: 413, 4: 59, 5: 9, 8: 1, 6: 1})
defaultdict(<class 'int'>, {2: 179079, 4: 23187, 3: 54738, 6: 7054, 7: 4360, 12: 874, 5: 11604, 8: 2807, 14: 520, 26: 110, 10: 1497, 11: 1102, 35: 22, 29: 48, 21: 146, 9: 2090, 22: 124, 24: 99, 17: 304, 18: 230, 43: 21, 52: 4, 20: 161, 13: 676, 74: 3, 15: 475, 31: 47, 16: 376, 25: 85, 40: 24, 76: 6, 19: 229, 54: 16, 37: 29, 48: 12, 23: 106, 66: 3, 28: 58, 64: 8, 30: 59, 51: 14, 60: 9, 27: 85, 32: 45, 231: 1, 42: 15, 47: 18, 53: 8, 100: 5, 96: 3, 254: 1, 36: 31, 69: 4, 45: 21, 62: 3, 70: 7, 33: 46, 50: 12, 39: 17, 83: 4, 194: 1, 34: 37, 86: 3, 46: 14, 44: 18, 63: 9, 56: 3, 41: 15, 55: 10, 115: 1, 58: 6, 80: 4, 79: 3, 59: 7, 38: 24, 116: 2, 177: 1, 61: 7, 140: 1, 190: 1, 75: 1, 136: 1, 114: 2, 90: 2, 88: 2, 157: 1, 49: 10, 82: 1, 204: 1, 110: 1, 223: 2, 101: 2, 119: 3, 145: 2, 183: 1, 65: 7, 87: 4, 207: 1, 92: 3, 57: 5, 148: 1, 99: 3, 72: 4, 105: 1, 77: 1, 81: 2, 109: 2, 219: 1, 122: 2, 91: 1, 144: 1, 192: 1, 233: 1, 85: 3, 120: 1, 113: 1, 68: 3, 278: 1, 186: 1, 133: 1, 103: 2, 139: 2, 84: 1, 203: 1, 71: 3, 94: 1, 78: 1, 150: 1, 295: 1, 153: 1, 98: 2, 121: 2, 107: 1, 161: 1, 142: 1, 151: 1, 118: 1, 287: 1, 95: 1, 160: 1, 102: 1, 97: 1, 104: 1, 127: 1, 178: 1, 232: 1, 106: 1, 111: 1, 89: 1, 73: 1, 201: 1, 67: 1, 134: 1, 125: 1, 221: 1, 135: 1, 195: 1})
Burn In : acceptation/refusals by k : 0.026458471760797343
0.026458471760797343
measuring sampling gap...
considering eta 11377...
  0% (0 of 50) |                         | Elapsed Time: 0:00:00 ETA:  --:--:--
  2% (1 of 50) |                         | Elapsed Time: 0:00:01 ETA:   0:01:36
  4% (2 of 50) |#                        | Elapsed Time: 0:00:03 ETA:   0:01:34
  6% (3 of 50) |#                        | Elapsed Time: 0:00:05 ETA:   0:01:32
  8% (4 of 50) |##                       | Elapsed Time: 0:00:07 ETA:   0:01:30
 10% (5 of 50) |##                       | Elapsed Time: 0:00:09 ETA:   0:01:28
 12% (6 of 50) |###                      | Elapsed Time: 0:00:11 ETA:   0:01:26
 14% (7 of 50) |###                      | Elapsed Time: 0:00:13 ETA:   0:01:24
 16% (8 of 50) |####                     | Elapsed Time: 0:00:15 ETA:   0:01:22
 18% (9 of 50) |####                     | Elapsed Time: 0:00:17 ETA:   0:01:20
 20% (10 of 50) |####                    | Elapsed Time: 0:00:19 ETA:   0:01:18
 22% (11 of 50) |#####                   | Elapsed Time: 0:00:21 ETA:   0:01:16
 24% (12 of 50) |#####                   | Elapsed Time: 0:00:23 ETA:   0:01:14
 26% (13 of 50) |######                  | Elapsed Time: 0:00:25 ETA:   0:01:12
 28% (14 of 50) |######                  | Elapsed Time: 0:00:27 ETA:   0:01:10
 30% (15 of 50) |#######                 | Elapsed Time: 0:00:29 ETA:   0:01:08
 32% (16 of 50) |#######                 | Elapsed Time: 0:00:31 ETA:   0:01:06
 34% (17 of 50) |########                | Elapsed Time: 0:00:33 ETA:   0:01:04
 36% (18 of 50) |########                | Elapsed Time: 0:00:35 ETA:   0:01:02
 38% (19 of 50) |#########               | Elapsed Time: 0:00:37 ETA:   0:01:00
 40% (20 of 50) |#########               | Elapsed Time: 0:00:39 ETA:   0:00:58
 42% (21 of 50) |##########              | Elapsed Time: 0:00:41 ETA:   0:00:56
 44% (22 of 50) |##########              | Elapsed Time: 0:00:43 ETA:   0:00:54
 46% (23 of 50) |###########             | Elapsed Time: 0:00:45 ETA:   0:00:53
 48% (24 of 50) |###########             | Elapsed Time: 0:00:47 ETA:   0:00:51
 50% (25 of 50) |############            | Elapsed Time: 0:00:49 ETA:   0:00:49
 52% (26 of 50) |############            | Elapsed Time: 0:00:51 ETA:   0:00:47
 54% (27 of 50) |############            | Elapsed Time: 0:00:53 ETA:   0:00:45
 56% (28 of 50) |#############           | Elapsed Time: 0:00:55 ETA:   0:00:43
 58% (29 of 50) |#############           | Elapsed Time: 0:00:56 ETA:   0:00:41
 60% (30 of 50) |##############          | Elapsed Time: 0:00:58 ETA:   0:00:39
 62% (31 of 50) |##############          | Elapsed Time: 0:01:00 ETA:   0:00:37
 64% (32 of 50) |###############         | Elapsed Time: 0:01:02 ETA:   0:00:35
 66% (33 of 50) |###############         | Elapsed Time: 0:01:04 ETA:   0:00:33
 68% (34 of 50) |################        | Elapsed Time: 0:01:06 ETA:   0:00:31
 70% (35 of 50) |################        | Elapsed Time: 0:01:08 ETA:   0:00:29
 72% (36 of 50) |#################       | Elapsed Time: 0:01:10 ETA:   0:00:27
 74% (37 of 50) |#################       | Elapsed Time: 0:01:12 ETA:   0:00:25
 76% (38 of 50) |##################      | Elapsed Time: 0:01:14 ETA:   0:00:23
 78% (39 of 50) |##################      | Elapsed Time: 0:01:16 ETA:   0:00:21
 80% (40 of 50) |###################     | Elapsed Time: 0:01:18 ETA:   0:00:19
 82% (41 of 50) |###################     | Elapsed Time: 0:01:20 ETA:   0:00:17
 84% (42 of 50) |####################    | Elapsed Time: 0:01:22 ETA:   0:00:15
 86% (43 of 50) |####################    | Elapsed Time: 0:01:24 ETA:   0:00:13
 88% (44 of 50) |#####################   | Elapsed Time: 0:01:26 ETA:   0:00:11
 90% (45 of 50) |#####################   | Elapsed Time: 0:01:28 ETA:   0:00:09
 92% (46 of 50) |######################  | Elapsed Time: 0:01:30 ETA:   0:00:07
 94% (47 of 50) |######################  | Elapsed Time: 0:01:32 ETA:   0:00:05
 96% (48 of 50) |####################### | Elapsed Time: 0:01:34 ETA:   0:00:03
 98% (49 of 50) |####################### | Elapsed Time: 0:01:36 ETA:   0:00:01
100% (50 of 50) |########################| Elapsed Time: 0:01:38 Time:  0:01:38
ACF stability...
eta 11377 refused (d_eta=10 <= u=1), trying eta=17065.5. ACF at lag 1 was 0.458925.
considering eta 17065.5...
ACF stability...
eta 17065.5 refused (d_eta=10 <= u=1), trying eta=25598.25. ACF at lag 1 was 0.358802.
considering eta 25598.25...
ACF stability...
  ACF plateau check:
    window=[0.45892484 0.35880176 0.26377616]
    mean=0.360501
    std=0.079678
    cv=0.221021 (threshold=0.1)
    slope=-0.097574
    relative_slope=1.224606 (threshold=1.0)
    stable=False
eta 25598.25 refused (d_eta=10 <= u=1), trying eta=38397.375. ACF at lag 1 was 0.263776.
considering eta 38397.375...
ACF stability...
  ACF plateau check:
    window=[0.35880176 0.26377616 0.27980231]
    mean=0.300793
    std=0.041537
    cv=0.138090 (threshold=0.1)
    slope=-0.039500
    relative_slope=0.950962 (threshold=1.0)
    stable=False
eta 38397.375 refused (d_eta=10 <= u=1), trying eta=57596.0625. ACF at lag 1 was 0.279802.
considering eta 57596.0625...
ACF stability...
  ACF plateau check:
    window=[0.26377616 0.27980231 0.24029712]
    mean=0.261292
    std=0.016223
    cv=0.062089 (threshold=0.1)
    slope=-0.011740
    relative_slope=0.723620 (threshold=1.0)
    stable=True
eta=57596.0625 accepted via adaptive ACF plateau detection
running markov chain and checking convergence...
test statistic : -1.9283507681551448,
 Markov chain is stationnary if test statistic < -2.5681748200212735
test statistic : -3.0593312012286926,
 Markov chain is stationnary if test statistic < -2.5681748819900734
Convergence : acceptation by k
(2: 3345), (3: 208), (4: 31), (5: 8), (6: 3), (7: 1), 
Convergence : refusal by k
(3: 20760), (2: 68225), (4: 8701), (7: 1657), (16: 145), (9: 771), (5: 4581), (8: 1136), (11: 438), (6: 2619), (19: 94), (22: 52), (15: 160), (10: 542), (12: 359), (25: 35), (26: 48), (14: 195), (17: 115), (42: 6), (23: 40), (28: 27), (33: 10), (61: 4), (18: 88), (21: 58), (92: 1), (13: 265), (37: 14), (31: 19), (45: 10), (27: 39), (46: 6), (35: 13), (64: 3), (24: 46), (59: 6), (44: 11), (20: 52), (36: 7), (40: 10), (107: 1), (111: 1), (83: 3), (39: 11), (30: 20), (263: 1), (34: 15), (54: 5), (75: 1), (220: 1), (145: 1), (32: 11), (29: 17), (38: 10), (233: 1), (47: 7), (65: 4), (271: 1), (70: 3), (57: 3), (67: 1), (72: 2), (50: 2), (68: 3), (55: 3), (85: 1), (118: 2), (60: 7), (53: 6), (43: 7), (97: 1), (191: 1), (87: 2), (58: 3), (79: 1), (134: 1), (80: 1), (114: 2), (108: 1), (147: 1), (123: 2), (56: 1), (48: 2), (99: 1), (269: 1), (88: 2), (82: 1), (110: 2), (41: 6), (86: 3), (51: 2), (49: 2), (62: 4), (69: 3), (103: 1), (93: 2), (140: 1), (190: 2), (89: 1), (81: 1), (76: 1), (90: 1), (105: 2), (122: 1), (74: 2), (126: 1), (112: 1), (71: 3), (91: 1), (281: 1), (177: 1), (78: 1), (156: 1), (124: 1), (119: 1), (208: 1), (150: 1), (161: 1), (235: 1), 
eta estimation took 5344.908792257309 seconds
convergence took 6.915725231170654 seconds
Writing 50 graph samples...
