Reading graph...
Initializing markov chain
Starting Markov Chain convergence...
eta estimation parameters: N_swap 76000, C 10, T 500, u 1, alpha 0.04
burn in...
defaultdict(<class 'int'>, {2: 510, 4: 1, 3: 13})
defaultdict(<class 'int'>, {2: 46478, 3: 13983, 12: 225, 7: 1099, 6: 1699, 4: 5872, 11: 269, 17: 72, 5: 3077, 8: 731, 10: 377, 23: 42, 9: 511, 35: 6, 20: 40, 22: 29, 16: 86, 25: 31, 64: 2, 13: 184, 14: 137, 21: 48, 33: 15, 30: 9, 26: 21, 15: 106, 34: 15, 31: 13, 60: 3, 19: 42, 29: 19, 41: 5, 27: 19, 62: 3, 55: 5, 18: 54, 68: 1, 40: 8, 53: 7, 65: 2, 36: 7, 24: 31, 51: 3, 39: 6, 43: 8, 54: 1, 71: 1, 28: 12, 48: 3, 47: 3, 42: 6, 63: 1, 38: 8, 32: 6, 69: 1, 61: 3, 52: 2, 45: 5, 73: 2, 58: 2, 44: 4, 46: 1, 37: 5, 74: 1, 59: 1, 72: 1, 49: 2, 50: 2, 66: 1, 56: 1, 57: 1})
Burn In : acceptation/refusals by k : 0.006894736842105263
0.006894736842105263
measuring sampling gap...
considering eta 11023...
  0% (0 of 50) |                         | Elapsed Time: 0:00:00 ETA:  --:--:--
  2% (1 of 50) |                         | Elapsed Time: 0:00:06 ETA:   0:05:42
  4% (2 of 50) |#                        | Elapsed Time: 0:00:13 ETA:   0:05:34
  6% (3 of 50) |#                        | Elapsed Time: 0:00:20 ETA:   0:05:28
  8% (4 of 50) |##                       | Elapsed Time: 0:00:27 ETA:   0:05:21
 10% (5 of 50) |##                       | Elapsed Time: 0:00:34 ETA:   0:05:14
 12% (6 of 50) |###                      | Elapsed Time: 0:00:42 ETA:   0:05:08
 14% (7 of 50) |###                      | Elapsed Time: 0:00:49 ETA:   0:05:01
 16% (8 of 50) |####                     | Elapsed Time: 0:00:56 ETA:   0:04:54
 18% (9 of 50) |####                     | Elapsed Time: 0:01:03 ETA:   0:04:47
 20% (10 of 50) |####                    | Elapsed Time: 0:01:10 ETA:   0:04:40
 22% (11 of 50) |#####                   | Elapsed Time: 0:01:17 ETA:   0:04:33
 24% (12 of 50) |#####                   | Elapsed Time: 0:01:24 ETA:   0:04:26
 26% (13 of 50) |######                  | Elapsed Time: 0:01:31 ETA:   0:04:19
 28% (14 of 50) |######                  | Elapsed Time: 0:01:38 ETA:   0:04:12
 30% (15 of 50) |#######                 | Elapsed Time: 0:01:45 ETA:   0:04:05
 32% (16 of 50) |#######                 | Elapsed Time: 0:01:51 ETA:   0:03:57
 34% (17 of 50) |########                | Elapsed Time: 0:01:58 ETA:   0:03:50
 36% (18 of 50) |########                | Elapsed Time: 0:02:05 ETA:   0:03:43
 38% (19 of 50) |#########               | Elapsed Time: 0:02:12 ETA:   0:03:36
 40% (20 of 50) |#########               | Elapsed Time: 0:02:19 ETA:   0:03:29
 42% (21 of 50) |##########              | Elapsed Time: 0:02:26 ETA:   0:03:22
 44% (22 of 50) |##########              | Elapsed Time: 0:02:33 ETA:   0:03:15
 46% (23 of 50) |###########             | Elapsed Time: 0:02:40 ETA:   0:03:08
 48% (24 of 50) |###########             | Elapsed Time: 0:02:49 ETA:   0:03:03
 50% (25 of 50) |############            | Elapsed Time: 0:02:56 ETA:   0:02:56
 52% (26 of 50) |############            | Elapsed Time: 0:03:03 ETA:   0:02:49
 54% (27 of 50) |############            | Elapsed Time: 0:03:10 ETA:   0:02:42
 56% (28 of 50) |#############           | Elapsed Time: 0:03:17 ETA:   0:02:35
 58% (29 of 50) |#############           | Elapsed Time: 0:03:24 ETA:   0:02:28
 60% (30 of 50) |##############          | Elapsed Time: 0:03:33 ETA:   0:02:22
 62% (31 of 50) |##############          | Elapsed Time: 0:03:40 ETA:   0:02:15
 64% (32 of 50) |###############         | Elapsed Time: 0:03:47 ETA:   0:02:07
 66% (33 of 50) |###############         | Elapsed Time: 0:03:54 ETA:   0:02:00
 68% (34 of 50) |################        | Elapsed Time: 0:04:01 ETA:   0:01:53
 70% (35 of 50) |################        | Elapsed Time: 0:04:08 ETA:   0:01:46
 72% (36 of 50) |#################       | Elapsed Time: 0:04:15 ETA:   0:01:39
 74% (37 of 50) |#################       | Elapsed Time: 0:04:22 ETA:   0:01:32
 76% (38 of 50) |##################      | Elapsed Time: 0:04:29 ETA:   0:01:25
 78% (39 of 50) |##################      | Elapsed Time: 0:04:36 ETA:   0:01:17
 80% (40 of 50) |###################     | Elapsed Time: 0:04:43 ETA:   0:01:10
 82% (41 of 50) |###################     | Elapsed Time: 0:04:50 ETA:   0:01:03
 84% (42 of 50) |####################    | Elapsed Time: 0:04:57 ETA:   0:00:56
 86% (43 of 50) |####################    | Elapsed Time: 0:05:03 ETA:   0:00:49
 88% (44 of 50) |#####################   | Elapsed Time: 0:05:10 ETA:   0:00:42
 90% (45 of 50) |#####################   | Elapsed Time: 0:05:17 ETA:   0:00:35
 92% (46 of 50) |######################  | Elapsed Time: 0:05:24 ETA:   0:00:28
 94% (47 of 50) |######################  | Elapsed Time: 0:05:31 ETA:   0:00:21
 96% (48 of 50) |####################### | Elapsed Time: 0:05:38 ETA:   0:00:14
 98% (49 of 50) |####################### | Elapsed Time: 0:05:45 ETA:   0:00:07
100% (50 of 50) |########################| Elapsed Time: 0:05:52 Time:  0:05:52
eta 11023 refused (d_eta=6 <= u=1), trying eta=22046, acf = 0.09528224166498245
considering eta 22046...
eta 22046 refused (d_eta=6 <= u=1), trying eta=44092, acf = 0.10758979466321389
considering eta 44092...
eta 44092 refused (d_eta=6 <= u=1), trying eta=88184, acf = 0.07783902135872237
considering eta 88184...
eta 88184 refused (d_eta=6 <= u=1), trying eta=176368, acf = 0.08211631619353042
considering eta 176368...
eta 176368 refused (d_eta=3 <= u=1), trying eta=352736, acf = 0.02404528641102149
considering eta 352736...
eta 352736 accepted (d_eta=0 <= u=1)
running markov chain and checking convergence...
test statistic : -13.774223934203844,
 Markov chain is stationnary if test statistic < -2.5678762089379656
Convergence : acceptation by k
(2: 2810), (3: 70), (4: 4), (6: 1), (5: 1), 
Convergence : refusal by k
(2: 215273), (4: 27336), (3: 64937), (5: 13884), (8: 3369), (7: 5058), (6: 8041), (17: 387), (43: 21), (12: 1013), (10: 1765), (9: 2454), (13: 806), (16: 422), (14: 619), (24: 115), (40: 23), (30: 57), (21: 180), (18: 315), (11: 1343), (33: 46), (19: 236), (15: 506), (55: 17), (29: 69), (20: 206), (25: 110), (23: 156), (32: 54), (22: 152), (27: 89), (31: 62), (53: 13), (44: 22), (39: 39), (26: 96), (58: 9), (41: 27), (28: 88), (70: 7), (47: 20), (62: 8), (71: 6), (35: 40), (69: 10), (52: 19), (37: 30), (51: 13), (49: 11), (59: 8), (34: 42), (36: 28), (54: 12), (46: 17), (48: 17), (72: 5), (38: 25), (45: 14), (67: 4), (42: 20), (63: 7), (68: 8), (74: 4), (56: 9), (65: 7), (50: 10), (57: 10), (73: 8), (60: 5), (61: 3), (75: 1), (66: 5), (64: 2), 
eta estimation took 15265.183743715286 seconds
convergence took 8.610604763031006 seconds
Writing 50 graph samples...
