Reading graph...
Initializing markov chain
Starting Markov Chain convergence...
eta estimation parameters: N_swap 303000, C 10, T 500, u 1, alpha 0.04
burn in...
defaultdict(<class 'int'>, {2: 4433, 4: 23, 3: 117, 5: 8, 6: 1})
defaultdict(<class 'int'>, {2: 183410, 4: 23207, 5: 11934, 10: 1506, 3: 55296, 8: 2875, 6: 7015, 14: 566, 9: 2025, 28: 61, 7: 4404, 12: 872, 19: 211, 17: 291, 11: 1063, 16: 363, 30: 54, 55: 9, 80: 6, 33: 44, 20: 205, 21: 145, 267: 1, 29: 51, 18: 289, 35: 31, 24: 105, 13: 679, 32: 32, 36: 33, 26: 84, 93: 2, 51: 10, 22: 157, 23: 141, 15: 437, 50: 11, 27: 94, 40: 30, 63: 5, 60: 5, 73: 3, 71: 8, 69: 3, 25: 97, 46: 16, 47: 12, 157: 2, 48: 15, 45: 19, 72: 4, 41: 31, 132: 1, 78: 4, 42: 21, 37: 29, 31: 48, 106: 4, 66: 4, 67: 6, 94: 4, 92: 4, 57: 4, 130: 1, 68: 6, 86: 4, 110: 1, 34: 39, 99: 2, 59: 5, 38: 27, 191: 1, 44: 13, 74: 3, 87: 2, 39: 26, 53: 9, 65: 10, 97: 1, 43: 15, 49: 7, 112: 2, 81: 6, 209: 1, 196: 1, 192: 1, 155: 2, 147: 1, 64: 3, 54: 10, 58: 7, 107: 2, 111: 3, 141: 1, 151: 1, 236: 1, 79: 3, 103: 1, 205: 1, 126: 3, 56: 9, 85: 3, 104: 4, 95: 4, 163: 1, 62: 5, 121: 3, 133: 1, 70: 7, 89: 2, 134: 1, 61: 8, 76: 3, 52: 6, 84: 4, 98: 2, 75: 2, 82: 1, 100: 2, 228: 1, 102: 1, 282: 1, 77: 1, 96: 3, 171: 1, 150: 1, 90: 2, 146: 1, 122: 1, 115: 1, 88: 3, 219: 1, 167: 1, 289: 1, 183: 1, 119: 1, 285: 1, 117: 1, 193: 1, 105: 1, 224: 1, 164: 1, 180: 1, 125: 1})
Burn In : acceptation/refusals by k : 0.015122112211221122
0.015122112211221122
measuring sampling gap...
considering eta 20037...
  0% (0 of 50) |                         | Elapsed Time: 0:00:00 ETA:  --:--:--
  2% (1 of 50) |                         | Elapsed Time: 0:00:07 ETA:   0:05:53
  4% (2 of 50) |#                        | Elapsed Time: 0:00:14 ETA:   0:05:47
  6% (3 of 50) |#                        | Elapsed Time: 0:00:21 ETA:   0:05:39
  8% (4 of 50) |##                       | Elapsed Time: 0:00:28 ETA:   0:05:31
 10% (5 of 50) |##                       | Elapsed Time: 0:00:36 ETA:   0:05:24
 12% (6 of 50) |###                      | Elapsed Time: 0:00:43 ETA:   0:05:17
 14% (7 of 50) |###                      | Elapsed Time: 0:00:50 ETA:   0:05:09
 16% (8 of 50) |####                     | Elapsed Time: 0:00:57 ETA:   0:05:02
 18% (9 of 50) |####                     | Elapsed Time: 0:01:04 ETA:   0:04:55
 20% (10 of 50) |####                    | Elapsed Time: 0:01:12 ETA:   0:04:48
 22% (11 of 50) |#####                   | Elapsed Time: 0:01:19 ETA:   0:04:41
 24% (12 of 50) |#####                   | Elapsed Time: 0:01:26 ETA:   0:04:33
 26% (13 of 50) |######                  | Elapsed Time: 0:01:33 ETA:   0:04:26
 28% (14 of 50) |######                  | Elapsed Time: 0:01:40 ETA:   0:04:19
 30% (15 of 50) |#######                 | Elapsed Time: 0:01:48 ETA:   0:04:12
 32% (16 of 50) |#######                 | Elapsed Time: 0:01:55 ETA:   0:04:05
 34% (17 of 50) |########                | Elapsed Time: 0:02:02 ETA:   0:03:57
 36% (18 of 50) |########                | Elapsed Time: 0:02:09 ETA:   0:03:50
 38% (19 of 50) |#########               | Elapsed Time: 0:02:16 ETA:   0:03:43
 40% (20 of 50) |#########               | Elapsed Time: 0:02:24 ETA:   0:03:36
 42% (21 of 50) |##########              | Elapsed Time: 0:02:31 ETA:   0:03:28
 44% (22 of 50) |##########              | Elapsed Time: 0:02:38 ETA:   0:03:21
 46% (23 of 50) |###########             | Elapsed Time: 0:02:45 ETA:   0:03:14
 48% (24 of 50) |###########             | Elapsed Time: 0:02:52 ETA:   0:03:07
 50% (25 of 50) |############            | Elapsed Time: 0:03:00 ETA:   0:03:00
 52% (26 of 50) |############            | Elapsed Time: 0:03:08 ETA:   0:02:53
 54% (27 of 50) |############            | Elapsed Time: 0:03:15 ETA:   0:02:46
 56% (28 of 50) |#############           | Elapsed Time: 0:03:22 ETA:   0:02:39
 58% (29 of 50) |#############           | Elapsed Time: 0:03:30 ETA:   0:02:32
 60% (30 of 50) |##############          | Elapsed Time: 0:03:37 ETA:   0:02:24
 62% (31 of 50) |##############          | Elapsed Time: 0:03:44 ETA:   0:02:17
 64% (32 of 50) |###############         | Elapsed Time: 0:03:51 ETA:   0:02:10
 66% (33 of 50) |###############         | Elapsed Time: 0:03:58 ETA:   0:02:03
 68% (34 of 50) |################        | Elapsed Time: 0:04:05 ETA:   0:01:55
 70% (35 of 50) |################        | Elapsed Time: 0:04:13 ETA:   0:01:48
 72% (36 of 50) |#################       | Elapsed Time: 0:04:20 ETA:   0:01:41
 74% (37 of 50) |#################       | Elapsed Time: 0:04:27 ETA:   0:01:34
 76% (38 of 50) |##################      | Elapsed Time: 0:04:34 ETA:   0:01:26
 78% (39 of 50) |##################      | Elapsed Time: 0:04:41 ETA:   0:01:19
 80% (40 of 50) |###################     | Elapsed Time: 0:04:49 ETA:   0:01:12
 82% (41 of 50) |###################     | Elapsed Time: 0:04:56 ETA:   0:01:05
 84% (42 of 50) |####################    | Elapsed Time: 0:05:03 ETA:   0:00:57
 86% (43 of 50) |####################    | Elapsed Time: 0:05:10 ETA:   0:00:50
 88% (44 of 50) |#####################   | Elapsed Time: 0:05:18 ETA:   0:00:43
 90% (45 of 50) |#####################   | Elapsed Time: 0:05:25 ETA:   0:00:36
 92% (46 of 50) |######################  | Elapsed Time: 0:05:32 ETA:   0:00:28
 94% (47 of 50) |######################  | Elapsed Time: 0:05:40 ETA:   0:00:21
 96% (48 of 50) |####################### | Elapsed Time: 0:05:47 ETA:   0:00:14
 98% (49 of 50) |####################### | Elapsed Time: 0:05:54 ETA:   0:00:07
100% (50 of 50) |########################| Elapsed Time: 0:06:01 Time:  0:06:01
eta 20037 refused (d_eta=10 <= u=1), trying eta=40074, acf = 0.28750292515344755
considering eta 40074...
eta 40074 refused (d_eta=9 <= u=1), trying eta=80148, acf = 0.2525268618944444
considering eta 80148...
eta 80148 refused (d_eta=8 <= u=1), trying eta=160296, acf = 0.11995581780426598
considering eta 160296...
eta 160296 refused (d_eta=4 <= u=1), trying eta=320592, acf = 0.06576255167935759
considering eta 320592...
eta 320592 accepted (d_eta=1 <= u=1)
running markov chain and checking convergence...
test statistic : -4.588957169906009,
 Markov chain is stationnary if test statistic < -2.567882052103384
Convergence : acceptation by k
(2: 4830), (3: 130), (6: 3), (4: 21), (5: 4), 
Convergence : refusal by k
(2: 193187), (7: 4663), (3: 58669), (6: 7410), (5: 12821), (4: 24758), (10: 1628), (11: 1197), (19: 221), (8: 3153), (75: 3), (9: 2144), (21: 177), (17: 332), (36: 27), (33: 37), (43: 24), (13: 651), (40: 23), (12: 942), (18: 272), (20: 200), (14: 563), (15: 473), (30: 55), (25: 125), (28: 103), (23: 158), (46: 19), (86: 5), (16: 407), (26: 96), (32: 47), (74: 3), (61: 10), (37: 30), (27: 68), (70: 5), (24: 118), (50: 10), (22: 133), (64: 5), (56: 9), (85: 3), (39: 24), (38: 25), (65: 3), (34: 52), (35: 39), (52: 14), (29: 62), (57: 9), (44: 15), (108: 1), (96: 4), (69: 5), (42: 27), (54: 10), (100: 2), (279: 1), (59: 4), (101: 2), (31: 53), (88: 4), (47: 11), (41: 20), (106: 2), (73: 6), (174: 2), (63: 3), (51: 8), (67: 6), (111: 3), (126: 1), (45: 21), (49: 21), (99: 3), (77: 3), (68: 5), (207: 1), (58: 10), (94: 1), (55: 6), (98: 2), (211: 1), (114: 1), (201: 1), (71: 6), (91: 2), (122: 1), (53: 8), (66: 3), (192: 1), (105: 1), (120: 3), (156: 2), (78: 1), (227: 1), (215: 1), (48: 12), (198: 3), (62: 4), (90: 1), (142: 1), (234: 1), (155: 1), (89: 4), (185: 2), (170: 1), (72: 9), (147: 1), (246: 1), (83: 2), (82: 1), (95: 2), (97: 3), (137: 1), (60: 3), (113: 3), (139: 1), (84: 2), (191: 1), (102: 2), (143: 1), (117: 1), (129: 1), (112: 1), (184: 1), (87: 3), (92: 1), (103: 2), (109: 2), (128: 1), (81: 2), (93: 2), (80: 4), (249: 1), (162: 1), (133: 1), (151: 1), (135: 2), (240: 1), (195: 1), (282: 1), (141: 1), (296: 1), (76: 1), 
eta estimation took 14326.602665901184 seconds
convergence took 8.720420360565186 seconds
Writing 50 graph samples...
