Reading graph...
Initializing markov chain
Starting Markov Chain convergence...
eta estimation parameters: N_swap 529000, C 10, T 500, u 1, alpha 0.04
burn in...
defaultdict(<class 'int'>, {2: 1988, 3: 23, 5: 1, 4: 4})
defaultdict(<class 'int'>, {2: 325547, 11: 1895, 6: 12311, 3: 96755, 4: 40708, 17: 557, 15: 795, 10: 2563, 5: 20943, 20: 379, 21: 278, 13: 1151, 7: 7614, 8: 5089, 37: 45, 24: 184, 27: 131, 14: 975, 12: 1523, 9: 3702, 31: 85, 23: 227, 16: 608, 22: 226, 57: 16, 19: 356, 104: 3, 18: 452, 44: 29, 25: 173, 36: 61, 33: 67, 28: 115, 201: 2, 26: 145, 77: 10, 32: 88, 100: 3, 51: 16, 29: 104, 50: 25, 198: 2, 30: 98, 67: 6, 34: 66, 46: 17, 40: 41, 39: 60, 52: 14, 54: 30, 83: 9, 35: 58, 282: 1, 62: 13, 55: 23, 94: 3, 207: 1, 43: 37, 85: 6, 47: 21, 76: 5, 38: 60, 66: 12, 165: 1, 68: 7, 48: 20, 79: 8, 58: 11, 41: 42, 59: 9, 146: 1, 87: 5, 49: 11, 88: 4, 53: 18, 56: 17, 96: 7, 69: 11, 89: 6, 45: 21, 156: 4, 80: 5, 98: 2, 188: 1, 95: 3, 84: 6, 71: 7, 103: 5, 72: 9, 81: 5, 503: 1, 63: 11, 97: 3, 116: 1, 138: 1, 92: 2, 120: 1, 78: 3, 65: 8, 42: 30, 145: 1, 128: 2, 70: 4, 106: 2, 75: 4, 101: 4, 73: 6, 93: 3, 186: 1, 82: 2, 310: 1, 90: 2, 134: 1, 118: 2, 60: 10, 177: 1, 61: 4, 131: 2, 450: 1, 64: 6, 406: 1, 109: 2, 114: 3, 226: 1, 119: 2, 221: 1, 191: 1, 113: 2, 74: 4, 91: 3, 179: 2, 86: 2, 213: 2, 122: 1, 232: 1, 228: 1, 182: 1, 185: 1, 105: 4, 107: 2, 110: 2, 479: 1, 334: 1, 158: 1, 365: 1, 178: 2, 219: 1, 121: 1, 142: 1, 102: 1, 161: 1, 166: 1, 136: 1, 372: 1, 155: 1, 196: 1, 274: 1, 151: 1, 211: 1, 133: 1, 157: 1, 251: 1, 162: 1, 123: 1, 172: 1, 447: 1, 369: 1, 187: 1, 183: 1, 361: 1, 235: 1, 297: 1, 163: 1, 149: 1, 159: 1, 180: 1, 167: 1, 125: 1, 148: 1, 272: 1})
Burn In : acceptation/refusals by k : 0.0038109640831758035
0.0038109640831758035
measuring sampling gap...
considering eta 138811...
eta 138811 refused (d_eta=7 <= u=1), trying eta=277622, acf = 0.10343761505078951
considering eta 277622...
eta 277622 refused (d_eta=7 <= u=1), trying eta=555244, acf = 0.1127788966151342
considering eta 555244...
eta 555244 refused (d_eta=6 <= u=1), trying eta=1110488, acf = 0.11538150924194082
considering eta 1110488...
eta 1110488 refused (d_eta=4 <= u=1), trying eta=2220976, acf = 0.05749095679150305
considering eta 2220976...
/home/morandeau/PKS_method/PKS_method/venv/lib/python3.13/site-packages/arch/unitroot/unitroot.py:774: PerformanceWarning: The value of max_lags was not specified and has been calculated as 147. Searching over a large lag length with a sample size of 2220976 is likely to be slow. Consider directly setting ``max_lags`` to a small value to avoid this performance issue.
  ic_best, best_lag = _df_select_lags(
/home/morandeau/PKS_method/PKS_method/venv/lib/python3.13/site-packages/arch/unitroot/unitroot.py:960: PerformanceWarning: The value of max_lags was not specified and has been calculated as 147. Searching over a large lag length with a sample size of 2220976 is likely to be slow. Consider directly setting ``max_lags`` to a small value to avoid this performance issue.
  _, bestlag = _df_select_lags(
  0% (0 of 50) |                         | Elapsed Time: 0:00:00 ETA:  --:--:--
  2% (1 of 50) |                         | Elapsed Time: 0:00:51 ETA:   0:41:40
  4% (2 of 50) |#                        | Elapsed Time: 0:01:39 ETA:   0:39:52
  6% (3 of 50) |#                        | Elapsed Time: 0:02:28 ETA:   0:38:41
  8% (4 of 50) |##                       | Elapsed Time: 0:03:16 ETA:   0:37:43
 10% (5 of 50) |##                       | Elapsed Time: 0:04:17 ETA:   0:38:39
 12% (6 of 50) |###                      | Elapsed Time: 0:05:06 ETA:   0:37:26
 14% (7 of 50) |###                      | Elapsed Time: 0:05:55 ETA:   0:36:21
 16% (8 of 50) |####                     | Elapsed Time: 0:06:43 ETA:   0:35:20
 18% (9 of 50) |####                     | Elapsed Time: 0:07:32 ETA:   0:34:22
 20% (10 of 50) |####                    | Elapsed Time: 0:08:21 ETA:   0:33:25
 22% (11 of 50) |#####                   | Elapsed Time: 0:09:16 ETA:   0:32:53
 24% (12 of 50) |#####                   | Elapsed Time: 0:10:05 ETA:   0:31:56
 26% (13 of 50) |######                  | Elapsed Time: 0:11:01 ETA:   0:31:23
 28% (14 of 50) |######                  | Elapsed Time: 0:11:50 ETA:   0:30:26
 30% (15 of 50) |#######                 | Elapsed Time: 0:12:39 ETA:   0:29:31
 32% (16 of 50) |#######                 | Elapsed Time: 0:13:27 ETA:   0:28:36
 34% (17 of 50) |########                | Elapsed Time: 0:14:20 ETA:   0:27:49
 36% (18 of 50) |########                | Elapsed Time: 0:15:09 ETA:   0:26:56
 38% (19 of 50) |#########               | Elapsed Time: 0:15:57 ETA:   0:26:02
 40% (20 of 50) |#########               | Elapsed Time: 0:16:46 ETA:   0:25:09
 42% (21 of 50) |##########              | Elapsed Time: 0:17:36 ETA:   0:24:18
 44% (22 of 50) |##########              | Elapsed Time: 0:18:25 ETA:   0:23:26
 46% (23 of 50) |###########             | Elapsed Time: 0:19:13 ETA:   0:22:34
 48% (24 of 50) |###########             | Elapsed Time: 0:20:02 ETA:   0:21:42
 50% (25 of 50) |############            | Elapsed Time: 0:20:51 ETA:   0:20:51
 52% (26 of 50) |############            | Elapsed Time: 0:21:40 ETA:   0:20:00
 54% (27 of 50) |############            | Elapsed Time: 0:22:29 ETA:   0:19:09
 56% (28 of 50) |#############           | Elapsed Time: 0:23:18 ETA:   0:18:18
 58% (29 of 50) |#############           | Elapsed Time: 0:24:08 ETA:   0:17:28
 60% (30 of 50) |##############          | Elapsed Time: 0:25:11 ETA:   0:16:47
 62% (31 of 50) |##############          | Elapsed Time: 0:25:59 ETA:   0:15:56
 64% (32 of 50) |###############         | Elapsed Time: 0:26:51 ETA:   0:15:06
 66% (33 of 50) |###############         | Elapsed Time: 0:27:42 ETA:   0:14:16
 68% (34 of 50) |################        | Elapsed Time: 0:28:31 ETA:   0:13:25
 70% (35 of 50) |################        | Elapsed Time: 0:29:20 ETA:   0:12:34
 72% (36 of 50) |#################       | Elapsed Time: 0:30:08 ETA:   0:11:43
 74% (37 of 50) |#################       | Elapsed Time: 0:30:57 ETA:   0:10:52
 76% (38 of 50) |##################      | Elapsed Time: 0:31:45 ETA:   0:10:01
 78% (39 of 50) |##################      | Elapsed Time: 0:32:38 ETA:   0:09:12
 80% (40 of 50) |###################     | Elapsed Time: 0:33:39 ETA:   0:08:24
 82% (41 of 50) |###################     | Elapsed Time: 0:34:30 ETA:   0:07:34
 84% (42 of 50) |####################    | Elapsed Time: 0:35:18 ETA:   0:06:43
 86% (43 of 50) |####################    | Elapsed Time: 0:36:09 ETA:   0:05:53
 88% (44 of 50) |#####################   | Elapsed Time: 0:36:57 ETA:   0:05:02
 90% (45 of 50) |#####################   | Elapsed Time: 0:37:45 ETA:   0:04:11
 92% (46 of 50) |######################  | Elapsed Time: 0:38:34 ETA:   0:03:21
 94% (47 of 50) |######################  | Elapsed Time: 0:39:22 ETA:   0:02:30
 96% (48 of 50) |####################### | Elapsed Time: 0:40:10 ETA:   0:01:40
 98% (49 of 50) |####################### | Elapsed Time: 0:40:58 ETA:   0:00:50
100% (50 of 50) |########################| Elapsed Time: 0:41:47 Time:  0:41:47
eta 2220976 accepted (d_eta=1 <= u=1)
running markov chain and checking convergence...
test statistic : -9.547582171147713,
 Markov chain is stationnary if test statistic < -2.567827186113089
Convergence : acceptation by k
(2: 8703), (3: 124), (4: 19), (5: 1), 
Convergence : refusal by k
(2: 1365563), (8: 21503), (4: 171734), (3: 407068), (5: 88150), (27: 558), (6: 51041), (14: 4004), (7: 31895), (11: 8262), (9: 14885), (10: 10981), (59: 48), (13: 4878), (29: 436), (12: 6341), (32: 335), (17: 2224), (16: 2708), (40: 172), (31: 361), (25: 699), (15: 3306), (20: 1397), (22: 1028), (75: 22), (19: 1559), (24: 735), (45: 104), (30: 396), (21: 1179), (244: 1), (18: 1844), (43: 166), (60: 63), (23: 943), (26: 628), (49: 80), (35: 245), (28: 528), (47: 102), (39: 177), (48: 97), (36: 227), (34: 255), (51: 87), (37: 209), (54: 72), (33: 297), (90: 20), (44: 130), (68: 41), (70: 25), (71: 32), (141: 6), (76: 31), (56: 50), (42: 119), (65: 42), (69: 39), (93: 19), (81: 18), (41: 138), (72: 23), (38: 184), (55: 83), (111: 9), (61: 47), (153: 4), (442: 1), (98: 10), (103: 5), (143: 6), (239: 3), (397: 1), (99: 10), (63: 54), (50: 79), (46: 109), (137: 6), (162: 6), (265: 3), (57: 50), (140: 7), (52: 64), (66: 34), (85: 10), (64: 42), (84: 25), (230: 2), (58: 54), (114: 12), (241: 1), (74: 15), (92: 15), (53: 64), (203: 5), (97: 7), (291: 1), (229: 1), (91: 16), (79: 16), (87: 21), (86: 18), (150: 4), (105: 11), (109: 8), (67: 27), (101: 14), (128: 8), (73: 27), (82: 20), (62: 41), (107: 9), (145: 7), (78: 26), (120: 7), (308: 1), (94: 8), (83: 22), (89: 14), (211: 2), (106: 7), (121: 8), (156: 3), (133: 8), (174: 4), (110: 8), (102: 9), (119: 2), (198: 3), (95: 10), (126: 3), (80: 23), (77: 15), (127: 8), (88: 14), (160: 5), (401: 1), (123: 5), (116: 4), (115: 7), (228: 1), (166: 6), (117: 6), (167: 5), (139: 2), (148: 5), (112: 14), (263: 1), (138: 2), (227: 2), (205: 2), (179: 3), (363: 1), (100: 9), (130: 5), (231: 1), (118: 7), (131: 4), (124: 8), (260: 2), (217: 2), (142: 2), (178: 2), (358: 1), (518: 1), (146: 8), (245: 2), (283: 1), (219: 1), (196: 2), (171: 2), (129: 2), (96: 9), (218: 4), (175: 3), (113: 8), (159: 1), (134: 4), (364: 1), (108: 10), (155: 4), (104: 9), (163: 3), (318: 1), (190: 2), (204: 1), (149: 3), (237: 2), (261: 2), (278: 1), (182: 7), (210: 1), (136: 3), (277: 2), (347: 1), (424: 1), (209: 3), (181: 2), (246: 2), (280: 1), (258: 1), (152: 3), (206: 1), (220: 1), (331: 1), (319: 1), (176: 1), (158: 2), (259: 2), (346: 1), (170: 2), (165: 2), (122: 5), (161: 3), (147: 2), (184: 1), (186: 2), (449: 1), (212: 1), (185: 3), (154: 3), (194: 3), (132: 4), (135: 2), (402: 1), (164: 3), (151: 4), (197: 1), (215: 1), (189: 1), (371: 1), (216: 1), (213: 1), (191: 2), (281: 1), (324: 1), (144: 1), (405: 1), (168: 1), (352: 1), (305: 1), (301: 1), (157: 2), (262: 1), (326: 1), (125: 2), (359: 1), (254: 1), (169: 1), (453: 1), (355: 1), (300: 1), (419: 1), (248: 1), (268: 1), (214: 1), (337: 1), (172: 1), (508: 1), (273: 1), (329: 1), (306: 1), (199: 1), (207: 1), (499: 1), 
eta estimation took 98611.90388917923 seconds
convergence took 95.82045149803162 seconds
Writing 50 graph samples...
