Reading graph...
Initializing markov chain
Starting Markov Chain convergence...
eta estimation parameters: N_swap 233000, C 10, T 500, u 1, alpha 0.04
burn in...
defaultdict(<class 'int'>, {2: 2177, 3: 54, 4: 9, 5: 1})
defaultdict(<class 'int'>, {2: 142285, 3: 42726, 4: 18106, 5: 9196, 13: 509, 7: 3247, 11: 816, 6: 5245, 9: 1617, 14: 410, 10: 1091, 17: 229, 16: 244, 8: 2215, 39: 23, 18: 190, 12: 646, 38: 23, 15: 345, 32: 33, 69: 3, 21: 126, 25: 71, 23: 93, 20: 125, 49: 16, 28: 51, 36: 21, 31: 46, 63: 3, 19: 168, 24: 81, 22: 107, 26: 70, 27: 52, 43: 15, 47: 12, 50: 4, 45: 12, 42: 18, 30: 42, 35: 30, 34: 33, 94: 2, 56: 6, 37: 26, 64: 7, 41: 18, 224: 1, 57: 8, 29: 55, 68: 4, 33: 29, 164: 1, 106: 1, 53: 7, 58: 4, 89: 3, 78: 1, 70: 2, 97: 2, 60: 7, 132: 1, 103: 1, 91: 1, 100: 3, 67: 2, 46: 10, 71: 4, 82: 3, 95: 2, 44: 10, 117: 2, 210: 1, 207: 1, 112: 1, 123: 1, 55: 9, 137: 1, 40: 15, 75: 2, 59: 7, 122: 1, 65: 7, 72: 5, 54: 4, 90: 3, 194: 2, 52: 4, 74: 1, 62: 5, 134: 1, 225: 1, 80: 7, 48: 6, 61: 3, 99: 4, 87: 4, 110: 3, 107: 1, 176: 1, 98: 2, 51: 5, 142: 1, 220: 1, 138: 2, 77: 2, 66: 2, 171: 1, 156: 1, 119: 1, 105: 1, 102: 1, 131: 1, 101: 3, 84: 2, 76: 1, 83: 1, 85: 1, 151: 2, 79: 1, 88: 1, 136: 1, 149: 1, 193: 1, 114: 1, 203: 1, 113: 1, 127: 1})
Burn In : acceptation/refusals by k : 0.009618025751072961
0.009618025751072961
measuring sampling gap...
considering eta 24226...
eta 24226 refused (d_eta=10 <= u=1), trying eta=48452, acf = 0.42020752441326165
considering eta 48452...
eta 48452 refused (d_eta=10 <= u=1), trying eta=96904, acf = 0.3794658177846634
considering eta 96904...
eta 96904 refused (d_eta=10 <= u=1), trying eta=193808, acf = 0.3117175791505246
considering eta 193808...
eta 193808 refused (d_eta=10 <= u=1), trying eta=387616, acf = 0.23031128834797115
considering eta 387616...
eta 387616 refused (d_eta=9 <= u=1), trying eta=775232, acf = 0.13406603942313222
considering eta 775232...
eta 775232 refused (d_eta=5 <= u=1), trying eta=1550464, acf = 0.07002636260338686
considering eta 1550464...
eta 1550464 refused (d_eta=2 <= u=1), trying eta=3100928, acf = 0.031815009046155994
considering eta 3100928...
/home/morandeau/PKS_method/PKS_method/venv/lib/python3.13/site-packages/arch/unitroot/unitroot.py:774: PerformanceWarning: The value of max_lags was not specified and has been calculated as 160. Searching over a large lag length with a sample size of 3100928 is likely to be slow. Consider directly setting ``max_lags`` to a small value to avoid this performance issue.
  ic_best, best_lag = _df_select_lags(
/home/morandeau/PKS_method/PKS_method/venv/lib/python3.13/site-packages/arch/unitroot/unitroot.py:960: PerformanceWarning: The value of max_lags was not specified and has been calculated as 160. Searching over a large lag length with a sample size of 3100928 is likely to be slow. Consider directly setting ``max_lags`` to a small value to avoid this performance issue.
  _, bestlag = _df_select_lags(
  0% (0 of 50) |                         | Elapsed Time: 0:00:00 ETA:  --:--:--
  2% (1 of 50) |                         | Elapsed Time: 0:01:09 ETA:   0:56:57
  4% (2 of 50) |#                        | Elapsed Time: 0:02:23 ETA:   0:57:12
  6% (3 of 50) |#                        | Elapsed Time: 0:03:32 ETA:   0:55:27
  8% (4 of 50) |##                       | Elapsed Time: 0:04:41 ETA:   0:54:02
 10% (5 of 50) |##                       | Elapsed Time: 0:05:54 ETA:   0:53:07
 12% (6 of 50) |###                      | Elapsed Time: 0:07:02 ETA:   0:51:39
 14% (7 of 50) |###                      | Elapsed Time: 0:08:11 ETA:   0:50:19
 16% (8 of 50) |####                     | Elapsed Time: 0:09:19 ETA:   0:48:59
 18% (9 of 50) |####                     | Elapsed Time: 0:10:29 ETA:   0:47:45
 20% (10 of 50) |####                    | Elapsed Time: 0:11:37 ETA:   0:46:30
 22% (11 of 50) |#####                   | Elapsed Time: 0:12:46 ETA:   0:45:17
 24% (12 of 50) |#####                   | Elapsed Time: 0:13:54 ETA:   0:44:03
 26% (13 of 50) |######                  | Elapsed Time: 0:15:03 ETA:   0:42:51
 28% (14 of 50) |######                  | Elapsed Time: 0:16:12 ETA:   0:41:40
 30% (15 of 50) |#######                 | Elapsed Time: 0:17:22 ETA:   0:40:31
 32% (16 of 50) |#######                 | Elapsed Time: 0:18:30 ETA:   0:39:20
 34% (17 of 50) |########                | Elapsed Time: 0:19:40 ETA:   0:38:10
 36% (18 of 50) |########                | Elapsed Time: 0:20:48 ETA:   0:36:59
 38% (19 of 50) |#########               | Elapsed Time: 0:21:57 ETA:   0:35:49
 40% (20 of 50) |#########               | Elapsed Time: 0:23:05 ETA:   0:34:38
 42% (21 of 50) |##########              | Elapsed Time: 0:24:14 ETA:   0:33:28
 44% (22 of 50) |##########              | Elapsed Time: 0:25:23 ETA:   0:32:18
 46% (23 of 50) |###########             | Elapsed Time: 0:26:31 ETA:   0:31:08
 48% (24 of 50) |###########             | Elapsed Time: 0:27:40 ETA:   0:29:59
 50% (25 of 50) |############            | Elapsed Time: 0:28:49 ETA:   0:28:49
 52% (26 of 50) |############            | Elapsed Time: 0:29:57 ETA:   0:27:39
 54% (27 of 50) |############            | Elapsed Time: 0:31:07 ETA:   0:26:30
 56% (28 of 50) |#############           | Elapsed Time: 0:32:16 ETA:   0:25:21
 58% (29 of 50) |#############           | Elapsed Time: 0:33:26 ETA:   0:24:13
 60% (30 of 50) |##############          | Elapsed Time: 0:34:35 ETA:   0:23:03
 62% (31 of 50) |##############          | Elapsed Time: 0:35:45 ETA:   0:21:55
 64% (32 of 50) |###############         | Elapsed Time: 0:36:54 ETA:   0:20:45
 66% (33 of 50) |###############         | Elapsed Time: 0:38:03 ETA:   0:19:36
 68% (34 of 50) |################        | Elapsed Time: 0:39:12 ETA:   0:18:27
 70% (35 of 50) |################        | Elapsed Time: 0:40:21 ETA:   0:17:17
 72% (36 of 50) |#################       | Elapsed Time: 0:41:30 ETA:   0:16:08
 74% (37 of 50) |#################       | Elapsed Time: 0:42:39 ETA:   0:14:59
 76% (38 of 50) |##################      | Elapsed Time: 0:43:49 ETA:   0:13:50
 78% (39 of 50) |##################      | Elapsed Time: 0:44:59 ETA:   0:12:41
 80% (40 of 50) |###################     | Elapsed Time: 0:46:08 ETA:   0:11:32
 82% (41 of 50) |###################     | Elapsed Time: 0:47:17 ETA:   0:10:22
 84% (42 of 50) |####################    | Elapsed Time: 0:48:25 ETA:   0:09:13
 86% (43 of 50) |####################    | Elapsed Time: 0:49:34 ETA:   0:08:04
 88% (44 of 50) |#####################   | Elapsed Time: 0:50:43 ETA:   0:06:54
 90% (45 of 50) |#####################   | Elapsed Time: 0:51:52 ETA:   0:05:45
 92% (46 of 50) |######################  | Elapsed Time: 0:53:00 ETA:   0:04:36
 94% (47 of 50) |######################  | Elapsed Time: 0:54:09 ETA:   0:03:27
 96% (48 of 50) |####################### | Elapsed Time: 0:55:19 ETA:   0:02:18
 98% (49 of 50) |####################### | Elapsed Time: 0:56:28 ETA:   0:01:09
100% (50 of 50) |########################| Elapsed Time: 0:57:36 Time:  0:57:36
eta 3100928 accepted (d_eta=0 <= u=1)
running markov chain and checking convergence...
test statistic : -8.433183977307687,
 Markov chain is stationnary if test statistic < -2.567824559462826
Convergence : acceptation by k
(2: 42382), (3: 1251), (4: 189), (5: 26), (7: 2), (6: 6), (9: 1), 
Convergence : refusal by k
(2: 1875398), (3: 568244), (20: 1929), (4: 239293), (6: 70689), (5: 122789), (7: 44980), (8: 29596), (12: 8929), (17: 3071), (11: 11649), (27: 779), (10: 15413), (139: 6), (42: 218), (14: 5470), (28: 783), (15: 4644), (9: 21135), (13: 7009), (16: 3761), (23: 1296), (18: 2579), (26: 859), (21: 1724), (38: 264), (57: 84), (19: 2281), (33: 402), (22: 1412), (30: 590), (55: 82), (44: 160), (29: 607), (34: 399), (49: 137), (24: 1146), (65: 47), (32: 419), (25: 911), (47: 139), (37: 306), (88: 25), (35: 384), (72: 33), (31: 498), (53: 114), (43: 208), (40: 233), (54: 111), (75: 44), (61: 70), (45: 183), (66: 60), (71: 40), (89: 22), (52: 111), (51: 116), (41: 234), (67: 43), (178: 6), (46: 156), (59: 68), (85: 28), (70: 49), (87: 31), (76: 44), (123: 12), (103: 17), (184: 4), (93: 24), (36: 288), (39: 288), (69: 49), (117: 12), (175: 4), (91: 28), (48: 147), (218: 2), (58: 90), (118: 10), (112: 14), (127: 7), (82: 26), (63: 61), (68: 49), (79: 32), (94: 21), (80: 32), (213: 1), (194: 2), (142: 6), (198: 5), (60: 80), (84: 24), (90: 20), (163: 5), (189: 2), (110: 17), (113: 9), (81: 29), (160: 6), (56: 94), (50: 94), (97: 17), (144: 6), (64: 62), (122: 11), (125: 8), (92: 23), (73: 46), (192: 1), (101: 8), (143: 12), (78: 29), (111: 8), (181: 5), (120: 4), (74: 39), (150: 6), (154: 4), (164: 7), (212: 1), (83: 25), (173: 7), (115: 12), (141: 6), (99: 11), (104: 14), (121: 5), (131: 11), (135: 7), (126: 7), (166: 6), (119: 11), (95: 12), (186: 3), (96: 18), (146: 7), (134: 8), (105: 6), (77: 44), (168: 1), (149: 5), (62: 62), (107: 21), (190: 3), (106: 9), (114: 14), (128: 7), (152: 3), (214: 2), (148: 7), (137: 4), (129: 8), (86: 23), (204: 2), (169: 5), (165: 4), (232: 3), (179: 3), (209: 3), (102: 12), (108: 8), (155: 1), (197: 4), (132: 5), (196: 3), (100: 10), (138: 9), (116: 9), (200: 2), (124: 6), (182: 3), (188: 2), (136: 5), (185: 2), (158: 4), (147: 4), (159: 6), (161: 3), (157: 5), (140: 3), (228: 2), (215: 4), (177: 4), (219: 3), (223: 2), (153: 4), (109: 9), (222: 2), (98: 10), (206: 2), (207: 1), (199: 1), (156: 4), (230: 1), (176: 2), (130: 4), (221: 2), (205: 2), (183: 4), (191: 3), (217: 2), (171: 1), (170: 3), (162: 3), (145: 5), (203: 2), (201: 3), (226: 1), (167: 2), (172: 1), (211: 2), (229: 1), (133: 3), (210: 1), (220: 1), (180: 1), (202: 3), (187: 1), (174: 1), (151: 2), (224: 1), (195: 2), 
eta estimation took 139579.77476882935 seconds
convergence took 127.69778847694397 seconds
Writing 50 graph samples...
