Reading graph...
Initializing markov chain
Starting Markov Chain convergence...
eta estimation parameters: N_swap 186000, C 10, T 500, u 1, alpha 0.04
burn in...
defaultdict(<class 'int'>, {2: 5599, 3: 336, 4: 49, 8: 1, 5: 10})
defaultdict(<class 'int'>, {5: 7451, 2: 109583, 4: 14282, 6: 4243, 3: 33554, 8: 1840, 17: 169, 63: 5, 9: 1267, 10: 863, 12: 541, 20: 102, 11: 705, 22: 93, 13: 448, 7: 2720, 18: 169, 25: 53, 14: 338, 15: 307, 47: 12, 61: 5, 19: 132, 37: 14, 32: 22, 34: 23, 16: 228, 38: 10, 56: 6, 55: 6, 28: 38, 49: 8, 30: 53, 21: 97, 65: 3, 23: 84, 35: 14, 46: 10, 90: 3, 64: 2, 27: 45, 44: 15, 26: 50, 45: 7, 29: 33, 40: 18, 54: 7, 41: 17, 33: 25, 36: 13, 31: 31, 24: 68, 53: 7, 76: 4, 51: 9, 57: 5, 39: 11, 123: 1, 81: 1, 48: 10, 147: 1, 84: 2, 143: 1, 111: 1, 43: 14, 114: 1, 108: 3, 152: 1, 62: 3, 77: 7, 89: 1, 71: 5, 66: 2, 80: 1, 74: 3, 50: 5, 101: 2, 82: 1, 124: 1, 70: 4, 58: 3, 68: 3, 115: 2, 94: 3, 113: 1, 110: 2, 73: 1, 97: 1, 132: 1, 126: 1, 42: 7, 78: 3, 87: 2, 60: 6, 172: 1, 52: 7, 91: 2, 112: 1, 103: 2, 130: 1, 100: 1, 166: 1, 105: 1, 156: 1, 95: 3, 59: 1, 85: 1, 127: 1, 83: 1, 139: 1, 118: 1, 177: 1, 98: 1, 86: 1})
Burn In : acceptation/refusals by k : 0.03223118279569893
0.03223118279569893
measuring sampling gap...
considering eta 5771...
eta 5771 refused (d_eta=10 <= u=1), trying eta=11542, acf = 0.34324717927167303
considering eta 11542...
eta 11542 refused (d_eta=10 <= u=1), trying eta=23084, acf = 0.24354554070970108
considering eta 23084...
eta 23084 refused (d_eta=7 <= u=1), trying eta=46168, acf = 0.10560271065492582
considering eta 46168...
eta 46168 refused (d_eta=4 <= u=1), trying eta=92336, acf = 0.056909822368731586
considering eta 92336...
eta 92336 accepted (d_eta=0 <= u=1)
running markov chain and checking convergence...
test statistic : -1.0609499118528785,
 Markov chain is stationnary if test statistic < -2.5680405662565446
test statistic : -2.498493184821109,
 Markov chain is stationnary if test statistic < -2.568040653091085
test statistic : -3.004481866220602,
 Markov chain is stationnary if test statistic < -2.5680405590233892
Convergence : acceptation by k
(2: 8502), (3: 527), (4: 90), (7: 3), (5: 15), (6: 3), 
Convergence : refusal by k
(2: 162467), (5: 11043), (3: 50290), (4: 21327), (6: 6332), (10: 1502), (12: 811), (13: 637), (19: 190), (26: 79), (9: 1975), (67: 8), (7: 3975), (15: 422), (8: 2681), (18: 230), (22: 134), (11: 1074), (25: 106), (14: 464), (38: 28), (20: 160), (17: 292), (30: 61), (62: 6), (21: 165), (52: 12), (24: 95), (121: 1), (40: 24), (66: 5), (23: 126), (41: 21), (16: 341), (27: 66), (32: 29), (28: 53), (35: 26), (31: 45), (50: 12), (36: 32), (54: 13), (29: 50), (34: 30), (44: 18), (80: 3), (111: 3), (46: 18), (55: 6), (131: 3), (43: 17), (37: 25), (86: 5), (78: 5), (56: 8), (61: 9), (53: 5), (33: 47), (76: 6), (48: 8), (73: 1), (39: 26), (47: 15), (118: 1), (81: 5), (123: 1), (42: 11), (85: 5), (58: 6), (82: 4), (138: 1), (60: 6), (71: 5), (68: 3), (83: 3), (160: 2), (57: 8), (49: 12), (45: 12), (135: 1), (91: 2), (167: 1), (63: 5), (92: 3), (117: 2), (51: 7), (72: 2), (88: 2), (59: 6), (97: 2), (102: 2), (75: 6), (65: 5), (74: 5), (69: 3), (120: 2), (99: 3), (104: 3), (108: 1), (93: 3), (70: 3), (84: 2), (171: 1), (106: 3), (96: 2), (79: 2), (98: 2), (125: 1), (129: 1), (181: 1), (64: 1), (119: 1), (164: 1), (87: 3), (180: 1), (155: 1), (158: 1), (77: 3), (89: 1), (95: 2), (115: 1), (107: 3), (109: 1), (94: 3), (172: 1), (100: 1), (140: 1), (101: 1), (127: 1), (130: 1), (179: 1), (112: 1), 
eta estimation took 6000.726683855057 seconds
convergence took 19.475841760635376 seconds
Writing 50 graph samples...
  0% (0 of 50) |                         | Elapsed Time: 0:00:00 ETA:  --:--:--
  2% (1 of 50) |                         | Elapsed Time: 0:00:02 ETA:   0:02:11
  4% (2 of 50) |#                        | Elapsed Time: 0:00:05 ETA:   0:02:08
  6% (3 of 50) |#                        | Elapsed Time: 0:00:08 ETA:   0:02:06
  8% (4 of 50) |##                       | Elapsed Time: 0:00:10 ETA:   0:02:03
 10% (5 of 50) |##                       | Elapsed Time: 0:00:13 ETA:   0:02:00
 12% (6 of 50) |###                      | Elapsed Time: 0:00:16 ETA:   0:01:57
 14% (7 of 50) |###                      | Elapsed Time: 0:00:18 ETA:   0:01:55
 16% (8 of 50) |####                     | Elapsed Time: 0:00:21 ETA:   0:01:52
 18% (9 of 50) |####                     | Elapsed Time: 0:00:24 ETA:   0:01:49
 20% (10 of 50) |####                    | Elapsed Time: 0:00:27 ETA:   0:01:48
 22% (11 of 50) |#####                   | Elapsed Time: 0:00:30 ETA:   0:01:46
 24% (12 of 50) |#####                   | Elapsed Time: 0:00:32 ETA:   0:01:43
 26% (13 of 50) |######                  | Elapsed Time: 0:00:35 ETA:   0:01:41
 28% (14 of 50) |######                  | Elapsed Time: 0:00:39 ETA:   0:01:41
 30% (15 of 50) |#######                 | Elapsed Time: 0:00:42 ETA:   0:01:40
 32% (16 of 50) |#######                 | Elapsed Time: 0:00:46 ETA:   0:01:39
 34% (17 of 50) |########                | Elapsed Time: 0:00:50 ETA:   0:01:37
 36% (18 of 50) |########                | Elapsed Time: 0:00:54 ETA:   0:01:36
 38% (19 of 50) |#########               | Elapsed Time: 0:00:57 ETA:   0:01:34
 40% (20 of 50) |#########               | Elapsed Time: 0:01:01 ETA:   0:01:32
 42% (21 of 50) |##########              | Elapsed Time: 0:01:05 ETA:   0:01:29
 44% (22 of 50) |##########              | Elapsed Time: 0:01:08 ETA:   0:01:27
 46% (23 of 50) |###########             | Elapsed Time: 0:01:12 ETA:   0:01:25
 48% (24 of 50) |###########             | Elapsed Time: 0:01:16 ETA:   0:01:22
 50% (25 of 50) |############            | Elapsed Time: 0:01:19 ETA:   0:01:19
 52% (26 of 50) |############            | Elapsed Time: 0:01:22 ETA:   0:01:15
 54% (27 of 50) |############            | Elapsed Time: 0:01:24 ETA:   0:01:12
 56% (28 of 50) |#############           | Elapsed Time: 0:01:27 ETA:   0:01:08
 58% (29 of 50) |#############           | Elapsed Time: 0:01:30 ETA:   0:01:05
 60% (30 of 50) |##############          | Elapsed Time: 0:01:32 ETA:   0:01:01
 62% (31 of 50) |##############          | Elapsed Time: 0:01:35 ETA:   0:00:58
 64% (32 of 50) |###############         | Elapsed Time: 0:01:38 ETA:   0:00:55
 66% (33 of 50) |###############         | Elapsed Time: 0:01:40 ETA:   0:00:51
 68% (34 of 50) |################        | Elapsed Time: 0:01:43 ETA:   0:00:48
 70% (35 of 50) |################        | Elapsed Time: 0:01:46 ETA:   0:00:45
 72% (36 of 50) |#################       | Elapsed Time: 0:01:48 ETA:   0:00:42
 74% (37 of 50) |#################       | Elapsed Time: 0:01:51 ETA:   0:00:39
 76% (38 of 50) |##################      | Elapsed Time: 0:01:54 ETA:   0:00:36
 78% (39 of 50) |##################      | Elapsed Time: 0:01:56 ETA:   0:00:32
 80% (40 of 50) |###################     | Elapsed Time: 0:01:59 ETA:   0:00:29
 82% (41 of 50) |###################     | Elapsed Time: 0:02:02 ETA:   0:00:26
 84% (42 of 50) |####################    | Elapsed Time: 0:02:05 ETA:   0:00:23
 86% (43 of 50) |####################    | Elapsed Time: 0:02:07 ETA:   0:00:20
 88% (44 of 50) |#####################   | Elapsed Time: 0:02:10 ETA:   0:00:17
 90% (45 of 50) |#####################   | Elapsed Time: 0:02:13 ETA:   0:00:14
 92% (46 of 50) |######################  | Elapsed Time: 0:02:15 ETA:   0:00:11
 94% (47 of 50) |######################  | Elapsed Time: 0:02:18 ETA:   0:00:08
 96% (48 of 50) |####################### | Elapsed Time: 0:02:21 ETA:   0:00:05
 98% (49 of 50) |####################### | Elapsed Time: 0:02:23 ETA:   0:00:02
100% (50 of 50) |########################| Elapsed Time: 0:02:26 Time:  0:02:26
