Reading graph...
Initializing markov chain
Starting Markov Chain convergence...
eta estimation parameters: N_swap 68000, C 10, T 500, u 1, alpha 0.04
burn in...
defaultdict(<class 'int'>, {2: 2128, 3: 102, 4: 21, 5: 5, 6: 2})
defaultdict(<class 'int'>, {3: 12420, 4: 5260, 2: 39936, 6: 1556, 12: 192, 8: 674, 9: 484, 5: 2651, 7: 969, 10: 344, 43: 5, 16: 72, 14: 116, 13: 154, 24: 23, 20: 50, 11: 270, 31: 11, 41: 3, 25: 21, 42: 6, 19: 41, 36: 3, 35: 4, 28: 11, 15: 90, 21: 34, 18: 50, 29: 16, 34: 7, 23: 30, 45: 5, 17: 79, 26: 15, 30: 7, 27: 22, 22: 24, 58: 3, 44: 5, 40: 6, 53: 2, 38: 13, 59: 3, 65: 1, 52: 2, 56: 3, 37: 4, 54: 4, 60: 4, 63: 2, 32: 10, 64: 2, 57: 2, 62: 2, 46: 1, 47: 1, 33: 6, 39: 3, 67: 1, 51: 1, 48: 1, 50: 3, 55: 1, 49: 1})
Burn In : acceptation/refusals by k : 0.033205882352941175
0.033205882352941175
measuring sampling gap...
considering eta 2048...
  0% (0 of 50) |                         | Elapsed Time: 0:00:00 ETA:  --:--:--
  2% (1 of 50) |                         | Elapsed Time: 0:00:00 ETA:   0:00:40
  4% (2 of 50) |#                        | Elapsed Time: 0:00:01 ETA:   0:00:40
  6% (3 of 50) |#                        | Elapsed Time: 0:00:02 ETA:   0:00:39
  8% (4 of 50) |##                       | Elapsed Time: 0:00:03 ETA:   0:00:38
 10% (5 of 50) |##                       | Elapsed Time: 0:00:04 ETA:   0:00:37
 12% (6 of 50) |###                      | Elapsed Time: 0:00:05 ETA:   0:00:36
 14% (7 of 50) |###                      | Elapsed Time: 0:00:05 ETA:   0:00:36
 16% (8 of 50) |####                     | Elapsed Time: 0:00:06 ETA:   0:00:35
 18% (9 of 50) |####                     | Elapsed Time: 0:00:07 ETA:   0:00:34
 20% (10 of 50) |####                    | Elapsed Time: 0:00:08 ETA:   0:00:33
 22% (11 of 50) |#####                   | Elapsed Time: 0:00:09 ETA:   0:00:32
 24% (12 of 50) |#####                   | Elapsed Time: 0:00:10 ETA:   0:00:31
 26% (13 of 50) |######                  | Elapsed Time: 0:00:10 ETA:   0:00:30
 28% (14 of 50) |######                  | Elapsed Time: 0:00:11 ETA:   0:00:30
 30% (15 of 50) |#######                 | Elapsed Time: 0:00:12 ETA:   0:00:29
 32% (16 of 50) |#######                 | Elapsed Time: 0:00:13 ETA:   0:00:28
 34% (17 of 50) |########                | Elapsed Time: 0:00:14 ETA:   0:00:27
 36% (18 of 50) |########                | Elapsed Time: 0:00:15 ETA:   0:00:26
 38% (19 of 50) |#########               | Elapsed Time: 0:00:15 ETA:   0:00:25
 40% (20 of 50) |#########               | Elapsed Time: 0:00:16 ETA:   0:00:25
 42% (21 of 50) |##########              | Elapsed Time: 0:00:17 ETA:   0:00:24
 44% (22 of 50) |##########              | Elapsed Time: 0:00:18 ETA:   0:00:23
 46% (23 of 50) |###########             | Elapsed Time: 0:00:19 ETA:   0:00:22
 48% (24 of 50) |###########             | Elapsed Time: 0:00:20 ETA:   0:00:21
 50% (25 of 50) |############            | Elapsed Time: 0:00:20 ETA:   0:00:20
 52% (26 of 50) |############            | Elapsed Time: 0:00:21 ETA:   0:00:20
 54% (27 of 50) |############            | Elapsed Time: 0:00:22 ETA:   0:00:19
 56% (28 of 50) |#############           | Elapsed Time: 0:00:23 ETA:   0:00:18
 58% (29 of 50) |#############           | Elapsed Time: 0:00:24 ETA:   0:00:17
 60% (30 of 50) |##############          | Elapsed Time: 0:00:25 ETA:   0:00:16
 62% (31 of 50) |##############          | Elapsed Time: 0:00:25 ETA:   0:00:15
 64% (32 of 50) |###############         | Elapsed Time: 0:00:26 ETA:   0:00:14
 66% (33 of 50) |###############         | Elapsed Time: 0:00:27 ETA:   0:00:14
 68% (34 of 50) |################        | Elapsed Time: 0:00:28 ETA:   0:00:13
 70% (35 of 50) |################        | Elapsed Time: 0:00:29 ETA:   0:00:12
 72% (36 of 50) |#################       | Elapsed Time: 0:00:29 ETA:   0:00:11
 74% (37 of 50) |#################       | Elapsed Time: 0:00:30 ETA:   0:00:10
 76% (38 of 50) |##################      | Elapsed Time: 0:00:31 ETA:   0:00:09
 78% (39 of 50) |##################      | Elapsed Time: 0:00:32 ETA:   0:00:09
 80% (40 of 50) |###################     | Elapsed Time: 0:00:33 ETA:   0:00:08
 82% (41 of 50) |###################     | Elapsed Time: 0:00:34 ETA:   0:00:07
 84% (42 of 50) |####################    | Elapsed Time: 0:00:35 ETA:   0:00:06
 86% (43 of 50) |####################    | Elapsed Time: 0:00:35 ETA:   0:00:05
 88% (44 of 50) |#####################   | Elapsed Time: 0:00:36 ETA:   0:00:05
 90% (45 of 50) |#####################   | Elapsed Time: 0:00:37 ETA:   0:00:04
 92% (46 of 50) |######################  | Elapsed Time: 0:00:38 ETA:   0:00:03
 94% (47 of 50) |######################  | Elapsed Time: 0:00:39 ETA:   0:00:02
 96% (48 of 50) |####################### | Elapsed Time: 0:00:40 ETA:   0:00:01
 98% (49 of 50) |####################### | Elapsed Time: 0:00:40 ETA:   0:00:00
100% (50 of 50) |########################| Elapsed Time: 0:00:41 Time:  0:00:41
eta 2048 refused (d_eta=10 <= u=1), trying eta=4096.
considering eta 4096...
eta 4096 refused (d_eta=10 <= u=1), trying eta=8192.
considering eta 8192...
eta 8192 refused (d_eta=7 <= u=1), trying eta=16384.
considering eta 16384...
eta 16384 refused (d_eta=2 <= u=1), trying eta=32768.
considering eta 32768...
eta 32768 accepted (d_eta=0 <= u=1)
running markov chain and checking convergence...
test statistic : -3.7581615983851826,
 Markov chain is stationnary if test statistic < -2.568445202731353
Convergence : acceptation by k
(2: 967), (3: 46), (4: 3), 
Convergence : refusal by k
(2: 19375), (3: 5895), (5: 1362), (4: 2481), (19: 26), (17: 27), (6: 731), (7: 448), (9: 217), (11: 115), (8: 309), (10: 168), (22: 18), (13: 92), (38: 5), (23: 15), (34: 5), (15: 59), (16: 43), (14: 62), (31: 9), (26: 10), (18: 22), (25: 12), (12: 102), (59: 2), (30: 10), (21: 17), (24: 14), (20: 19), (42: 4), (47: 3), (43: 2), (27: 8), (51: 2), (33: 4), (28: 10), (36: 7), (37: 5), (44: 1), (29: 7), (46: 3), (63: 1), (55: 2), (35: 4), (39: 1), (54: 1), (41: 2), (65: 1), (53: 2), (66: 1), (49: 1), (62: 1), (58: 1), (45: 2), (40: 1), (50: 2), (48: 1), (52: 1), (32: 1), 
eta estimation took 2021.345632314682 seconds
convergence took 1.488086462020874 seconds
Writing 50 graph samples...
