Reading graph...
Initializing markov chain
Starting Markov Chain convergence...
eta estimation parameters: N_swap 213000, C 10, T 500, u 1, alpha 0.04
burn in...
defaultdict(<class 'int'>, {2: 7846, 3: 537, 6: 5, 4: 101, 5: 14})
defaultdict(<class 'int'>, {2: 123668, 5: 8509, 4: 16521, 3: 38603, 17: 208, 8: 2133, 12: 614, 6: 4842, 14: 395, 18: 195, 9: 1459, 38: 22, 35: 24, 7: 3035, 15: 316, 30: 28, 25: 55, 13: 481, 11: 801, 16: 239, 24: 71, 19: 146, 10: 1046, 37: 24, 26: 54, 23: 73, 163: 1, 81: 2, 20: 139, 95: 3, 33: 23, 31: 33, 67: 3, 184: 1, 47: 11, 55: 6, 34: 21, 36: 25, 22: 106, 28: 49, 61: 10, 27: 50, 21: 89, 29: 46, 52: 8, 46: 12, 79: 2, 51: 6, 128: 1, 53: 11, 106: 1, 43: 14, 44: 13, 74: 4, 80: 4, 32: 29, 131: 1, 41: 10, 134: 1, 100: 3, 104: 2, 88: 4, 57: 5, 212: 1, 45: 17, 56: 4, 39: 21, 147: 2, 65: 4, 135: 1, 93: 1, 64: 1, 82: 1, 94: 3, 85: 3, 40: 14, 118: 1, 66: 2, 50: 6, 180: 1, 42: 13, 126: 1, 54: 7, 157: 1, 72: 1, 75: 4, 86: 2, 73: 3, 78: 2, 87: 2, 58: 6, 48: 6, 115: 1, 49: 10, 182: 1, 91: 1, 154: 1, 84: 1, 114: 1, 172: 1, 117: 2, 112: 2, 59: 2, 140: 1, 69: 2, 101: 1, 108: 1, 141: 1, 98: 1, 175: 1, 83: 1, 132: 1, 62: 5, 96: 1, 60: 3, 116: 1, 90: 1, 121: 2, 63: 1, 70: 1, 164: 1, 145: 1, 105: 1, 156: 1, 77: 1, 68: 1, 169: 1})
Burn In : acceptation/refusals by k : 0.03992018779342723
0.03992018779342723
measuring sampling gap...
considering eta 5336...
eta 5336 refused (d_eta=10 <= u=1), trying eta=10672. ACF at lag 1 was 0.765212.
considering eta 10672...
eta 10672 refused (d_eta=10 <= u=1), trying eta=21344. ACF at lag 1 was 0.738029.
considering eta 21344...
eta 21344 refused (d_eta=10 <= u=1), trying eta=42688. ACF at lag 1 was 0.490665.
considering eta 42688...
eta 42688 refused (d_eta=9 <= u=1), trying eta=85376. ACF at lag 1 was 0.243383.
considering eta 85376...
eta 85376 refused (d_eta=9 <= u=1), trying eta=170752. ACF at lag 1 was 0.206865.
considering eta 170752...
/home/morandeau/PKS_method/PKS_method/venv/lib/python3.13/site-packages/joblib/externals/loky/backend/resource_tracker.py:359: UserWarning: resource_tracker: There appear to be 7 leaked semlock objects to clean up at shutdown
  warnings.warn(
/home/morandeau/PKS_method/PKS_method/venv/lib/python3.13/site-packages/joblib/externals/loky/backend/resource_tracker.py:359: UserWarning: resource_tracker: There appear to be 7 leaked folder objects to clean up at shutdown
  warnings.warn(
