Reading graph...
Initializing markov chain
Starting Markov Chain convergence...
eta estimation parameters: N_swap 529000, C 10, T 500, u 1, alpha 0.04
burn in...
defaultdict(<class 'int'>, {2: 6925, 3: 366, 4: 47, 5: 6, 6: 1})
defaultdict(<class 'int'>, {2: 320073, 3: 96710, 9: 3521, 8: 5188, 6: 12275, 4: 40903, 11: 2003, 10: 2611, 145: 1, 5: 21046, 7: 7555, 21: 271, 13: 1186, 41: 37, 30: 104, 12: 1585, 16: 603, 97: 4, 15: 745, 20: 295, 19: 366, 18: 447, 26: 163, 24: 174, 22: 236, 29: 105, 39: 39, 45: 30, 37: 47, 31: 77, 23: 199, 25: 159, 17: 507, 190: 1, 43: 29, 14: 961, 28: 117, 35: 60, 40: 46, 150: 4, 44: 35, 124: 2, 54: 13, 48: 22, 221: 1, 60: 9, 38: 59, 33: 68, 47: 22, 46: 33, 52: 14, 32: 67, 118: 1, 65: 6, 27: 134, 241: 1, 50: 17, 36: 70, 53: 17, 56: 18, 80: 6, 34: 86, 67: 7, 85: 7, 71: 7, 88: 4, 96: 3, 100: 1, 129: 2, 70: 6, 69: 9, 75: 9, 51: 24, 49: 19, 154: 3, 108: 3, 57: 17, 62: 14, 78: 4, 130: 2, 245: 1, 68: 11, 42: 32, 61: 11, 55: 17, 260: 1, 165: 1, 63: 13, 66: 9, 116: 4, 220: 2, 106: 4, 111: 1, 120: 2, 470: 1, 109: 2, 125: 2, 94: 2, 160: 1, 64: 18, 59: 13, 93: 5, 58: 11, 123: 2, 242: 2, 90: 4, 153: 1, 72: 9, 82: 6, 187: 1, 131: 3, 103: 2, 77: 7, 81: 3, 95: 5, 73: 7, 168: 2, 89: 7, 127: 1, 146: 2, 224: 1, 206: 2, 232: 1, 166: 2, 110: 4, 112: 2, 128: 1, 275: 1, 92: 2, 86: 4, 104: 1, 142: 2, 157: 1, 83: 4, 79: 5, 155: 1, 243: 1, 87: 5, 84: 6, 102: 1, 74: 4, 156: 1, 306: 1, 122: 2, 135: 1, 366: 1, 101: 1, 293: 1, 76: 3, 138: 2, 133: 1, 149: 1, 177: 1, 171: 2, 159: 2, 185: 1, 365: 1, 186: 1, 141: 2, 192: 1, 105: 3, 210: 1, 173: 1, 319: 1, 119: 3, 98: 1, 144: 1, 136: 1, 152: 1, 169: 1, 322: 1, 99: 2, 358: 1, 178: 1, 272: 1, 114: 2, 175: 1, 208: 1, 216: 1})
Burn In : acceptation/refusals by k : 0.01388468809073724
0.01388468809073724
measuring sampling gap...
considering eta 38100...
  0% (0 of 50) |                         | Elapsed Time: 0:00:00 ETA:  --:--:--
  2% (1 of 50) |                         | Elapsed Time: 0:00:01 ETA:   0:00:54
  4% (2 of 50) |#                        | Elapsed Time: 0:00:02 ETA:   0:00:53
  6% (3 of 50) |#                        | Elapsed Time: 0:00:03 ETA:   0:00:52
  8% (4 of 50) |##                       | Elapsed Time: 0:00:04 ETA:   0:00:51
 10% (5 of 50) |##                       | Elapsed Time: 0:00:05 ETA:   0:00:50
 12% (6 of 50) |###                      | Elapsed Time: 0:00:06 ETA:   0:00:49
 14% (7 of 50) |###                      | Elapsed Time: 0:00:07 ETA:   0:00:48
 16% (8 of 50) |####                     | Elapsed Time: 0:00:08 ETA:   0:00:46
 18% (9 of 50) |####                     | Elapsed Time: 0:00:10 ETA:   0:00:45
 20% (10 of 50) |####                    | Elapsed Time: 0:00:11 ETA:   0:00:44
 22% (11 of 50) |#####                   | Elapsed Time: 0:00:12 ETA:   0:00:43
 24% (12 of 50) |#####                   | Elapsed Time: 0:00:13 ETA:   0:00:42
 26% (13 of 50) |######                  | Elapsed Time: 0:00:14 ETA:   0:00:41
 28% (14 of 50) |######                  | Elapsed Time: 0:00:15 ETA:   0:00:40
 30% (15 of 50) |#######                 | Elapsed Time: 0:00:16 ETA:   0:00:39
 32% (16 of 50) |#######                 | Elapsed Time: 0:00:17 ETA:   0:00:37
 34% (17 of 50) |########                | Elapsed Time: 0:00:18 ETA:   0:00:36
 36% (18 of 50) |########                | Elapsed Time: 0:00:20 ETA:   0:00:35
 38% (19 of 50) |#########               | Elapsed Time: 0:00:21 ETA:   0:00:34
 40% (20 of 50) |#########               | Elapsed Time: 0:00:22 ETA:   0:00:33
 42% (21 of 50) |##########              | Elapsed Time: 0:00:23 ETA:   0:00:32
 44% (22 of 50) |##########              | Elapsed Time: 0:00:24 ETA:   0:00:31
 46% (23 of 50) |###########             | Elapsed Time: 0:00:25 ETA:   0:00:30
 48% (24 of 50) |###########             | Elapsed Time: 0:00:26 ETA:   0:00:28
 50% (25 of 50) |############            | Elapsed Time: 0:00:27 ETA:   0:00:27
 52% (26 of 50) |############            | Elapsed Time: 0:00:28 ETA:   0:00:26
 54% (27 of 50) |############            | Elapsed Time: 0:00:30 ETA:   0:00:25
 56% (28 of 50) |#############           | Elapsed Time: 0:00:31 ETA:   0:00:24
 58% (29 of 50) |#############           | Elapsed Time: 0:00:32 ETA:   0:00:23
 60% (30 of 50) |##############          | Elapsed Time: 0:00:33 ETA:   0:00:22
 62% (31 of 50) |##############          | Elapsed Time: 0:00:34 ETA:   0:00:21
 64% (32 of 50) |###############         | Elapsed Time: 0:00:35 ETA:   0:00:20
 66% (33 of 50) |###############         | Elapsed Time: 0:00:36 ETA:   0:00:18
 68% (34 of 50) |################        | Elapsed Time: 0:00:37 ETA:   0:00:17
 70% (35 of 50) |################        | Elapsed Time: 0:00:38 ETA:   0:00:16
 72% (36 of 50) |#################       | Elapsed Time: 0:00:40 ETA:   0:00:15
 74% (37 of 50) |#################       | Elapsed Time: 0:00:41 ETA:   0:00:14
 76% (38 of 50) |##################      | Elapsed Time: 0:00:42 ETA:   0:00:13
 78% (39 of 50) |##################      | Elapsed Time: 0:00:43 ETA:   0:00:12
 80% (40 of 50) |###################     | Elapsed Time: 0:00:44 ETA:   0:00:11
 82% (41 of 50) |###################     | Elapsed Time: 0:00:45 ETA:   0:00:10
 84% (42 of 50) |####################    | Elapsed Time: 0:00:46 ETA:   0:00:08
 86% (43 of 50) |####################    | Elapsed Time: 0:00:47 ETA:   0:00:07
 88% (44 of 50) |#####################   | Elapsed Time: 0:00:48 ETA:   0:00:06
 90% (45 of 50) |#####################   | Elapsed Time: 0:00:50 ETA:   0:00:05
 92% (46 of 50) |######################  | Elapsed Time: 0:00:51 ETA:   0:00:04
 94% (47 of 50) |######################  | Elapsed Time: 0:00:52 ETA:   0:00:03
 96% (48 of 50) |####################### | Elapsed Time: 0:00:53 ETA:   0:00:02
 98% (49 of 50) |####################### | Elapsed Time: 0:00:54 ETA:   0:00:01
100% (50 of 50) |########################| Elapsed Time: 0:00:55 Time:  0:00:55
eta 38100 accepted (d_eta=1 <= u=1)
trying eta=eta/2...
considering eta 19050...
eta 19050 refused (d_eta=9 <= u=1), using eta=38100.
running markov chain and checking convergence...
test statistic : -1.2797989467252369,
 Markov chain is stationnary if test statistic < -2.5683573862665043
test statistic : -1.2347937433809328,
 Markov chain is stationnary if test statistic < -2.5683573862665043
test statistic : -1.091569713809111,
 Markov chain is stationnary if test statistic < -2.5683576128580614
test statistic : -1.653107612780769,
 Markov chain is stationnary if test statistic < -2.5683573862665043
test statistic : -1.9823222153488527,
 Markov chain is stationnary if test statistic < -2.5683574428965534
test statistic : -0.8369596721546417,
 Markov chain is stationnary if test statistic < -2.5683573862665043
test statistic : -1.5670177849512554,
 Markov chain is stationnary if test statistic < -2.5683574570559236
test statistic : -1.4299810483471127,
 Markov chain is stationnary if test statistic < -2.5683574853768936
test statistic : -1.8856882492905462,
 Markov chain is stationnary if test statistic < -2.5683573862665043
test statistic : -1.6800799075854544,
 Markov chain is stationnary if test statistic < -2.5683573862665043
test statistic : -1.4142260509798064,
 Markov chain is stationnary if test statistic < -2.5683573862665043
test statistic : -2.113871214559574,
 Markov chain is stationnary if test statistic < -2.5683573862665043
test statistic : -3.1509897952487163,
 Markov chain is stationnary if test statistic < -2.5683573862665043
Convergence : acceptation by k
(3: 346), (2: 6632), (4: 59), (5: 6), (6: 1), 
Convergence : refusal by k
(3: 90415), (2: 300350), (5: 19468), (4: 37964), (7: 7220), (11: 1812), (13: 1182), (6: 11135), (8: 4908), (9: 3328), (14: 878), (39: 35), (32: 68), (12: 1386), (23: 211), (21: 285), (10: 2474), (60: 15), (25: 150), (26: 141), (20: 298), (16: 559), (18: 442), (22: 209), (19: 352), (24: 166), (158: 1), (15: 734), (28: 120), (104: 2), (17: 495), (33: 63), (40: 33), (29: 86), (346: 1), (48: 26), (38: 50), (30: 72), (36: 58), (108: 1), (37: 50), (42: 34), (34: 53), (31: 89), (77: 6), (27: 119), (58: 9), (44: 31), (47: 21), (45: 27), (35: 47), (74: 7), (41: 32), (282: 1), (84: 3), (61: 11), (52: 15), (81: 6), (43: 33), (55: 14), (56: 17), (75: 6), (101: 3), (50: 22), (124: 1), (116: 1), (51: 15), (121: 1), (65: 6), (66: 11), (80: 4), (115: 4), (92: 3), (59: 10), (46: 24), (100: 3), (53: 12), (62: 14), (127: 2), (49: 19), (90: 5), (87: 4), (95: 2), (57: 12), (67: 10), (137: 1), (103: 5), (70: 10), (64: 10), (83: 4), (147: 2), (63: 16), (79: 3), (94: 3), (99: 4), (491: 1), (78: 4), (134: 2), (86: 4), (248: 1), (85: 3), (68: 13), (110: 4), (119: 3), (76: 2), (72: 4), (93: 3), (97: 5), (172: 1), (102: 3), (214: 1), (328: 1), (107: 3), (153: 2), (193: 2), (82: 3), (126: 2), (151: 1), (168: 1), (118: 5), (113: 1), (162: 1), (69: 8), (389: 2), (54: 11), (130: 2), (125: 1), (161: 1), (454: 1), (157: 1), (128: 3), (177: 2), (105: 3), (384: 1), (71: 3), (138: 1), (156: 1), (180: 1), (109: 1), (229: 2), (91: 3), (139: 2), (190: 1), (140: 1), (73: 6), (165: 1), (111: 1), (160: 1), (88: 4), (122: 1), (131: 1), (89: 5), (179: 1), (154: 1), (114: 1), (133: 1), (220: 1), (337: 1), (112: 2), (228: 1), (117: 1), (255: 1), (189: 1), (142: 1), (132: 1), (120: 1), (235: 1), (376: 1), (96: 2), (313: 1), (135: 2), (217: 1), (185: 1), (106: 1), (479: 1), (426: 1), (204: 1), (192: 1), (234: 1), (410: 1), (150: 1), (205: 1), (200: 1), (267: 1), (286: 1), (448: 1), (201: 1), 
eta estimation took 1987.3611915111542 seconds
convergence took 24.065705060958862 seconds
Writing 50 graph samples...
