Reading graph...
Initializing markov chain
Starting Markov Chain convergence...
eta estimation parameters: N_swap 68000, C 10, T 500, u 1, alpha 0.04
burn in...
defaultdict(<class 'int'>, {2: 2615, 3: 153, 4: 37, 5: 6, 6: 1})
defaultdict(<class 'int'>, {2: 39491, 4: 5305, 6: 1569, 5: 2619, 8: 662, 40: 7, 3: 12238, 9: 489, 15: 105, 38: 9, 12: 211, 11: 248, 7: 988, 24: 21, 10: 329, 21: 29, 23: 30, 20: 49, 30: 11, 17: 72, 33: 13, 47: 4, 18: 46, 50: 3, 19: 47, 13: 144, 36: 7, 29: 12, 44: 7, 14: 136, 22: 38, 52: 3, 16: 78, 25: 21, 42: 8, 46: 4, 56: 2, 27: 20, 60: 1, 32: 8, 37: 5, 28: 21, 31: 8, 34: 7, 35: 12, 26: 16, 48: 2, 41: 5, 39: 5, 67: 2, 64: 2, 43: 1, 59: 2, 49: 3, 51: 1, 57: 1, 61: 3, 53: 2, 45: 4, 55: 1, 63: 1})
Burn In : acceptation/refusals by k : 0.041352941176470585
0.041352941176470585
measuring sampling gap...
considering eta 1645...
eta 1645 refused (d_eta=10 <= u=1), trying eta=3290, acf = 0.32557452316002666
considering eta 3290...
eta 3290 refused (d_eta=10 <= u=1), trying eta=6580, acf = 0.18747919334889362
considering eta 6580...
eta 6580 refused (d_eta=7 <= u=1), trying eta=13160, acf = 0.11722129263585943
considering eta 13160...
eta 13160 refused (d_eta=3 <= u=1), trying eta=26320, acf = 0.051909571119024486
considering eta 26320...
eta 26320 accepted (d_eta=0 <= u=1)
running markov chain and checking convergence...
test statistic : -1.729633939316064,
 Markov chain is stationnary if test statistic < -2.568598757499646
test statistic : -5.28090837407994,
 Markov chain is stationnary if test statistic < -2.568598816819772
Convergence : acceptation by k
(2: 2351), (3: 167), (4: 29), (5: 4), 
Convergence : refusal by k
(2: 30319), (3: 9354), (6: 1227), (23: 31), (4: 4089), (5: 2091), (22: 33), (7: 735), (8: 536), (24: 22), (32: 8), (9: 338), (19: 38), (10: 286), (50: 3), (29: 10), (12: 134), (11: 203), (15: 83), (17: 53), (14: 76), (45: 3), (28: 13), (20: 33), (33: 8), (13: 94), (27: 8), (16: 60), (30: 12), (53: 3), (26: 18), (42: 5), (60: 3), (37: 5), (21: 18), (54: 4), (18: 53), (36: 4), (38: 6), (55: 3), (39: 5), (25: 14), (31: 11), (47: 1), (35: 6), (48: 3), (61: 1), (46: 3), (49: 2), (51: 1), (34: 4), (43: 2), (59: 1), (52: 2), (40: 3), (58: 1), (62: 1), (41: 1), (57: 2), (56: 1), (63: 1), (44: 1), 
eta estimation took 1765.1767218112946 seconds
convergence took 2.365469217300415 seconds
Writing 50 graph samples...
  0% (0 of 50) |                         | Elapsed Time: 0:00:00 ETA:  --:--:--
  2% (1 of 50) |                         | Elapsed Time: 0:00:00 ETA:   0:00:36
  4% (2 of 50) |#                        | Elapsed Time: 0:00:01 ETA:   0:00:35
  6% (3 of 50) |#                        | Elapsed Time: 0:00:02 ETA:   0:00:34
  8% (4 of 50) |##                       | Elapsed Time: 0:00:02 ETA:   0:00:34
 10% (5 of 50) |##                       | Elapsed Time: 0:00:03 ETA:   0:00:33
 12% (6 of 50) |###                      | Elapsed Time: 0:00:04 ETA:   0:00:32
 14% (7 of 50) |###                      | Elapsed Time: 0:00:05 ETA:   0:00:31
 16% (8 of 50) |####                     | Elapsed Time: 0:00:05 ETA:   0:00:31
 18% (9 of 50) |####                     | Elapsed Time: 0:00:06 ETA:   0:00:30
 20% (10 of 50) |####                    | Elapsed Time: 0:00:07 ETA:   0:00:29
 22% (11 of 50) |#####                   | Elapsed Time: 0:00:08 ETA:   0:00:28
 24% (12 of 50) |#####                   | Elapsed Time: 0:00:08 ETA:   0:00:28
 26% (13 of 50) |######                  | Elapsed Time: 0:00:09 ETA:   0:00:27
 28% (14 of 50) |######                  | Elapsed Time: 0:00:10 ETA:   0:00:26
 30% (15 of 50) |#######                 | Elapsed Time: 0:00:11 ETA:   0:00:25
 32% (16 of 50) |#######                 | Elapsed Time: 0:00:11 ETA:   0:00:25
 34% (17 of 50) |########                | Elapsed Time: 0:00:12 ETA:   0:00:24
 36% (18 of 50) |########                | Elapsed Time: 0:00:13 ETA:   0:00:23
 38% (19 of 50) |#########               | Elapsed Time: 0:00:14 ETA:   0:00:22
 40% (20 of 50) |#########               | Elapsed Time: 0:00:14 ETA:   0:00:22
 42% (21 of 50) |##########              | Elapsed Time: 0:00:15 ETA:   0:00:21
 44% (22 of 50) |##########              | Elapsed Time: 0:00:16 ETA:   0:00:20
 46% (23 of 50) |###########             | Elapsed Time: 0:00:17 ETA:   0:00:19
 48% (24 of 50) |###########             | Elapsed Time: 0:00:17 ETA:   0:00:19
 50% (25 of 50) |############            | Elapsed Time: 0:00:18 ETA:   0:00:18
 52% (26 of 50) |############            | Elapsed Time: 0:00:19 ETA:   0:00:17
 54% (27 of 50) |############            | Elapsed Time: 0:00:19 ETA:   0:00:17
 56% (28 of 50) |#############           | Elapsed Time: 0:00:20 ETA:   0:00:16
 58% (29 of 50) |#############           | Elapsed Time: 0:00:21 ETA:   0:00:15
 60% (30 of 50) |##############          | Elapsed Time: 0:00:22 ETA:   0:00:14
 62% (31 of 50) |##############          | Elapsed Time: 0:00:22 ETA:   0:00:14
 64% (32 of 50) |###############         | Elapsed Time: 0:00:23 ETA:   0:00:13
 66% (33 of 50) |###############         | Elapsed Time: 0:00:24 ETA:   0:00:12
 68% (34 of 50) |################        | Elapsed Time: 0:00:25 ETA:   0:00:11
 70% (35 of 50) |################        | Elapsed Time: 0:00:25 ETA:   0:00:11
 72% (36 of 50) |#################       | Elapsed Time: 0:00:26 ETA:   0:00:10
 74% (37 of 50) |#################       | Elapsed Time: 0:00:27 ETA:   0:00:09
 76% (38 of 50) |##################      | Elapsed Time: 0:00:28 ETA:   0:00:08
 78% (39 of 50) |##################      | Elapsed Time: 0:00:28 ETA:   0:00:08
 80% (40 of 50) |###################     | Elapsed Time: 0:00:29 ETA:   0:00:07
 82% (41 of 50) |###################     | Elapsed Time: 0:00:30 ETA:   0:00:06
 84% (42 of 50) |####################    | Elapsed Time: 0:00:31 ETA:   0:00:05
 86% (43 of 50) |####################    | Elapsed Time: 0:00:31 ETA:   0:00:05
 88% (44 of 50) |#####################   | Elapsed Time: 0:00:32 ETA:   0:00:04
 90% (45 of 50) |#####################   | Elapsed Time: 0:00:33 ETA:   0:00:03
 92% (46 of 50) |######################  | Elapsed Time: 0:00:34 ETA:   0:00:02
 94% (47 of 50) |######################  | Elapsed Time: 0:00:34 ETA:   0:00:02
 96% (48 of 50) |####################### | Elapsed Time: 0:00:35 ETA:   0:00:01
 98% (49 of 50) |####################### | Elapsed Time: 0:00:36 ETA:   0:00:00
100% (50 of 50) |########################| Elapsed Time: 0:00:37 Time:  0:00:37
