Reading graph...
Initializing markov chain
Starting Markov Chain convergence...
eta estimation parameters: N_swap 406000, C 10, T 500, u 1, alpha 0.04
burn in...
defaultdict(<class 'int'>, {2: 1711, 3: 12})
defaultdict(<class 'int'>, {2: 249608, 6: 9266, 3: 74410, 4: 31317, 7: 6009, 21: 192, 11: 1543, 5: 16013, 13: 933, 31: 57, 10: 1975, 9: 2714, 8: 3827, 18: 335, 17: 404, 16: 519, 54: 12, 12: 1164, 27: 108, 69: 3, 14: 745, 23: 170, 32: 51, 19: 299, 50: 25, 20: 231, 49: 16, 25: 133, 26: 125, 38: 39, 22: 211, 48: 27, 68: 7, 58: 10, 81: 5, 15: 632, 75: 4, 184: 1, 39: 30, 51: 13, 28: 93, 24: 131, 149: 1, 47: 20, 67: 6, 35: 42, 40: 36, 117: 2, 42: 21, 29: 74, 33: 62, 36: 42, 41: 29, 30: 76, 59: 11, 43: 19, 124: 2, 90: 4, 61: 8, 64: 11, 46: 13, 82: 2, 78: 3, 122: 3, 45: 17, 62: 14, 129: 1, 53: 9, 34: 38, 284: 1, 70: 7, 83: 3, 92: 4, 65: 9, 110: 3, 44: 21, 71: 5, 85: 5, 280: 1, 77: 2, 89: 2, 66: 7, 80: 6, 153: 1, 52: 16, 72: 8, 112: 1, 63: 8, 60: 16, 74: 5, 145: 2, 155: 3, 88: 3, 37: 32, 91: 2, 194: 1, 109: 6, 114: 3, 115: 2, 76: 3, 55: 8, 131: 2, 97: 3, 183: 1, 56: 10, 136: 1, 86: 4, 118: 3, 125: 3, 164: 1, 193: 1, 120: 3, 57: 7, 348: 1, 173: 2, 73: 2, 113: 2, 99: 3, 159: 1, 96: 1, 156: 1, 123: 1, 319: 1, 79: 2, 175: 1, 281: 1, 93: 2, 100: 1, 87: 2, 104: 2, 84: 3, 154: 2, 138: 1, 182: 1, 102: 1, 172: 1, 223: 1, 344: 1, 274: 1, 177: 1, 128: 1, 158: 1, 142: 2, 95: 2, 143: 1, 168: 1, 242: 1, 103: 2, 150: 1, 119: 1, 132: 1, 205: 1, 197: 1, 207: 1, 148: 1, 265: 1, 231: 1, 181: 1, 232: 1, 252: 1, 135: 1, 141: 1, 189: 1, 249: 1, 130: 1, 133: 1, 370: 1})
Burn In : acceptation/refusals by k : 0.004243842364532019
0.004243842364532019
measuring sampling gap...
considering eta 95669...
  0% (0 of 50) |                         | Elapsed Time: 0:00:00 ETA:  --:--:--
  2% (1 of 50) |                         | Elapsed Time: 0:00:00 ETA:   0:00:26
  4% (2 of 50) |#                        | Elapsed Time: 0:00:01 ETA:   0:00:26
  6% (3 of 50) |#                        | Elapsed Time: 0:00:01 ETA:   0:00:25
  8% (4 of 50) |##                       | Elapsed Time: 0:00:02 ETA:   0:00:24
 10% (5 of 50) |##                       | Elapsed Time: 0:00:02 ETA:   0:00:24
 12% (6 of 50) |###                      | Elapsed Time: 0:00:03 ETA:   0:00:23
 14% (7 of 50) |###                      | Elapsed Time: 0:00:03 ETA:   0:00:23
 16% (8 of 50) |####                     | Elapsed Time: 0:00:04 ETA:   0:00:22
 18% (9 of 50) |####                     | Elapsed Time: 0:00:04 ETA:   0:00:22
 20% (10 of 50) |####                    | Elapsed Time: 0:00:05 ETA:   0:00:21
 22% (11 of 50) |#####                   | Elapsed Time: 0:00:05 ETA:   0:00:21
 24% (12 of 50) |#####                   | Elapsed Time: 0:00:06 ETA:   0:00:20
 26% (13 of 50) |######                  | Elapsed Time: 0:00:07 ETA:   0:00:20
 28% (14 of 50) |######                  | Elapsed Time: 0:00:07 ETA:   0:00:19
 30% (15 of 50) |#######                 | Elapsed Time: 0:00:08 ETA:   0:00:18
 32% (16 of 50) |#######                 | Elapsed Time: 0:00:08 ETA:   0:00:18
 34% (17 of 50) |########                | Elapsed Time: 0:00:09 ETA:   0:00:17
 36% (18 of 50) |########                | Elapsed Time: 0:00:09 ETA:   0:00:17
 38% (19 of 50) |#########               | Elapsed Time: 0:00:10 ETA:   0:00:16
 40% (20 of 50) |#########               | Elapsed Time: 0:00:10 ETA:   0:00:16
 42% (21 of 50) |##########              | Elapsed Time: 0:00:11 ETA:   0:00:15
 44% (22 of 50) |##########              | Elapsed Time: 0:00:11 ETA:   0:00:15
 46% (23 of 50) |###########             | Elapsed Time: 0:00:12 ETA:   0:00:14
 48% (24 of 50) |###########             | Elapsed Time: 0:00:13 ETA:   0:00:14
 50% (25 of 50) |############            | Elapsed Time: 0:00:13 ETA:   0:00:13
 52% (26 of 50) |############            | Elapsed Time: 0:00:14 ETA:   0:00:13
 54% (27 of 50) |############            | Elapsed Time: 0:00:14 ETA:   0:00:12
 56% (28 of 50) |#############           | Elapsed Time: 0:00:15 ETA:   0:00:11
 58% (29 of 50) |#############           | Elapsed Time: 0:00:15 ETA:   0:00:11
 60% (30 of 50) |##############          | Elapsed Time: 0:00:16 ETA:   0:00:10
 62% (31 of 50) |##############          | Elapsed Time: 0:00:16 ETA:   0:00:10
 64% (32 of 50) |###############         | Elapsed Time: 0:00:17 ETA:   0:00:09
 66% (33 of 50) |###############         | Elapsed Time: 0:00:17 ETA:   0:00:09
 68% (34 of 50) |################        | Elapsed Time: 0:00:18 ETA:   0:00:08
 70% (35 of 50) |################        | Elapsed Time: 0:00:18 ETA:   0:00:08
 72% (36 of 50) |#################       | Elapsed Time: 0:00:19 ETA:   0:00:07
 74% (37 of 50) |#################       | Elapsed Time: 0:00:20 ETA:   0:00:07
 76% (38 of 50) |##################      | Elapsed Time: 0:00:20 ETA:   0:00:06
 78% (39 of 50) |##################      | Elapsed Time: 0:00:21 ETA:   0:00:05
 80% (40 of 50) |###################     | Elapsed Time: 0:00:21 ETA:   0:00:05
 82% (41 of 50) |###################     | Elapsed Time: 0:00:22 ETA:   0:00:04
 84% (42 of 50) |####################    | Elapsed Time: 0:00:22 ETA:   0:00:04
 86% (43 of 50) |####################    | Elapsed Time: 0:00:23 ETA:   0:00:03
 88% (44 of 50) |#####################   | Elapsed Time: 0:00:23 ETA:   0:00:03
 90% (45 of 50) |#####################   | Elapsed Time: 0:00:24 ETA:   0:00:02
 92% (46 of 50) |######################  | Elapsed Time: 0:00:24 ETA:   0:00:02
 94% (47 of 50) |######################  | Elapsed Time: 0:00:25 ETA:   0:00:01
 96% (48 of 50) |####################### | Elapsed Time: 0:00:26 ETA:   0:00:01
 98% (49 of 50) |####################### | Elapsed Time: 0:00:26 ETA:   0:00:00
100% (50 of 50) |########################| Elapsed Time: 0:00:27 Time:  0:00:27
eta 95669 accepted (d_eta=0 <= u=1)
trying eta=eta/2...
considering eta 47834...
eta 47834 accepted (d_eta=0 <= u=1)
trying eta=eta/2...
considering eta 23917...
eta 23917 accepted (d_eta=1 <= u=1)
trying eta=eta/2...
considering eta 11958...
eta 11958 refused (d_eta=10 <= u=1), using eta=23917. ACF at lag 1 was 0.201135.
running markov chain and checking convergence...
test statistic : -0.8364510689406903,
 Markov chain is stationnary if test statistic < -2.5686771832996835
test statistic : -1.8914166343372685,
 Markov chain is stationnary if test statistic < -2.568678730409022
test statistic : -1.2264920319147896,
 Markov chain is stationnary if test statistic < -2.5686772910570603
test statistic : 0.40718815022419685,
 Markov chain is stationnary if test statistic < -2.5686771832996835
test statistic : -1.6521392139906312,
 Markov chain is stationnary if test statistic < -2.5686771832996835
test statistic : -2.338566557707194,
 Markov chain is stationnary if test statistic < -2.5686771832996835
test statistic : -2.765363193964361,
 Markov chain is stationnary if test statistic < -2.5686771832996835
Convergence : acceptation by k
(2: 698), (3: 4), 
Convergence : refusal by k
(4: 12802), (2: 102643), (3: 30673), (13: 365), (5: 6801), (14: 343), (9: 1148), (11: 622), (8: 1659), (26: 51), (6: 3964), (7: 2439), (10: 809), (48: 12), (34: 24), (49: 7), (33: 25), (44: 7), (15: 231), (38: 14), (18: 145), (12: 504), (17: 162), (16: 205), (21: 87), (24: 57), (23: 58), (25: 61), (29: 46), (19: 121), (37: 10), (22: 87), (27: 42), (20: 107), (46: 10), (64: 3), (54: 5), (32: 19), (43: 15), (45: 6), (183: 1), (84: 4), (35: 23), (31: 28), (63: 4), (99: 1), (66: 3), (30: 28), (36: 16), (78: 1), (67: 2), (51: 7), (28: 42), (57: 6), (70: 3), (41: 16), (227: 1), (40: 7), (53: 4), (55: 5), (69: 2), (367: 1), (39: 14), (83: 1), (107: 1), (58: 7), (56: 5), (47: 2), (110: 1), (76: 1), (52: 8), (112: 1), (71: 5), (60: 3), (50: 4), (85: 3), (59: 3), (77: 1), (42: 7), (82: 2), (100: 1), (169: 1), (120: 1), (109: 1), (72: 2), (101: 1), (233: 1), (323: 1), (108: 1), (252: 1), (230: 1), (74: 2), (68: 3), (87: 1), (149: 1), (190: 1), (61: 1), (65: 1), (154: 1), (95: 2), (180: 1), (144: 1), (184: 1), (62: 3), (90: 2), (113: 1), (114: 2), (88: 1), (80: 1), (111: 1), (236: 1), (370: 1), (197: 1), (136: 1), (210: 1), (102: 1), (98: 1), (128: 1), (81: 1), (168: 1), (94: 1), (179: 1), (96: 1), (129: 1), (127: 1), 
eta estimation took 4597.006455421448 seconds
convergence took 6.8034656047821045 seconds
Writing 50 graph samples...
