Reading graph...
Initializing markov chain
Starting Markov Chain convergence...
eta estimation parameters: N_swap 39000, C 10, T 500, u 1, alpha 0.04
burn in...
defaultdict(<class 'int'>, {2: 5312, 3: 592, 7: 16, 4: 205, 5: 72, 6: 13, 8: 4, 12: 1, 9: 1})
defaultdict(<class 'int'>, {2: 18954, 4: 2694, 8: 374, 3: 6654, 11: 136, 6: 847, 20: 21, 7: 532, 15: 63, 5: 1471, 13: 89, 21: 27, 9: 250, 18: 39, 10: 178, 24: 10, 12: 94, 35: 3, 22: 19, 16: 58, 30: 7, 25: 11, 19: 30, 14: 81, 27: 13, 17: 37, 23: 18, 28: 14, 31: 10, 37: 3, 26: 15, 33: 5, 34: 6, 36: 6, 29: 9, 38: 4, 32: 2})
Burn In : acceptation/refusals by k : 0.15938461538461537
0.15938461538461537
measuring sampling gap...
considering eta 245...
  0% (0 of 50) |                         | Elapsed Time: 0:00:00 ETA:  --:--:--
 14% (7 of 50) |###                      | Elapsed Time: 0:00:00 ETA:   0:00:00
 34% (17 of 50) |########                | Elapsed Time: 0:00:00 ETA:   0:00:00
 54% (27 of 50) |############            | Elapsed Time: 0:00:00 ETA:   0:00:00
 74% (37 of 50) |#################       | Elapsed Time: 0:00:00 ETA:   0:00:00
 94% (47 of 50) |######################  | Elapsed Time: 0:00:00 ETA:   0:00:00
100% (50 of 50) |########################| Elapsed Time: 0:00:00 Time:  0:00:00
ACF stability...
eta 245 accepted (d_eta=1 <= u=1)
running markov chain and checking convergence...
test statistic : -1.903862960596646,
 Markov chain is stationnary if test statistic < -2.6491233839803994
test statistic : -2.792977420588426,
 Markov chain is stationnary if test statistic < -2.6494463058810895
Convergence : acceptation by k
(2: 66), (3: 5), 
Convergence : refusal by k
(2: 240), (3: 75), (4: 40), (5: 21), (6: 12), (17: 1), (7: 12), (8: 4), (9: 4), (10: 4), (11: 3), (12: 1), (16: 1), (26: 1), 
eta estimation took 7.288672685623169 seconds
convergence took 0.05344080924987793 seconds
Writing 50 graph samples...
