Reading graph...
Initializing markov chain
Starting Markov Chain convergence...
eta estimation parameters: N_swap 40000, C 10, T 500, u 1, alpha 0.04
burn in...
defaultdict(<class 'int'>, {2: 1232, 3: 90, 5: 3, 4: 10, 6: 1})
defaultdict(<class 'int'>, {2: 23531, 3: 7301, 4: 3102, 5: 1577, 8: 370, 12: 108, 10: 166, 7: 607, 9: 264, 6: 843, 16: 54, 14: 89, 11: 153, 26: 17, 13: 83, 25: 18, 32: 6, 15: 69, 17: 47, 19: 37, 22: 23, 21: 30, 18: 41, 24: 22, 37: 5, 20: 21, 31: 11, 29: 5, 38: 5, 23: 15, 33: 9, 34: 3, 27: 11, 35: 2, 28: 7, 39: 2, 36: 6, 30: 4})
Burn In : acceptation/refusals by k : 0.0334
0.0334
measuring sampling gap...
considering eta 1198...
eta 1198 refused (d_eta=10 <= u=1), trying eta=2396, acf = 0.16883406128791217
considering eta 2396...
eta 2396 refused (d_eta=5 <= u=1), trying eta=4792, acf = 0.07117095428575596
considering eta 4792...
eta 4792 refused (d_eta=2 <= u=1), trying eta=9584, acf = 0.030840920807674088
considering eta 9584...
eta 9584 accepted (d_eta=0 <= u=1)
running markov chain and checking convergence...
test statistic : -2.758428098373704,
 Markov chain is stationnary if test statistic < -2.5699629404198956
Convergence : acceptation by k
(2: 309), (3: 29), (4: 4), (5: 1), 
Convergence : refusal by k
(3: 1761), (2: 5588), (8: 90), (4: 728), (5: 383), (11: 23), (6: 220), (13: 33), (9: 73), (7: 141), (14: 21), (24: 5), (18: 6), (10: 52), (20: 5), (34: 1), (19: 11), (16: 8), (12: 24), (31: 1), (15: 17), (30: 2), (28: 1), (17: 17), (22: 3), (35: 3), (27: 6), (25: 3), (23: 7), (21: 5), (29: 1), (38: 1), (26: 1), 
eta estimation took 630.7192351818085 seconds
convergence took 0.3966484069824219 seconds
Writing 50 graph samples...
  0% (0 of 50) |                         | Elapsed Time: 0:00:00 ETA:  --:--:--
  2% (1 of 50) |                         | Elapsed Time: 0:00:00 ETA:   0:00:11
  4% (2 of 50) |#                        | Elapsed Time: 0:00:00 ETA:   0:00:11
  6% (3 of 50) |#                        | Elapsed Time: 0:00:00 ETA:   0:00:11
  8% (4 of 50) |##                       | Elapsed Time: 0:00:00 ETA:   0:00:11
 10% (5 of 50) |##                       | Elapsed Time: 0:00:01 ETA:   0:00:10
 12% (6 of 50) |###                      | Elapsed Time: 0:00:01 ETA:   0:00:10
 14% (7 of 50) |###                      | Elapsed Time: 0:00:01 ETA:   0:00:10
 16% (8 of 50) |####                     | Elapsed Time: 0:00:01 ETA:   0:00:09
 18% (9 of 50) |####                     | Elapsed Time: 0:00:02 ETA:   0:00:09
 20% (10 of 50) |####                    | Elapsed Time: 0:00:02 ETA:   0:00:09
 22% (11 of 50) |#####                   | Elapsed Time: 0:00:02 ETA:   0:00:09
 24% (12 of 50) |#####                   | Elapsed Time: 0:00:02 ETA:   0:00:09
 26% (13 of 50) |######                  | Elapsed Time: 0:00:03 ETA:   0:00:08
 28% (14 of 50) |######                  | Elapsed Time: 0:00:03 ETA:   0:00:08
 30% (15 of 50) |#######                 | Elapsed Time: 0:00:03 ETA:   0:00:08
 32% (16 of 50) |#######                 | Elapsed Time: 0:00:03 ETA:   0:00:08
 34% (17 of 50) |########                | Elapsed Time: 0:00:04 ETA:   0:00:07
 36% (18 of 50) |########                | Elapsed Time: 0:00:04 ETA:   0:00:07
 38% (19 of 50) |#########               | Elapsed Time: 0:00:04 ETA:   0:00:07
 40% (20 of 50) |#########               | Elapsed Time: 0:00:04 ETA:   0:00:07
 42% (21 of 50) |##########              | Elapsed Time: 0:00:04 ETA:   0:00:06
 44% (22 of 50) |##########              | Elapsed Time: 0:00:05 ETA:   0:00:06
 46% (23 of 50) |###########             | Elapsed Time: 0:00:05 ETA:   0:00:06
 48% (24 of 50) |###########             | Elapsed Time: 0:00:05 ETA:   0:00:06
 50% (25 of 50) |############            | Elapsed Time: 0:00:05 ETA:   0:00:05
 52% (26 of 50) |############            | Elapsed Time: 0:00:06 ETA:   0:00:05
 54% (27 of 50) |############            | Elapsed Time: 0:00:06 ETA:   0:00:05
 56% (28 of 50) |#############           | Elapsed Time: 0:00:06 ETA:   0:00:05
 58% (29 of 50) |#############           | Elapsed Time: 0:00:06 ETA:   0:00:04
 60% (30 of 50) |##############          | Elapsed Time: 0:00:07 ETA:   0:00:04
 62% (31 of 50) |##############          | Elapsed Time: 0:00:07 ETA:   0:00:04
 64% (32 of 50) |###############         | Elapsed Time: 0:00:07 ETA:   0:00:04
 66% (33 of 50) |###############         | Elapsed Time: 0:00:07 ETA:   0:00:04
 68% (34 of 50) |################        | Elapsed Time: 0:00:08 ETA:   0:00:03
 70% (35 of 50) |################        | Elapsed Time: 0:00:08 ETA:   0:00:03
 72% (36 of 50) |#################       | Elapsed Time: 0:00:08 ETA:   0:00:03
 74% (37 of 50) |#################       | Elapsed Time: 0:00:08 ETA:   0:00:03
 76% (38 of 50) |##################      | Elapsed Time: 0:00:08 ETA:   0:00:02
 78% (39 of 50) |##################      | Elapsed Time: 0:00:09 ETA:   0:00:02
 80% (40 of 50) |###################     | Elapsed Time: 0:00:09 ETA:   0:00:02
 82% (41 of 50) |###################     | Elapsed Time: 0:00:09 ETA:   0:00:02
 84% (42 of 50) |####################    | Elapsed Time: 0:00:09 ETA:   0:00:01
 86% (43 of 50) |####################    | Elapsed Time: 0:00:10 ETA:   0:00:01
 88% (44 of 50) |#####################   | Elapsed Time: 0:00:10 ETA:   0:00:01
 90% (45 of 50) |#####################   | Elapsed Time: 0:00:10 ETA:   0:00:01
 92% (46 of 50) |######################  | Elapsed Time: 0:00:10 ETA:   0:00:00
 94% (47 of 50) |######################  | Elapsed Time: 0:00:11 ETA:   0:00:00
 96% (48 of 50) |####################### | Elapsed Time: 0:00:11 ETA:   0:00:00
 98% (49 of 50) |####################### | Elapsed Time: 0:00:11 ETA:   0:00:00
100% (50 of 50) |########################| Elapsed Time: 0:00:11 Time:  0:00:11
