Reading graph...
Initializing markov chain
Starting Markov Chain convergence...
eta estimation parameters: N_swap 149000, C 10, T 500, u 1, alpha 0.04
burn in...
defaultdict(<class 'int'>, {3: 64, 2: 1794, 4: 8, 5: 1})
defaultdict(<class 'int'>, {5: 5830, 2: 90538, 4: 11681, 6: 3404, 3: 27236, 99: 1, 7: 2105, 8: 1357, 14: 268, 68: 4, 9: 997, 13: 331, 12: 412, 11: 581, 32: 26, 18: 122, 21: 58, 19: 109, 17: 128, 39: 17, 16: 185, 23: 59, 24: 38, 42: 11, 10: 704, 35: 20, 58: 6, 37: 19, 15: 209, 45: 10, 56: 7, 50: 2, 55: 5, 41: 14, 72: 2, 26: 31, 30: 21, 27: 41, 77: 3, 44: 15, 22: 84, 46: 7, 52: 6, 28: 35, 20: 90, 33: 28, 49: 3, 40: 10, 82: 1, 31: 11, 29: 35, 34: 15, 25: 60, 71: 3, 121: 1, 70: 1, 125: 1, 36: 16, 38: 11, 47: 8, 61: 3, 63: 4, 101: 1, 51: 6, 59: 6, 74: 3, 48: 7, 89: 1, 148: 1, 112: 1, 57: 3, 60: 1, 80: 3, 54: 5, 117: 1, 62: 3, 43: 6, 114: 1, 86: 1, 67: 2, 84: 2, 64: 2, 91: 1, 143: 1, 104: 1, 96: 2, 140: 1, 76: 1, 87: 3, 85: 1, 134: 1, 100: 2, 65: 2, 83: 1, 69: 4, 141: 1, 123: 1, 53: 2, 102: 2, 73: 4, 75: 1, 95: 1, 103: 1, 66: 1, 81: 1, 108: 1})
Burn In : acceptation/refusals by k : 0.01253020134228188
0.01253020134228188
measuring sampling gap...
considering eta 11892...
eta 11892 accepted (d_eta=1 <= u=1)
trying eta=eta/2...
considering eta 5946...
eta 5946 refused (d_eta=4 <= u=1), using eta=11892.
running markov chain and checking convergence...
test statistic : -2.3878971077846542,
 Markov chain is stationnary if test statistic < -2.5695454705677063
test statistic : -2.0373018564180443,
 Markov chain is stationnary if test statistic < -2.569546778112274
test statistic : -3.0768610036538644,
 Markov chain is stationnary if test statistic < -2.569545906196083
Convergence : acceptation by k
(2: 457), (3: 15), (4: 3), 
Convergence : refusal by k
(2: 21669), (7: 513), (3: 6548), (4: 2721), (10: 151), (5: 1403), (22: 15), (8: 353), (14: 68), (6: 804), (12: 121), (9: 219), (61: 3), (13: 78), (11: 140), (37: 4), (18: 37), (20: 33), (47: 2), (19: 22), (17: 34), (16: 37), (15: 49), (36: 4), (104: 1), (74: 1), (24: 15), (28: 9), (23: 16), (49: 2), (43: 3), (53: 1), (29: 8), (80: 3), (65: 2), (86: 1), (33: 2), (30: 6), (34: 3), (26: 11), (40: 3), (35: 5), (83: 2), (38: 4), (25: 9), (21: 12), (81: 2), (66: 2), (70: 1), (64: 3), (39: 6), (48: 2), (31: 3), (42: 3), (54: 1), (58: 2), (44: 4), (103: 1), (27: 9), (51: 1), (120: 1), (50: 3), (32: 1), (98: 1), (57: 2), (71: 1), (62: 1), (60: 2), (79: 1), (85: 1), 
eta estimation took 479.0827021598816 seconds
convergence took 1.2886173725128174 seconds
Writing 50 graph samples...
  0% (0 of 50) |                         | Elapsed Time: 0:00:00 ETA:  --:--:--
  2% (1 of 50) |                         | Elapsed Time: 0:00:00 ETA:   0:00:13
  4% (2 of 50) |#                        | Elapsed Time: 0:00:00 ETA:   0:00:13
  6% (3 of 50) |#                        | Elapsed Time: 0:00:00 ETA:   0:00:12
  8% (4 of 50) |##                       | Elapsed Time: 0:00:01 ETA:   0:00:12
 10% (5 of 50) |##                       | Elapsed Time: 0:00:01 ETA:   0:00:12
 12% (6 of 50) |###                      | Elapsed Time: 0:00:01 ETA:   0:00:11
 14% (7 of 50) |###                      | Elapsed Time: 0:00:01 ETA:   0:00:11
 16% (8 of 50) |####                     | Elapsed Time: 0:00:02 ETA:   0:00:11
 18% (9 of 50) |####                     | Elapsed Time: 0:00:02 ETA:   0:00:11
 20% (10 of 50) |####                    | Elapsed Time: 0:00:02 ETA:   0:00:10
 22% (11 of 50) |#####                   | Elapsed Time: 0:00:02 ETA:   0:00:10
 24% (12 of 50) |#####                   | Elapsed Time: 0:00:03 ETA:   0:00:10
 26% (13 of 50) |######                  | Elapsed Time: 0:00:03 ETA:   0:00:10
 28% (14 of 50) |######                  | Elapsed Time: 0:00:03 ETA:   0:00:09
 30% (15 of 50) |#######                 | Elapsed Time: 0:00:04 ETA:   0:00:09
 32% (16 of 50) |#######                 | Elapsed Time: 0:00:04 ETA:   0:00:09
 34% (17 of 50) |########                | Elapsed Time: 0:00:04 ETA:   0:00:08
 36% (18 of 50) |########                | Elapsed Time: 0:00:04 ETA:   0:00:08
 38% (19 of 50) |#########               | Elapsed Time: 0:00:05 ETA:   0:00:08
 40% (20 of 50) |#########               | Elapsed Time: 0:00:05 ETA:   0:00:08
 42% (21 of 50) |##########              | Elapsed Time: 0:00:05 ETA:   0:00:07
 44% (22 of 50) |##########              | Elapsed Time: 0:00:05 ETA:   0:00:07
 46% (23 of 50) |###########             | Elapsed Time: 0:00:06 ETA:   0:00:07
 48% (24 of 50) |###########             | Elapsed Time: 0:00:06 ETA:   0:00:07
 50% (25 of 50) |############            | Elapsed Time: 0:00:06 ETA:   0:00:06
 52% (26 of 50) |############            | Elapsed Time: 0:00:07 ETA:   0:00:06
 54% (27 of 50) |############            | Elapsed Time: 0:00:07 ETA:   0:00:06
 56% (28 of 50) |#############           | Elapsed Time: 0:00:07 ETA:   0:00:05
 58% (29 of 50) |#############           | Elapsed Time: 0:00:07 ETA:   0:00:05
 60% (30 of 50) |##############          | Elapsed Time: 0:00:08 ETA:   0:00:05
 62% (31 of 50) |##############          | Elapsed Time: 0:00:08 ETA:   0:00:05
 64% (32 of 50) |###############         | Elapsed Time: 0:00:08 ETA:   0:00:04
 66% (33 of 50) |###############         | Elapsed Time: 0:00:08 ETA:   0:00:04
 68% (34 of 50) |################        | Elapsed Time: 0:00:09 ETA:   0:00:04
 70% (35 of 50) |################        | Elapsed Time: 0:00:09 ETA:   0:00:04
 72% (36 of 50) |#################       | Elapsed Time: 0:00:09 ETA:   0:00:03
 74% (37 of 50) |#################       | Elapsed Time: 0:00:10 ETA:   0:00:03
 76% (38 of 50) |##################      | Elapsed Time: 0:00:10 ETA:   0:00:03
 78% (39 of 50) |##################      | Elapsed Time: 0:00:10 ETA:   0:00:02
 80% (40 of 50) |###################     | Elapsed Time: 0:00:10 ETA:   0:00:02
 82% (41 of 50) |###################     | Elapsed Time: 0:00:11 ETA:   0:00:02
 84% (42 of 50) |####################    | Elapsed Time: 0:00:11 ETA:   0:00:02
 86% (43 of 50) |####################    | Elapsed Time: 0:00:11 ETA:   0:00:01
 88% (44 of 50) |#####################   | Elapsed Time: 0:00:11 ETA:   0:00:01
 90% (45 of 50) |#####################   | Elapsed Time: 0:00:12 ETA:   0:00:01
 92% (46 of 50) |######################  | Elapsed Time: 0:00:12 ETA:   0:00:01
 94% (47 of 50) |######################  | Elapsed Time: 0:00:12 ETA:   0:00:00
 96% (48 of 50) |####################### | Elapsed Time: 0:00:12 ETA:   0:00:00
 98% (49 of 50) |####################### | Elapsed Time: 0:00:13 ETA:   0:00:00
100% (50 of 50) |########################| Elapsed Time: 0:00:13 Time:  0:00:13
