Reading graph...
Initializing markov chain
Starting Markov Chain convergence...
eta estimation parameters: N_swap 50000, C 10, T 500, u 1, alpha 0.04
burn in...
defaultdict(<class 'int'>, {2: 708, 3: 31, 5: 1, 4: 2})
defaultdict(<class 'int'>, {12: 173, 2: 30255, 11: 192, 13: 118, 6: 1184, 5: 1984, 3: 8982, 4: 3869, 35: 2, 22: 31, 10: 296, 16: 69, 9: 328, 7: 699, 8: 506, 39: 6, 19: 31, 14: 97, 18: 35, 17: 52, 15: 80, 48: 4, 20: 35, 21: 35, 24: 21, 47: 4, 37: 9, 25: 16, 30: 14, 34: 11, 27: 10, 23: 26, 28: 13, 26: 13, 31: 5, 33: 5, 44: 4, 46: 4, 40: 4, 32: 7, 43: 2, 45: 2, 36: 3, 38: 5, 42: 7, 29: 8, 49: 1, 41: 1})
Burn In : acceptation/refusals by k : 0.01484
0.01484
measuring sampling gap...
considering eta 3370...
eta 3370 refused (d_eta=10 <= u=1), trying eta=6740, acf = 0.2854193016365799
considering eta 6740...
eta 6740 refused (d_eta=10 <= u=1), trying eta=13480, acf = 0.19944149209989853
considering eta 13480...
eta 13480 refused (d_eta=5 <= u=1), trying eta=26960, acf = 0.06789450393135577
considering eta 26960...
eta 26960 accepted (d_eta=0 <= u=1)
running markov chain and checking convergence...
test statistic : -1.8877692768650867,
 Markov chain is stationnary if test statistic < -2.5685803117669304
test statistic : -2.2205193730550636,
 Markov chain is stationnary if test statistic < -2.568580226956978
test statistic : -4.157016901540682,
 Markov chain is stationnary if test statistic < -2.568580226956978
Convergence : acceptation by k
(2: 1232), (3: 51), (5: 1), (4: 3), 
Convergence : refusal by k
(3: 14545), (2: 48913), (4: 6399), (15: 140), (5: 3222), (10: 410), (6: 1816), (12: 230), (7: 1179), (17: 77), (8: 781), (9: 550), (14: 172), (29: 24), (22: 35), (11: 288), (33: 13), (13: 182), (24: 24), (16: 102), (27: 22), (26: 21), (20: 62), (18: 74), (19: 63), (32: 12), (40: 8), (23: 27), (28: 13), (21: 42), (43: 8), (25: 32), (45: 6), (41: 5), (47: 10), (31: 11), (34: 11), (42: 7), (30: 12), (35: 7), (39: 6), (36: 7), (48: 2), (37: 5), (46: 2), (44: 3), (49: 5), (38: 8), 
eta estimation took 1641.36838722229 seconds
convergence took 3.309084892272949 seconds
Writing 50 graph samples...
  0% (0 of 50) |                         | Elapsed Time: 0:00:00 ETA:  --:--:--
  2% (1 of 50) |                         | Elapsed Time: 0:00:00 ETA:   0:00:32
  4% (2 of 50) |#                        | Elapsed Time: 0:00:01 ETA:   0:00:31
  6% (3 of 50) |#                        | Elapsed Time: 0:00:01 ETA:   0:00:31
  8% (4 of 50) |##                       | Elapsed Time: 0:00:02 ETA:   0:00:30
 10% (5 of 50) |##                       | Elapsed Time: 0:00:03 ETA:   0:00:29
 12% (6 of 50) |###                      | Elapsed Time: 0:00:03 ETA:   0:00:29
 14% (7 of 50) |###                      | Elapsed Time: 0:00:04 ETA:   0:00:28
 16% (8 of 50) |####                     | Elapsed Time: 0:00:05 ETA:   0:00:27
 18% (9 of 50) |####                     | Elapsed Time: 0:00:05 ETA:   0:00:27
 20% (10 of 50) |####                    | Elapsed Time: 0:00:06 ETA:   0:00:26
 22% (11 of 50) |#####                   | Elapsed Time: 0:00:07 ETA:   0:00:25
 24% (12 of 50) |#####                   | Elapsed Time: 0:00:07 ETA:   0:00:25
 26% (13 of 50) |######                  | Elapsed Time: 0:00:08 ETA:   0:00:24
 28% (14 of 50) |######                  | Elapsed Time: 0:00:09 ETA:   0:00:23
 30% (15 of 50) |#######                 | Elapsed Time: 0:00:09 ETA:   0:00:23
 32% (16 of 50) |#######                 | Elapsed Time: 0:00:10 ETA:   0:00:22
 34% (17 of 50) |########                | Elapsed Time: 0:00:11 ETA:   0:00:21
 36% (18 of 50) |########                | Elapsed Time: 0:00:11 ETA:   0:00:21
 38% (19 of 50) |#########               | Elapsed Time: 0:00:12 ETA:   0:00:20
 40% (20 of 50) |#########               | Elapsed Time: 0:00:13 ETA:   0:00:19
 42% (21 of 50) |##########              | Elapsed Time: 0:00:13 ETA:   0:00:19
 44% (22 of 50) |##########              | Elapsed Time: 0:00:14 ETA:   0:00:18
 46% (23 of 50) |###########             | Elapsed Time: 0:00:15 ETA:   0:00:17
 48% (24 of 50) |###########             | Elapsed Time: 0:00:15 ETA:   0:00:17
 50% (25 of 50) |############            | Elapsed Time: 0:00:16 ETA:   0:00:16
 52% (26 of 50) |############            | Elapsed Time: 0:00:17 ETA:   0:00:15
 54% (27 of 50) |############            | Elapsed Time: 0:00:17 ETA:   0:00:15
 56% (28 of 50) |#############           | Elapsed Time: 0:00:18 ETA:   0:00:14
 58% (29 of 50) |#############           | Elapsed Time: 0:00:19 ETA:   0:00:13
 60% (30 of 50) |##############          | Elapsed Time: 0:00:19 ETA:   0:00:13
 62% (31 of 50) |##############          | Elapsed Time: 0:00:20 ETA:   0:00:12
 64% (32 of 50) |###############         | Elapsed Time: 0:00:21 ETA:   0:00:11
 66% (33 of 50) |###############         | Elapsed Time: 0:00:21 ETA:   0:00:11
 68% (34 of 50) |################        | Elapsed Time: 0:00:22 ETA:   0:00:10
 70% (35 of 50) |################        | Elapsed Time: 0:00:23 ETA:   0:00:09
 72% (36 of 50) |#################       | Elapsed Time: 0:00:23 ETA:   0:00:09
 74% (37 of 50) |#################       | Elapsed Time: 0:00:24 ETA:   0:00:08
 76% (38 of 50) |##################      | Elapsed Time: 0:00:25 ETA:   0:00:07
 78% (39 of 50) |##################      | Elapsed Time: 0:00:25 ETA:   0:00:07
 80% (40 of 50) |###################     | Elapsed Time: 0:00:26 ETA:   0:00:06
 82% (41 of 50) |###################     | Elapsed Time: 0:00:27 ETA:   0:00:05
 84% (42 of 50) |####################    | Elapsed Time: 0:00:27 ETA:   0:00:05
 86% (43 of 50) |####################    | Elapsed Time: 0:00:28 ETA:   0:00:04
 88% (44 of 50) |#####################   | Elapsed Time: 0:00:29 ETA:   0:00:03
 90% (45 of 50) |#####################   | Elapsed Time: 0:00:29 ETA:   0:00:03
 92% (46 of 50) |######################  | Elapsed Time: 0:00:30 ETA:   0:00:02
 94% (47 of 50) |######################  | Elapsed Time: 0:00:31 ETA:   0:00:01
 96% (48 of 50) |####################### | Elapsed Time: 0:00:31 ETA:   0:00:01
 98% (49 of 50) |####################### | Elapsed Time: 0:00:32 ETA:   0:00:00
100% (50 of 50) |########################| Elapsed Time: 0:00:33 Time:  0:00:33
