Reading graph...
Initializing markov chain
Starting Markov Chain convergence...
eta estimation parameters: N_swap 64000, C 10, T 500, u 1, alpha 0.04
burn in...
defaultdict(<class 'int'>, {2: 85, 3: 3})
defaultdict(<class 'int'>, {5: 2525, 4: 4815, 2: 39641, 6: 1436, 3: 11758, 7: 949, 43: 5, 12: 207, 10: 328, 9: 451, 8: 604, 30: 13, 16: 82, 14: 112, 41: 8, 15: 89, 13: 133, 36: 4, 17: 62, 23: 27, 18: 51, 26: 17, 49: 5, 28: 20, 11: 231, 24: 31, 19: 45, 21: 36, 37: 7, 20: 40, 22: 23, 25: 23, 33: 8, 47: 4, 27: 18, 31: 12, 48: 4, 34: 12, 39: 3, 32: 11, 46: 7, 60: 2, 51: 2, 29: 7, 45: 5, 38: 4, 57: 4, 54: 5, 62: 1, 55: 1, 44: 3, 52: 1, 35: 8, 50: 2, 42: 3, 63: 1, 58: 1, 59: 1, 40: 2, 53: 1, 61: 1})
Burn In : acceptation/refusals by k : 0.001375
0.001375
measuring sampling gap...
considering eta 46546...
eta 46546 refused (d_eta=8 <= u=1), trying eta=93092. ACF at lag 1 was 0.143736.
considering eta 93092...
eta 93092 refused (d_eta=3 <= u=1), trying eta=186184. ACF at lag 1 was 0.053951.
considering eta 186184...
eta 186184 refused (d_eta=7 <= u=1), trying eta=372368. ACF at lag 1 was 0.103730.
considering eta 372368...
/home/morandeau/PKS_method/PKS_method/venv/lib/python3.13/site-packages/joblib/externals/loky/backend/resource_tracker.py:359: UserWarning: resource_tracker: There appear to be 11 leaked semlock objects to clean up at shutdown
  warnings.warn(
/home/morandeau/PKS_method/PKS_method/venv/lib/python3.13/site-packages/joblib/externals/loky/backend/resource_tracker.py:359: UserWarning: resource_tracker: There appear to be 5 leaked folder objects to clean up at shutdown
  warnings.warn(
