Reading graph...
Initializing markov chain
Starting Markov Chain convergence...
eta estimation parameters: N_swap 50000, C 10, T 500, u 1, alpha 0.04
burn in...
defaultdict(<class 'int'>, {2: 1677, 3: 83, 4: 18})
defaultdict(<class 'int'>, {2: 29198, 3: 9089, 4: 3871, 5: 2017, 6: 1169, 7: 775, 8: 501, 35: 5, 12: 157, 15: 80, 9: 321, 17: 50, 10: 218, 13: 98, 26: 16, 11: 197, 33: 8, 16: 64, 29: 17, 20: 31, 31: 9, 21: 26, 14: 107, 47: 2, 18: 40, 19: 36, 30: 9, 34: 7, 24: 21, 22: 15, 23: 8, 39: 5, 25: 6, 40: 6, 27: 6, 44: 1, 37: 5, 45: 4, 36: 6, 38: 5, 42: 3, 28: 5, 46: 3, 41: 2, 32: 2, 49: 1})
Burn In : acceptation/refusals by k : 0.03556
0.03556
measuring sampling gap...
considering eta 1407...
  0% (0 of 50) |                         | Elapsed Time: 0:00:00 ETA:  --:--:--
  4% (2 of 50) |#                        | Elapsed Time: 0:00:00 ETA:   0:00:02
  8% (4 of 50) |##                       | Elapsed Time: 0:00:00 ETA:   0:00:02
 12% (6 of 50) |###                      | Elapsed Time: 0:00:00 ETA:   0:00:02
 16% (8 of 50) |####                     | Elapsed Time: 0:00:00 ETA:   0:00:01
 20% (10 of 50) |####                    | Elapsed Time: 0:00:00 ETA:   0:00:01
 24% (12 of 50) |#####                   | Elapsed Time: 0:00:00 ETA:   0:00:01
 28% (14 of 50) |######                  | Elapsed Time: 0:00:00 ETA:   0:00:01
 32% (16 of 50) |#######                 | Elapsed Time: 0:00:00 ETA:   0:00:01
 36% (18 of 50) |########                | Elapsed Time: 0:00:00 ETA:   0:00:01
 40% (20 of 50) |#########               | Elapsed Time: 0:00:00 ETA:   0:00:01
 44% (22 of 50) |##########              | Elapsed Time: 0:00:01 ETA:   0:00:01
 48% (24 of 50) |###########             | Elapsed Time: 0:00:01 ETA:   0:00:01
 52% (26 of 50) |############            | Elapsed Time: 0:00:01 ETA:   0:00:01
 56% (28 of 50) |#############           | Elapsed Time: 0:00:01 ETA:   0:00:01
 60% (30 of 50) |##############          | Elapsed Time: 0:00:01 ETA:   0:00:00
 64% (32 of 50) |###############         | Elapsed Time: 0:00:01 ETA:   0:00:00
 68% (34 of 50) |################        | Elapsed Time: 0:00:01 ETA:   0:00:00
 72% (36 of 50) |#################       | Elapsed Time: 0:00:01 ETA:   0:00:00
 76% (38 of 50) |##################      | Elapsed Time: 0:00:01 ETA:   0:00:00
 80% (40 of 50) |###################     | Elapsed Time: 0:00:01 ETA:   0:00:00
 84% (42 of 50) |####################    | Elapsed Time: 0:00:01 ETA:   0:00:00
 88% (44 of 50) |#####################   | Elapsed Time: 0:00:02 ETA:   0:00:00
 92% (46 of 50) |######################  | Elapsed Time: 0:00:02 ETA:   0:00:00
 96% (48 of 50) |####################### | Elapsed Time: 0:00:02 ETA:   0:00:00
100% (50 of 50) |########################| Elapsed Time: 0:00:02 Time:  0:00:02
ACF stability...
eta 1407 accepted (d_eta=0 <= u=1)
running markov chain and checking convergence...
test statistic : -1.952869401558951,
 Markov chain is stationnary if test statistic < -2.5823474294100213
test statistic : -2.4072671818553375,
 Markov chain is stationnary if test statistic < -2.5823474294100213
test statistic : -1.5792772098721568,
 Markov chain is stationnary if test statistic < -2.5823577057662157
test statistic : -1.1113406886285375,
 Markov chain is stationnary if test statistic < -2.5824508513048867
test statistic : 0.07987498735380824,
 Markov chain is stationnary if test statistic < -2.582555756089416
test statistic : -2.0039469170219784,
 Markov chain is stationnary if test statistic < -2.5823474294100213
test statistic : 0.15811085014172502,
 Markov chain is stationnary if test statistic < -2.5824404429074863
test statistic : -0.8051017701715003,
 Markov chain is stationnary if test statistic < -2.5825346549726533
test statistic : -1.473564543915798,
 Markov chain is stationnary if test statistic < -2.5823474294100213
test statistic : 0.8037603657982847,
 Markov chain is stationnary if test statistic < -2.5823474294100213
test statistic : -1.3964146219251479,
 Markov chain is stationnary if test statistic < -2.5823474294100213
test statistic : -0.8792072302810326,
 Markov chain is stationnary if test statistic < -2.5823474294100213
test statistic : -1.1927986265430377,
 Markov chain is stationnary if test statistic < -2.5823474294100213
test statistic : -1.6984996675277413,
 Markov chain is stationnary if test statistic < -2.5823474294100213
test statistic : -1.9745697939244071,
 Markov chain is stationnary if test statistic < -2.5825875214665768
test statistic : -1.587356283090505,
 Markov chain is stationnary if test statistic < -2.5823474294100213
test statistic : -2.5374101180566924,
 Markov chain is stationnary if test statistic < -2.5823474294100213
test statistic : -1.2896942569023735,
 Markov chain is stationnary if test statistic < -2.5823474294100213
test statistic : -1.8552024448512263,
 Markov chain is stationnary if test statistic < -2.5823474294100213
test statistic : -1.2399455898122256,
 Markov chain is stationnary if test statistic < -2.5823474294100213
test statistic : -0.6104487287561354,
 Markov chain is stationnary if test statistic < -2.5824196704707556
test statistic : -0.9251652266870811,
 Markov chain is stationnary if test statistic < -2.5823474294100213
test statistic : -1.6047279344425032,
 Markov chain is stationnary if test statistic < -2.582545197972622
test statistic : -1.6541041180097094,
 Markov chain is stationnary if test statistic < -2.5823474294100213
test statistic : -2.465120627881871,
 Markov chain is stationnary if test statistic < -2.5823474294100213
test statistic : -2.0289058519858236,
 Markov chain is stationnary if test statistic < -2.5823474294100213
test statistic : -1.1312214347510545,
 Markov chain is stationnary if test statistic < -2.5823679966691935
test statistic : -2.567919395210473,
 Markov chain is stationnary if test statistic < -2.5823474294100213
test statistic : -1.6519406688243592,
 Markov chain is stationnary if test statistic < -2.5823474294100213
test statistic : -2.2598106510874523,
 Markov chain is stationnary if test statistic < -2.5823474294100213
test statistic : -0.9162916998508362,
 Markov chain is stationnary if test statistic < -2.5823474294100213
test statistic : -1.0515502275221638,
 Markov chain is stationnary if test statistic < -2.5823474294100213
test statistic : -1.3825484372428358,
 Markov chain is stationnary if test statistic < -2.5823886222392276
test statistic : -1.642999582569997,
 Markov chain is stationnary if test statistic < -2.5823474294100213
test statistic : -2.7087112768264947,
 Markov chain is stationnary if test statistic < -2.5824196704707556
Convergence : acceptation by k
(2: 1576), (5: 3), (3: 73), (4: 19), 
Convergence : refusal by k
(2: 29239), (3: 8794), (6: 1081), (4: 3751), (5: 1913), (7: 700), (20: 24), (11: 192), (9: 334), (10: 266), (13: 105), (23: 22), (27: 16), (15: 68), (12: 128), (8: 456), (14: 95), (26: 14), (18: 46), (44: 4), (34: 10), (31: 10), (17: 45), (28: 13), (42: 4), (21: 32), (19: 34), (24: 15), (36: 3), (22: 23), (32: 5), (16: 49), (29: 11), (38: 4), (37: 10), (33: 8), (30: 11), (25: 10), (46: 3), (47: 2), (41: 7), (39: 4), (48: 2), (40: 2), (35: 6), (45: 1), (49: 1), (43: 1), 
eta estimation took 33.47805190086365 seconds
convergence took 2.1020357608795166 seconds
Writing 50 graph samples...
