Reading graph...
Initializing markov chain
Starting Markov Chain convergence...
eta estimation parameters: N_swap 42000, C 10, T 500, u 1, alpha 0.04
burn in...
defaultdict(<class 'int'>, {2: 290, 3: 7})
defaultdict(<class 'int'>, {2: 25874, 3: 7676, 4: 3229, 8: 415, 5: 1603, 6: 919, 9: 267, 7: 613, 19: 27, 10: 227, 31: 11, 11: 140, 18: 35, 16: 48, 15: 65, 20: 28, 13: 110, 23: 23, 22: 30, 14: 77, 35: 3, 29: 5, 12: 110, 26: 11, 17: 44, 36: 2, 27: 9, 33: 4, 25: 12, 32: 8, 38: 4, 21: 28, 28: 9, 24: 15, 34: 10, 41: 2, 39: 1, 40: 3, 37: 3, 30: 3})
Burn In : acceptation/refusals by k : 0.007071428571428571
0.007071428571428571
measuring sampling gap...
considering eta 5940...
  0% (0 of 50) |                         | Elapsed Time: 0:00:00 ETA:  --:--:--
  2% (1 of 50) |                         | Elapsed Time: 0:00:00 ETA:   0:00:12
  4% (2 of 50) |#                        | Elapsed Time: 0:00:00 ETA:   0:00:12
  6% (3 of 50) |#                        | Elapsed Time: 0:00:00 ETA:   0:00:11
  8% (4 of 50) |##                       | Elapsed Time: 0:00:01 ETA:   0:00:11
 10% (5 of 50) |##                       | Elapsed Time: 0:00:01 ETA:   0:00:11
 12% (6 of 50) |###                      | Elapsed Time: 0:00:01 ETA:   0:00:11
 14% (7 of 50) |###                      | Elapsed Time: 0:00:01 ETA:   0:00:10
 16% (8 of 50) |####                     | Elapsed Time: 0:00:01 ETA:   0:00:10
 18% (9 of 50) |####                     | Elapsed Time: 0:00:02 ETA:   0:00:10
 20% (10 of 50) |####                    | Elapsed Time: 0:00:02 ETA:   0:00:09
 22% (11 of 50) |#####                   | Elapsed Time: 0:00:02 ETA:   0:00:09
 24% (12 of 50) |#####                   | Elapsed Time: 0:00:02 ETA:   0:00:09
 26% (13 of 50) |######                  | Elapsed Time: 0:00:03 ETA:   0:00:09
 28% (14 of 50) |######                  | Elapsed Time: 0:00:03 ETA:   0:00:08
 30% (15 of 50) |#######                 | Elapsed Time: 0:00:03 ETA:   0:00:08
 32% (16 of 50) |#######                 | Elapsed Time: 0:00:03 ETA:   0:00:08
 34% (17 of 50) |########                | Elapsed Time: 0:00:04 ETA:   0:00:08
 36% (18 of 50) |########                | Elapsed Time: 0:00:04 ETA:   0:00:07
 38% (19 of 50) |#########               | Elapsed Time: 0:00:04 ETA:   0:00:07
 40% (20 of 50) |#########               | Elapsed Time: 0:00:04 ETA:   0:00:07
 42% (21 of 50) |##########              | Elapsed Time: 0:00:05 ETA:   0:00:07
 44% (22 of 50) |##########              | Elapsed Time: 0:00:05 ETA:   0:00:06
 46% (23 of 50) |###########             | Elapsed Time: 0:00:05 ETA:   0:00:06
 48% (24 of 50) |###########             | Elapsed Time: 0:00:05 ETA:   0:00:06
 50% (25 of 50) |############            | Elapsed Time: 0:00:06 ETA:   0:00:06
 52% (26 of 50) |############            | Elapsed Time: 0:00:06 ETA:   0:00:05
 54% (27 of 50) |############            | Elapsed Time: 0:00:06 ETA:   0:00:05
 56% (28 of 50) |#############           | Elapsed Time: 0:00:06 ETA:   0:00:05
 58% (29 of 50) |#############           | Elapsed Time: 0:00:07 ETA:   0:00:05
 60% (30 of 50) |##############          | Elapsed Time: 0:00:07 ETA:   0:00:04
 62% (31 of 50) |##############          | Elapsed Time: 0:00:07 ETA:   0:00:04
 64% (32 of 50) |###############         | Elapsed Time: 0:00:07 ETA:   0:00:04
 66% (33 of 50) |###############         | Elapsed Time: 0:00:08 ETA:   0:00:04
 68% (34 of 50) |################        | Elapsed Time: 0:00:08 ETA:   0:00:03
 70% (35 of 50) |################        | Elapsed Time: 0:00:08 ETA:   0:00:03
 72% (36 of 50) |#################       | Elapsed Time: 0:00:08 ETA:   0:00:03
 74% (37 of 50) |#################       | Elapsed Time: 0:00:09 ETA:   0:00:03
 76% (38 of 50) |##################      | Elapsed Time: 0:00:09 ETA:   0:00:02
 78% (39 of 50) |##################      | Elapsed Time: 0:00:09 ETA:   0:00:02
 80% (40 of 50) |###################     | Elapsed Time: 0:00:09 ETA:   0:00:02
 82% (41 of 50) |###################     | Elapsed Time: 0:00:10 ETA:   0:00:02
 84% (42 of 50) |####################    | Elapsed Time: 0:00:10 ETA:   0:00:01
 86% (43 of 50) |####################    | Elapsed Time: 0:00:10 ETA:   0:00:01
 88% (44 of 50) |#####################   | Elapsed Time: 0:00:10 ETA:   0:00:01
 90% (45 of 50) |#####################   | Elapsed Time: 0:00:11 ETA:   0:00:01
 92% (46 of 50) |######################  | Elapsed Time: 0:00:11 ETA:   0:00:00
 94% (47 of 50) |######################  | Elapsed Time: 0:00:11 ETA:   0:00:00
 96% (48 of 50) |####################### | Elapsed Time: 0:00:11 ETA:   0:00:00
 98% (49 of 50) |####################### | Elapsed Time: 0:00:12 ETA:   0:00:00
100% (50 of 50) |########################| Elapsed Time: 0:00:12 Time:  0:00:12
eta 5940 refused (d_eta=2 <= u=1), trying eta=11880.
considering eta 11880...
eta 11880 accepted (d_eta=0 <= u=1)
running markov chain and checking convergence...
test statistic : -3.1385658180931677,
 Markov chain is stationnary if test statistic < -2.569552028143793
Convergence : acceptation by k
(2: 58), (3: 1), 
Convergence : refusal by k
(2: 7386), (3: 2148), (4: 901), (5: 467), (6: 273), (14: 27), (9: 83), (7: 157), (13: 29), (8: 103), (16: 12), (10: 48), (15: 21), (11: 48), (18: 10), (12: 34), (39: 2), (31: 2), (19: 9), (17: 13), (25: 5), (20: 5), (21: 4), (28: 5), (24: 3), (33: 2), (41: 2), (22: 5), (35: 2), (37: 2), (23: 3), (27: 2), (32: 1), (38: 1), (26: 3), (40: 1), (30: 2), 
eta estimation took 504.42512607574463 seconds
convergence took 0.512347936630249 seconds
Writing 50 graph samples...
