Reading graph...
Initializing markov chain
Starting Markov Chain convergence...
eta estimation parameters: N_swap 68000, C 10, T 500, u 1, alpha 0.04
burn in...
defaultdict(<class 'int'>, {2: 1584, 3: 34, 4: 7})
defaultdict(<class 'int'>, {2: 40620, 15: 86, 4: 5257, 3: 12500, 7: 950, 17: 67, 5: 2664, 9: 394, 8: 630, 6: 1556, 24: 29, 10: 357, 16: 57, 13: 157, 19: 55, 30: 20, 12: 193, 11: 244, 14: 122, 36: 6, 35: 5, 22: 51, 56: 2, 41: 4, 23: 21, 29: 12, 28: 12, 21: 35, 20: 49, 40: 8, 32: 18, 45: 3, 27: 15, 57: 3, 44: 3, 18: 63, 25: 14, 31: 13, 26: 23, 37: 4, 52: 2, 53: 3, 34: 3, 38: 10, 33: 8, 43: 4, 42: 1, 51: 1, 58: 2, 46: 3, 50: 4, 64: 1, 39: 3, 49: 2, 63: 1, 47: 4, 55: 1})
Burn In : acceptation/refusals by k : 0.02389705882352941
0.02389705882352941
measuring sampling gap...
considering eta 2846...
  0% (0 of 50) |                         | Elapsed Time: 0:00:00 ETA:  --:--:--
  2% (1 of 50) |                         | Elapsed Time: 0:00:00 ETA:   0:00:03
  4% (2 of 50) |#                        | Elapsed Time: 0:00:00 ETA:   0:00:03
  6% (3 of 50) |#                        | Elapsed Time: 0:00:00 ETA:   0:00:03
  8% (4 of 50) |##                       | Elapsed Time: 0:00:00 ETA:   0:00:03
 10% (5 of 50) |##                       | Elapsed Time: 0:00:00 ETA:   0:00:03
 12% (6 of 50) |###                      | Elapsed Time: 0:00:00 ETA:   0:00:02
 14% (7 of 50) |###                      | Elapsed Time: 0:00:00 ETA:   0:00:02
 16% (8 of 50) |####                     | Elapsed Time: 0:00:00 ETA:   0:00:02
 18% (9 of 50) |####                     | Elapsed Time: 0:00:00 ETA:   0:00:02
 20% (10 of 50) |####                    | Elapsed Time: 0:00:00 ETA:   0:00:02
 22% (11 of 50) |#####                   | Elapsed Time: 0:00:00 ETA:   0:00:02
 24% (12 of 50) |#####                   | Elapsed Time: 0:00:00 ETA:   0:00:02
 26% (13 of 50) |######                  | Elapsed Time: 0:00:00 ETA:   0:00:02
 28% (14 of 50) |######                  | Elapsed Time: 0:00:00 ETA:   0:00:02
 30% (15 of 50) |#######                 | Elapsed Time: 0:00:01 ETA:   0:00:02
 32% (16 of 50) |#######                 | Elapsed Time: 0:00:01 ETA:   0:00:02
 34% (17 of 50) |########                | Elapsed Time: 0:00:01 ETA:   0:00:02
 36% (18 of 50) |########                | Elapsed Time: 0:00:01 ETA:   0:00:02
 38% (19 of 50) |#########               | Elapsed Time: 0:00:01 ETA:   0:00:02
 40% (20 of 50) |#########               | Elapsed Time: 0:00:01 ETA:   0:00:02
 42% (21 of 50) |##########              | Elapsed Time: 0:00:01 ETA:   0:00:01
 44% (22 of 50) |##########              | Elapsed Time: 0:00:01 ETA:   0:00:01
 46% (23 of 50) |###########             | Elapsed Time: 0:00:01 ETA:   0:00:01
 48% (24 of 50) |###########             | Elapsed Time: 0:00:01 ETA:   0:00:01
 50% (25 of 50) |############            | Elapsed Time: 0:00:01 ETA:   0:00:01
 52% (26 of 50) |############            | Elapsed Time: 0:00:01 ETA:   0:00:01
 54% (27 of 50) |############            | Elapsed Time: 0:00:01 ETA:   0:00:01
 56% (28 of 50) |#############           | Elapsed Time: 0:00:01 ETA:   0:00:01
 58% (29 of 50) |#############           | Elapsed Time: 0:00:01 ETA:   0:00:01
 60% (30 of 50) |##############          | Elapsed Time: 0:00:02 ETA:   0:00:01
 62% (31 of 50) |##############          | Elapsed Time: 0:00:02 ETA:   0:00:01
 64% (32 of 50) |###############         | Elapsed Time: 0:00:02 ETA:   0:00:01
 66% (33 of 50) |###############         | Elapsed Time: 0:00:02 ETA:   0:00:01
 68% (34 of 50) |################        | Elapsed Time: 0:00:02 ETA:   0:00:01
 70% (35 of 50) |################        | Elapsed Time: 0:00:02 ETA:   0:00:01
 72% (36 of 50) |#################       | Elapsed Time: 0:00:02 ETA:   0:00:00
 74% (37 of 50) |#################       | Elapsed Time: 0:00:02 ETA:   0:00:00
 76% (38 of 50) |##################      | Elapsed Time: 0:00:02 ETA:   0:00:00
 78% (39 of 50) |##################      | Elapsed Time: 0:00:02 ETA:   0:00:00
 80% (40 of 50) |###################     | Elapsed Time: 0:00:02 ETA:   0:00:00
 82% (41 of 50) |###################     | Elapsed Time: 0:00:02 ETA:   0:00:00
 84% (42 of 50) |####################    | Elapsed Time: 0:00:02 ETA:   0:00:00
 86% (43 of 50) |####################    | Elapsed Time: 0:00:02 ETA:   0:00:00
 88% (44 of 50) |#####################   | Elapsed Time: 0:00:02 ETA:   0:00:00
 90% (45 of 50) |#####################   | Elapsed Time: 0:00:03 ETA:   0:00:00
 92% (46 of 50) |######################  | Elapsed Time: 0:00:03 ETA:   0:00:00
 94% (47 of 50) |######################  | Elapsed Time: 0:00:03 ETA:   0:00:00
 96% (48 of 50) |####################### | Elapsed Time: 0:00:03 ETA:   0:00:00
 98% (49 of 50) |####################### | Elapsed Time: 0:00:03 ETA:   0:00:00
100% (50 of 50) |########################| Elapsed Time: 0:00:03 Time:  0:00:03
ACF stability...
eta 2846 accepted (d_eta=0 <= u=1)
running markov chain and checking convergence...
test statistic : -1.1243087119675965,
 Markov chain is stationnary if test statistic < -2.5750212801923187
test statistic : -0.6108538094707398,
 Markov chain is stationnary if test statistic < -2.575072117508185
test statistic : -1.4810424087488032,
 Markov chain is stationnary if test statistic < -2.5750364564131587
test statistic : -2.3899776456718747,
 Markov chain is stationnary if test statistic < -2.57502886031772
test statistic : -0.8010440875598897,
 Markov chain is stationnary if test statistic < -2.57502886031772
test statistic : -3.109923185842937,
 Markov chain is stationnary if test statistic < -2.575046609470046
Convergence : acceptation by k
(2: 374), (3: 8), (4: 2), 
Convergence : refusal by k
(2: 10201), (14: 34), (3: 3101), (4: 1362), (6: 372), (5: 685), (8: 169), (18: 18), (9: 125), (21: 12), (11: 55), (7: 236), (10: 85), (25: 4), (13: 25), (23: 7), (32: 4), (44: 2), (16: 25), (15: 18), (12: 49), (26: 6), (33: 2), (29: 3), (17: 17), (20: 12), (31: 2), (19: 11), (40: 3), (41: 3), (42: 2), (24: 5), (34: 3), (30: 5), (55: 1), (27: 2), (39: 1), (28: 1), (57: 1), (35: 2), (38: 2), (47: 2), (45: 3), (22: 5), (37: 1), (48: 2), (62: 1), (51: 1), (46: 1), (43: 1), (54: 1), (64: 1), 
eta estimation took 72.28813600540161 seconds
convergence took 0.5921454429626465 seconds
Writing 50 graph samples...
